Archive member included because of file (symbol)

c:/altera/12.0/nios2eds/bin/gnu/h-i686-mingw32/bin/../lib/gcc/nios2-elf/4.1.2\libgcc.a(lib2-divmod.o)
                              obj/led.o (__udivsi3)
c:/altera/12.0/nios2eds/bin/gnu/h-i686-mingw32/bin/../lib/gcc/nios2-elf/4.1.2/../../../../nios2-elf/lib\libc.a(lib_a-ctype_.o)
                              obj/niosII_simple_socket_server.o (__ctype_ptr)
c:/altera/12.0/nios2eds/bin/gnu/h-i686-mingw32/bin/../lib/gcc/nios2-elf/4.1.2/../../../../nios2-elf/lib\libc.a(lib_a-fprintf.o)
                              obj/alt_eeprom/alt_eeprom.o (fprintf)
c:/altera/12.0/nios2eds/bin/gnu/h-i686-mingw32/bin/../lib/gcc/nios2-elf/4.1.2/../../../../nios2-elf/lib\libc.a(lib_a-fwrite.o)
                              obj/alt_error_handler.o (fwrite)
c:/altera/12.0/nios2eds/bin/gnu/h-i686-mingw32/bin/../lib/gcc/nios2-elf/4.1.2/../../../../nios2-elf/lib\libc.a(lib_a-impure.o)
                              obj/alt_eeprom/alt_eeprom.o (_impure_ptr)
c:/altera/12.0/nios2eds/bin/gnu/h-i686-mingw32/bin/../lib/gcc/nios2-elf/4.1.2/../../../../nios2-elf/lib\libc.a(lib_a-malloc.o)
                              obj/alt_eeprom/alt_eeprom.o (free)
c:/altera/12.0/nios2eds/bin/gnu/h-i686-mingw32/bin/../lib/gcc/nios2-elf/4.1.2/../../../../nios2-elf/lib\libc.a(lib_a-mallocr.o)
                              c:/altera/12.0/nios2eds/bin/gnu/h-i686-mingw32/bin/../lib/gcc/nios2-elf/4.1.2/../../../../nios2-elf/lib\libc.a(lib_a-malloc.o) (_malloc_r)
c:/altera/12.0/nios2eds/bin/gnu/h-i686-mingw32/bin/../lib/gcc/nios2-elf/4.1.2/../../../../nios2-elf/lib\libc.a(lib_a-memcpy.o)
                              obj/niosII_simple_socket_server.o (memcpy)
c:/altera/12.0/nios2eds/bin/gnu/h-i686-mingw32/bin/../lib/gcc/nios2-elf/4.1.2/../../../../nios2-elf/lib\libc.a(lib_a-memmove.o)
                              obj/niosII_simple_socket_server.o (memmove)
c:/altera/12.0/nios2eds/bin/gnu/h-i686-mingw32/bin/../lib/gcc/nios2-elf/4.1.2/../../../../nios2-elf/lib\libc.a(lib_a-memset.o)
                              obj/niosII_simple_socket_server.o (memset)
c:/altera/12.0/nios2eds/bin/gnu/h-i686-mingw32/bin/../lib/gcc/nios2-elf/4.1.2/../../../../nios2-elf/lib\libc.a(lib_a-perror.o)
                              obj/alt_error_handler.o (perror)
c:/altera/12.0/nios2eds/bin/gnu/h-i686-mingw32/bin/../lib/gcc/nios2-elf/4.1.2/../../../../nios2-elf/lib\libc.a(lib_a-printf.o)
                              obj/SSS_DE2_115.o (printf)
c:/altera/12.0/nios2eds/bin/gnu/h-i686-mingw32/bin/../lib/gcc/nios2-elf/4.1.2/../../../../nios2-elf/lib\libc.a(lib_a-putchar.o)
                              obj/alt_eeprom/alt_eeprom.o (putchar)
c:/altera/12.0/nios2eds/bin/gnu/h-i686-mingw32/bin/../lib/gcc/nios2-elf/4.1.2/../../../../nios2-elf/lib\libc.a(lib_a-puts.o)
                              obj/SSS_DE2_115.o (puts)
c:/altera/12.0/nios2eds/bin/gnu/h-i686-mingw32/bin/../lib/gcc/nios2-elf/4.1.2/../../../../nios2-elf/lib\libc.a(lib_a-sbrkr.o)
                              c:/altera/12.0/nios2eds/bin/gnu/h-i686-mingw32/bin/../lib/gcc/nios2-elf/4.1.2/../../../../nios2-elf/lib\libc.a(lib_a-mallocr.o) (_sbrk_r)
c:/altera/12.0/nios2eds/bin/gnu/h-i686-mingw32/bin/../lib/gcc/nios2-elf/4.1.2/../../../../nios2-elf/lib\libc.a(lib_a-sprintf.o)
                              obj/niosII_simple_socket_server.o (sprintf)
c:/altera/12.0/nios2eds/bin/gnu/h-i686-mingw32/bin/../lib/gcc/nios2-elf/4.1.2/../../../../nios2-elf/lib\libc.a(lib_a-strchr.o)
                              obj/niosII_simple_socket_server.o (strchr)
c:/altera/12.0/nios2eds/bin/gnu/h-i686-mingw32/bin/../lib/gcc/nios2-elf/4.1.2/../../../../nios2-elf/lib\libc.a(lib_a-strerror.o)
                              c:/altera/12.0/nios2eds/bin/gnu/h-i686-mingw32/bin/../lib/gcc/nios2-elf/4.1.2/../../../../nios2-elf/lib\libc.a(lib_a-perror.o) (strerror)
c:/altera/12.0/nios2eds/bin/gnu/h-i686-mingw32/bin/../lib/gcc/nios2-elf/4.1.2/../../../../nios2-elf/lib\libc.a(lib_a-strlen.o)
                              c:/altera/12.0/nios2eds/bin/gnu/h-i686-mingw32/bin/../lib/gcc/nios2-elf/4.1.2/../../../../nios2-elf/lib\libc.a(lib_a-puts.o) (strlen)
c:/altera/12.0/nios2eds/bin/gnu/h-i686-mingw32/bin/../lib/gcc/nios2-elf/4.1.2/../../../../nios2-elf/lib\libc.a(lib_a-u_strerr.o)
                              c:/altera/12.0/nios2eds/bin/gnu/h-i686-mingw32/bin/../lib/gcc/nios2-elf/4.1.2/../../../../nios2-elf/lib\libc.a(lib_a-strerror.o) (_user_strerror)
c:/altera/12.0/nios2eds/bin/gnu/h-i686-mingw32/bin/../lib/gcc/nios2-elf/4.1.2/../../../../nios2-elf/lib\libc.a(lib_a-vfprintf.o)
                              c:/altera/12.0/nios2eds/bin/gnu/h-i686-mingw32/bin/../lib/gcc/nios2-elf/4.1.2/../../../../nios2-elf/lib\libc.a(lib_a-printf.o) (___vfprintf_internal_r)
c:/altera/12.0/nios2eds/bin/gnu/h-i686-mingw32/bin/../lib/gcc/nios2-elf/4.1.2/../../../../nios2-elf/lib\libc.a(lib_a-wsetup.o)
[...]
Memory Configuration

Name             Origin             Length             Attributes
reset            0x00000000         0x00000020
sdram            0x00000020         0x07ffffe0
cfi_flash        0x0a800000         0x00800000
sram             0x0b200000         0x00200000
onchip_memory2   0x0b420000         0x00020000
descriptor_memory 0x0b440000         0x00001000
*default*        0x00000000         0xffffffff

Linker script and memory map

LOAD ../niosII_simple_socket_server_1_bsp//obj/HAL/src/crt0.o
LOAD obj/SSS_DE2_115.o
LOAD obj/alt_eeprom/alt_2_wire.o
LOAD obj/alt_eeprom/alt_eeprom.o
LOAD obj/alt_error_handler.o
LOAD obj/iniche_init.o
LOAD obj/led.o
LOAD obj/niosII_simple_socket_server.o
LOAD c:/altera/12.0/nios2eds/bin/gnu/h-i686-mingw32/bin/../lib/gcc/nios2-elf/4.1.2/../../../../nios2-elf/lib\libstdc++.a
LOAD c:/altera/12.0/nios2eds/bin/gnu/h-i686-mingw32/bin/../lib/gcc/nios2-elf/4.1.2/../../../../nios2-elf/lib\libm.a
LOAD c:/altera/12.0/nios2eds/bin/gnu/h-i686-mingw32/bin/../lib/gcc/nios2-elf/4.1.2\libgcc.a
START GROUP
LOAD c:/altera/12.0/nios2eds/bin/gnu/h-i686-mingw32/bin/../lib/gcc/nios2-elf/4.1.2/../../../../nios2-elf/lib\libc.a
LOAD c:/altera/12.0/nios2eds/bin/gnu/h-i686-mingw32/bin/../lib/gcc/nios2-elf/4.1.2\libgcc.a
LOAD ../niosII_simple_socket_server_1_bsp/\libucosii_bsp.a
END GROUP
LOAD c:/altera/12.0/nios2eds/bin/gnu/h-i686-mingw32/bin/../lib/gcc/nios2-elf/4.1.2\libgcc.a
                0x00000000                __alt_mem_sdram = 0x0
                0x0a800000                __alt_mem_cfi_flash = 0xa800000
                0x0b200000                __alt_mem_sram = 0xb200000
                0x0b420000                __alt_mem_onchip_memory2 = 0xb420000
                0x0b440000                __alt_mem_descriptor_memory = 0xb440000

.entry          0x00000000       0x20
 *(.entry)
 .entry         0x00000000       0x20 ../niosII_simple_socket_server_1_bsp//obj/HAL/src/crt0.o
                0x00000000                __reset

.exceptions     0x00000020      0x19c
                0x00000020                PROVIDE (__ram_exceptions_start, ABSOLUTE (.))
                0x00000020                . = ALIGN (0x20)
 *(.irq)
 *(.exceptions.entry.label)
 .exceptions.entry.label
                0x00000020        0x0 ../niosII_simple_socket_server_1_bsp/\libucosii_bsp.a(alt_irq_entry.o)
                0x00000020                alt_irq_entry
 .exceptions.entry.label
                0x00000020        0x0 ../niosII_simple_socket_server_1_bsp/\libucosii_bsp.a(alt_exception_entry.o)
                0x00000020                alt_exception
 *(.exceptions.entry.user)
 *(.exceptions.entry)
 .exceptions.entry
                0x00000020       0x54 ../niosII_simple_socket_server_1_bsp/\libucosii_bsp.a(alt_exception_entry.o)
 *(.exceptions.irqtest.user)
 *(.exceptions.irqtest)
 .exceptions.irqtest
                0x00000074       0x10 ../niosII_simple_socket_server_1_bsp/\libucosii_bsp.a(alt_irq_entry.o)
 *(.exceptions.irqhandler.user)
 *(.exceptions.irqhandler)
 .exceptions.irqhandler
                0x00000084        0x4 ../niosII_simple_socket_server_1_bsp/\libucosii_bsp.a(alt_irq_entry.o)
 *(.exceptions.irqreturn.user)
 *(.exceptions.irqreturn)
 .exceptions.irqreturn
                0x00000088        0x4 ../niosII_simple_socket_server_1_bsp/\libucosii_bsp.a(alt_irq_entry.o)
 *(.exceptions.notirq.label)
 .exceptions.notirq.label
                0x0000008c        0x0 ../niosII_simple_socket_server_1_bsp/\libucosii_bsp.a(alt_irq_entry.o)
 *(.exceptions.notirq.user)
 *(.exceptions.notirq)
 .exceptions.notirq
                0x0000008c        0x8 ../niosII_simple_socket_server_1_bsp/\libucosii_bsp.a(alt_exception_entry.o)
 *(.exceptions.soft.user)
 *(.exceptions.soft)
 *(.exceptions.unknown.user)
 *(.exceptions.unknown)
 .exceptions.unknown
                0x00000094        0x4 ../niosII_simple_socket_server_1_bsp/\libucosii_bsp.a(alt_exception_entry.o)
 *(.exceptions.exit.label)
 .exceptions.exit.label
                0x00000098        0x0 ../niosII_simple_socket_server_1_bsp/\libucosii_bsp.a(alt_irq_entry.o)
 .exceptions.exit.label
                0x00000098        0x0 ../niosII_simple_socket_server_1_bsp/\libucosii_bsp.a(alt_exception_entry.o)
 *(.exceptions.exit.user)
 *(.exceptions.exit)
 .exceptions.exit
                0x00000098       0x54 ../niosII_simple_socket_server_1_bsp/\libucosii_bsp.a(alt_exception_entry.o)
 *(.exceptions)
 .exceptions    0x000000ec       0xd0 ../niosII_simple_socket_server_1_bsp/\libucosii_bsp.a(alt_irq_handler.o)
                0x000000ec                alt_irq_handler
                0x000001bc                PROVIDE (__ram_exceptions_end, ABSOLUTE (.))
                0x00000020                PROVIDE (__flash_exceptions_start, LOADADDR (.exceptions))

.text           0x000001bc    0x4c8ec
                0x000001bc                PROVIDE (stext, ABSOLUTE (.))
 *(.interp)
 *(.hash)
 *(.dynsym)
 *(.dynstr)
 *(.gnu.version)
 *(.gnu.version_d)
 *(.gnu.version_r)
 *(.rel.init)
 *(.rela.init)
 *(.rel.text .rel.text.* .rel.gnu.linkonce.t.*)
 *(.rela.text .rela.text.* .rela.gnu.linkonce.t.*)
 *(.rel.fini)
 *(.rela.fini)
 *(.rel.rodata .rel.rodata.* .rel.gnu.linkonce.r.*)
 *(.rela.rodata .rela.rodata.* .rela.gnu.linkonce.r.*)
 *(.rel.data .rel.data.* .rel.gnu.linkonce.d.*)
 *(.rela.data .rela.data.* .rela.gnu.linkonce.d.*)
 *(.rel.tdata .rel.tdata.* .rel.gnu.linkonce.td.*)
 *(.rela.tdata .rela.tdata.* .rela.gnu.linkonce.td.*)
 *(.rel.tbss .rel.tbss.* .rel.gnu.linkonce.tb.*)
 *(.rela.tbss .rela.tbss.* .rela.gnu.linkonce.tb.*)
 *(.rel.ctors)
 *(.rela.ctors)
 *(.rel.dtors)
 *(.rela.dtors)
 *(.rel.got)
 *(.rela.got)
 *(.rel.sdata .rel.sdata.* .rel.gnu.linkonce.s.*)
 *(.rela.sdata .rela.sdata.* .rela.gnu.linkonce.s.*)
 *(.rel.sbss .rel.sbss.* .rel.gnu.linkonce.sb.*)
 *(.rela.sbss .rela.sbss.* .rela.gnu.linkonce.sb.*)
 *(.rel.sdata2 .rel.sdata2.* .rel.gnu.linkonce.s2.*)
 *(.rela.sdata2 .rela.sdata2.* .rela.gnu.linkonce.s2.*)
 *(.rel.sbss2 .rel.sbss2.* .rel.gnu.linkonce.sb2.*)
 *(.rela.sbss2 .rela.sbss2.* .rela.gnu.linkonce.sb2.*)
 *(.rel.bss .rel.bss.* .rel.gnu.linkonce.b.*)
 *(.rela.bss .rela.bss.* .rela.gnu.linkonce.b.*)
 *(.rel.plt)
 *(.rela.plt)
 *(.rel.dyn)
 *(.init)
 *(.plt)
 *(.text .stub .text.* .gnu.linkonce.t.*)
 .text          0x000001bc       0x4c ../niosII_simple_socket_server_1_bsp//obj/HAL/src/crt0.o
                0x000001bc                _start
 .text          0x00000208      0x2ec obj/SSS_DE2_115.o
                0x00000208                get_DE2_115_mac_addr
                0x000003b0                FindLastFlashSectorOffset
 .text          0x000004f4      0x410 obj/alt_eeprom/alt_2_wire.o
                0x00000680                alt_2_wireStart
                0x000006b4                alt_2_wireStop
                0x000006e4                alt_2_wireSendByte
                0x00000788                alt_2_wireReadByte
                0x0000089c                alt_2_wireSetDelay
                0x000008c4                alt_2_wireInit
 .text          0x00000904      0x5b8 obj/alt_eeprom/alt_eeprom.o
                0x00000904                readRandom
                0x00000af0                writeByte
                0x00000cdc                hexdump_eeprom
                0x00000db8                dump
                0x00000e28                fill
 .text          0x00000ebc      0xba8 obj/alt_error_handler.o
                0x00000ebc                alt_uCOSIIErrorHandler
                0x000014e0                alt_NetworkErrorHandler
                0x00001778                alt_SSSErrorHandler
 .text          0x00001a64      0x748 obj/iniche_init.o
                0x00001a64                ws_ipset
                0x00001b68                get_board_mac_addr
                0x00001ca4                suspend_network_tasks
                0x00001d04                resume_network_tasks
                0x00001d64                get_mac_addr
                0x00001d9c                get_ip_addr
                0x00001e08                wait_on_phy
                0x00001f9c                SSSMonitorPhyTask
                0x00002078                SSSInitialTask
                0x00002130                main
 .text          0x000021ac      0x154 obj/led.o
                0x000021ac                LEDBlinkTask
                0x00002264                LEDManagementTask
 .text          0x00002300      0x920 obj/niosII_simple_socket_server.o
                0x00002300                SSSCreateOSDataStructs
                0x0000237c                SSSCreateTasks
                0x00002440                SSS_reset_connection
                0x000024b0                SSS_send_menu
                0x00002618                SSS_handle_accept
                0x000026d8                SSS_exec_command
                0x00002888                SSS_handle_receive
                0x00002a74                SSSNiosIISimpleSocketServerTask
 .text          0x00002c20      0x14c c:/altera/12.0/nios2eds/bin/gnu/h-i686-mingw32/bin/../lib/gcc/nios2-elf/4.1.2\libgcc.a(lib2-divmod.o)
                0x00002c9c                __divsi3
                0x00002cfc                __modsi3
                0x00002d5c                __udivsi3
                0x00002d64                __umodsi3
 .text          0x00002d6c        0x0 c:/altera/12.0/nios2eds/bin/gnu/h-i686-mingw32/bin/../lib/gcc/nios2-elf/4.1.2/../../../../nios2-elf/lib\libc.a(lib_a-ctype_.o)
 .text          0x00002d6c       0x60 c:/altera/12.0/nios2eds/bin/gnu/h-i686-mingw32/bin/../lib/gcc/nios2-elf/4.1.2/../../../../nios2-elf/lib\libc.a(lib_a-fprintf.o)
                0x00002d6c                fprintf
                0x00002d98                _fprintf_r
 .text          0x00002dcc       0xdc c:/altera/12.0/nios2eds/bin/gnu/h-i686-mingw32/bin/../lib/gcc/nios2-elf/4.1.2/../../../../nios2-elf/lib\libc.a(lib_a-fwrite.o)
                0x00002dcc                _fwrite_r
                0x00002e68                fwrite
 .text          0x00002ea8        0x0 c:/altera/12.0/nios2eds/bin/gnu/h-i686-mingw32/bin/../lib/gcc/nios2-elf/4.1.2/../../../../nios2-elf/lib\libc.a(lib_a-impure.o)
 .text          0x00002ea8       0x28 c:/altera/12.0/nios2eds/bin/gnu/h-i686-mingw32/bin/../lib/gcc/nios2-elf/4.1.2/../../../../nios2-elf/lib\libc.a(lib_a-malloc.o)
                0x00002ea8                free
                0x00002ebc                malloc
 .text          0x00002ed0      0x740 c:/altera/12.0/nios2eds/bin/gnu/h-i686-mingw32/bin/../lib/gcc/nios2-elf/4.1.2/../../../../nios2-elf/lib\libc.a(lib_a-mallocr.o)
                0x00002ed0                _malloc_r
 .text          0x00003610       0xa0 c:/altera/12.0/nios2eds/bin/gnu/h-i686-mingw32/bin/../lib/gcc/nios2-elf/4.1.2/../../../../nios2-elf/lib\libc.a(lib_a-memcpy.o)
                0x00003610                memcpy
 .text          0x000036b0       0xe0 c:/altera/12.0/nios2eds/bin/gnu/h-i686-mingw32/bin/../lib/gcc/nios2-elf/4.1.2/../../../../nios2-elf/lib\libc.a(lib_a-memmove.o)
                0x000036b0                memmove
 .text          0x00003790       0x98 c:/altera/12.0/nios2eds/bin/gnu/h-i686-mingw32/bin/../lib/gcc/nios2-elf/4.1.2/../../../../nios2-elf/lib\libc.a(lib_a-memset.o)
                0x00003790                memset
 .text          0x00003828       0x80 c:/altera/12.0/nios2eds/bin/gnu/h-i686-mingw32/bin/../lib/gcc/nios2-elf/4.1.2/../../../../nios2-elf/lib\libc.a(lib_a-perror.o)
                0x00003828                _perror_r
                0x00003894                perror
 .text          0x000038a8       0x78 c:/altera/12.0/nios2eds/bin/gnu/h-i686-mingw32/bin/../lib/gcc/nios2-elf/4.1.2/../../../../nios2-elf/lib\libc.a(lib_a-printf.o)
                0x000038a8                printf
                0x000038ec                _printf_r
 .text          0x00003920       0x24 c:/altera/12.0/nios2eds/bin/gnu/h-i686-mingw32/bin/../lib/gcc/nios2-elf/4.1.2/../../../../nios2-elf/lib\libc.a(lib_a-putchar.o)
                0x00003920                putchar
                0x0000393c                _putchar_r
 .text          0x00003944       0xb4 c:/altera/12.0/nios2eds/bin/gnu/h-i686-mingw32/bin/../lib/gcc/nios2-elf/4.1.2/../../../../nios2-elf/lib\libc.a(lib_a-puts.o)
                0x00003944                _puts_r
                0x000039e4                puts
 .text          0x000039f8       0x70 c:/altera/12.0/nios2eds/bin/gnu/h-i686-mingw32/bin/../lib/gcc/nios2-elf/4.1.2/../../../../nios2-elf/lib\libc.a(lib_a-sbrkr.o)
                0x000039f8                _sbrk_r
 .text          0x00003a68       0xd4 c:/altera/12.0/nios2eds/bin/gnu/h-i686-mingw32/bin/../lib/gcc/nios2-elf/4.1.2/../../../../nios2-elf/lib\libc.a(lib_a-sprintf.o)
                0x00003a68                sprintf
                0x00003adc                _sprintf_r
 .text          0x00003b3c       0xe0 c:/altera/12.0/nios2eds/bin/gnu/h-i686-mingw32/bin/../lib/gcc/nios2-elf/4.1.2/../../../../nios2-elf/lib\libc.a(lib_a-strchr.o)
                0x00003b3c                strchr
 .text          0x00003c1c      0x674 c:/altera/12.0/nios2eds/bin/gnu/h-i686-mingw32/bin/../lib/gcc/nios2-elf/4.1.2/../../../../nios2-elf/lib\libc.a(lib_a-strerror.o)
                0x00003c1c                strerror
 .text          0x00004290       0x74 c:/altera/12.0/nios2eds/bin/gnu/h-i686-mingw32/bin/../lib/gcc/nios2-elf/4.1.2/../../../../nios2-elf/lib\libc.a(lib_a-strlen.o)
                0x00004290                strlen
 .text          0x00004304        0x8 c:/altera/12.0/nios2eds/bin/gnu/h-i686-mingw32/bin/../lib/gcc/nios2-elf/4.1.2/../../../../nios2-elf/lib\libc.a(lib_a-u_strerr.o)
                0x00004304                _user_strerror
 .text          0x0000430c     0x1f28 c:/altera/12.0/nios2eds/bin/gnu/h-i686-mingw32/bin/../lib/gcc/nios2-elf/4.1.2/../../../../nios2-elf/lib\libc.a(lib_a-vfprintf.o)
                0x00004364                ___vfprintf_internal_r
                0x00006210                __vfprintf_internal
 .text          0x00006234      0x13c c:/altera/12.0/nios2eds/bin/gnu/h-i686-mingw32/bin/../lib/gcc/nios2-elf/4.1.2/../../../../nios2-elf/lib\libc.a(lib_a-wsetup.o)
                0x00006234                __swsetup_r
 .text          0x00006370     0x17cc c:/altera/12.0/nios2eds/bin/gnu/h-i686-mingw32/bin/../lib/gcc/nios2-elf/4.1.2/../../../../nios2-elf/lib\libc.a(lib_a-dtoa.o)
                0x00006588                _dtoa_r
 .text          0x00007b3c      0x230 c:/altera/12.0/nios2eds/bin/gnu/h-i686-mingw32/bin/../lib/gcc/nios2-elf/4.1.2/../../../../nios2-elf/lib\libc.a(lib_a-fflush.o)
                0x00007b3c                _fflush_r
                0x00007d38                fflush
 .text          0x00007d6c      0x2c0 c:/altera/12.0/nios2eds/bin/gnu/h-i686-mingw32/bin/../lib/gcc/nios2-elf/4.1.2/../../../../nios2-elf/lib\libc.a(lib_a-findfp.o)
                0x00007dc4                __sfp_lock_acquire
                0x00007dc8                __sfp_lock_release
                0x00007dcc                __sinit_lock_acquire
                0x00007dd0                __sinit_lock_release
                0x00007dd4                __sinit
                0x00007e88                __fp_unlock_all
                0x00007ea0                __fp_lock_all
                0x00007eb8                _cleanup_r
                0x00007ec4                _cleanup
                0x00007ed4                __sfmoreglue
                0x00007f3c                __sfp
 .text          0x0000802c       0xbc c:/altera/12.0/nios2eds/bin/gnu/h-i686-mingw32/bin/../lib/gcc/nios2-elf/4.1.2/../../../../nios2-elf/lib\libc.a(lib_a-fputc.o)
                0x0000802c                fputc
                0x00008090                _fputc_r
 .text          0x000080e8       0x90 c:/altera/12.0/nios2eds/bin/gnu/h-i686-mingw32/bin/../lib/gcc/nios2-elf/4.1.2/../../../../nios2-elf/lib\libc.a(lib_a-fputs.o)
                0x000080e8                _fputs_r
                0x0000815c                fputs
 .text          0x00008178      0x440 c:/altera/12.0/nios2eds/bin/gnu/h-i686-mingw32/bin/../lib/gcc/nios2-elf/4.1.2/../../../../nios2-elf/lib\libc.a(lib_a-freer.o)
                0x00008178                _malloc_trim_r
                0x000082a4                _free_r
 .text          0x000085b8      0x49c c:/altera/12.0/nios2eds/bin/gnu/h-i686-mingw32/bin/../lib/gcc/nios2-elf/4.1.2/../../../../nios2-elf/lib\libc.a(lib_a-fvwrite.o)
                0x000085b8                __sfvwrite_r
 .text          0x00008a54      0x180 c:/altera/12.0/nios2eds/bin/gnu/h-i686-mingw32/bin/../lib/gcc/nios2-elf/4.1.2/../../../../nios2-elf/lib\libc.a(lib_a-fwalk.o)
                0x00008a54                _fwalk_reent
                0x00008b1c                _fwalk
 .text          0x00008bd4        0x0 c:/altera/12.0/nios2eds/bin/gnu/h-i686-mingw32/bin/../lib/gcc/nios2-elf/4.1.2/../../../../nios2-elf/lib\libc.a(lib_a-int_errno.o)
 .text          0x00008bd4       0xc4 c:/altera/12.0/nios2eds/bin/gnu/h-i686-mingw32/bin/../lib/gcc/nios2-elf/4.1.2/../../../../nios2-elf/lib\libc.a(lib_a-locale.o)
                0x00008bd4                __locale_charset
                0x00008bdc                _localeconv_r
                0x00008be8                localeconv
                0x00008bf8                _setlocale_r
                0x00008c7c                setlocale
 .text          0x00008c98      0x194 c:/altera/12.0/nios2eds/bin/gnu/h-i686-mingw32/bin/../lib/gcc/nios2-elf/4.1.2/../../../../nios2-elf/lib\libc.a(lib_a-makebuf.o)
                0x00008c98                __smakebuf_r
 .text          0x00008e2c       0xe4 c:/altera/12.0/nios2eds/bin/gnu/h-i686-mingw32/bin/../lib/gcc/nios2-elf/4.1.2/../../../../nios2-elf/lib\libc.a(lib_a-memchr.o)
                0x00008e2c                memchr
 .text          0x00008f10      0xff4 c:/altera/12.0/nios2eds/bin/gnu/h-i686-mingw32/bin/../lib/gcc/nios2-elf/4.1.2/../../../../nios2-elf/lib\libc.a(lib_a-mprec.o)
                0x00008f10                _Bfree
                0x00008f38                __hi0bits
                0x00008fa8                __lo0bits
                0x0000906c                __mcmp
                0x000090cc                __ulp
                0x0000914c                __b2d
                0x0000926c                __ratio
                0x0000931c                _mprec_log10
                0x000093b0                __copybits
                0x00009408                __any_on
                0x00009490                _Balloc
                0x0000954c                __d2b
                0x000096c8                __mdiff
                0x00009854                __lshift
                0x000099a0                __multiply
                0x00009b88                __i2b
                0x00009bc4                __multadd
                0x00009cc4                __pow5mult
                0x00009de4                __s2b
 .text          0x00009f04      0x1ec c:/altera/12.0/nios2eds/bin/gnu/h-i686-mingw32/bin/../lib/gcc/nios2-elf/4.1.2/../../../../nios2-elf/lib\libc.a(lib_a-putc.o)
                0x00009f04                putc
                0x0000a008                _putc_r
 .text          0x0000a0f0      0x5f4 c:/altera/12.0/nios2eds/bin/gnu/h-i686-mingw32/bin/../lib/gcc/nios2-elf/4.1.2/../../../../nios2-elf/lib\libc.a(lib_a-reallocr.o)
                0x0000a0f0                _realloc_r
 .text          0x0000a6e4       0x40 c:/altera/12.0/nios2eds/bin/gnu/h-i686-mingw32/bin/../lib/gcc/nios2-elf/4.1.2/../../../../nios2-elf/lib\libc.a(lib_a-s_isinfd.o)
                0x0000a6e4                __isinfd
 .text          0x0000a724       0x30 c:/altera/12.0/nios2eds/bin/gnu/h-i686-mingw32/bin/../lib/gcc/nios2-elf/4.1.2/../../../../nios2-elf/lib\libc.a(lib_a-s_isnand.o)
                0x0000a724                __isnand
 .text          0x0000a754      0x14c c:/altera/12.0/nios2eds/bin/gnu/h-i686-mingw32/bin/../lib/gcc/nios2-elf/4.1.2/../../../../nios2-elf/lib\libc.a(lib_a-stdio.o)
                0x0000a754                __sclose
                0x0000a75c                __sseek
                0x0000a7c4                __swrite
                0x0000a840                __sread
 .text          0x0000a8a0       0xbc c:/altera/12.0/nios2eds/bin/gnu/h-i686-mingw32/bin/../lib/gcc/nios2-elf/4.1.2/../../../../nios2-elf/lib\libc.a(lib_a-strcmp.o)
                0x0000a8a0                strcmp
 .text          0x0000a95c      0x14c c:/altera/12.0/nios2eds/bin/gnu/h-i686-mingw32/bin/../lib/gcc/nios2-elf/4.1.2/../../../../nios2-elf/lib\libc.a(lib_a-wbuf.o)
                0x0000a95c                __swbuf_r
                0x0000aa8c                __swbuf
 .text          0x0000aaa8       0x78 c:/altera/12.0/nios2eds/bin/gnu/h-i686-mingw32/bin/../lib/gcc/nios2-elf/4.1.2/../../../../nios2-elf/lib\libc.a(lib_a-writer.o)
                0x0000aaa8                _write_r
 .text          0x0000ab20       0xb4 c:/altera/12.0/nios2eds/bin/gnu/h-i686-mingw32/bin/../lib/gcc/nios2-elf/4.1.2/../../../../nios2-elf/lib\libc.a(lib_a-callocr.o)
                0x0000ab20                _calloc_r
 .text          0x0000abd4       0x70 c:/altera/12.0/nios2eds/bin/gnu/h-i686-mingw32/bin/../lib/gcc/nios2-elf/4.1.2/../../../../nios2-elf/lib\libc.a(lib_a-closer.o)
                0x0000abd4                _close_r
 .text          0x0000ac44      0x124 c:/altera/12.0/nios2eds/bin/gnu/h-i686-mingw32/bin/../lib/gcc/nios2-elf/4.1.2/../../../../nios2-elf/lib\libc.a(lib_a-fclose.o)
                0x0000ac44                _fclose_r
                0x0000ad54                fclose
 .text          0x0000ad68       0x74 c:/altera/12.0/nios2eds/bin/gnu/h-i686-mingw32/bin/../lib/gcc/nios2-elf/4.1.2/../../../../nios2-elf/lib\libc.a(lib_a-fstatr.o)
                0x0000ad68                _fstat_r
 .text          0x0000addc       0x70 c:/altera/12.0/nios2eds/bin/gnu/h-i686-mingw32/bin/../lib/gcc/nios2-elf/4.1.2/../../../../nios2-elf/lib\libc.a(lib_a-isattyr.o)
                0x0000addc                _isatty_r
 .text          0x0000ae4c       0x78 c:/altera/12.0/nios2eds/bin/gnu/h-i686-mingw32/bin/../lib/gcc/nios2-elf/4.1.2/../../../../nios2-elf/lib\libc.a(lib_a-lseekr.o)
                0x0000ae4c                _lseek_r
 .text          0x0000aec4       0x78 c:/altera/12.0/nios2eds/bin/gnu/h-i686-mingw32/bin/../lib/gcc/nios2-elf/4.1.2/../../../../nios2-elf/lib\libc.a(lib_a-readr.o)
                0x0000aec4                _read_r
 .text          0x0000af3c      0x5dc c:/altera/12.0/nios2eds/bin/gnu/h-i686-mingw32/bin/../lib/gcc/nios2-elf/4.1.2\libgcc.a(_udivdi3.o)
                0x0000af3c                __udivdi3
 .text          0x0000b518      0x5b0 c:/altera/12.0/nios2eds/bin/gnu/h-i686-mingw32/bin/../lib/gcc/nios2-elf/4.1.2\libgcc.a(_umoddi3.o)
                0x0000b518                __umoddi3
 .text          0x0000bac8      0x504 c:/altera/12.0/nios2eds/bin/gnu/h-i686-mingw32/bin/../lib/gcc/nios2-elf/4.1.2\libgcc.a(_addsub_df.o)
                0x0000bed8                __subdf3
                0x0000bf58                __adddf3
 .text          0x0000bfcc      0x3c4 c:/altera/12.0/nios2eds/bin/gnu/h-i686-mingw32/bin/../lib/gcc/nios2-elf/4.1.2\libgcc.a(_mul_df.o)
                0x0000bfcc                __muldf3
 .text          0x0000c390      0x258 c:/altera/12.0/nios2eds/bin/gnu/h-i686-mingw32/bin/../lib/gcc/nios2-elf/4.1.2\libgcc.a(_div_df.o)
                0x0000c390                __divdf3
 .text          0x0000c5e8       0x88 c:/altera/12.0/nios2eds/bin/gnu/h-i686-mingw32/bin/../lib/gcc/nios2-elf/4.1.2\libgcc.a(_eq_df.o)
                0x0000c5e8                __eqdf2
 .text          0x0000c670       0x88 c:/altera/12.0/nios2eds/bin/gnu/h-i686-mingw32/bin/../lib/gcc/nios2-elf/4.1.2\libgcc.a(_ne_df.o)
                0x0000c670                __nedf2
 .text          0x0000c6f8       0x88 c:/altera/12.0/nios2eds/bin/gnu/h-i686-mingw32/bin/../lib/gcc/nios2-elf/4.1.2\libgcc.a(_gt_df.o)
                0x0000c6f8                __gtdf2
 .text          0x0000c780       0x88 c:/altera/12.0/nios2eds/bin/gnu/h-i686-mingw32/bin/../lib/gcc/nios2-elf/4.1.2\libgcc.a(_ge_df.o)
                0x0000c780                __gedf2
 .text          0x0000c808       0x88 c:/altera/12.0/nios2eds/bin/gnu/h-i686-mingw32/bin/../lib/gcc/nios2-elf/4.1.2\libgcc.a(_lt_df.o)
                0x0000c808                __ltdf2
 .text          0x0000c890       0xf8 c:/altera/12.0/nios2eds/bin/gnu/h-i686-mingw32/bin/../lib/gcc/nios2-elf/4.1.2\libgcc.a(_si_to_df.o)
                0x0000c890                __floatsidf
 .text          0x0000c988       0xd8 c:/altera/12.0/nios2eds/bin/gnu/h-i686-mingw32/bin/../lib/gcc/nios2-elf/4.1.2\libgcc.a(_df_to_si.o)
                0x0000c988                __fixdfsi
 .text          0x0000ca60        0x0 c:/altera/12.0/nios2eds/bin/gnu/h-i686-mingw32/bin/../lib/gcc/nios2-elf/4.1.2\libgcc.a(_thenan_df.o)
 .text          0x0000ca60      0x194 c:/altera/12.0/nios2eds/bin/gnu/h-i686-mingw32/bin/../lib/gcc/nios2-elf/4.1.2\libgcc.a(_usi_to_df.o)
                0x0000ca60                __floatunsidf
 .text          0x0000cbf4       0x98 c:/altera/12.0/nios2eds/bin/gnu/h-i686-mingw32/bin/../lib/gcc/nios2-elf/4.1.2\libgcc.a(_muldi3.o)
                0x0000cbf4                __muldi3
 .text          0x0000cc8c        0x0 c:/altera/12.0/nios2eds/bin/gnu/h-i686-mingw32/bin/../lib/gcc/nios2-elf/4.1.2\libgcc.a(_clz.o)
 .text          0x0000cc8c       0x80 c:/altera/12.0/nios2eds/bin/gnu/h-i686-mingw32/bin/../lib/gcc/nios2-elf/4.1.2\libgcc.a(_clzsi2.o)
                0x0000cc8c                __clzsi2
 .text          0x0000cd0c      0x314 c:/altera/12.0/nios2eds/bin/gnu/h-i686-mingw32/bin/../lib/gcc/nios2-elf/4.1.2\libgcc.a(_pack_df.o)
                0x0000cd0c                __pack_d
 .text          0x0000d020      0x138 c:/altera/12.0/nios2eds/bin/gnu/h-i686-mingw32/bin/../lib/gcc/nios2-elf/4.1.2\libgcc.a(_unpack_df.o)
                0x0000d020                __unpack_d
 .text          0x0000d158       0xc8 c:/altera/12.0/nios2eds/bin/gnu/h-i686-mingw32/bin/../lib/gcc/nios2-elf/4.1.2\libgcc.a(_fpcmp_parts_df.o)
                0x0000d158                __fpcmp_parts_d
 .text          0x0000d220       0xd0 ../niosII_simple_socket_server_1_bsp/\libucosii_bsp.a(alt_flash_dev.o)
                0x0000d220                alt_flash_open_dev
                0x0000d29c                alt_flash_close_dev
 .text          0x0000d2f0      0x134 ../niosII_simple_socket_server_1_bsp/\libucosii_bsp.a(alt_fstat.o)
                0x0000d2f0                fstat
 .text          0x0000d424      0x120 ../niosII_simple_socket_server_1_bsp/\libucosii_bsp.a(alt_isatty.o)
                0x0000d424                isatty
 .text          0x0000d544       0xec ../niosII_simple_socket_server_1_bsp/\libucosii_bsp.a(alt_load.o)
                0x0000d544                alt_load
 .text          0x0000d630      0x150 ../niosII_simple_socket_server_1_bsp/\libucosii_bsp.a(alt_lseek.o)
                0x0000d630                lseek
 .text          0x0000d780       0xc8 ../niosII_simple_socket_server_1_bsp/\libucosii_bsp.a(alt_main.o)
                0x0000d780                alt_main
 .text          0x0000d848       0xbc ../niosII_simple_socket_server_1_bsp/\libucosii_bsp.a(alt_sbrk.o)
                0x0000d848                sbrk
 .text          0x0000d904      0x118 ../niosII_simple_socket_server_1_bsp/\libucosii_bsp.a(alt_usleep.o)
                0x0000d904                usleep
 .text          0x0000da1c      0x108 ../niosII_simple_socket_server_1_bsp/\libucosii_bsp.a(alt_env_lock.o)
                0x0000da1c                __env_lock
                0x0000dac8                __env_unlock
 .text          0x0000db24      0x1d8 ../niosII_simple_socket_server_1_bsp/\libucosii_bsp.a(alt_malloc_lock.o)
                0x0000db24                __malloc_lock
                0x0000dc2c                __malloc_unlock
 .text          0x0000dcfc     0x2128 ../niosII_simple_socket_server_1_bsp/\libucosii_bsp.a(os_core.o)
                0x0000dcfc                OSEventNameGet
                0x0000de2c                OSEventNameSet
                0x0000df70                OSEventPendMulti
                0x0000e624                OSInit
                0x0000e678                OSIntEnter
                0x0000e6f4                OSIntExit
                0x0000e7f4                OSSchedLock
                0x0000e880                OSSchedUnlock
                0x0000e964                OSStart
                0x0000e9d4                OSStatInit
                0x0000ea80                OSTimeTick
                0x0000ecc0                OSVersion
                0x0000ece0                OS_Dummy
                0x0000ecfc                OS_EventTaskRdy
                0x0000ee90                OS_EventTaskWait
                0x0000efa0                OS_EventTaskWaitMulti
                0x0000f0f4                OS_EventTaskRemove
                0x0000f1ac                OS_EventTaskRemoveMulti
                0x0000f2b0                OS_EventWaitListInit
                0x0000f67c                OS_MemClr
                0x0000f6d0                OS_MemCopy
                0x0000f73c                OS_Sched
                0x0000f880                OS_StrCopy
                0x0000f900                OS_StrLen
                0x0000f958                OS_TaskIdle
                0x0000f9b4                OS_TaskStat
                0x0000fa7c                OS_TaskStatStkChk
                0x0000fb44                OS_TCBInit
 .text          0x0000fe24      0x18c ../niosII_simple_socket_server_1_bsp/\libucosii_bsp.a(os_dbg.o)
                0x0000fe24                OSDebugInit
 .text          0x0000ffb0     0x193c ../niosII_simple_socket_server_1_bsp/\libucosii_bsp.a(os_flag.o)
                0x0000ffb0                OSFlagAccept
                0x000102e4                OSFlagCreate
                0x00010420                OSFlagDel
                0x000106c8                OSFlagNameGet
                0x0001080c                OSFlagNameSet
                0x00010960                OSFlagPend
                0x00010fa4                OSFlagPendGetFlagsRdy
                0x0001100c                OSFlagPost
                0x000113b4                OSFlagQuery
                0x0001164c                OS_FlagInit
                0x00011840                OS_FlagUnlink
 .text          0x000118ec      0xc8c ../niosII_simple_socket_server_1_bsp/\libucosii_bsp.a(os_mbox.o)
                0x000118ec                OSMboxAccept
                0x00011990                OSMboxCreate
                0x00011aa4                OSMboxDel
                0x00011d44                OSMboxPend
                0x0001200c                OSMboxPendAbort
                0x00012188                OSMboxPost
                0x000122bc                OSMboxPostOpt
                0x00012448                OSMboxQuery
 .text          0x00012578      0x808 ../niosII_simple_socket_server_1_bsp/\libucosii_bsp.a(os_mem.o)
                0x00012578                OSMemCreate
                0x00012794                OSMemGet
                0x00012898                OSMemNameGet
                0x000129a4                OSMemNameSet
                0x00012ac4                OSMemPut
                0x00012bb4                OSMemQuery
                0x00012cb0                OS_MemInit
 .text          0x00012d80     0x1334 ../niosII_simple_socket_server_1_bsp/\libucosii_bsp.a(os_q.o)
                0x00012d80                OSQAccept
                0x00012ed4                OSQCreate
                0x000130e8                OSQDel
                0x000133e8                OSQFlush
                0x000134b0                OSQPend
                0x000137d0                OSQPendAbort
                0x0001394c                OSQPost
                0x00013acc                OSQPostFront
                0x00013c54                OSQPostOpt
                0x00013e88                OSQQuery
                0x00014008                OS_QInit
 .text          0x000140b4      0xbc8 ../niosII_simple_socket_server_1_bsp/\libucosii_bsp.a(os_sem.o)
                0x000140b4                OSSemAccept
                0x00014174                OSSemCreate
                0x00014288                OSSemDel
                0x00014528                OSSemPend
                0x000147a4                OSSemPendAbort
                0x00014920                OSSemPost
                0x00014a48                OSSemQuery
                0x00014b78                OSSemSet
 .text          0x00014c7c     0x1a40 ../niosII_simple_socket_server_1_bsp/\libucosii_bsp.a(os_task.o)
                0x00014c7c                OSTaskChangePrio
                0x000151f0                OSTaskCreate
                0x000153c4                OSTaskCreateExt
                0x000155c4                OSTaskDel
                0x000159d0                OSTaskDelReq
                0x00015b40                OSTaskNameGet
                0x00015cf8                OSTaskNameSet
                0x00015ebc                OSTaskResume
                0x000160d4                OSTaskStkChk
                0x000162d0                OSTaskSuspend
                0x000164fc                OSTaskQuery
                0x00016640                OS_TaskStkClr
 .text          0x000166bc      0x598 ../niosII_simple_socket_server_1_bsp/\libucosii_bsp.a(os_time.o)
                0x000166bc                OSTimeDly
                0x00016808                OSTimeDlyHMSM
                0x0001697c                OSTimeDlyResume
                0x00016b8c                OSTimeGet
                0x00016bf0                OSTimeSet
 .text          0x00016c54      0x2fc ../niosII_simple_socket_server_1_bsp/\libucosii_bsp.a(alt_sys_init.o)
                0x00016c54                alt_irq_init
                0x00016c88                alt_sys_init
 .text          0x00016f50      0x8c8 ../niosII_simple_socket_server_1_bsp/\libucosii_bsp.a(altera_avalon_cfi_flash.o)
                0x00016f50                alt_flash_cfi_init
                0x00017024                alt_flash_cfi_write
                0x000172e4                alt_flash_cfi_get_info
                0x00017374                alt_flash_cfi_read
                0x000173dc                alt_write_value_to_flash
                0x00017540                alt_flash_program_block
 .text          0x00017818     0x1448 ../niosII_simple_socket_server_1_bsp/\libucosii_bsp.a(altera_avalon_cfi_flash_table.o)
                0x00017818                alt_read_query_entry_8bit
                0x00017858                alt_read_query_entry_16bit
                0x0001789c                alt_read_query_entry_32bit
                0x000178e4                alt_write_flash_command_8bit_device_8bit_mode
                0x00017920                alt_write_flash_command_16bit_device_8bit_mode
                0x0001799c                alt_write_flash_command_32bit_device_8bit_mode
                0x000179e4                alt_write_flash_command_16bit_device_16bit_mode
                0x00017a28                alt_write_flash_command_32bit_device_16bit_mode
                0x00017a70                alt_write_flash_command_32bit_device_32bit_mode
                0x00017ab8                alt_write_native_8bit
                0x00017aec                alt_write_native_16bit
                0x00017b20                alt_write_native_32bit
                0x00017b50                alt_set_flash_width_func
                0x00017d30                alt_set_flash_algorithm_func
                0x00017e58                alt_read_cfi_table
                0x000183d8                alt_read_cfi_width
                0x00018b84                alt_check_primary_table
 .text          0x00018c60      0x148 ../niosII_simple_socket_server_1_bsp/\libucosii_bsp.a(altera_avalon_jtag_uart_fd.o)
                0x00018c60                altera_avalon_jtag_uart_read_fd
                0x00018cb8                altera_avalon_jtag_uart_write_fd
                0x00018d10                altera_avalon_jtag_uart_close_fd
                0x00018d58                altera_avalon_jtag_uart_ioctl_fd
 .text          0x00018da8      0x584 ../niosII_simple_socket_server_1_bsp/\libucosii_bsp.a(altera_avalon_jtag_uart_init.o)
                0x00018da8                altera_avalon_jtag_uart_init
                0x000192b8                altera_avalon_jtag_uart_close
 .text          0x0001932c       0xf4 ../niosII_simple_socket_server_1_bsp/\libucosii_bsp.a(altera_avalon_jtag_uart_ioctl.o)
                0x0001932c                altera_avalon_jtag_uart_ioctl
 .text          0x00019420      0x2c0 ../niosII_simple_socket_server_1_bsp/\libucosii_bsp.a(altera_avalon_jtag_uart_read.o)
                0x00019420                altera_avalon_jtag_uart_read
 .text          0x000196e0      0x2dc ../niosII_simple_socket_server_1_bsp/\libucosii_bsp.a(altera_avalon_jtag_uart_write.o)
                0x000196e0                altera_avalon_jtag_uart_write
 .text          0x000199bc      0xf3c ../niosII_simple_socket_server_1_bsp/\libucosii_bsp.a(altera_avalon_lcd_16207.o)
                0x0001a190                altera_avalon_lcd_16207_write
                0x0001a794                altera_avalon_lcd_16207_init
 .text          0x0001a8f8       0x58 ../niosII_simple_socket_server_1_bsp/\libucosii_bsp.a(altera_avalon_lcd_16207_fd.o)
                0x0001a8f8                altera_avalon_lcd_16207_write_fd
 .text          0x0001a950      0xde4 ../niosII_simple_socket_server_1_bsp/\libucosii_bsp.a(altera_avalon_sgdma.o)
                0x0001a950                alt_avalon_sgdma_do_async_transfer
                0x0001aa8c                alt_avalon_sgdma_do_sync_transfer
                0x0001abb0                alt_avalon_sgdma_construct_mem_to_mem_desc
                0x0001ac20                alt_avalon_sgdma_construct_mem_to_mem_desc_burst
                0x0001aca0                alt_avalon_sgdma_construct_stream_to_mem_desc
                0x0001acf4                alt_avalon_sgdma_construct_stream_to_mem_desc_burst
                0x0001ad64                alt_avalon_sgdma_construct_mem_to_stream_desc
                0x0001add8                alt_avalon_sgdma_construct_mem_to_stream_desc_burst
                0x0001ae5c                alt_avalon_sgdma_register_callback
                0x0001aeac                alt_avalon_sgdma_start
                0x0001af00                alt_avalon_sgdma_stop
                0x0001af58                alt_avalon_sgdma_check_descriptor_status
                0x0001afc8                alt_avalon_sgdma_open
                0x0001b080                alt_avalon_sgdma_construct_descriptor
                0x0001b108                alt_avalon_sgdma_enable_desc_poll
                0x0001b184                alt_avalon_sgdma_disable_desc_poll
                0x0001b1e0                alt_avalon_sgdma_construct_descriptor_burst
                0x0001b688                alt_avalon_sgdma_init
 .text          0x0001b734      0x100 ../niosII_simple_socket_server_1_bsp/\libucosii_bsp.a(altera_avalon_timer_sc.o)
                0x0001b7a4                alt_avalon_timer_sc_init
 .text          0x0001b834     0x5350 ../niosII_simple_socket_server_1_bsp/\libucosii_bsp.a(altera_avalon_tse.o)
                0x0001b834                no_printf
                0x0001b860                tse_mac_initTransInfo2
                0x0001b8c0                tse_mac_sTxWrite
                0x0001b9b0                tse_mac_aRxRead
                0x0001ba54                tse_mac_SwReset
                0x0001bae8                tse_mac_setMIImode
                0x0001bb40                tse_mac_setGMIImode
                0x0001bb94                alt_tse_phy_add_profile
                0x0001bd6c                alt_tse_system_add_sys
                0x0001c780                alt_tse_sys_enable_mdio_sharing
                0x0001c8f8                alt_tse_mac_get_common_speed
                0x0001c938                alt_tse_mac_set_common_speed
                0x0001c980                alt_tse_get_system_index
                0x0001c9fc                alt_tse_get_mac_group_index
                0x0001ca7c                alt_tse_get_mac_info_index
                0x0001cb08                alt_tse_get_mac_info
                0x0001cbe8                alt_tse_mac_set_speed
                0x0001ccd4                alt_tse_mac_set_duplex
                0x0001cd6c                getPHYSpeed
                0x0001db84                alt_tse_phy_rd_mdio_addr
                0x0001dbcc                alt_tse_phy_wr_mdio_addr
                0x0001dc20                alt_tse_phy_wr_mdio_reg
                0x0001dd48                alt_tse_phy_rd_mdio_reg
                0x0001de0c                alt_tse_phy_add_profile_default
                0x0001e084                alt_tse_phy_print_profile
                0x0001e274                alt_tse_mac_group_init
                0x0001e980                alt_tse_mac_get_phy
                0x0001ed98                alt_tse_mac_associate_phy
                0x0001efd0                alt_tse_phy_cfg_pcs
                0x0001f0f0                alt_tse_phy_init
                0x0001f204                alt_tse_phy_restart_an
                0x0001f3b4                alt_tse_phy_check_link
                0x0001f4f8                alt_tse_phy_get_cap
                0x0001fa38                alt_tse_phy_set_adv_1000
                0x0001fbcc                alt_tse_phy_set_adv_100
                0x0001fddc                alt_tse_phy_set_adv_10
                0x0001ff74                alt_tse_phy_get_common_speed
                0x00020290                alt_tse_phy_set_common_speed
                0x00020774                marvell_phy_cfg
                0x0002081c                marvell_cfg_gmii
                0x00020910                marvell_cfg_sgmii
                0x00020a04                marvell_cfg_rgmii
                0x00020b04                DP83848C_link_status_read
 .text          0x00020b84       0xf8 ../niosII_simple_socket_server_1_bsp/\libucosii_bsp.a(altera_avalon_uart_fd.o)
                0x00020b84                altera_avalon_uart_read_fd
                0x00020bdc                altera_avalon_uart_write_fd
                0x00020c34                altera_avalon_uart_close_fd
 .text          0x00020c7c      0x57c ../niosII_simple_socket_server_1_bsp/\libucosii_bsp.a(altera_avalon_uart_init.o)
                0x00020c7c                altera_avalon_uart_init
                0x00021198                altera_avalon_uart_close
 .text          0x000211f8      0x310 ../niosII_simple_socket_server_1_bsp/\libucosii_bsp.a(altera_avalon_uart_read.o)
                0x000211f8                altera_avalon_uart_read
 .text          0x00021508      0x2a8 ../niosII_simple_socket_server_1_bsp/\libucosii_bsp.a(altera_avalon_uart_write.o)
                0x00021508                altera_avalon_uart_write
 .text          0x000217b0     0x1778 ../niosII_simple_socket_server_1_bsp/\libucosii_bsp.a(ins_tse_mac.o)
                0x000217b0                triple_speed_ethernet_init
                0x0002190c                prep_tse_mac
                0x00021b64                tse_mac_init
                0x0002264c                tse_mac_raw_send
                0x00022944                tse_sgdmaRx_isr
                0x000229ec                tse_sgdma_read_init
                0x00022b94                tse_mac_rcv
                0x00022de4                tse_mac_stats
                0x00022e24                tse_mac_close
 .text          0x00022f28       0x54 ../niosII_simple_socket_server_1_bsp/\libucosii_bsp.a(alt_iniche_close.o)
                0x00022f28                close
 .text          0x00022f7c      0x144 ../niosII_simple_socket_server_1_bsp/\libucosii_bsp.a(alt_iniche_dev.o)
                0x00022f7c                iniche_devices_init
 .text          0x000230c0       0x78 ../niosII_simple_socket_server_1_bsp/\libucosii_bsp.a(alt_iniche_read.o)
                0x000230c0                read
 .text          0x00023138       0x70 ../niosII_simple_socket_server_1_bsp/\libucosii_bsp.a(alt_iniche_write.o)
                0x00023138                write
 .text          0x000231a8      0xedc ../niosII_simple_socket_server_1_bsp/\libucosii_bsp.a(ipnet.o)
                0x000231a8                Netinit
                0x000237f4                fixup_subnet_mask
                0x00023954                netclose
                0x00023a3c                pktdemux
                0x00023e10                c_older
                0x00023ee0                ip2mac
 .text          0x00024084      0x4b0 ../niosII_simple_socket_server_1_bsp/\libucosii_bsp.a(ipstart.o)
                0x00024084                ip_startup
                0x00024368                exit_hook
                0x000243d4                ip_exit
                0x000244a4                if_netnumber
 .text          0x00024534     0x1010 ../niosII_simple_socket_server_1_bsp/\libucosii_bsp.a(igmp_cmn.o)
                0x00024534                igmp_init
                0x000245e4                igmp_input
                0x000246dc                igmp_fasttimo
                0x00024878                igmp_send
                0x00024b20                igmp_joingroup
                0x00024d8c                igmp_leavegroup
                0x00024e08                igmp_validate
                0x00025164                igmp_print_stats
 .text          0x00025544      0xb50 ../niosII_simple_socket_server_1_bsp/\libucosii_bsp.a(bsdsock.o)
                0x00025544                bsd_accept
                0x0002567c                bsd_getpeername
                0x000257a8                bsd_getsockname
                0x000258d4                bsd_i_sockoptlen
                0x00025a8c                bsd_getsockopt
                0x00025bac                bsd_ioctl
                0x00025cb0                bsd_inet_ntoa
                0x00025ce0                bsd_recvfrom
                0x00025e40                bsd_select
                0x00025fa8                bsd_setsockopt
 .text          0x00026094      0x118 ../niosII_simple_socket_server_1_bsp/\libucosii_bsp.a(cksum.o)
                0x00026094                ccksum
                0x00026144                cksum
 .text          0x000261ac      0xa9c ../niosII_simple_socket_server_1_bsp/\libucosii_bsp.a(in_utils.o)
                0x000261ac                do_trap
                0x000261d8                nextarg
                0x00026254                hexdump
                0x0002639c                print_ipad
                0x00026410                print_uptime
                0x0002653c                panic
                0x00026580                print_eth
                0x000266e4                uslash
                0x00026764                ns_printf
                0x000268e8                std_out
                0x0002692c                con_page
                0x00026a1c                parse_args
 .text          0x00026c48      0x1c8 ../niosII_simple_socket_server_1_bsp/\libucosii_bsp.a(netmain.o)
                0x00026c48                netmain
                0x00026d3c                tk_netmain
                0x00026dc4                tk_nettick
 .text          0x00026e10      0x5e8 ../niosII_simple_socket_server_1_bsp/\libucosii_bsp.a(tk_crnos.o)
                0x00026e10                TK_OSTimeDly
                0x00026e3c                TK_OSTaskResume
                0x00026eac                tcp_sleep
                0x0002704c                tcp_wakeup
                0x00027150                TK_OSTaskQuery
                0x000271c4                tk_yield
                0x000271f0                tk_stats
 .text          0x000273f8     0x2f40 ../niosII_simple_socket_server_1_bsp/\libucosii_bsp.a(dhcpclnt.o)
                0x000273f8                dhc_get_srv_ipaddr
                0x00027488                dhc_init
                0x00027544                dhc_set_callback
                0x00027588                dhc_upcall
                0x00027db8                dhc_buildheader
                0x00027fd4                dhc_discover
                0x000284ec                dhc_rx_offer
                0x000285f0                dhc_request
                0x0002912c                dhc_setip
                0x000293ac                dhc_resetip
                0x00029490                dhc_decline
                0x00029674                dhc_extract_opts
                0x00029930                dhc_second
                0x00029ecc                dhc_halt
                0x00029f54                dhc_reclaim
                0x0002a124                dhc_state_init
                0x0002a184                dhc_alldone
                0x0002a214                dhc_ifacedone
                0x0002a288                dhc_set_state
 .text          0x0002a338       0xcc ../niosII_simple_socket_server_1_bsp/\libucosii_bsp.a(dhcputil.o)
                0x0002a338                find_opt
 .text          0x0002a404      0x79c ../niosII_simple_socket_server_1_bsp/\libucosii_bsp.a(pktalloc.o)
                0x0002a404                pk_init
                0x0002a694                pk_alloc
                0x0002a770                pk_validate
                0x0002aa28                pk_free
                0x0002aad4                pk_get_max_intrsafe_buf_len
                0x0002aaf4                dump_buf_estats
 .text          0x0002aba0      0x288 ../niosII_simple_socket_server_1_bsp/\libucosii_bsp.a(q.o)
                0x0002aba0                getq
                0x0002ac68                putq
                0x0002ad18                qdel
 .text          0x0002ae28      0x31c ../niosII_simple_socket_server_1_bsp/\libucosii_bsp.a(udp_open.o)
                0x0002ae28                udp_open
                0x0002b060                udp_close
 .text          0x0002b144      0x194 ../niosII_simple_socket_server_1_bsp/\libucosii_bsp.a(asm_cksum.o)
                0x0002b144                asm_cksum
 .text          0x0002b2d8      0x2a0 ../niosII_simple_socket_server_1_bsp/\libucosii_bsp.a(brdutils.o)
                0x0002b2d8                dtrap
                0x0002b308                kbhit
                0x0002b3b4                getch
                0x0002b414                clock_init
                0x0002b450                clock_c
                0x0002b46c                cticks_hook
                0x0002b4d8                irq_Mask
                0x0002b534                irq_Unmask
 .text          0x0002b578      0x488 ../niosII_simple_socket_server_1_bsp/\libucosii_bsp.a(osportco.o)
                0x0002b578                LOCK_NET_RESOURCE
                0x0002b638                UNLOCK_NET_RESOURCE
                0x0002b6c0                TK_NEWTASK
                0x0002b8d4                wait_app_sem
                0x0002b988                post_app_sem
 .text          0x0002ba00      0x568 ../niosII_simple_socket_server_1_bsp/\libucosii_bsp.a(targnios.o)
                0x0002ba00                alt_iniche_init
                0x0002bc1c                pre_task_setup
                0x0002bc90                post_task_setup
                0x0002bcb0                prep_armintcp
                0x0002bce8                calloc2
                0x0002bd1c                npalloc
                0x0002be10                npfree
                0x0002bec8                ncpalloc
                0x0002bf1c                ncpfree
 .text          0x0002bf68     0x197c ../niosII_simple_socket_server_1_bsp/\libucosii_bsp.a(nptcp.o)
                0x0002bf68                pffindtype
                0x0002c008                pffindproto
                0x0002c0d8                m_getnbuf
                0x0002c280                m_free
                0x0002c3b4                m_freem
                0x0002c3f8                m_copy
                0x0002c71c                m_adj
                0x0002c8ec                mbuf_len
                0x0002c944                dtom
                0x0002c9ec                remque
                0x0002ca5c                insque
                0x0002cad8                nptcp_init
                0x0002cbfc                tcp_rcv
                0x0002cde8                ip_output
                0x0002d3e0                in_broadcast
                0x0002d420                np_stripoptions
                0x0002d508                so_icmpdu
                0x0002d860                tcp_tick
 .text          0x0002d8e4      0xa2c ../niosII_simple_socket_server_1_bsp/\libucosii_bsp.a(rawsock.o)
                0x0002d8e4                rawip_lookup
                0x0002d954                rawip_soinput
                0x0002db28                rawip_usrreq
 .text          0x0002e310     0x17fc ../niosII_simple_socket_server_1_bsp/\libucosii_bsp.a(sockcall.o)
                0x0002e310                DOMAIN_CHECK
                0x0002e35c                t_socket
                0x0002e3ec                t_bind
                0x0002e568                t_listen
                0x0002e64c                t_accept
                0x0002e8e4                t_connect
                0x0002eb8c                t_getpeername
                0x0002ebd0                t_getsockname
                0x0002ee10                t_setsockopt
                0x0002efec                t_getsockopt
                0x0002f190                t_recv
                0x0002f280                t_recvfrom
                0x0002f3d0                t_sendto
                0x0002f5fc                t_send
                0x0002f824                t_shutdown
                0x0002f908                t_socketclose
                0x0002fa70                t_errno
 .text          0x0002fb0c     0x2374 ../niosII_simple_socket_server_1_bsp/\libucosii_bsp.a(socket.o)
                0x0002fb0c                socreate
                0x0002fcd8                sobind
                0x0002fd34                solisten
                0x0002fe24                sofree
                0x0002ff54                soclose
                0x00030248                soabort
                0x00030298                soaccept
                0x00030334                soconnect
                0x00030408                sodisconnect
                0x000304a8                sosend
                0x00030ab0                soreceive
                0x00031294                soshutdown
                0x0003133c                sorflush
                0x0003143c                sosetopt
                0x000318fc                sogetopt
                0x00031e3c                sohasoutofband
 .text          0x00031e80     0x1318 ../niosII_simple_socket_server_1_bsp/\libucosii_bsp.a(socket2.o)
                0x00031e80                soisconnecting
                0x00031eec                soisconnected
                0x00031fe8                soisdisconnecting
                0x00032074                soisdisconnected
                0x00032130                sonewconn
                0x0003234c                soqinsque
                0x000323f8                soqremque
                0x00032518                socantsendmore
                0x00032568                socantrcvmore
                0x000325b8                sbselqueue
                0x000325f0                sbwait
                0x00032658                sbwakeup
                0x000326f4                soreserve
                0x00032774                sbreserve
                0x000327d4                sbrelease
                0x0003281c                sbappend
                0x000328c4                sbappendrecord
                0x000329a4                sbappendaddr
                0x00032bac                sbcompress
                0x00032d94                sbflush
                0x00032e24                sbdrop
                0x00032ff4                sbdropend
                0x00033104                sbdroprecord
 .text          0x00033198      0x914 ../niosII_simple_socket_server_1_bsp/\libucosii_bsp.a(soselect.o)
                0x00033198                t_select
                0x000333b8                sock_selscan
                0x00033510                sock_select
                0x00033724                in_pcbnotify
                0x000337f0                tcp_notify
                0x00033858                ifd_clr
                0x00033948                ifd_set
                0x000339bc                ifd_isset
                0x00033a3c                ifd_get
 .text          0x00033aac     0x2fe8 ../niosII_simple_socket_server_1_bsp/\libucosii_bsp.a(tcp_in.o)
                0x00033aac                tcp_reass
                0x00033eb4                tcp_input
                0x00036408                tcp_dooptions
                0x00036598                tcp_pulloutofband
                0x000366c4                tcp_xmit_timer
                0x00036930                ip4_tcpmss
                0x00036978                tcp_mss
 .text          0x00036a94     0x1360 ../niosII_simple_socket_server_1_bsp/\libucosii_bsp.a(tcp_out.o)
                0x00036a94                tcp_output
                0x00037c10                tcp_setpersist
 .text          0x00037df4      0x9e8 ../niosII_simple_socket_server_1_bsp/\libucosii_bsp.a(tcp_subr.o)
                0x00037df4                tcp_init
                0x00037e4c                tcp_template
                0x00037f64                tcp_respond
                0x000383ec                tcp_newtcpcb
                0x00038504                tcp_drop
                0x000385b0                tcp_close
                0x00038698                tcp_quench
                0x000386e4                tcp_putseq
                0x00038764                tcp_getseq
 .text          0x000387dc      0x798 ../niosII_simple_socket_server_1_bsp/\libucosii_bsp.a(tcp_timr.o)
                0x000387dc                tcp_slowtimo
                0x00038a7c                tcp_canceltimers
                0x00038ad8                tcp_timers
 .text          0x00038f74      0x9ec ../niosII_simple_socket_server_1_bsp/\libucosii_bsp.a(tcp_usr.o)
                0x00038f74                tcp_usrreq
                0x00039678                tcp_attach
                0x000397ac                tcp_disconnect
                0x00039880                tcp_usrclosed
 .text          0x00039960       0x4c ../niosII_simple_socket_server_1_bsp/\libucosii_bsp.a(tcpport.o)
                0x00039960                tcpinit
 .text          0x000399ac      0xd20 ../niosII_simple_socket_server_1_bsp/\libucosii_bsp.a(udpsock.o)
                0x000399ac                udp_lookup
                0x00039a1c                udp_soinput
                0x00039bd4                udp_usrreq
                0x00039e58                udp4_sockbind
                0x0003a194                udp4_socksend
                0x0003a570                udp4_sockaddr
 .text          0x0003a6cc      0x154 ../niosII_simple_socket_server_1_bsp/\libucosii_bsp.a(alt_alarm_start.o)
                0x0003a6cc                alt_alarm_start
 .text          0x0003a820      0x14c ../niosII_simple_socket_server_1_bsp/\libucosii_bsp.a(alt_busy_sleep.o)
                0x0003a820                alt_busy_sleep
 .text          0x0003a96c      0x15c ../niosII_simple_socket_server_1_bsp/\libucosii_bsp.a(alt_close.o)
                0x0003a96c                alt_close
 .text          0x0003aac8       0x78 ../niosII_simple_socket_server_1_bsp/\libucosii_bsp.a(alt_dcache_flush.o)
                0x0003aac8                alt_dcache_flush
 .text          0x0003ab40       0x44 ../niosII_simple_socket_server_1_bsp/\libucosii_bsp.a(alt_dcache_flush_all.o)
                0x0003ab40                alt_dcache_flush_all
 .text          0x0003ab84       0x2c ../niosII_simple_socket_server_1_bsp/\libucosii_bsp.a(alt_dev.o)
 .text          0x0003abb0      0x114 ../niosII_simple_socket_server_1_bsp/\libucosii_bsp.a(alt_dev_llist_insert.o)
                0x0003abb0                alt_dev_llist_insert
 .text          0x0003acc4       0x64 ../niosII_simple_socket_server_1_bsp/\libucosii_bsp.a(alt_do_ctors.o)
                0x0003acc4                _do_ctors
 .text          0x0003ad28       0x64 ../niosII_simple_socket_server_1_bsp/\libucosii_bsp.a(alt_do_dtors.o)
                0x0003ad28                _do_dtors
 .text          0x0003ad8c        0x0 ../niosII_simple_socket_server_1_bsp/\libucosii_bsp.a(alt_errno.o)
 .text          0x0003ad8c       0x94 ../niosII_simple_socket_server_1_bsp/\libucosii_bsp.a(alt_find_dev.o)
                0x0003ad8c                alt_find_dev
 .text          0x0003ae20       0x30 ../niosII_simple_socket_server_1_bsp/\libucosii_bsp.a(alt_icache_flush_all.o)
                0x0003ae20                alt_icache_flush_all
 .text          0x0003ae50      0x1d4 ../niosII_simple_socket_server_1_bsp/\libucosii_bsp.a(alt_iic.o)
                0x0003ae50                alt_ic_isr_register
                0x0003aea0                alt_ic_irq_enable
                0x0003af3c                alt_ic_irq_disable
                0x0003afdc                alt_ic_irq_enabled
 .text          0x0003b024       0xf8 ../niosII_simple_socket_server_1_bsp/\libucosii_bsp.a(alt_iic_isr_register.o)
                0x0003b024                alt_iic_isr_register
 .text          0x0003b11c      0x13c ../niosII_simple_socket_server_1_bsp/\libucosii_bsp.a(alt_io_redirect.o)
                0x0003b1e0                alt_io_redirect
 .text          0x0003b258        0x0 ../niosII_simple_socket_server_1_bsp/\libucosii_bsp.a(alt_irq_entry.o)
 .text          0x0003b258        0x0 ../niosII_simple_socket_server_1_bsp/\libucosii_bsp.a(alt_irq_handler.o)
 .text          0x0003b258        0x0 ../niosII_simple_socket_server_1_bsp/\libucosii_bsp.a(alt_irq_vars.o)
 .text          0x0003b258      0x2c4 ../niosII_simple_socket_server_1_bsp/\libucosii_bsp.a(alt_open.o)
                0x0003b334                open
 .text          0x0003b51c      0x180 ../niosII_simple_socket_server_1_bsp/\libucosii_bsp.a(alt_read.o)
                0x0003b51c                alt_read
 .text          0x0003b69c       0x60 ../niosII_simple_socket_server_1_bsp/\libucosii_bsp.a(alt_release_fd.o)
                0x0003b69c                alt_release_fd
 .text          0x0003b6fc       0x38 ../niosII_simple_socket_server_1_bsp/\libucosii_bsp.a(alt_remap_cached.o)
                0x0003b6fc                alt_remap_cached
 .text          0x0003b734       0x40 ../niosII_simple_socket_server_1_bsp/\libucosii_bsp.a(alt_remap_uncached.o)
                0x0003b734                alt_remap_uncached
 .text          0x0003b774      0x1a8 ../niosII_simple_socket_server_1_bsp/\libucosii_bsp.a(alt_tick.o)
                0x0003b774                alt_alarm_stop
                0x0003b80c                alt_tick
 .text          0x0003b91c       0x64 ../niosII_simple_socket_server_1_bsp/\libucosii_bsp.a(alt_uncached_malloc.o)
                0x0003b91c                alt_uncached_malloc
 .text          0x0003b980      0x180 ../niosII_simple_socket_server_1_bsp/\libucosii_bsp.a(alt_write.o)
                0x0003b980                alt_write
 .text          0x0003bb00       0x20 ../niosII_simple_socket_server_1_bsp/\libucosii_bsp.a(altera_nios2_irq.o)
                0x0003bb00                altera_nios2_irq_init
 .text          0x0003bb20       0xd0 ../niosII_simple_socket_server_1_bsp/\libucosii_bsp.a(os_cpu_a.o)
                0x0003bb20                OSCtxSw
                0x0003bb20                OSIntCtxSw
                0x0003bbac                OSStartHighRdy
                0x0003bbcc                OSStartTsk
 .text          0x0003bbf0      0x424 ../niosII_simple_socket_server_1_bsp/\libucosii_bsp.a(os_cpu_c.o)
                0x0003bbf0                OSTaskStkInit
                0x0003bf00                OSTaskCreateHook
                0x0003bf20                OSTaskDelHook
                0x0003bf40                OSTaskSwHook
                0x0003bf5c                OSTaskStatHook
                0x0003bf78                OSTimeTickHook
                0x0003bfa0                OSInitHookBegin
                0x0003bfbc                OSInitHookEnd
                0x0003bfd8                OSTaskIdleHook
                0x0003bff4                OSTCBInitHook
 .text          0x0003c014      0x460 ../niosII_simple_socket_server_1_bsp/\libucosii_bsp.a(altera_avalon_cfi_flash_amd.o)
                0x0003c014                alt_program_amd
                0x0003c07c                alt_erase_block_amd
 .text          0x0003c474      0x460 ../niosII_simple_socket_server_1_bsp/\libucosii_bsp.a(altera_avalon_cfi_flash_intel.o)
                0x0003c474                alt_program_intel
                0x0003c4f8                alt_erase_block_intel
 .text          0x0003c8d4      0x3d4 ../niosII_simple_socket_server_1_bsp/\libucosii_bsp.a(allports.o)
                0x0003c8d4                netmain_init
                0x0003c9d0                icmp_port_du
                0x0003ca58                station_state
                0x0003cba4                sysuptime
                0x0003cbe0                packet_check
                0x0003cc2c                mcastlist
                0x0003cc50                prep_modules
 .text          0x0003cca8      0x480 ../niosII_simple_socket_server_1_bsp/\libucosii_bsp.a(timeouts.o)
                0x0003cca8                inet_timer
                0x0003cf04                in_timerset
                0x0003d080                in_timerkill
 .text          0x0003d128       0xa4 ../niosII_simple_socket_server_1_bsp/\libucosii_bsp.a(tk_misc.o)
                0x0003d128                create_apptasks
                0x0003d14c                task_stats
 .text          0x0003d1cc       0xb0 ../niosII_simple_socket_server_1_bsp/\libucosii_bsp.a(alt_iniche_fcntl.o)
                0x0003d1cc                fcntl
 .text          0x0003d27c     0x14a0 ../niosII_simple_socket_server_1_bsp/\libucosii_bsp.a(et_arp.o)
                0x0003d27c                etainit
                0x0003d2d0                et_send
                0x0003d44c                arp_free_pending
                0x0003d4d4                arp_send_pending
                0x0003d548                send_arp
                0x0003d9e0                find_oldest_arp
                0x0003db88                make_arp_entry
                0x0003dc9c                arpReply
                0x0003df30                arprcv
                0x0003e190                send_via_arp
                0x0003e338                cb_arpent_tmo
                0x0003e450                grat_arp
 .text          0x0003e71c      0x298 ../niosII_simple_socket_server_1_bsp/\libucosii_bsp.a(iface.o)
                0x0003e71c                if_getbynum
                0x0003e7a0                isbcast
                0x0003e880                reg_type
                0x0003e91c                if_killsocks
 .text          0x0003e9b4     0x22a4 ../niosII_simple_socket_server_1_bsp/\libucosii_bsp.a(ip.o)
                0x0003e9b4                ip_init
                0x0003eab0                ip_bldhead
                0x0003ec54                ip_write_internal
                0x0003f3d4                ip_write
                0x0003f61c                ip_write2
                0x0003f9cc                ip_raw_write
                0x0003faa4                ip_fragment_lc
                0x0003ff2c                ip_fragment
                0x00040550                ip_mymach
                0x000405fc                ip_dump
                0x000408b4                iproute
                0x00040b20                ip_copypkt
 .text          0x00040c58     0x1d9c ../niosII_simple_socket_server_1_bsp/\libucosii_bsp.a(ip_reasm.o)
                0x00040c58                ip_reasm_match_frag_with_ire
                0x00040d28                ip_reasm_determine_type_of_frag
                0x00040e14                ip_reasm_check_mem_useage
                0x00040eac                ip_reasm_incr_mem_useage
                0x00040f54                ip_reasm_decr_mem_useage
                0x00040ff4                ip_reasm_process_first_fragment
                0x000412d4                ip_reassm
                0x00041374                ip_reasm_compute_overlap
                0x00041904                ip_reasm_process_subsequent_fragments
                0x00041e98                ip_reasm_find_ire
                0x00041efc                ip_reasm_copy_queued_fragments_into_reassy_buffer
                0x00042258                ip_reasm_process_timer_tick
                0x0004233c                ip_reasm_delete_ire
                0x00042504                ip_reasm_mark_compact_rfq
                0x0004264c                ipr_stats
                0x000429a0                ip_reasm_send_icmp_timex
 .text          0x000429f4      0xe3c ../niosII_simple_socket_server_1_bsp/\libucosii_bsp.a(ipdemux.o)
                0x000429f4                ip_rcv
                0x00042df4                ip_rcv_phase2
                0x00043400                ip_demux
 .text          0x00043830      0x2f0 ../niosII_simple_socket_server_1_bsp/\libucosii_bsp.a(ipmc.o)
                0x00043830                in_addmulti
                0x00043998                in_delmulti
                0x00043ab0                lookup_mcast
 .text          0x00043b20       0xe4 ../niosII_simple_socket_server_1_bsp/\libucosii_bsp.a(ipport.o)
                0x00043b20                prep_ifaces
                0x00043bb4                netexit
                0x00043bdc                evtmap_setup
 .text          0x00043c04      0x550 ../niosII_simple_socket_server_1_bsp/\libucosii_bsp.a(ipraw.o)
                0x00043c04                ip_raw_open
                0x00043cf4                ip_raw_close
                0x00043db4                ip_raw_input
                0x00043fec                ip_raw_alloc
                0x000440b8                ip_raw_free
                0x000440f8                ip_raw_maxalloc
 .text          0x00044154      0x6f0 ../niosII_simple_socket_server_1_bsp/\libucosii_bsp.a(iproute.o)
                0x00044154                rt_lookup
                0x000442d8                add_route
                0x00044700                del_route
 .text          0x00044844      0xe3c ../niosII_simple_socket_server_1_bsp/\libucosii_bsp.a(udp.o)
                0x00044844                udpdemux
                0x0004509c                udp_send
                0x00045354                udpswap
                0x00045484                udp_socket
                0x00045554                udp_alloc
                0x00045614                udp_maxalloc
                0x00045640                udp_free
 .text          0x00045680      0x2e8 ../niosII_simple_socket_server_1_bsp/\libucosii_bsp.a(igmp.o)
                0x00045680                igmpv1_input
 .text          0x00045968      0x7c0 ../niosII_simple_socket_server_1_bsp/\libucosii_bsp.a(igmp2.o)
                0x00045968                igmpv2_input
                0x00045ac8                igmpv2_process_report
                0x00045c14                igmpv2_process_query
                0x00045e60                igmpv2_chk_set_timer
                0x00045fb8                igmpv2_chk4_rtr_alert_opt
 .text          0x00046128      0x8fc ../niosII_simple_socket_server_1_bsp/\libucosii_bsp.a(ipopt.o)
                0x00046128                IPADDR_TO_NETP
                0x00046270                ip_setmoptions
                0x00046860                ip_getmoptions
                0x000469a0                ip_freemoptions
 .text          0x00046a24      0x6ac ../niosII_simple_socket_server_1_bsp/\libucosii_bsp.a(u_mctest.o)
                0x00046a24                u_mctest_init
                0x00046a54                u_mctest_run
 .text          0x000470d0      0x38c ../niosII_simple_socket_server_1_bsp/\libucosii_bsp.a(dhcsetup.o)
                0x000470d0                dhc_setup
                0x00047358                dhc_main_ipset
 .text          0x0004745c      0x40c ../niosII_simple_socket_server_1_bsp/\libucosii_bsp.a(memdev.o)
                0x0004745c                init_memdev
                0x000474d4                md_fopen
                0x000474fc                md_fclose
                0x0004751c                md_fread
                0x0004769c                md_fwrite
                0x0004771c                md_fseek
                0x00047748                md_ftell
                0x0004776c                md_fgetc
                0x00047844                md_unlink
 .text          0x00047868      0x810 ../niosII_simple_socket_server_1_bsp/\libucosii_bsp.a(parseip.o)
                0x00047868                parse_ipad
                0x00047b84                inet_addr
                0x00047bec                hextoa
                0x00047c5c                inet_pton
                0x00047d08                inet_ntop
                0x00047d94                print46_addr
                0x00047df4                inet46_addr
                0x00047eb8                inet_setport
                0x00047f2c                convert_ip
 .text          0x00048078      0x1cc ../niosII_simple_socket_server_1_bsp/\libucosii_bsp.a(tcpcksum.o)
                0x00048078                tcp_cksum
 .text          0x00048244      0x900 ../niosII_simple_socket_server_1_bsp/\libucosii_bsp.a(in_pcb.o)
                0x00048244                in_pcballoc
                0x000482d8                in_pcbdetach
                0x0004832c                in_pcbbind
                0x00048580                in_pcbconnect
                0x00048790                in_pcbdisconnect
                0x000487f0                in_setsockaddr
                0x0004886c                in_setpeeraddr
                0x000488e8                in_pcblookup
 .text          0x00048b44     0x1a74 ../niosII_simple_socket_server_1_bsp/\libucosii_bsp.a(vfsfiles.o)
                0x00048b44                set_vfopen_error
                0x00048b6c                get_vfopen_error
                0x00048b8c                vf_alloc_and_link_vop
                0x00048c08                vf_alloc_buffer
                0x00048ce0                vf_free_buffer
                0x00048d30                vfopen_locked
                0x00049098                vfopen
                0x000490e8                vfclose_locked
                0x00049290                vfclose
                0x000492d0                vfflush
                0x00049318                vfgets
                0x000493fc                vfeof
                0x00049454                vunlink_flag_open_files
                0x000494b0                vunlink
                0x000496d0                vfread
                0x0004987c                vfwrite_locked
                0x00049c64                vfwrite
                0x00049cc4                vfseek
                0x00049e40                vftell
                0x00049f74                vgetc_locked
                0x0004a094                vgetc
                0x0004a0dc                vfslookup_locked
                0x0004a214                vfslookup
                0x0004a25c                strippath
                0x0004a444                isvfile_locked
                0x0004a4a8                isvfile
                0x0004a4f0                vferror
                0x0004a55c                vclearerr
 .text          0x0004a5b8       0x24 ../niosII_simple_socket_server_1_bsp/\libucosii_bsp.a(vfsport.o)
                0x0004a5b8                prep_vfs
 .text          0x0004a5dc        0x0 ../niosII_simple_socket_server_1_bsp/\libucosii_bsp.a(alt_exception_entry.o)
 .text          0x0004a5dc      0x1b4 ../niosII_simple_socket_server_1_bsp/\libucosii_bsp.a(alt_fcntl.o)
                0x0004a5dc                alt_fcntl
 .text          0x0004a790      0x120 ../niosII_simple_socket_server_1_bsp/\libucosii_bsp.a(alt_find_file.o)
                0x0004a790                alt_find_file
 .text          0x0004a8b0       0xf4 ../niosII_simple_socket_server_1_bsp/\libucosii_bsp.a(alt_get_fd.o)
                0x0004a8b0                alt_get_fd
 .text          0x0004a9a4       0x90 ../niosII_simple_socket_server_1_bsp/\libucosii_bsp.a(alt_icache_flush.o)
                0x0004a9a4                alt_icache_flush
 .text          0x0004aa34     0x130c ../niosII_simple_socket_server_1_bsp/\libucosii_bsp.a(icmp.o)
                0x0004aa34                icmprcv
                0x0004b668                icmp_destun
                0x0004b9b8                icmp_timex
                0x0004bcec                icmp_du
 .text          0x0004bd40       0x14 c:/altera/12.0/nios2eds/bin/gnu/h-i686-mingw32/bin/../lib/gcc/nios2-elf/4.1.2/../../../../nios2-elf/lib\libc.a(lib_a-atexit.o)
                0x0004bd40                atexit
 .text          0x0004bd54       0x18 c:/altera/12.0/nios2eds/bin/gnu/h-i686-mingw32/bin/../lib/gcc/nios2-elf/4.1.2/../../../../nios2-elf/lib\libc.a(lib_a-atoi.o)
                0x0004bd54                _atoi_r
                0x0004bd60                atoi
 .text          0x0004bd6c       0x1c c:/altera/12.0/nios2eds/bin/gnu/h-i686-mingw32/bin/../lib/gcc/nios2-elf/4.1.2/../../../../nios2-elf/lib\libc.a(lib_a-calloc.o)
                0x0004bd6c                calloc
 .text          0x0004bd88       0x38 c:/altera/12.0/nios2eds/bin/gnu/h-i686-mingw32/bin/../lib/gcc/nios2-elf/4.1.2/../../../../nios2-elf/lib\libc.a(lib_a-exit.o)
                0x0004bd88                exit
 .text          0x0004bdc0      0x128 c:/altera/12.0/nios2eds/bin/gnu/h-i686-mingw32/bin/../lib/gcc/nios2-elf/4.1.2/../../../../nios2-elf/lib\libc.a(lib_a-getc.o)
                0x0004bdc0                getc
                0x0004be58                _getc_r
 .text          0x0004bee8       0x74 c:/altera/12.0/nios2eds/bin/gnu/h-i686-mingw32/bin/../lib/gcc/nios2-elf/4.1.2/../../../../nios2-elf/lib\libc.a(lib_a-memcmp.o)
                0x0004bee8                memcmp
 .text          0x0004bf5c       0x60 c:/altera/12.0/nios2eds/bin/gnu/h-i686-mingw32/bin/../lib/gcc/nios2-elf/4.1.2/../../../../nios2-elf/lib\libc.a(lib_a-rget.o)
                0x0004bf5c                __srget_r
                0x0004bfa8                __srget
 .text          0x0004bfbc       0x8c c:/altera/12.0/nios2eds/bin/gnu/h-i686-mingw32/bin/../lib/gcc/nios2-elf/4.1.2/../../../../nios2-elf/lib\libc.a(lib_a-strcpy.o)
                0x0004bfbc                strcpy
 .text          0x0004c048       0xf0 c:/altera/12.0/nios2eds/bin/gnu/h-i686-mingw32/bin/../lib/gcc/nios2-elf/4.1.2/../../../../nios2-elf/lib\libc.a(lib_a-strncmp.o)
                0x0004c048                strncmp
 .text          0x0004c138       0xbc c:/altera/12.0/nios2eds/bin/gnu/h-i686-mingw32/bin/../lib/gcc/nios2-elf/4.1.2/../../../../nios2-elf/lib\libc.a(lib_a-strncpy.o)
                0x0004c138                strncpy
 .text          0x0004c1f4      0x268 c:/altera/12.0/nios2eds/bin/gnu/h-i686-mingw32/bin/../lib/gcc/nios2-elf/4.1.2/../../../../nios2-elf/lib\libc.a(lib_a-strtol.o)
                0x0004c1f4                _strtol_r
                0x0004c438                strtol
 .text          0x0004c45c       0x34 c:/altera/12.0/nios2eds/bin/gnu/h-i686-mingw32/bin/../lib/gcc/nios2-elf/4.1.2/../../../../nios2-elf/lib\libc.a(lib_a-vprintf.o)
                0x0004c45c                _vprintf_r
                0x0004c470                vprintf
 .text          0x0004c490       0x74 c:/altera/12.0/nios2eds/bin/gnu/h-i686-mingw32/bin/../lib/gcc/nios2-elf/4.1.2/../../../../nios2-elf/lib\libc.a(lib_a-vsprintf.o)
                0x0004c490                _vsprintf_r
                0x0004c4e0                vsprintf
 .text          0x0004c504      0x134 c:/altera/12.0/nios2eds/bin/gnu/h-i686-mingw32/bin/../lib/gcc/nios2-elf/4.1.2/../../../../nios2-elf/lib\libc.a(lib_a-__atexit.o)
                0x0004c504                __register_exitproc
 .text          0x0004c638      0x1b4 c:/altera/12.0/nios2eds/bin/gnu/h-i686-mingw32/bin/../lib/gcc/nios2-elf/4.1.2/../../../../nios2-elf/lib\libc.a(lib_a-__call_atexit.o)
                0x0004c63c                __call_exitprocs
 .text          0x0004c7ec      0x1e0 c:/altera/12.0/nios2eds/bin/gnu/h-i686-mingw32/bin/../lib/gcc/nios2-elf/4.1.2/../../../../nios2-elf/lib\libc.a(lib_a-refill.o)
                0x0004c7ec                __srefill_r
 .text          0x0004c9cc       0x6c ../niosII_simple_socket_server_1_bsp/\libucosii_bsp.a(alt_exit.o)
                0x0004ca0c                _exit
 *(.gnu.warning.*)
 *(.fini)
                0x0004ca38                PROVIDE (__etext, ABSOLUTE (.))
                0x0004ca38                PROVIDE (_etext, ABSOLUTE (.))
                0x0004ca38                PROVIDE (etext, ABSOLUTE (.))
 *(.eh_frame_hdr)
                0x0004ca38                . = ALIGN (0x4)
                0x0004ca38                PROVIDE (__preinit_array_start, ABSOLUTE (.))
 *(.preinit_array)
                0x0004ca38                PROVIDE (__preinit_array_end, ABSOLUTE (.))
                0x0004ca38                PROVIDE (__init_array_start, ABSOLUTE (.))
 *(.init_array)
                0x0004ca38                PROVIDE (__init_array_end, ABSOLUTE (.))
                0x0004ca38                PROVIDE (__fini_array_start, ABSOLUTE (.))
 *(.fini_array)
                0x0004ca38                PROVIDE (__fini_array_end, ABSOLUTE (.))
 *(.eh_frame)
 .eh_frame      0x0004ca38       0x40 c:/altera/12.0/nios2eds/bin/gnu/h-i686-mingw32/bin/../lib/gcc/nios2-elf/4.1.2\libgcc.a(_udivdi3.o)
 .eh_frame      0x0004ca78       0x2c c:/altera/12.0/nios2eds/bin/gnu/h-i686-mingw32/bin/../lib/gcc/nios2-elf/4.1.2\libgcc.a(_umoddi3.o)
                                 0x40 (size before relaxing)
 *(.gcc_except_table)
 *(.dynamic)
                0x0004caa4                PROVIDE (__CTOR_LIST__, ABSOLUTE (.))
 *(.ctors)
 *(SORT(.ctors.*))
 .ctors.65535   0x0004caa4        0x4 c:/altera/12.0/nios2eds/bin/gnu/h-i686-mingw32/bin/../lib/gcc/nios2-elf/4.1.2/../../../../nios2-elf/lib\libc.a(lib_a-__call_atexit.o)
                0x0004caa8                PROVIDE (__CTOR_END__, ABSOLUTE (.))
                0x0004caa8                PROVIDE (__DTOR_LIST__, ABSOLUTE (.))
 *(.dtors)
 *(SORT(.dtors.*))
                0x0004caa8                PROVIDE (__DTOR_END__, ABSOLUTE (.))
 *(.jcr)
                0x0004caa8                . = ALIGN (0x4)

.rodata         0x0004caa8     0x645c
                0x0004caa8                PROVIDE (__ram_rodata_start, ABSOLUTE (.))
                0x0004caa8                . = ALIGN (0x4)
 *(.rodata .rodata.* .gnu.linkonce.r.*)
 .rodata        0x0004caa8       0xa4 obj/SSS_DE2_115.o
 .rodata        0x0004cb4c      0x1fc obj/alt_eeprom/alt_eeprom.o
 .rodata        0x0004cd48      0xba4 obj/alt_error_handler.o
 .rodata        0x0004d8ec      0x3c0 obj/iniche_init.o
 .rodata        0x0004dcac       0x1c obj/led.o
 .rodata        0x0004dcc8      0x30c obj/niosII_simple_socket_server.o
 .rodata        0x0004dfd4      0x281 c:/altera/12.0/nios2eds/bin/gnu/h-i686-mingw32/bin/../lib/gcc/nios2-elf/4.1.2/../../../../nios2-elf/lib\libc.a(lib_a-ctype_.o)
                0x0004dfd4                _ctype_
 *fill*         0x0004e255        0x3 00
 .rodata.str1.4
                0x0004e258        0x2 c:/altera/12.0/nios2eds/bin/gnu/h-i686-mingw32/bin/../lib/gcc/nios2-elf/4.1.2/../../../../nios2-elf/lib\libc.a(lib_a-impure.o)
                                  0x4 (size before relaxing)
 *fill*         0x0004e25a        0x2 00
 .rodata.str1.4
                0x0004e25c        0x3 c:/altera/12.0/nios2eds/bin/gnu/h-i686-mingw32/bin/../lib/gcc/nios2-elf/4.1.2/../../../../nios2-elf/lib\libc.a(lib_a-perror.o)
                                  0x4 (size before relaxing)
 *fill*         0x0004e25f        0x1 00
 .rodata.str1.4
                0x0004e260        0x2 c:/altera/12.0/nios2eds/bin/gnu/h-i686-mingw32/bin/../lib/gcc/nios2-elf/4.1.2/../../../../nios2-elf/lib\libc.a(lib_a-puts.o)
                                  0x4 (size before relaxing)
 *fill*         0x0004e262        0x2 00
 .rodata.str1.4
                0x0004e264      0x7a2 c:/altera/12.0/nios2eds/bin/gnu/h-i686-mingw32/bin/../lib/gcc/nios2-elf/4.1.2/../../../../nios2-elf/lib\libc.a(lib_a-strerror.o)
                                0x7a8 (size before relaxing)
 *fill*         0x0004ea06        0x2 00
 .rodata.str1.4
                0x0004ea08       0x5e c:/altera/12.0/nios2eds/bin/gnu/h-i686-mingw32/bin/../lib/gcc/nios2-elf/4.1.2/../../../../nios2-elf/lib\libc.a(lib_a-vfprintf.o)
                                 0x60 (size before relaxing)
 .rodata        0x0004ea66       0x20 c:/altera/12.0/nios2eds/bin/gnu/h-i686-mingw32/bin/../lib/gcc/nios2-elf/4.1.2/../../../../nios2-elf/lib\libc.a(lib_a-vfprintf.o)
 *fill*         0x0004ea86        0x2 00
 .rodata.str1.4
                0x0004ea88       0x10 c:/altera/12.0/nios2eds/bin/gnu/h-i686-mingw32/bin/../lib/gcc/nios2-elf/4.1.2/../../../../nios2-elf/lib\libc.a(lib_a-dtoa.o)
                                 0x14 (size before relaxing)
 .rodata.str1.4
                0x0004ea98       0x10 c:/altera/12.0/nios2eds/bin/gnu/h-i686-mingw32/bin/../lib/gcc/nios2-elf/4.1.2/../../../../nios2-elf/lib\libc.a(lib_a-locale.o)
                                 0x18 (size before relaxing)
 .rodata        0x0004eaa8       0x30 c:/altera/12.0/nios2eds/bin/gnu/h-i686-mingw32/bin/../lib/gcc/nios2-elf/4.1.2/../../../../nios2-elf/lib\libc.a(lib_a-locale.o)
 .rodata        0x0004ead8      0x124 c:/altera/12.0/nios2eds/bin/gnu/h-i686-mingw32/bin/../lib/gcc/nios2-elf/4.1.2/../../../../nios2-elf/lib\libc.a(lib_a-mprec.o)
                0x0004ead8                __mprec_tens
                0x0004eba0                __mprec_bigtens
                0x0004ebc8                __mprec_tinytens
 .rodata        0x0004ebfc       0x14 c:/altera/12.0/nios2eds/bin/gnu/h-i686-mingw32/bin/../lib/gcc/nios2-elf/4.1.2\libgcc.a(_thenan_df.o)
                0x0004ebfc                __thenan_df
 .rodata        0x0004ec10      0x100 c:/altera/12.0/nios2eds/bin/gnu/h-i686-mingw32/bin/../lib/gcc/nios2-elf/4.1.2\libgcc.a(_clz.o)
                0x0004ec10                __clz_tab
 .rodata        0x0004ed10       0x10 ../niosII_simple_socket_server_1_bsp/\libucosii_bsp.a(alt_main.o)
 .rodata        0x0004ed20      0x120 ../niosII_simple_socket_server_1_bsp/\libucosii_bsp.a(os_core.o)
                0x0004ed20                OSUnMapTbl
 .rodata        0x0004ee40       0x68 ../niosII_simple_socket_server_1_bsp/\libucosii_bsp.a(alt_sys_init.o)
 .rodata        0x0004eea8     0x1cc0 ../niosII_simple_socket_server_1_bsp/\libucosii_bsp.a(altera_avalon_tse.o)
 .rodata        0x00050b68      0x374 ../niosII_simple_socket_server_1_bsp/\libucosii_bsp.a(ins_tse_mac.o)
 .rodata        0x00050edc       0xd8 ../niosII_simple_socket_server_1_bsp/\libucosii_bsp.a(ipnet.o)
 .rodata        0x00050fb4       0xec ../niosII_simple_socket_server_1_bsp/\libucosii_bsp.a(ipstart.o)
 .rodata        0x000510a0      0x54c ../niosII_simple_socket_server_1_bsp/\libucosii_bsp.a(igmp_cmn.o)
 .rodata        0x000515ec       0xb8 ../niosII_simple_socket_server_1_bsp/\libucosii_bsp.a(in_utils.o)
 .rodata        0x000516a4       0x34 ../niosII_simple_socket_server_1_bsp/\libucosii_bsp.a(netmain.o)
 .rodata        0x000516d8      0x1a8 ../niosII_simple_socket_server_1_bsp/\libucosii_bsp.a(tk_crnos.o)
 .rodata        0x00051880        0x8 ../niosII_simple_socket_server_1_bsp/\libucosii_bsp.a(dhcpclnt.o)
 .rodata        0x00051888      0x118 ../niosII_simple_socket_server_1_bsp/\libucosii_bsp.a(pktalloc.o)
 .rodata        0x000519a0       0x84 ../niosII_simple_socket_server_1_bsp/\libucosii_bsp.a(udp_open.o)
 .rodata        0x00051a24       0x2c ../niosII_simple_socket_server_1_bsp/\libucosii_bsp.a(brdutils.o)
 .rodata        0x00051a50      0x26c ../niosII_simple_socket_server_1_bsp/\libucosii_bsp.a(osportco.o)
 .rodata        0x00051cbc       0xa0 ../niosII_simple_socket_server_1_bsp/\libucosii_bsp.a(targnios.o)
 .rodata        0x00051d5c       0x90 ../niosII_simple_socket_server_1_bsp/\libucosii_bsp.a(nptcp.o)
 .rodata        0x00051dec        0x8 ../niosII_simple_socket_server_1_bsp/\libucosii_bsp.a(sockcall.o)
 .rodata        0x00051df4       0x50 ../niosII_simple_socket_server_1_bsp/\libucosii_bsp.a(socket.o)
 .rodata        0x00051e44       0x40 ../niosII_simple_socket_server_1_bsp/\libucosii_bsp.a(socket2.o)
 .rodata        0x00051e84       0x20 ../niosII_simple_socket_server_1_bsp/\libucosii_bsp.a(tcp_in.o)
 .rodata        0x00051ea4       0x40 ../niosII_simple_socket_server_1_bsp/\libucosii_bsp.a(tcp_out.o)
 .rodata        0x00051ee4       0x24 ../niosII_simple_socket_server_1_bsp/\libucosii_bsp.a(tcp_subr.o)
 .rodata        0x00051f08       0x2c ../niosII_simple_socket_server_1_bsp/\libucosii_bsp.a(tcp_usr.o)
 .rodata        0x00051f34        0xc ../niosII_simple_socket_server_1_bsp/\libucosii_bsp.a(alt_dev.o)
 .rodata        0x00051f40        0x4 ../niosII_simple_socket_server_1_bsp/\libucosii_bsp.a(os_cpu_c.o)
 .rodata        0x00051f44      0x1d4 ../niosII_simple_socket_server_1_bsp/\libucosii_bsp.a(allports.o)
 .rodata        0x00052118       0x34 ../niosII_simple_socket_server_1_bsp/\libucosii_bsp.a(tk_misc.o)
 .rodata        0x0005214c       0x44 ../niosII_simple_socket_server_1_bsp/\libucosii_bsp.a(et_arp.o)
 .rodata        0x00052190      0x1dc ../niosII_simple_socket_server_1_bsp/\libucosii_bsp.a(ip.o)
 .rodata        0x0005236c      0x158 ../niosII_simple_socket_server_1_bsp/\libucosii_bsp.a(ip_reasm.o)
 .rodata        0x000524c4      0x120 ../niosII_simple_socket_server_1_bsp/\libucosii_bsp.a(ipdemux.o)
 .rodata        0x000525e4       0x34 ../niosII_simple_socket_server_1_bsp/\libucosii_bsp.a(ipport.o)
 .rodata        0x00052618       0x24 ../niosII_simple_socket_server_1_bsp/\libucosii_bsp.a(ipraw.o)
 .rodata        0x0005263c       0x38 ../niosII_simple_socket_server_1_bsp/\libucosii_bsp.a(iproute.o)
 .rodata        0x00052674       0xe8 ../niosII_simple_socket_server_1_bsp/\libucosii_bsp.a(udp.o)
 .rodata        0x0005275c      0x2d0 ../niosII_simple_socket_server_1_bsp/\libucosii_bsp.a(u_mctest.o)
 .rodata        0x00052a2c       0xf8 ../niosII_simple_socket_server_1_bsp/\libucosii_bsp.a(dhcsetup.o)
 .rodata        0x00052b24       0x94 ../niosII_simple_socket_server_1_bsp/\libucosii_bsp.a(parseip.o)
 .rodata        0x00052bb8       0x34 ../niosII_simple_socket_server_1_bsp/\libucosii_bsp.a(vfsfiles.o)
 .rodata        0x00052bec      0x318 ../niosII_simple_socket_server_1_bsp/\libucosii_bsp.a(icmp.o)
 *(.rodata1)
                0x00052f04                . = ALIGN (0x4)
                0x00052f04                PROVIDE (__ram_rodata_end, ABSOLUTE (.))
                0x0004caa8                PROVIDE (__flash_rodata_start, LOADADDR (.rodata))

.rwdata         0x00052f04     0x225c load address 0x00055160
                0x00052f04                PROVIDE (__ram_rwdata_start, ABSOLUTE (.))
                0x00052f04                . = ALIGN (0x4)
 *(.got.plt)
 *(.got)
 *(.data1)
 *(.data .data.* .gnu.linkonce.d.*)
 .data          0x00052f04        0x0 ../niosII_simple_socket_server_1_bsp//obj/HAL/src/crt0.o
 .data          0x00052f04        0x0 obj/SSS_DE2_115.o
 .data          0x00052f04        0x0 obj/alt_eeprom/alt_2_wire.o
 .data          0x00052f04        0x0 obj/alt_eeprom/alt_eeprom.o
 .data          0x00052f04        0x0 obj/alt_error_handler.o
 .data          0x00052f04       0x60 obj/iniche_init.o
                0x00052f04                devices
                0x00052f34                ssstask
                0x00052f4c                sssphytask
 .data          0x00052f64        0x0 obj/led.o
 .data          0x00052f64      0x120 obj/niosII_simple_socket_server.o
                0x00052f64                tse_mac_device
 .data          0x00053084        0x0 c:/altera/12.0/nios2eds/bin/gnu/h-i686-mingw32/bin/../lib/gcc/nios2-elf/4.1.2\libgcc.a(lib2-divmod.o)
 .data          0x00053084        0x0 c:/altera/12.0/nios2eds/bin/gnu/h-i686-mingw32/bin/../lib/gcc/nios2-elf/4.1.2/../../../../nios2-elf/lib\libc.a(lib_a-ctype_.o)
 .data          0x00053084        0x0 c:/altera/12.0/nios2eds/bin/gnu/h-i686-mingw32/bin/../lib/gcc/nios2-elf/4.1.2/../../../../nios2-elf/lib\libc.a(lib_a-fprintf.o)
 .data          0x00053084        0x0 c:/altera/12.0/nios2eds/bin/gnu/h-i686-mingw32/bin/../lib/gcc/nios2-elf/4.1.2/../../../../nios2-elf/lib\libc.a(lib_a-fwrite.o)
 .data          0x00053084      0x400 c:/altera/12.0/nios2eds/bin/gnu/h-i686-mingw32/bin/../lib/gcc/nios2-elf/4.1.2/../../../../nios2-elf/lib\libc.a(lib_a-impure.o)