Archive member included because of file (symbol)

c:/altera/12.0/nios2eds/bin/gnu/h-i686-mingw32/bin/../lib/gcc/nios2-elf/4.1.2\libgcc.a(lib2-divmod.o)
                              obj/led.o (__udivsi3)
c:/altera/12.0/nios2eds/bin/gnu/h-i686-mingw32/bin/../lib/gcc/nios2-elf/4.1.2/../../../../nios2-elf/lib\libc.a(lib_a-ctype_.o)
                              obj/niosII_simple_socket_server.o (__ctype_ptr)
c:/altera/12.0/nios2eds/bin/gnu/h-i686-mingw32/bin/../lib/gcc/nios2-elf/4.1.2/../../../../nios2-elf/lib\libc.a(lib_a-fopen.o)
                              obj/niosII_simple_socket_server.o (fopen)
c:/altera/12.0/nios2eds/bin/gnu/h-i686-mingw32/bin/../lib/gcc/nios2-elf/4.1.2/../../../../nios2-elf/lib\libc.a(lib_a-fprintf.o)
                              obj/alt_eeprom/alt_eeprom.o (fprintf)
c:/altera/12.0/nios2eds/bin/gnu/h-i686-mingw32/bin/../lib/gcc/nios2-elf/4.1.2/../../../../nios2-elf/lib\libc.a(lib_a-fseek.o)
                              c:/altera/12.0/nios2eds/bin/gnu/h-i686-mingw32/bin/../lib/gcc/nios2-elf/4.1.2/../../../../nios2-elf/lib\libc.a(lib_a-fopen.o) (_fseek_r)
c:/altera/12.0/nios2eds/bin/gnu/h-i686-mingw32/bin/../lib/gcc/nios2-elf/4.1.2/../../../../nios2-elf/lib\libc.a(lib_a-fstatr.o)
                              c:/altera/12.0/nios2eds/bin/gnu/h-i686-mingw32/bin/../lib/gcc/nios2-elf/4.1.2/../../../../nios2-elf/lib\libc.a(lib_a-fseek.o) (_fstat_r)
c:/altera/12.0/nios2eds/bin/gnu/h-i686-mingw32/bin/../lib/gcc/nios2-elf/4.1.2/../../../../nios2-elf/lib\libc.a(lib_a-fwrite.o)
                              obj/alt_error_handler.o (fwrite)
c:/altera/12.0/nios2eds/bin/gnu/h-i686-mingw32/bin/../lib/gcc/nios2-elf/4.1.2/../../../../nios2-elf/lib\libc.a(lib_a-impure.o)
                              obj/alt_eeprom/alt_eeprom.o (_impure_ptr)
c:/altera/12.0/nios2eds/bin/gnu/h-i686-mingw32/bin/../lib/gcc/nios2-elf/4.1.2/../../../../nios2-elf/lib\libc.a(lib_a-int_errno.o)
                              c:/altera/12.0/nios2eds/bin/gnu/h-i686-mingw32/bin/../lib/gcc/nios2-elf/4.1.2/../../../../nios2-elf/lib\libc.a(lib_a-fstatr.o) (errno)
c:/altera/12.0/nios2eds/bin/gnu/h-i686-mingw32/bin/../lib/gcc/nios2-elf/4.1.2/../../../../nios2-elf/lib\libc.a(lib_a-makebuf.o)
                              c:/altera/12.0/nios2eds/bin/gnu/h-i686-mingw32/bin/../lib/gcc/nios2-elf/4.1.2/../../../../nios2-elf/lib\libc.a(lib_a-fseek.o) (__smakebuf_r)
c:/altera/12.0/nios2eds/bin/gnu/h-i686-mingw32/bin/../lib/gcc/nios2-elf/4.1.2/../../../../nios2-elf/lib\libc.a(lib_a-malloc.o)
                              obj/alt_eeprom/alt_eeprom.o (free)
c:/altera/12.0/nios2eds/bin/gnu/h-i686-mingw32/bin/../lib/gcc/nios2-elf/4.1.2/../../../../nios2-elf/lib\libc.a(lib_a-mallocr.o)
                              c:/altera/12.0/nios2eds/bin/gnu/h-i686-mingw32/bin/../lib/gcc/nios2-elf/4.1.2/../../../../nios2-elf/lib\libc.a(lib_a-makebuf.o) (_malloc_r)
c:/altera/12.0/nios2eds/bin/gnu/h-i686-mingw32/bin/../lib/gcc/nios2-elf/4.1.2/../../../../nios2-elf/lib\libc.a(lib_a-memcpy.o)
                              obj/niosII_simple_socket_server.o (memcpy)
c:/altera/12.0/nios2eds/bin/gnu/h-i686-mingw32/bin/../lib/gcc/nios2-elf/4.1.2/../../../../nios2-elf/lib\libc.a(lib_a-memmove.o)
                              obj/niosII_simple_socket_server.o (memmove)
c:/altera/12.0/nios2eds/bin/gnu/h-i686-mingw32/bin/../lib/gcc/nios2-elf/4.1.2/../../../../nios2-elf/lib\libc.a(lib_a-memset.o)
                              obj/niosII_simple_socket_server.o (memset)
c:/altera/12.0/nios2eds/bin/gnu/h-i686-mingw32/bin/../lib/gcc/nios2-elf/4.1.2/../../../../nios2-elf/lib\libc.a(lib_a-openr.o)
                              c:/altera/12.0/nios2eds/bin/gnu/h-i686-mingw32/bin/../lib/gcc/nios2-elf/4.1.2/../../../../nios2-elf/lib\libc.a(lib_a-fopen.o) (_open_r)
c:/altera/12.0/nios2eds/bin/gnu/h-i686-mingw32/bin/../lib/gcc/nios2-elf/4.1.2/../../../../nios2-elf/lib\libc.a(lib_a-perror.o)
                              obj/alt_error_handler.o (perror)
c:/altera/12.0/nios2eds/bin/gnu/h-i686-mingw32/bin/../lib/gcc/nios2-elf/4.1.2/../../../../nios2-elf/lib\libc.a(lib_a-printf.o)
                              obj/SSS_DE2_115.o (printf)
c:/altera/12.0/nios2eds/bin/gnu/h-i686-mingw32/bin/../lib/gcc/nios2-elf/4.1.2/../../../../nios2-elf/lib\libc.a(lib_a-putchar.o)
                              obj/alt_eeprom/alt_eeprom.o (putchar)
c:/altera/12.0/nios2eds/bin/gnu/h-i686-mingw32/bin/../lib/gcc/nios2-elf/4.1.2/../../../../nios2-elf/lib\libc.a(lib_a-puts.o)
                              obj/SSS_DE2_115.o (puts)
c:/altera/12.0/nios2eds/bin/gnu/h-i686-mingw32/bin/../lib/gcc/nios2-elf/4.1.2/../../../../nios2-elf/lib\libc.a(lib_a-refill.o)
                              c:/altera/12.0/nios2eds/bin/gnu/h-i686-mingw32/bin/../lib/gcc/nios2-elf/4.1.2/../../../../nios2-elf/lib\libc.a(lib_a-fseek.o) (__srefill_r)
c:/altera/12.0/nios2eds/bin/gnu/h-i686-mingw32/bin/../lib/gcc/nios2-elf/4.1.2/../../../../nios2-elf/lib\libc.a(lib_a-sbrkr.o)
[...]
Memory Configuration

Name             Origin             Length             Attributes
reset            0x00000000         0x00000020
sdram            0x00000020         0x07ffffe0
cfi_flash        0x0a800000         0x00800000
sram             0x0b200000         0x00200000
onchip_memory2   0x0b420000         0x00020000
descriptor_memory 0x0b440000         0x00001000
*default*        0x00000000         0xffffffff

Linker script and memory map

LOAD ../niosII_simple_socket_server_1_bsp//obj/HAL/src/crt0.o
LOAD obj/SSS_DE2_115.o
LOAD obj/alt_eeprom/alt_2_wire.o
LOAD obj/alt_eeprom/alt_eeprom.o
LOAD obj/alt_error_handler.o
LOAD obj/iniche_init.o
LOAD obj/led.o
LOAD obj/niosII_simple_socket_server.o
LOAD c:/altera/12.0/nios2eds/bin/gnu/h-i686-mingw32/bin/../lib/gcc/nios2-elf/4.1.2/../../../../nios2-elf/lib\libstdc++.a
LOAD c:/altera/12.0/nios2eds/bin/gnu/h-i686-mingw32/bin/../lib/gcc/nios2-elf/4.1.2/../../../../nios2-elf/lib\libm.a
LOAD c:/altera/12.0/nios2eds/bin/gnu/h-i686-mingw32/bin/../lib/gcc/nios2-elf/4.1.2\libgcc.a
START GROUP
LOAD c:/altera/12.0/nios2eds/bin/gnu/h-i686-mingw32/bin/../lib/gcc/nios2-elf/4.1.2/../../../../nios2-elf/lib\libc.a
LOAD c:/altera/12.0/nios2eds/bin/gnu/h-i686-mingw32/bin/../lib/gcc/nios2-elf/4.1.2\libgcc.a
LOAD ../niosII_simple_socket_server_1_bsp/\libucosii_bsp.a
END GROUP
LOAD c:/altera/12.0/nios2eds/bin/gnu/h-i686-mingw32/bin/../lib/gcc/nios2-elf/4.1.2\libgcc.a
                0x00000000                __alt_mem_sdram = 0x0
                0x0a800000                __alt_mem_cfi_flash = 0xa800000
                0x0b200000                __alt_mem_sram = 0xb200000
                0x0b420000                __alt_mem_onchip_memory2 = 0xb420000
                0x0b440000                __alt_mem_descriptor_memory = 0xb440000

.entry          0x00000000       0x20
 *(.entry)
 .entry         0x00000000       0x20 ../niosII_simple_socket_server_1_bsp//obj/HAL/src/crt0.o
                0x00000000                __reset

.exceptions     0x00000020      0x19c
                0x00000020                PROVIDE (__ram_exceptions_start, ABSOLUTE (.))
                0x00000020                . = ALIGN (0x20)
 *(.irq)
 *(.exceptions.entry.label)
 .exceptions.entry.label
                0x00000020        0x0 ../niosII_simple_socket_server_1_bsp/\libucosii_bsp.a(alt_irq_entry.o)
                0x00000020                alt_irq_entry
 .exceptions.entry.label
                0x00000020        0x0 ../niosII_simple_socket_server_1_bsp/\libucosii_bsp.a(alt_exception_entry.o)
                0x00000020                alt_exception
 *(.exceptions.entry.user)
 *(.exceptions.entry)
 .exceptions.entry
                0x00000020       0x54 ../niosII_simple_socket_server_1_bsp/\libucosii_bsp.a(alt_exception_entry.o)
 *(.exceptions.irqtest.user)
 *(.exceptions.irqtest)
 .exceptions.irqtest
                0x00000074       0x10 ../niosII_simple_socket_server_1_bsp/\libucosii_bsp.a(alt_irq_entry.o)
 *(.exceptions.irqhandler.user)
 *(.exceptions.irqhandler)
 .exceptions.irqhandler
                0x00000084        0x4 ../niosII_simple_socket_server_1_bsp/\libucosii_bsp.a(alt_irq_entry.o)
 *(.exceptions.irqreturn.user)
 *(.exceptions.irqreturn)
 .exceptions.irqreturn
                0x00000088        0x4 ../niosII_simple_socket_server_1_bsp/\libucosii_bsp.a(alt_irq_entry.o)
 *(.exceptions.notirq.label)
 .exceptions.notirq.label
                0x0000008c        0x0 ../niosII_simple_socket_server_1_bsp/\libucosii_bsp.a(alt_irq_entry.o)
 *(.exceptions.notirq.user)
 *(.exceptions.notirq)
 .exceptions.notirq
                0x0000008c        0x8 ../niosII_simple_socket_server_1_bsp/\libucosii_bsp.a(alt_exception_entry.o)
 *(.exceptions.soft.user)
 *(.exceptions.soft)
 *(.exceptions.unknown.user)
 *(.exceptions.unknown)
 .exceptions.unknown
                0x00000094        0x4 ../niosII_simple_socket_server_1_bsp/\libucosii_bsp.a(alt_exception_entry.o)
 *(.exceptions.exit.label)
 .exceptions.exit.label
                0x00000098        0x0 ../niosII_simple_socket_server_1_bsp/\libucosii_bsp.a(alt_irq_entry.o)
 .exceptions.exit.label
                0x00000098        0x0 ../niosII_simple_socket_server_1_bsp/\libucosii_bsp.a(alt_exception_entry.o)
 *(.exceptions.exit.user)
 *(.exceptions.exit)
 .exceptions.exit
                0x00000098       0x54 ../niosII_simple_socket_server_1_bsp/\libucosii_bsp.a(alt_exception_entry.o)
 *(.exceptions)
 .exceptions    0x000000ec       0xd0 ../niosII_simple_socket_server_1_bsp/\libucosii_bsp.a(alt_irq_handler.o)
                0x000000ec                alt_irq_handler
                0x000001bc                PROVIDE (__ram_exceptions_end, ABSOLUTE (.))
                0x00000020                PROVIDE (__flash_exceptions_start, LOADADDR (.exceptions))

.text           0x000001bc    0x4ad08
                0x000001bc                PROVIDE (stext, ABSOLUTE (.))
 *(.interp)
 *(.hash)
 *(.dynsym)
 *(.dynstr)
 *(.gnu.version)
 *(.gnu.version_d)
 *(.gnu.version_r)
 *(.rel.init)
 *(.rela.init)
 *(.rel.text .rel.text.* .rel.gnu.linkonce.t.*)
 *(.rela.text .rela.text.* .rela.gnu.linkonce.t.*)
 *(.rel.fini)
 *(.rela.fini)
 *(.rel.rodata .rel.rodata.* .rel.gnu.linkonce.r.*)
 *(.rela.rodata .rela.rodata.* .rela.gnu.linkonce.r.*)
 *(.rel.data .rel.data.* .rel.gnu.linkonce.d.*)
 *(.rela.data .rela.data.* .rela.gnu.linkonce.d.*)
 *(.rel.tdata .rel.tdata.* .rel.gnu.linkonce.td.*)
 *(.rela.tdata .rela.tdata.* .rela.gnu.linkonce.td.*)
 *(.rel.tbss .rel.tbss.* .rel.gnu.linkonce.tb.*)
 *(.rela.tbss .rela.tbss.* .rela.gnu.linkonce.tb.*)
 *(.rel.ctors)
 *(.rela.ctors)
 *(.rel.dtors)
 *(.rela.dtors)
 *(.rel.got)
 *(.rela.got)
 *(.rel.sdata .rel.sdata.* .rel.gnu.linkonce.s.*)
 *(.rela.sdata .rela.sdata.* .rela.gnu.linkonce.s.*)
 *(.rel.sbss .rel.sbss.* .rel.gnu.linkonce.sb.*)
 *(.rela.sbss .rela.sbss.* .rela.gnu.linkonce.sb.*)
 *(.rel.sdata2 .rel.sdata2.* .rel.gnu.linkonce.s2.*)
 *(.rela.sdata2 .rela.sdata2.* .rela.gnu.linkonce.s2.*)
 *(.rel.sbss2 .rel.sbss2.* .rel.gnu.linkonce.sb2.*)
 *(.rela.sbss2 .rela.sbss2.* .rela.gnu.linkonce.sb2.*)
 *(.rel.bss .rel.bss.* .rel.gnu.linkonce.b.*)
 *(.rela.bss .rela.bss.* .rela.gnu.linkonce.b.*)
 *(.rel.plt)
 *(.rela.plt)
 *(.rel.dyn)
 *(.init)
 *(.plt)
 *(.text .stub .text.* .gnu.linkonce.t.*)
 .text          0x000001bc       0x4c ../niosII_simple_socket_server_1_bsp//obj/HAL/src/crt0.o
                0x000001bc                _start
 .text          0x00000208      0x2ec obj/SSS_DE2_115.o
                0x00000208                get_DE2_115_mac_addr
                0x000003b0                FindLastFlashSectorOffset
 .text          0x000004f4      0x410 obj/alt_eeprom/alt_2_wire.o
                0x00000680                alt_2_wireStart
                0x000006b4                alt_2_wireStop
                0x000006e4                alt_2_wireSendByte
                0x00000788                alt_2_wireReadByte
                0x0000089c                alt_2_wireSetDelay
                0x000008c4                alt_2_wireInit
 .text          0x00000904      0x5b8 obj/alt_eeprom/alt_eeprom.o
                0x00000904                readRandom
                0x00000af0                writeByte
                0x00000cdc                hexdump_eeprom
                0x00000db8                dump
                0x00000e28                fill
 .text          0x00000ebc      0xba8 obj/alt_error_handler.o
                0x00000ebc                alt_uCOSIIErrorHandler
                0x000014e0                alt_NetworkErrorHandler
                0x00001778                alt_SSSErrorHandler
 .text          0x00001a64      0x888 obj/iniche_init.o
                0x00001a64                ws_ipset
                0x00001b68                get_board_mac_addr
                0x00001ca4                suspend_network_tasks
                0x00001d04                resume_network_tasks
                0x00001d64                get_mac_addr
                0x00001d9c                get_ip_addr
                0x00001f64                wait_on_phy
                0x000020f8                SSSMonitorPhyTask
                0x000021c8                SSSInitialTask
                0x00002270                main
 .text          0x000022ec      0x154 obj/led.o
                0x000022ec                LEDBlinkTask
                0x000023a4                LEDManagementTask
 .text          0x00002440     0x1368 obj/niosII_simple_socket_server.o
                0x00002440                SSSCreateOSDataStructs
                0x000024bc                SSSCreateTasks
                0x00002580                SSS_reset_connection
                0x000025f0                SSS_send_menu
                0x00002758                SSS_handle_accept
                0x00002810                SSS_exec_command
                0x000029c0                SSS_handle_receive
                0x00002bac                SSSNiosIISimpleSocketServerTask
                0x00002d7c                SSSNiosIISimpleSocketServerPeneTask
 .text          0x000037a8      0x14c c:/altera/12.0/nios2eds/bin/gnu/h-i686-mingw32/bin/../lib/gcc/nios2-elf/4.1.2\libgcc.a(lib2-divmod.o)
                0x00003824                __divsi3
                0x00003884                __modsi3
                0x000038e4                __udivsi3
                0x000038ec                __umodsi3
 .text          0x000038f4        0x0 c:/altera/12.0/nios2eds/bin/gnu/h-i686-mingw32/bin/../lib/gcc/nios2-elf/4.1.2/../../../../nios2-elf/lib\libc.a(lib_a-ctype_.o)
 .text          0x000038f4      0x110 c:/altera/12.0/nios2eds/bin/gnu/h-i686-mingw32/bin/../lib/gcc/nios2-elf/4.1.2/../../../../nios2-elf/lib\libc.a(lib_a-fopen.o)
                0x000038f4                _fopen_r
                0x000039e8                fopen
 .text          0x00003a04       0x60 c:/altera/12.0/nios2eds/bin/gnu/h-i686-mingw32/bin/../lib/gcc/nios2-elf/4.1.2/../../../../nios2-elf/lib\libc.a(lib_a-fprintf.o)
                0x00003a04                fprintf
                0x00003a30                _fprintf_r
 .text          0x00003a64      0x460 c:/altera/12.0/nios2eds/bin/gnu/h-i686-mingw32/bin/../lib/gcc/nios2-elf/4.1.2/../../../../nios2-elf/lib\libc.a(lib_a-fseek.o)
                0x00003a64                _fseek_r
                0x00003ea0                fseek
 .text          0x00003ec4       0x74 c:/altera/12.0/nios2eds/bin/gnu/h-i686-mingw32/bin/../lib/gcc/nios2-elf/4.1.2/../../../../nios2-elf/lib\libc.a(lib_a-fstatr.o)
                0x00003ec4                _fstat_r
 .text          0x00003f38       0xdc c:/altera/12.0/nios2eds/bin/gnu/h-i686-mingw32/bin/../lib/gcc/nios2-elf/4.1.2/../../../../nios2-elf/lib\libc.a(lib_a-fwrite.o)
                0x00003f38                _fwrite_r
                0x00003fd4                fwrite
 .text          0x00004014        0x0 c:/altera/12.0/nios2eds/bin/gnu/h-i686-mingw32/bin/../lib/gcc/nios2-elf/4.1.2/../../../../nios2-elf/lib\libc.a(lib_a-impure.o)
 .text          0x00004014        0x0 c:/altera/12.0/nios2eds/bin/gnu/h-i686-mingw32/bin/../lib/gcc/nios2-elf/4.1.2/../../../../nios2-elf/lib\libc.a(lib_a-int_errno.o)
 .text          0x00004014      0x194 c:/altera/12.0/nios2eds/bin/gnu/h-i686-mingw32/bin/../lib/gcc/nios2-elf/4.1.2/../../../../nios2-elf/lib\libc.a(lib_a-makebuf.o)
                0x00004014                __smakebuf_r
 .text          0x000041a8       0x28 c:/altera/12.0/nios2eds/bin/gnu/h-i686-mingw32/bin/../lib/gcc/nios2-elf/4.1.2/../../../../nios2-elf/lib\libc.a(lib_a-malloc.o)
                0x000041a8                free
                0x000041bc                malloc
 .text          0x000041d0      0x740 c:/altera/12.0/nios2eds/bin/gnu/h-i686-mingw32/bin/../lib/gcc/nios2-elf/4.1.2/../../../../nios2-elf/lib\libc.a(lib_a-mallocr.o)
                0x000041d0                _malloc_r
 .text          0x00004910       0xa0 c:/altera/12.0/nios2eds/bin/gnu/h-i686-mingw32/bin/../lib/gcc/nios2-elf/4.1.2/../../../../nios2-elf/lib\libc.a(lib_a-memcpy.o)
                0x00004910                memcpy
 .text          0x000049b0       0xe0 c:/altera/12.0/nios2eds/bin/gnu/h-i686-mingw32/bin/../lib/gcc/nios2-elf/4.1.2/../../../../nios2-elf/lib\libc.a(lib_a-memmove.o)
                0x000049b0                memmove
 .text          0x00004a90       0x98 c:/altera/12.0/nios2eds/bin/gnu/h-i686-mingw32/bin/../lib/gcc/nios2-elf/4.1.2/../../../../nios2-elf/lib\libc.a(lib_a-memset.o)
                0x00004a90                memset
 .text          0x00004b28       0x78 c:/altera/12.0/nios2eds/bin/gnu/h-i686-mingw32/bin/../lib/gcc/nios2-elf/4.1.2/../../../../nios2-elf/lib\libc.a(lib_a-openr.o)
                0x00004b28                _open_r
 .text          0x00004ba0       0x80 c:/altera/12.0/nios2eds/bin/gnu/h-i686-mingw32/bin/../lib/gcc/nios2-elf/4.1.2/../../../../nios2-elf/lib\libc.a(lib_a-perror.o)
                0x00004ba0                _perror_r
                0x00004c0c                perror
 .text          0x00004c20       0x78 c:/altera/12.0/nios2eds/bin/gnu/h-i686-mingw32/bin/../lib/gcc/nios2-elf/4.1.2/../../../../nios2-elf/lib\libc.a(lib_a-printf.o)
                0x00004c20                printf
                0x00004c64                _printf_r
 .text          0x00004c98       0x24 c:/altera/12.0/nios2eds/bin/gnu/h-i686-mingw32/bin/../lib/gcc/nios2-elf/4.1.2/../../../../nios2-elf/lib\libc.a(lib_a-putchar.o)
                0x00004c98                putchar
                0x00004cb4                _putchar_r
 .text          0x00004cbc       0xb4 c:/altera/12.0/nios2eds/bin/gnu/h-i686-mingw32/bin/../lib/gcc/nios2-elf/4.1.2/../../../../nios2-elf/lib\libc.a(lib_a-puts.o)
                0x00004cbc                _puts_r
                0x00004d5c                puts
 .text          0x00004d70      0x1e0 c:/altera/12.0/nios2eds/bin/gnu/h-i686-mingw32/bin/../lib/gcc/nios2-elf/4.1.2/../../../../nios2-elf/lib\libc.a(lib_a-refill.o)
                0x00004d70                __srefill_r
 .text          0x00004f50       0x70 c:/altera/12.0/nios2eds/bin/gnu/h-i686-mingw32/bin/../lib/gcc/nios2-elf/4.1.2/../../../../nios2-elf/lib\libc.a(lib_a-sbrkr.o)
                0x00004f50                _sbrk_r
 .text          0x00004fc0       0xd4 c:/altera/12.0/nios2eds/bin/gnu/h-i686-mingw32/bin/../lib/gcc/nios2-elf/4.1.2/../../../../nios2-elf/lib\libc.a(lib_a-sprintf.o)
                0x00004fc0                sprintf
                0x00005034                _sprintf_r
 .text          0x00005094      0x14c c:/altera/12.0/nios2eds/bin/gnu/h-i686-mingw32/bin/../lib/gcc/nios2-elf/4.1.2/../../../../nios2-elf/lib\libc.a(lib_a-stdio.o)
                0x00005094                __sclose
                0x0000509c                __sseek
                0x00005104                __swrite
                0x00005180                __sread
 .text          0x000051e0       0xe0 c:/altera/12.0/nios2eds/bin/gnu/h-i686-mingw32/bin/../lib/gcc/nios2-elf/4.1.2/../../../../nios2-elf/lib\libc.a(lib_a-strchr.o)
                0x000051e0                strchr
 .text          0x000052c0      0x674 c:/altera/12.0/nios2eds/bin/gnu/h-i686-mingw32/bin/../lib/gcc/nios2-elf/4.1.2/../../../../nios2-elf/lib\libc.a(lib_a-strerror.o)
                0x000052c0                strerror
 .text          0x00005934       0x74 c:/altera/12.0/nios2eds/bin/gnu/h-i686-mingw32/bin/../lib/gcc/nios2-elf/4.1.2/../../../../nios2-elf/lib\libc.a(lib_a-strlen.o)
                0x00005934                strlen
 .text          0x000059a8        0x8 c:/altera/12.0/nios2eds/bin/gnu/h-i686-mingw32/bin/../lib/gcc/nios2-elf/4.1.2/../../../../nios2-elf/lib\libc.a(lib_a-u_strerr.o)
                0x000059a8                _user_strerror
 .text          0x000059b0     0x1f28 c:/altera/12.0/nios2eds/bin/gnu/h-i686-mingw32/bin/../lib/gcc/nios2-elf/4.1.2/../../../../nios2-elf/lib\libc.a(lib_a-vfprintf.o)
                0x00005a08                ___vfprintf_internal_r
                0x000078b4                __vfprintf_internal
 .text          0x000078d8       0x78 c:/altera/12.0/nios2eds/bin/gnu/h-i686-mingw32/bin/../lib/gcc/nios2-elf/4.1.2/../../../../nios2-elf/lib\libc.a(lib_a-writer.o)
                0x000078d8                _write_r
 .text          0x00007950      0x13c c:/altera/12.0/nios2eds/bin/gnu/h-i686-mingw32/bin/../lib/gcc/nios2-elf/4.1.2/../../../../nios2-elf/lib\libc.a(lib_a-wsetup.o)
                0x00007950                __swsetup_r
 .text          0x00007a8c       0x70 c:/altera/12.0/nios2eds/bin/gnu/h-i686-mingw32/bin/../lib/gcc/nios2-elf/4.1.2/../../../../nios2-elf/lib\libc.a(lib_a-closer.o)
                0x00007a8c                _close_r
 .text          0x00007afc     0x17cc c:/altera/12.0/nios2eds/bin/gnu/h-i686-mingw32/bin/../lib/gcc/nios2-elf/4.1.2/../../../../nios2-elf/lib\libc.a(lib_a-dtoa.o)
                0x00007d14                _dtoa_r
 .text          0x000092c8      0x230 c:/altera/12.0/nios2eds/bin/gnu/h-i686-mingw32/bin/../lib/gcc/nios2-elf/4.1.2/../../../../nios2-elf/lib\libc.a(lib_a-fflush.o)
                0x000092c8                _fflush_r
                0x000094c4                fflush
 .text          0x000094f8      0x2c0 c:/altera/12.0/nios2eds/bin/gnu/h-i686-mingw32/bin/../lib/gcc/nios2-elf/4.1.2/../../../../nios2-elf/lib\libc.a(lib_a-findfp.o)
                0x00009550                __sfp_lock_acquire
                0x00009554                __sfp_lock_release
                0x00009558                __sinit_lock_acquire
                0x0000955c                __sinit_lock_release
                0x00009560                __sinit
                0x00009614                __fp_unlock_all
                0x0000962c                __fp_lock_all
                0x00009644                _cleanup_r
                0x00009650                _cleanup
                0x00009660                __sfmoreglue
                0x000096c8                __sfp
 .text          0x000097b8       0xa0 c:/altera/12.0/nios2eds/bin/gnu/h-i686-mingw32/bin/../lib/gcc/nios2-elf/4.1.2/../../../../nios2-elf/lib\libc.a(lib_a-flags.o)
                0x000097b8                __sflags
 .text          0x00009858       0xbc c:/altera/12.0/nios2eds/bin/gnu/h-i686-mingw32/bin/../lib/gcc/nios2-elf/4.1.2/../../../../nios2-elf/lib\libc.a(lib_a-fputc.o)
                0x00009858                fputc
                0x000098bc                _fputc_r
 .text          0x00009914       0x90 c:/altera/12.0/nios2eds/bin/gnu/h-i686-mingw32/bin/../lib/gcc/nios2-elf/4.1.2/../../../../nios2-elf/lib\libc.a(lib_a-fputs.o)
                0x00009914                _fputs_r
                0x00009988                fputs
 .text          0x000099a4      0x440 c:/altera/12.0/nios2eds/bin/gnu/h-i686-mingw32/bin/../lib/gcc/nios2-elf/4.1.2/../../../../nios2-elf/lib\libc.a(lib_a-freer.o)
                0x000099a4                _malloc_trim_r
                0x00009ad0                _free_r
 .text          0x00009de4      0x49c c:/altera/12.0/nios2eds/bin/gnu/h-i686-mingw32/bin/../lib/gcc/nios2-elf/4.1.2/../../../../nios2-elf/lib\libc.a(lib_a-fvwrite.o)
                0x00009de4                __sfvwrite_r
 .text          0x0000a280      0x180 c:/altera/12.0/nios2eds/bin/gnu/h-i686-mingw32/bin/../lib/gcc/nios2-elf/4.1.2/../../../../nios2-elf/lib\libc.a(lib_a-fwalk.o)
                0x0000a280                _fwalk_reent
                0x0000a348                _fwalk
 .text          0x0000a400       0x70 c:/altera/12.0/nios2eds/bin/gnu/h-i686-mingw32/bin/../lib/gcc/nios2-elf/4.1.2/../../../../nios2-elf/lib\libc.a(lib_a-isattyr.o)
                0x0000a400                _isatty_r
 .text          0x0000a470       0xc4 c:/altera/12.0/nios2eds/bin/gnu/h-i686-mingw32/bin/../lib/gcc/nios2-elf/4.1.2/../../../../nios2-elf/lib\libc.a(lib_a-locale.o)
                0x0000a470                __locale_charset
                0x0000a478                _localeconv_r
                0x0000a484                localeconv
                0x0000a494                _setlocale_r
                0x0000a518                setlocale
 .text          0x0000a534       0x78 c:/altera/12.0/nios2eds/bin/gnu/h-i686-mingw32/bin/../lib/gcc/nios2-elf/4.1.2/../../../../nios2-elf/lib\libc.a(lib_a-lseekr.o)
                0x0000a534                _lseek_r
 .text          0x0000a5ac       0xe4 c:/altera/12.0/nios2eds/bin/gnu/h-i686-mingw32/bin/../lib/gcc/nios2-elf/4.1.2/../../../../nios2-elf/lib\libc.a(lib_a-memchr.o)
                0x0000a5ac                memchr
 .text          0x0000a690      0xff4 c:/altera/12.0/nios2eds/bin/gnu/h-i686-mingw32/bin/../lib/gcc/nios2-elf/4.1.2/../../../../nios2-elf/lib\libc.a(lib_a-mprec.o)
                0x0000a690                _Bfree
                0x0000a6b8                __hi0bits
                0x0000a728                __lo0bits
                0x0000a7ec                __mcmp
                0x0000a84c                __ulp
                0x0000a8cc                __b2d
                0x0000a9ec                __ratio
                0x0000aa9c                _mprec_log10
                0x0000ab30                __copybits
                0x0000ab88                __any_on
                0x0000ac10                _Balloc
                0x0000accc                __d2b
                0x0000ae48                __mdiff
                0x0000afd4                __lshift
                0x0000b120                __multiply
                0x0000b308                __i2b
                0x0000b344                __multadd
                0x0000b444                __pow5mult
                0x0000b564                __s2b
 .text          0x0000b684      0x1ec c:/altera/12.0/nios2eds/bin/gnu/h-i686-mingw32/bin/../lib/gcc/nios2-elf/4.1.2/../../../../nios2-elf/lib\libc.a(lib_a-putc.o)
                0x0000b684                putc
                0x0000b788                _putc_r
 .text          0x0000b870       0x78 c:/altera/12.0/nios2eds/bin/gnu/h-i686-mingw32/bin/../lib/gcc/nios2-elf/4.1.2/../../../../nios2-elf/lib\libc.a(lib_a-readr.o)
                0x0000b870                _read_r
 .text          0x0000b8e8      0x5f4 c:/altera/12.0/nios2eds/bin/gnu/h-i686-mingw32/bin/../lib/gcc/nios2-elf/4.1.2/../../../../nios2-elf/lib\libc.a(lib_a-reallocr.o)
                0x0000b8e8                _realloc_r
 .text          0x0000bedc       0x40 c:/altera/12.0/nios2eds/bin/gnu/h-i686-mingw32/bin/../lib/gcc/nios2-elf/4.1.2/../../../../nios2-elf/lib\libc.a(lib_a-s_isinfd.o)
                0x0000bedc                __isinfd
 .text          0x0000bf1c       0x30 c:/altera/12.0/nios2eds/bin/gnu/h-i686-mingw32/bin/../lib/gcc/nios2-elf/4.1.2/../../../../nios2-elf/lib\libc.a(lib_a-s_isnand.o)
                0x0000bf1c                __isnand
 .text          0x0000bf4c       0xbc c:/altera/12.0/nios2eds/bin/gnu/h-i686-mingw32/bin/../lib/gcc/nios2-elf/4.1.2/../../../../nios2-elf/lib\libc.a(lib_a-strcmp.o)
                0x0000bf4c                strcmp
 .text          0x0000c008      0x14c c:/altera/12.0/nios2eds/bin/gnu/h-i686-mingw32/bin/../lib/gcc/nios2-elf/4.1.2/../../../../nios2-elf/lib\libc.a(lib_a-wbuf.o)
                0x0000c008                __swbuf_r
                0x0000c138                __swbuf
 .text          0x0000c154       0xb4 c:/altera/12.0/nios2eds/bin/gnu/h-i686-mingw32/bin/../lib/gcc/nios2-elf/4.1.2/../../../../nios2-elf/lib\libc.a(lib_a-callocr.o)
                0x0000c154                _calloc_r
 .text          0x0000c208      0x124 c:/altera/12.0/nios2eds/bin/gnu/h-i686-mingw32/bin/../lib/gcc/nios2-elf/4.1.2/../../../../nios2-elf/lib\libc.a(lib_a-fclose.o)
                0x0000c208                _fclose_r
                0x0000c318                fclose
 .text          0x0000c32c      0x5dc c:/altera/12.0/nios2eds/bin/gnu/h-i686-mingw32/bin/../lib/gcc/nios2-elf/4.1.2\libgcc.a(_udivdi3.o)
                0x0000c32c                __udivdi3
 .text          0x0000c908      0x5b0 c:/altera/12.0/nios2eds/bin/gnu/h-i686-mingw32/bin/../lib/gcc/nios2-elf/4.1.2\libgcc.a(_umoddi3.o)
                0x0000c908                __umoddi3
 .text          0x0000ceb8      0x504 c:/altera/12.0/nios2eds/bin/gnu/h-i686-mingw32/bin/../lib/gcc/nios2-elf/4.1.2\libgcc.a(_addsub_df.o)
                0x0000d2c8                __subdf3
                0x0000d348                __adddf3
 .text          0x0000d3bc      0x3c4 c:/altera/12.0/nios2eds/bin/gnu/h-i686-mingw32/bin/../lib/gcc/nios2-elf/4.1.2\libgcc.a(_mul_df.o)
                0x0000d3bc                __muldf3
 .text          0x0000d780      0x258 c:/altera/12.0/nios2eds/bin/gnu/h-i686-mingw32/bin/../lib/gcc/nios2-elf/4.1.2\libgcc.a(_div_df.o)
                0x0000d780                __divdf3
 .text          0x0000d9d8       0x88 c:/altera/12.0/nios2eds/bin/gnu/h-i686-mingw32/bin/../lib/gcc/nios2-elf/4.1.2\libgcc.a(_eq_df.o)
                0x0000d9d8                __eqdf2
 .text          0x0000da60       0x88 c:/altera/12.0/nios2eds/bin/gnu/h-i686-mingw32/bin/../lib/gcc/nios2-elf/4.1.2\libgcc.a(_ne_df.o)
                0x0000da60                __nedf2
 .text          0x0000dae8       0x88 c:/altera/12.0/nios2eds/bin/gnu/h-i686-mingw32/bin/../lib/gcc/nios2-elf/4.1.2\libgcc.a(_gt_df.o)
                0x0000dae8                __gtdf2
 .text          0x0000db70       0x88 c:/altera/12.0/nios2eds/bin/gnu/h-i686-mingw32/bin/../lib/gcc/nios2-elf/4.1.2\libgcc.a(_ge_df.o)
                0x0000db70                __gedf2
 .text          0x0000dbf8       0x88 c:/altera/12.0/nios2eds/bin/gnu/h-i686-mingw32/bin/../lib/gcc/nios2-elf/4.1.2\libgcc.a(_lt_df.o)
                0x0000dbf8                __ltdf2
 .text          0x0000dc80       0xf8 c:/altera/12.0/nios2eds/bin/gnu/h-i686-mingw32/bin/../lib/gcc/nios2-elf/4.1.2\libgcc.a(_si_to_df.o)
                0x0000dc80                __floatsidf
 .text          0x0000dd78       0xd8 c:/altera/12.0/nios2eds/bin/gnu/h-i686-mingw32/bin/../lib/gcc/nios2-elf/4.1.2\libgcc.a(_df_to_si.o)
                0x0000dd78                __fixdfsi
 .text          0x0000de50        0x0 c:/altera/12.0/nios2eds/bin/gnu/h-i686-mingw32/bin/../lib/gcc/nios2-elf/4.1.2\libgcc.a(_thenan_df.o)
 .text          0x0000de50      0x194 c:/altera/12.0/nios2eds/bin/gnu/h-i686-mingw32/bin/../lib/gcc/nios2-elf/4.1.2\libgcc.a(_usi_to_df.o)
                0x0000de50                __floatunsidf
 .text          0x0000dfe4       0x98 c:/altera/12.0/nios2eds/bin/gnu/h-i686-mingw32/bin/../lib/gcc/nios2-elf/4.1.2\libgcc.a(_muldi3.o)
                0x0000dfe4                __muldi3
 .text          0x0000e07c        0x0 c:/altera/12.0/nios2eds/bin/gnu/h-i686-mingw32/bin/../lib/gcc/nios2-elf/4.1.2\libgcc.a(_clz.o)
 .text          0x0000e07c       0x80 c:/altera/12.0/nios2eds/bin/gnu/h-i686-mingw32/bin/../lib/gcc/nios2-elf/4.1.2\libgcc.a(_clzsi2.o)
                0x0000e07c                __clzsi2
 .text          0x0000e0fc      0x314 c:/altera/12.0/nios2eds/bin/gnu/h-i686-mingw32/bin/../lib/gcc/nios2-elf/4.1.2\libgcc.a(_pack_df.o)
                0x0000e0fc                __pack_d
 .text          0x0000e410      0x138 c:/altera/12.0/nios2eds/bin/gnu/h-i686-mingw32/bin/../lib/gcc/nios2-elf/4.1.2\libgcc.a(_unpack_df.o)
                0x0000e410                __unpack_d
 .text          0x0000e548       0xc8 c:/altera/12.0/nios2eds/bin/gnu/h-i686-mingw32/bin/../lib/gcc/nios2-elf/4.1.2\libgcc.a(_fpcmp_parts_df.o)
                0x0000e548                __fpcmp_parts_d
 .text          0x0000e610       0xd0 ../niosII_simple_socket_server_1_bsp/\libucosii_bsp.a(alt_flash_dev.o)
                0x0000e610                alt_flash_open_dev
                0x0000e68c                alt_flash_close_dev
 .text          0x0000e6e0      0x134 ../niosII_simple_socket_server_1_bsp/\libucosii_bsp.a(alt_fstat.o)
                0x0000e6e0                fstat
 .text          0x0000e814      0x120 ../niosII_simple_socket_server_1_bsp/\libucosii_bsp.a(alt_isatty.o)
                0x0000e814                isatty
 .text          0x0000e934       0xec ../niosII_simple_socket_server_1_bsp/\libucosii_bsp.a(alt_load.o)
                0x0000e934                alt_load
 .text          0x0000ea20      0x150 ../niosII_simple_socket_server_1_bsp/\libucosii_bsp.a(alt_lseek.o)
                0x0000ea20                lseek
 .text          0x0000eb70       0xc8 ../niosII_simple_socket_server_1_bsp/\libucosii_bsp.a(alt_main.o)
                0x0000eb70                alt_main
 .text          0x0000ec38      0x2c4 ../niosII_simple_socket_server_1_bsp/\libucosii_bsp.a(alt_open.o)
                0x0000ed14                open
 .text          0x0000eefc       0x60 ../niosII_simple_socket_server_1_bsp/\libucosii_bsp.a(alt_release_fd.o)
                0x0000eefc                alt_release_fd
 .text          0x0000ef5c       0xbc ../niosII_simple_socket_server_1_bsp/\libucosii_bsp.a(alt_sbrk.o)
                0x0000ef5c                sbrk
 .text          0x0000f018      0x118 ../niosII_simple_socket_server_1_bsp/\libucosii_bsp.a(alt_usleep.o)
                0x0000f018                usleep
 .text          0x0000f130      0x108 ../niosII_simple_socket_server_1_bsp/\libucosii_bsp.a(alt_env_lock.o)
                0x0000f130                __env_lock
                0x0000f1dc                __env_unlock
 .text          0x0000f238      0x1d8 ../niosII_simple_socket_server_1_bsp/\libucosii_bsp.a(alt_malloc_lock.o)
                0x0000f238                __malloc_lock
                0x0000f340                __malloc_unlock
 .text          0x0000f410     0x2128 ../niosII_simple_socket_server_1_bsp/\libucosii_bsp.a(os_core.o)
                0x0000f410                OSEventNameGet
                0x0000f540                OSEventNameSet
                0x0000f684                OSEventPendMulti
                0x0000fd38                OSInit
                0x0000fd8c                OSIntEnter
                0x0000fe08                OSIntExit
                0x0000ff08                OSSchedLock
                0x0000ff94                OSSchedUnlock
                0x00010078                OSStart
                0x000100e8                OSStatInit
                0x00010194                OSTimeTick
                0x000103d4                OSVersion
                0x000103f4                OS_Dummy
                0x00010410                OS_EventTaskRdy
                0x000105a4                OS_EventTaskWait
                0x000106b4                OS_EventTaskWaitMulti
                0x00010808                OS_EventTaskRemove
                0x000108c0                OS_EventTaskRemoveMulti
                0x000109c4                OS_EventWaitListInit
                0x00010d90                OS_MemClr
                0x00010de4                OS_MemCopy
                0x00010e50                OS_Sched
                0x00010f94                OS_StrCopy
                0x00011014                OS_StrLen
                0x0001106c                OS_TaskIdle
                0x000110c8                OS_TaskStat
                0x00011190                OS_TaskStatStkChk
                0x00011258                OS_TCBInit
 .text          0x00011538      0x18c ../niosII_simple_socket_server_1_bsp/\libucosii_bsp.a(os_dbg.o)
                0x00011538                OSDebugInit
 .text          0x000116c4     0x193c ../niosII_simple_socket_server_1_bsp/\libucosii_bsp.a(os_flag.o)
                0x000116c4                OSFlagAccept
                0x000119f8                OSFlagCreate
                0x00011b34                OSFlagDel
                0x00011ddc                OSFlagNameGet
                0x00011f20                OSFlagNameSet
                0x00012074                OSFlagPend
                0x000126b8                OSFlagPendGetFlagsRdy
                0x00012720                OSFlagPost
                0x00012ac8                OSFlagQuery
                0x00012d60                OS_FlagInit
                0x00012f54                OS_FlagUnlink
 .text          0x00013000      0xc8c ../niosII_simple_socket_server_1_bsp/\libucosii_bsp.a(os_mbox.o)
                0x00013000                OSMboxAccept
                0x000130a4                OSMboxCreate
                0x000131b8                OSMboxDel
                0x00013458                OSMboxPend
                0x00013720                OSMboxPendAbort
                0x0001389c                OSMboxPost
                0x000139d0                OSMboxPostOpt
                0x00013b5c                OSMboxQuery
 .text          0x00013c8c      0x808 ../niosII_simple_socket_server_1_bsp/\libucosii_bsp.a(os_mem.o)
                0x00013c8c                OSMemCreate
                0x00013ea8                OSMemGet
                0x00013fac                OSMemNameGet
                0x000140b8                OSMemNameSet
                0x000141d8                OSMemPut
                0x000142c8                OSMemQuery
                0x000143c4                OS_MemInit
 .text          0x00014494     0x1334 ../niosII_simple_socket_server_1_bsp/\libucosii_bsp.a(os_q.o)
                0x00014494                OSQAccept
                0x000145e8                OSQCreate
                0x000147fc                OSQDel
                0x00014afc                OSQFlush
                0x00014bc4                OSQPend
                0x00014ee4                OSQPendAbort
                0x00015060                OSQPost
                0x000151e0                OSQPostFront
                0x00015368                OSQPostOpt
                0x0001559c                OSQQuery
                0x0001571c                OS_QInit
 .text          0x000157c8      0xbc8 ../niosII_simple_socket_server_1_bsp/\libucosii_bsp.a(os_sem.o)
                0x000157c8                OSSemAccept
                0x00015888                OSSemCreate
                0x0001599c                OSSemDel
                0x00015c3c                OSSemPend
                0x00015eb8                OSSemPendAbort
                0x00016034                OSSemPost
                0x0001615c                OSSemQuery
                0x0001628c                OSSemSet
 .text          0x00016390     0x1a40 ../niosII_simple_socket_server_1_bsp/\libucosii_bsp.a(os_task.o)
                0x00016390                OSTaskChangePrio
                0x00016904                OSTaskCreate
                0x00016ad8                OSTaskCreateExt
                0x00016cd8                OSTaskDel
                0x000170e4                OSTaskDelReq
                0x00017254                OSTaskNameGet
                0x0001740c                OSTaskNameSet
                0x000175d0                OSTaskResume
                0x000177e8                OSTaskStkChk
                0x000179e4                OSTaskSuspend
                0x00017c10                OSTaskQuery
                0x00017d54                OS_TaskStkClr
 .text          0x00017dd0      0x598 ../niosII_simple_socket_server_1_bsp/\libucosii_bsp.a(os_time.o)
                0x00017dd0                OSTimeDly
                0x00017f1c                OSTimeDlyHMSM
                0x00018090                OSTimeDlyResume
                0x000182a0                OSTimeGet
                0x00018304                OSTimeSet
 .text          0x00018368      0x2fc ../niosII_simple_socket_server_1_bsp/\libucosii_bsp.a(alt_sys_init.o)
                0x00018368                alt_irq_init
                0x0001839c                alt_sys_init
 .text          0x00018664      0x8c8 ../niosII_simple_socket_server_1_bsp/\libucosii_bsp.a(altera_avalon_cfi_flash.o)
                0x00018664                alt_flash_cfi_init
                0x00018738                alt_flash_cfi_write
                0x000189f8                alt_flash_cfi_get_info
                0x00018a88                alt_flash_cfi_read
                0x00018af0                alt_write_value_to_flash
                0x00018c54                alt_flash_program_block
 .text          0x00018f2c     0x1448 ../niosII_simple_socket_server_1_bsp/\libucosii_bsp.a(altera_avalon_cfi_flash_table.o)
                0x00018f2c                alt_read_query_entry_8bit
                0x00018f6c                alt_read_query_entry_16bit
                0x00018fb0                alt_read_query_entry_32bit
                0x00018ff8                alt_write_flash_command_8bit_device_8bit_mode
                0x00019034                alt_write_flash_command_16bit_device_8bit_mode
                0x000190b0                alt_write_flash_command_32bit_device_8bit_mode
                0x000190f8                alt_write_flash_command_16bit_device_16bit_mode
                0x0001913c                alt_write_flash_command_32bit_device_16bit_mode
                0x00019184                alt_write_flash_command_32bit_device_32bit_mode
                0x000191cc                alt_write_native_8bit
                0x00019200                alt_write_native_16bit
                0x00019234                alt_write_native_32bit
                0x00019264                alt_set_flash_width_func
                0x00019444                alt_set_flash_algorithm_func
                0x0001956c                alt_read_cfi_table
                0x00019aec                alt_read_cfi_width
                0x0001a298                alt_check_primary_table
 .text          0x0001a374      0x148 ../niosII_simple_socket_server_1_bsp/\libucosii_bsp.a(altera_avalon_jtag_uart_fd.o)
                0x0001a374                altera_avalon_jtag_uart_read_fd
                0x0001a3cc                altera_avalon_jtag_uart_write_fd
                0x0001a424                altera_avalon_jtag_uart_close_fd
                0x0001a46c                altera_avalon_jtag_uart_ioctl_fd
 .text          0x0001a4bc      0x584 ../niosII_simple_socket_server_1_bsp/\libucosii_bsp.a(altera_avalon_jtag_uart_init.o)
                0x0001a4bc                altera_avalon_jtag_uart_init
                0x0001a9cc                altera_avalon_jtag_uart_close
 .text          0x0001aa40       0xf4 ../niosII_simple_socket_server_1_bsp/\libucosii_bsp.a(altera_avalon_jtag_uart_ioctl.o)
                0x0001aa40                altera_avalon_jtag_uart_ioctl
 .text          0x0001ab34      0x2c0 ../niosII_simple_socket_server_1_bsp/\libucosii_bsp.a(altera_avalon_jtag_uart_read.o)
                0x0001ab34                altera_avalon_jtag_uart_read
 .text          0x0001adf4      0x2dc ../niosII_simple_socket_server_1_bsp/\libucosii_bsp.a(altera_avalon_jtag_uart_write.o)
                0x0001adf4                altera_avalon_jtag_uart_write
 .text          0x0001b0d0      0xf3c ../niosII_simple_socket_server_1_bsp/\libucosii_bsp.a(altera_avalon_lcd_16207.o)
                0x0001b8a4                altera_avalon_lcd_16207_write
                0x0001bea8                altera_avalon_lcd_16207_init
 .text          0x0001c00c       0x58 ../niosII_simple_socket_server_1_bsp/\libucosii_bsp.a(altera_avalon_lcd_16207_fd.o)
                0x0001c00c                altera_avalon_lcd_16207_write_fd
 .text          0x0001c064      0xde4 ../niosII_simple_socket_server_1_bsp/\libucosii_bsp.a(altera_avalon_sgdma.o)
                0x0001c064                alt_avalon_sgdma_do_async_transfer
                0x0001c1a0                alt_avalon_sgdma_do_sync_transfer
                0x0001c2c4                alt_avalon_sgdma_construct_mem_to_mem_desc
                0x0001c334                alt_avalon_sgdma_construct_mem_to_mem_desc_burst
                0x0001c3b4                alt_avalon_sgdma_construct_stream_to_mem_desc
                0x0001c408                alt_avalon_sgdma_construct_stream_to_mem_desc_burst
                0x0001c478                alt_avalon_sgdma_construct_mem_to_stream_desc
                0x0001c4ec                alt_avalon_sgdma_construct_mem_to_stream_desc_burst
                0x0001c570                alt_avalon_sgdma_register_callback
                0x0001c5c0                alt_avalon_sgdma_start
                0x0001c614                alt_avalon_sgdma_stop
                0x0001c66c                alt_avalon_sgdma_check_descriptor_status
                0x0001c6dc                alt_avalon_sgdma_open
                0x0001c794                alt_avalon_sgdma_construct_descriptor
                0x0001c81c                alt_avalon_sgdma_enable_desc_poll
                0x0001c898                alt_avalon_sgdma_disable_desc_poll
                0x0001c8f4                alt_avalon_sgdma_construct_descriptor_burst
                0x0001cd9c                alt_avalon_sgdma_init
 .text          0x0001ce48      0x100 ../niosII_simple_socket_server_1_bsp/\libucosii_bsp.a(altera_avalon_timer_sc.o)
                0x0001ceb8                alt_avalon_timer_sc_init
 .text          0x0001cf48     0x5350 ../niosII_simple_socket_server_1_bsp/\libucosii_bsp.a(altera_avalon_tse.o)
                0x0001cf48                no_printf
                0x0001cf74                tse_mac_initTransInfo2
                0x0001cfd4                tse_mac_sTxWrite
                0x0001d0c4                tse_mac_aRxRead
                0x0001d168                tse_mac_SwReset
                0x0001d1fc                tse_mac_setMIImode
                0x0001d254                tse_mac_setGMIImode
                0x0001d2a8                alt_tse_phy_add_profile
                0x0001d480                alt_tse_system_add_sys
                0x0001de94                alt_tse_sys_enable_mdio_sharing
                0x0001e00c                alt_tse_mac_get_common_speed
                0x0001e04c                alt_tse_mac_set_common_speed
                0x0001e094                alt_tse_get_system_index
                0x0001e110                alt_tse_get_mac_group_index
                0x0001e190                alt_tse_get_mac_info_index
                0x0001e21c                alt_tse_get_mac_info
                0x0001e2fc                alt_tse_mac_set_speed
                0x0001e3e8                alt_tse_mac_set_duplex
                0x0001e480                getPHYSpeed
                0x0001f298                alt_tse_phy_rd_mdio_addr
                0x0001f2e0                alt_tse_phy_wr_mdio_addr
                0x0001f334                alt_tse_phy_wr_mdio_reg
                0x0001f45c                alt_tse_phy_rd_mdio_reg
                0x0001f520                alt_tse_phy_add_profile_default
                0x0001f798                alt_tse_phy_print_profile
                0x0001f988                alt_tse_mac_group_init
                0x00020094                alt_tse_mac_get_phy
                0x000204ac                alt_tse_mac_associate_phy
                0x000206e4                alt_tse_phy_cfg_pcs
                0x00020804                alt_tse_phy_init
                0x00020918                alt_tse_phy_restart_an
                0x00020ac8                alt_tse_phy_check_link
                0x00020c0c                alt_tse_phy_get_cap
                0x0002114c                alt_tse_phy_set_adv_1000
                0x000212e0                alt_tse_phy_set_adv_100
                0x000214f0                alt_tse_phy_set_adv_10
                0x00021688                alt_tse_phy_get_common_speed
                0x000219a4                alt_tse_phy_set_common_speed
                0x00021e88                marvell_phy_cfg
                0x00021f30                marvell_cfg_gmii
                0x00022024                marvell_cfg_sgmii
                0x00022118                marvell_cfg_rgmii
                0x00022218                DP83848C_link_status_read
 .text          0x00022298       0xf8 ../niosII_simple_socket_server_1_bsp/\libucosii_bsp.a(altera_avalon_uart_fd.o)
                0x00022298                altera_avalon_uart_read_fd
                0x000222f0                altera_avalon_uart_write_fd
                0x00022348                altera_avalon_uart_close_fd
 .text          0x00022390      0x57c ../niosII_simple_socket_server_1_bsp/\libucosii_bsp.a(altera_avalon_uart_init.o)
                0x00022390                altera_avalon_uart_init
                0x000228ac                altera_avalon_uart_close
 .text          0x0002290c      0x310 ../niosII_simple_socket_server_1_bsp/\libucosii_bsp.a(altera_avalon_uart_read.o)
                0x0002290c                altera_avalon_uart_read
 .text          0x00022c1c      0x2a8 ../niosII_simple_socket_server_1_bsp/\libucosii_bsp.a(altera_avalon_uart_write.o)
                0x00022c1c                altera_avalon_uart_write
 .text          0x00022ec4     0x1778 ../niosII_simple_socket_server_1_bsp/\libucosii_bsp.a(ins_tse_mac.o)
                0x00022ec4                triple_speed_ethernet_init
                0x00023020                prep_tse_mac
                0x00023278                tse_mac_init
                0x00023d60                tse_mac_raw_send
                0x00024058                tse_sgdmaRx_isr
                0x00024100                tse_sgdma_read_init
                0x000242a8                tse_mac_rcv
                0x000244f8                tse_mac_stats
                0x00024538                tse_mac_close
 .text          0x0002463c       0x54 ../niosII_simple_socket_server_1_bsp/\libucosii_bsp.a(alt_iniche_close.o)
                0x0002463c                close
 .text          0x00024690      0x124 ../niosII_simple_socket_server_1_bsp/\libucosii_bsp.a(alt_iniche_dev.o)
                0x00024690                iniche_devices_init
 .text          0x000247b4       0x78 ../niosII_simple_socket_server_1_bsp/\libucosii_bsp.a(alt_iniche_read.o)
                0x000247b4                read
 .text          0x0002482c       0x70 ../niosII_simple_socket_server_1_bsp/\libucosii_bsp.a(alt_iniche_write.o)
                0x0002482c                write
 .text          0x0002489c      0xedc ../niosII_simple_socket_server_1_bsp/\libucosii_bsp.a(ipnet.o)
                0x0002489c                Netinit
                0x00024ee8                fixup_subnet_mask
                0x00025048                netclose
                0x00025130                pktdemux
                0x00025504                c_older
                0x000255d4                ip2mac
 .text          0x00025778      0x4b0 ../niosII_simple_socket_server_1_bsp/\libucosii_bsp.a(ipstart.o)
                0x00025778                ip_startup
                0x00025a5c                exit_hook
                0x00025ac8                ip_exit
                0x00025b98                if_netnumber
 .text          0x00025c28     0x1010 ../niosII_simple_socket_server_1_bsp/\libucosii_bsp.a(igmp_cmn.o)
                0x00025c28                igmp_init
                0x00025cd8                igmp_input
                0x00025dd0                igmp_fasttimo
                0x00025f6c                igmp_send
                0x00026214                igmp_joingroup
                0x00026480                igmp_leavegroup
                0x000264fc                igmp_validate
                0x00026858                igmp_print_stats
 .text          0x00026c38      0xb68 ../niosII_simple_socket_server_1_bsp/\libucosii_bsp.a(bsdsock.o)
                0x00026c38                bsd_accept
                0x00026d70                bsd_getpeername
                0x00026e9c                bsd_getsockname
                0x00026fc8                bsd_i_sockoptlen
                0x00027198                bsd_getsockopt
                0x000272b8                bsd_ioctl
                0x000273bc                bsd_inet_ntoa
                0x000273ec                bsd_recvfrom
                0x0002754c                bsd_select
                0x000276b4                bsd_setsockopt
 .text          0x000277a0      0x118 ../niosII_simple_socket_server_1_bsp/\libucosii_bsp.a(cksum.o)
                0x000277a0                ccksum
                0x00027850                cksum
 .text          0x000278b8      0xa9c ../niosII_simple_socket_server_1_bsp/\libucosii_bsp.a(in_utils.o)
                0x000278b8                do_trap
                0x000278e4                nextarg
                0x00027960                hexdump
                0x00027aa8                print_ipad
                0x00027b1c                print_uptime
                0x00027c48                panic
                0x00027c8c                print_eth
                0x00027df0                uslash
                0x00027e70                ns_printf
                0x00027ff4                std_out
                0x00028038                con_page
                0x00028128                parse_args
 .text          0x00028354      0x1c4 ../niosII_simple_socket_server_1_bsp/\libucosii_bsp.a(netmain.o)
                0x00028354                netmain
                0x00028448                tk_netmain
                0x000284d0                tk_nettick
 .text          0x00028518      0x5e8 ../niosII_simple_socket_server_1_bsp/\libucosii_bsp.a(tk_crnos.o)
                0x00028518                TK_OSTimeDly
                0x00028544                TK_OSTaskResume
                0x000285b4                tcp_sleep
                0x00028754                tcp_wakeup
                0x00028858                TK_OSTaskQuery
                0x000288cc                tk_yield
                0x000288f8                tk_stats
 .text          0x00028b00      0x79c ../niosII_simple_socket_server_1_bsp/\libucosii_bsp.a(pktalloc.o)
                0x00028b00                pk_init
                0x00028d90                pk_alloc
                0x00028e6c                pk_validate
                0x00029124                pk_free
                0x000291d0                pk_get_max_intrsafe_buf_len
                0x000291f0                dump_buf_estats
 .text          0x0002929c      0x288 ../niosII_simple_socket_server_1_bsp/\libucosii_bsp.a(q.o)
                0x0002929c                getq
                0x00029364                putq
                0x00029414                qdel
 .text          0x00029524      0x194 ../niosII_simple_socket_server_1_bsp/\libucosii_bsp.a(asm_cksum.o)
                0x00029524                asm_cksum
 .text          0x000296b8      0x2a0 ../niosII_simple_socket_server_1_bsp/\libucosii_bsp.a(brdutils.o)
                0x000296b8                dtrap
                0x000296e8                kbhit
                0x00029794                getch
                0x000297f4                clock_init
                0x00029830                clock_c
                0x0002984c                cticks_hook
                0x000298b8                irq_Mask
                0x00029914                irq_Unmask
 .text          0x00029958      0x488 ../niosII_simple_socket_server_1_bsp/\libucosii_bsp.a(osportco.o)
                0x00029958                LOCK_NET_RESOURCE
                0x00029a18                UNLOCK_NET_RESOURCE
                0x00029aa0                TK_NEWTASK
                0x00029cb4                wait_app_sem
                0x00029d68                post_app_sem
 .text          0x00029de0      0x568 ../niosII_simple_socket_server_1_bsp/\libucosii_bsp.a(targnios.o)
                0x00029de0                alt_iniche_init
                0x00029ffc                pre_task_setup
                0x0002a070                post_task_setup
                0x0002a090                prep_armintcp
                0x0002a0c8                calloc2
                0x0002a0fc                npalloc
                0x0002a1f0                npfree
                0x0002a2a8                ncpalloc
                0x0002a2fc                ncpfree
 .text          0x0002a348     0x197c ../niosII_simple_socket_server_1_bsp/\libucosii_bsp.a(nptcp.o)
                0x0002a348                pffindtype
                0x0002a3e8                pffindproto
                0x0002a4b8                m_getnbuf
                0x0002a660                m_free
                0x0002a794                m_freem
                0x0002a7d8                m_copy
                0x0002aafc                m_adj
                0x0002accc                mbuf_len
                0x0002ad24                dtom
                0x0002adcc                remque
                0x0002ae3c                insque
                0x0002aeb8                nptcp_init
                0x0002afdc                tcp_rcv
                0x0002b1c8                ip_output
                0x0002b7c0                in_broadcast
                0x0002b800                np_stripoptions
                0x0002b8e8                so_icmpdu
                0x0002bc40                tcp_tick
 .text          0x0002bcc4      0xa2c ../niosII_simple_socket_server_1_bsp/\libucosii_bsp.a(rawsock.o)
                0x0002bcc4                rawip_lookup
                0x0002bd34                rawip_soinput
                0x0002bf08                rawip_usrreq
 .text          0x0002c6f0     0x17fc ../niosII_simple_socket_server_1_bsp/\libucosii_bsp.a(sockcall.o)
                0x0002c6f0                DOMAIN_CHECK
                0x0002c73c                t_socket
                0x0002c7cc                t_bind
                0x0002c948                t_listen
                0x0002ca2c                t_accept
                0x0002ccc4                t_connect
                0x0002cf6c                t_getpeername
                0x0002cfb0                t_getsockname
                0x0002d1f0                t_setsockopt
                0x0002d3cc                t_getsockopt
                0x0002d570                t_recv
                0x0002d660                t_recvfrom
                0x0002d7b0                t_sendto
                0x0002d9dc                t_send
                0x0002dc04                t_shutdown
                0x0002dce8                t_socketclose
                0x0002de50                t_errno
 .text          0x0002deec     0x238c ../niosII_simple_socket_server_1_bsp/\libucosii_bsp.a(socket.o)
                0x0002deec                socreate
                0x0002e0b8                sobind
                0x0002e114                solisten
                0x0002e204                sofree
                0x0002e334                soclose
                0x0002e628                soabort
                0x0002e678                soaccept
                0x0002e714                soconnect
                0x0002e7e8                sodisconnect
                0x0002e888                sosend
                0x0002ee90                soreceive
                0x0002f674                soshutdown
                0x0002f71c                sorflush
                0x0002f81c                sosetopt
                0x0002fcf4                sogetopt
                0x00030234                sohasoutofband
 .text          0x00030278     0x1318 ../niosII_simple_socket_server_1_bsp/\libucosii_bsp.a(socket2.o)
                0x00030278                soisconnecting
                0x000302e4                soisconnected
                0x000303e0                soisdisconnecting
                0x0003046c                soisdisconnected
                0x00030528                sonewconn
                0x00030744                soqinsque
                0x000307f0                soqremque
                0x00030910                socantsendmore
                0x00030960                socantrcvmore
                0x000309b0                sbselqueue
                0x000309e8                sbwait
                0x00030a50                sbwakeup
                0x00030aec                soreserve
                0x00030b6c                sbreserve
                0x00030bcc                sbrelease
                0x00030c14                sbappend
                0x00030cbc                sbappendrecord
                0x00030d9c                sbappendaddr
                0x00030fa4                sbcompress
                0x0003118c                sbflush
                0x0003121c                sbdrop
                0x000313ec                sbdropend
                0x000314fc                sbdroprecord
 .text          0x00031590      0x964 ../niosII_simple_socket_server_1_bsp/\libucosii_bsp.a(soselect.o)
                0x00031590                t_select
                0x000317b0                sock_selscan
                0x00031908                sock_select
                0x00031b6c                in_pcbnotify
                0x00031c38                tcp_notify
                0x00031ca0                ifd_clr
                0x00031d90                ifd_set
                0x00031e04                ifd_isset
                0x00031e84                ifd_get
 .text          0x00031ef4     0x30cc ../niosII_simple_socket_server_1_bsp/\libucosii_bsp.a(tcp_in.o)
                0x00031ef4                tcp_reass
                0x000322fc                tcp_input
                0x00034934                tcp_dooptions
                0x00034ac4                tcp_pulloutofband
                0x00034bf0                tcp_xmit_timer
                0x00034e5c                ip4_tcpmss
                0x00034ea4                tcp_mss
 .text          0x00034fc0     0x1360 ../niosII_simple_socket_server_1_bsp/\libucosii_bsp.a(tcp_out.o)
                0x00034fc0                tcp_output
                0x0003613c                tcp_setpersist
 .text          0x00036320      0xa10 ../niosII_simple_socket_server_1_bsp/\libucosii_bsp.a(tcp_subr.o)
                0x00036320                tcp_init
                0x00036378                tcp_template
                0x00036490                tcp_respond
                0x00036918                tcp_newtcpcb
                0x00036a30                tcp_drop
                0x00036b04                tcp_close
                0x00036bec                tcp_quench
                0x00036c38                tcp_putseq
                0x00036cb8                tcp_getseq
 .text          0x00036d30      0x83c ../niosII_simple_socket_server_1_bsp/\libucosii_bsp.a(tcp_timr.o)
                0x00036d30                tcp_slowtimo
                0x00037074                tcp_canceltimers
                0x000370d0                tcp_timers
 .text          0x0003756c      0x9ec ../niosII_simple_socket_server_1_bsp/\libucosii_bsp.a(tcp_usr.o)
                0x0003756c                tcp_usrreq
                0x00037c70                tcp_attach
                0x00037da4                tcp_disconnect
                0x00037e78                tcp_usrclosed
 .text          0x00037f58      0x45c ../niosII_simple_socket_server_1_bsp/\libucosii_bsp.a(tcp_zio.o)
                0x00037f58                tcp_xout
                0x000381a8                tcp_pktalloc
                0x00038238                tcp_pktfree
                0x00038278                tcp_data_upcall
 .text          0x000383b4       0x4c ../niosII_simple_socket_server_1_bsp/\libucosii_bsp.a(tcpport.o)
                0x000383b4                tcpinit
 .text          0x00038400      0xd20 ../niosII_simple_socket_server_1_bsp/\libucosii_bsp.a(udpsock.o)
                0x00038400                udp_lookup
                0x00038470                udp_soinput
                0x00038628                udp_usrreq
                0x000388ac                udp4_sockbind
                0x00038be8                udp4_socksend
                0x00038fc4                udp4_sockaddr
 .text          0x00039120      0x154 ../niosII_simple_socket_server_1_bsp/\libucosii_bsp.a(alt_alarm_start.o)
                0x00039120                alt_alarm_start
 .text          0x00039274      0x14c ../niosII_simple_socket_server_1_bsp/\libucosii_bsp.a(alt_busy_sleep.o)
                0x00039274                alt_busy_sleep
 .text          0x000393c0      0x15c ../niosII_simple_socket_server_1_bsp/\libucosii_bsp.a(alt_close.o)
                0x000393c0                alt_close
 .text          0x0003951c       0x78 ../niosII_simple_socket_server_1_bsp/\libucosii_bsp.a(alt_dcache_flush.o)
                0x0003951c                alt_dcache_flush
 .text          0x00039594       0x44 ../niosII_simple_socket_server_1_bsp/\libucosii_bsp.a(alt_dcache_flush_all.o)
                0x00039594                alt_dcache_flush_all
 .text          0x000395d8       0x2c ../niosII_simple_socket_server_1_bsp/\libucosii_bsp.a(alt_dev.o)
 .text          0x00039604      0x114 ../niosII_simple_socket_server_1_bsp/\libucosii_bsp.a(alt_dev_llist_insert.o)
                0x00039604                alt_dev_llist_insert
 .text          0x00039718       0x64 ../niosII_simple_socket_server_1_bsp/\libucosii_bsp.a(alt_do_ctors.o)
                0x00039718                _do_ctors
 .text          0x0003977c       0x64 ../niosII_simple_socket_server_1_bsp/\libucosii_bsp.a(alt_do_dtors.o)
                0x0003977c                _do_dtors
 .text          0x000397e0        0x0 ../niosII_simple_socket_server_1_bsp/\libucosii_bsp.a(alt_errno.o)
 .text          0x000397e0       0x94 ../niosII_simple_socket_server_1_bsp/\libucosii_bsp.a(alt_find_dev.o)
                0x000397e0                alt_find_dev
 .text          0x00039874      0x120 ../niosII_simple_socket_server_1_bsp/\libucosii_bsp.a(alt_find_file.o)
                0x00039874                alt_find_file
 .text          0x00039994       0xf4 ../niosII_simple_socket_server_1_bsp/\libucosii_bsp.a(alt_get_fd.o)
                0x00039994                alt_get_fd
 .text          0x00039a88       0x30 ../niosII_simple_socket_server_1_bsp/\libucosii_bsp.a(alt_icache_flush_all.o)
                0x00039a88                alt_icache_flush_all
 .text          0x00039ab8      0x1d4 ../niosII_simple_socket_server_1_bsp/\libucosii_bsp.a(alt_iic.o)
                0x00039ab8                alt_ic_isr_register
                0x00039b08                alt_ic_irq_enable
                0x00039ba4                alt_ic_irq_disable
                0x00039c44                alt_ic_irq_enabled
 .text          0x00039c8c       0xf8 ../niosII_simple_socket_server_1_bsp/\libucosii_bsp.a(alt_iic_isr_register.o)
                0x00039c8c                alt_iic_isr_register
 .text          0x00039d84      0x13c ../niosII_simple_socket_server_1_bsp/\libucosii_bsp.a(alt_io_redirect.o)
                0x00039e48                alt_io_redirect
 .text          0x00039ec0        0x0 ../niosII_simple_socket_server_1_bsp/\libucosii_bsp.a(alt_irq_entry.o)
 .text          0x00039ec0        0x0 ../niosII_simple_socket_server_1_bsp/\libucosii_bsp.a(alt_irq_handler.o)
 .text          0x00039ec0        0x0 ../niosII_simple_socket_server_1_bsp/\libucosii_bsp.a(alt_irq_vars.o)
 .text          0x00039ec0      0x180 ../niosII_simple_socket_server_1_bsp/\libucosii_bsp.a(alt_read.o)
                0x00039ec0                alt_read
 .text          0x0003a040       0x38 ../niosII_simple_socket_server_1_bsp/\libucosii_bsp.a(alt_remap_cached.o)
                0x0003a040                alt_remap_cached
 .text          0x0003a078       0x40 ../niosII_simple_socket_server_1_bsp/\libucosii_bsp.a(alt_remap_uncached.o)
                0x0003a078                alt_remap_uncached
 .text          0x0003a0b8      0x1a8 ../niosII_simple_socket_server_1_bsp/\libucosii_bsp.a(alt_tick.o)
                0x0003a0b8                alt_alarm_stop
                0x0003a150                alt_tick
 .text          0x0003a260       0x64 ../niosII_simple_socket_server_1_bsp/\libucosii_bsp.a(alt_uncached_malloc.o)
                0x0003a260                alt_uncached_malloc
 .text          0x0003a2c4      0x180 ../niosII_simple_socket_server_1_bsp/\libucosii_bsp.a(alt_write.o)
                0x0003a2c4                alt_write
 .text          0x0003a444       0x20 ../niosII_simple_socket_server_1_bsp/\libucosii_bsp.a(altera_nios2_irq.o)
                0x0003a444                altera_nios2_irq_init
 .text          0x0003a464       0xd0 ../niosII_simple_socket_server_1_bsp/\libucosii_bsp.a(os_cpu_a.o)
                0x0003a464                OSCtxSw
                0x0003a464                OSIntCtxSw
                0x0003a4f0                OSStartHighRdy
                0x0003a510                OSStartTsk
 .text          0x0003a534      0x424 ../niosII_simple_socket_server_1_bsp/\libucosii_bsp.a(os_cpu_c.o)
                0x0003a534                OSTaskStkInit
                0x0003a844                OSTaskCreateHook
                0x0003a864                OSTaskDelHook
                0x0003a884                OSTaskSwHook
                0x0003a8a0                OSTaskStatHook
                0x0003a8bc                OSTimeTickHook
                0x0003a8e4                OSInitHookBegin
                0x0003a900                OSInitHookEnd
                0x0003a91c                OSTaskIdleHook
                0x0003a938                OSTCBInitHook
 .text          0x0003a958      0x460 ../niosII_simple_socket_server_1_bsp/\libucosii_bsp.a(altera_avalon_cfi_flash_amd.o)
                0x0003a958                alt_program_amd
                0x0003a9c0                alt_erase_block_amd
 .text          0x0003adb8      0x460 ../niosII_simple_socket_server_1_bsp/\libucosii_bsp.a(altera_avalon_cfi_flash_intel.o)
                0x0003adb8                alt_program_intel
                0x0003ae3c                alt_erase_block_intel
 .text          0x0003b218      0x3d0 ../niosII_simple_socket_server_1_bsp/\libucosii_bsp.a(allports.o)
                0x0003b218                netmain_init
                0x0003b310                icmp_port_du
                0x0003b398                station_state
                0x0003b4e4                sysuptime
                0x0003b520                packet_check
                0x0003b56c                mcastlist
                0x0003b590                prep_modules
 .text          0x0003b5e8      0x47c ../niosII_simple_socket_server_1_bsp/\libucosii_bsp.a(timeouts.o)
                0x0003b5e8                inet_timer
                0x0003b840                in_timerset
                0x0003b9bc                in_timerkill
 .text          0x0003ba64       0xa4 ../niosII_simple_socket_server_1_bsp/\libucosii_bsp.a(tk_misc.o)
                0x0003ba64                create_apptasks
                0x0003ba88                task_stats
 .text          0x0003bb08       0xb0 ../niosII_simple_socket_server_1_bsp/\libucosii_bsp.a(alt_iniche_fcntl.o)
                0x0003bb08                fcntl
 .text          0x0003bbb8     0x14a0 ../niosII_simple_socket_server_1_bsp/\libucosii_bsp.a(et_arp.o)
                0x0003bbb8                etainit
                0x0003bc0c                et_send
                0x0003bd88                arp_free_pending
                0x0003be10                arp_send_pending
                0x0003be84                send_arp
                0x0003c31c                find_oldest_arp
                0x0003c4c4                make_arp_entry
                0x0003c5d8                arpReply
                0x0003c86c                arprcv
                0x0003cacc                send_via_arp
                0x0003cc74                cb_arpent_tmo
                0x0003cd8c                grat_arp
 .text          0x0003d058      0x298 ../niosII_simple_socket_server_1_bsp/\libucosii_bsp.a(iface.o)
                0x0003d058                if_getbynum
                0x0003d0dc                isbcast
                0x0003d1bc                reg_type
                0x0003d258                if_killsocks
 .text          0x0003d2f0     0x22a4 ../niosII_simple_socket_server_1_bsp/\libucosii_bsp.a(ip.o)
                0x0003d2f0                ip_init
                0x0003d3ec                ip_bldhead
                0x0003d590                ip_write_internal
                0x0003dd10                ip_write
                0x0003df58                ip_write2
                0x0003e308                ip_raw_write
                0x0003e3e0                ip_fragment_lc
                0x0003e868                ip_fragment
                0x0003ee8c                ip_mymach
                0x0003ef38                ip_dump
                0x0003f1f0                iproute
                0x0003f45c                ip_copypkt
 .text          0x0003f594     0x1d9c ../niosII_simple_socket_server_1_bsp/\libucosii_bsp.a(ip_reasm.o)
                0x0003f594                ip_reasm_match_frag_with_ire
                0x0003f664                ip_reasm_determine_type_of_frag
                0x0003f750                ip_reasm_check_mem_useage
                0x0003f7e8                ip_reasm_incr_mem_useage
                0x0003f890                ip_reasm_decr_mem_useage
                0x0003f930                ip_reasm_process_first_fragment
                0x0003fc10                ip_reassm
                0x0003fcb0                ip_reasm_compute_overlap
                0x00040240                ip_reasm_process_subsequent_fragments
                0x000407d4                ip_reasm_find_ire
                0x00040838                ip_reasm_copy_queued_fragments_into_reassy_buffer
                0x00040b94                ip_reasm_process_timer_tick
                0x00040c78                ip_reasm_delete_ire
                0x00040e40                ip_reasm_mark_compact_rfq
                0x00040f88                ipr_stats
                0x000412dc                ip_reasm_send_icmp_timex
 .text          0x00041330      0xe3c ../niosII_simple_socket_server_1_bsp/\libucosii_bsp.a(ipdemux.o)
                0x00041330                ip_rcv
                0x00041730                ip_rcv_phase2
                0x00041d3c                ip_demux
 .text          0x0004216c      0x2f0 ../niosII_simple_socket_server_1_bsp/\libucosii_bsp.a(ipmc.o)
                0x0004216c                in_addmulti
                0x000422d4                in_delmulti
                0x000423ec                lookup_mcast
 .text          0x0004245c       0xe4 ../niosII_simple_socket_server_1_bsp/\libucosii_bsp.a(ipport.o)
                0x0004245c                prep_ifaces
                0x000424f0                netexit
                0x00042518                evtmap_setup
 .text          0x00042540      0x550 ../niosII_simple_socket_server_1_bsp/\libucosii_bsp.a(ipraw.o)
                0x00042540                ip_raw_open
                0x00042630                ip_raw_close
                0x000426f0                ip_raw_input
                0x00042928                ip_raw_alloc
                0x000429f4                ip_raw_free
                0x00042a34                ip_raw_maxalloc
 .text          0x00042a90      0x6f0 ../niosII_simple_socket_server_1_bsp/\libucosii_bsp.a(iproute.o)
                0x00042a90                rt_lookup
                0x00042c14                add_route
                0x0004303c                del_route
 .text          0x00043180      0xe3c ../niosII_simple_socket_server_1_bsp/\libucosii_bsp.a(udp.o)
                0x00043180                udpdemux
                0x000439d8                udp_send
                0x00043c90                udpswap
                0x00043dc0                udp_socket
                0x00043e90                udp_alloc
                0x00043f50                udp_maxalloc
                0x00043f7c                udp_free
 .text          0x00043fbc      0x2e8 ../niosII_simple_socket_server_1_bsp/\libucosii_bsp.a(igmp.o)
                0x00043fbc                igmpv1_input
 .text          0x000442a4      0x7c0 ../niosII_simple_socket_server_1_bsp/\libucosii_bsp.a(igmp2.o)
                0x000442a4                igmpv2_input
                0x00044404                igmpv2_process_report
                0x00044550                igmpv2_process_query
                0x0004479c                igmpv2_chk_set_timer
                0x000448f4                igmpv2_chk4_rtr_alert_opt
 .text          0x00044a64      0x8fc ../niosII_simple_socket_server_1_bsp/\libucosii_bsp.a(ipopt.o)
                0x00044a64                IPADDR_TO_NETP
                0x00044bac                ip_setmoptions
                0x0004519c                ip_getmoptions
                0x000452dc                ip_freemoptions
 .text          0x00045360      0x6ac ../niosII_simple_socket_server_1_bsp/\libucosii_bsp.a(u_mctest.o)
                0x00045360                u_mctest_init
                0x00045390                u_mctest_run
 .text          0x00045a0c      0x40c ../niosII_simple_socket_server_1_bsp/\libucosii_bsp.a(memdev.o)
                0x00045a0c                init_memdev
                0x00045a84                md_fopen
                0x00045aac                md_fclose
                0x00045acc                md_fread
                0x00045c4c                md_fwrite
                0x00045ccc                md_fseek
                0x00045cf8                md_ftell
                0x00045d1c                md_fgetc
                0x00045df4                md_unlink
 .text          0x00045e18      0x810 ../niosII_simple_socket_server_1_bsp/\libucosii_bsp.a(parseip.o)
                0x00045e18                parse_ipad
                0x00046134                inet_addr
                0x0004619c                hextoa
                0x0004620c                inet_pton
                0x000462b8                inet_ntop
                0x00046344                print46_addr
                0x000463a4                inet46_addr
                0x00046468                inet_setport
                0x000464dc                convert_ip
 .text          0x00046628      0x1cc ../niosII_simple_socket_server_1_bsp/\libucosii_bsp.a(tcpcksum.o)
                0x00046628                tcp_cksum
 .text          0x000467f4      0x31c ../niosII_simple_socket_server_1_bsp/\libucosii_bsp.a(udp_open.o)
                0x000467f4                udp_open
                0x00046a2c                udp_close
 .text          0x00046b10      0x900 ../niosII_simple_socket_server_1_bsp/\libucosii_bsp.a(in_pcb.o)
                0x00046b10                in_pcballoc
                0x00046ba4                in_pcbdetach
                0x00046bf8                in_pcbbind
                0x00046e4c                in_pcbconnect
                0x0004705c                in_pcbdisconnect
                0x000470bc                in_setsockaddr
                0x00047138                in_setpeeraddr
                0x000471b4                in_pcblookup
 .text          0x00047410     0x1a74 ../niosII_simple_socket_server_1_bsp/\libucosii_bsp.a(vfsfiles.o)
                0x00047410                set_vfopen_error
                0x00047438                get_vfopen_error
                0x00047458                vf_alloc_and_link_vop
                0x000474d4                vf_alloc_buffer
                0x000475ac                vf_free_buffer
                0x000475fc                vfopen_locked
                0x00047964                vfopen
                0x000479b4                vfclose_locked
                0x00047b5c                vfclose
                0x00047b9c                vfflush
                0x00047be4                vfgets
                0x00047cc8                vfeof
                0x00047d20                vunlink_flag_open_files
                0x00047d7c                vunlink
                0x00047f9c                vfread
                0x00048148                vfwrite_locked
                0x00048530                vfwrite
                0x00048590                vfseek
                0x0004870c                vftell
                0x00048840                vgetc_locked
                0x00048960                vgetc
                0x000489a8                vfslookup_locked
                0x00048ae0                vfslookup
                0x00048b28                strippath
                0x00048d10                isvfile_locked
                0x00048d74                isvfile
                0x00048dbc                vferror
                0x00048e28                vclearerr
 .text          0x00048e84       0x24 ../niosII_simple_socket_server_1_bsp/\libucosii_bsp.a(vfsport.o)
                0x00048e84                prep_vfs
 .text          0x00048ea8        0x0 ../niosII_simple_socket_server_1_bsp/\libucosii_bsp.a(alt_exception_entry.o)
 .text          0x00048ea8      0x1b4 ../niosII_simple_socket_server_1_bsp/\libucosii_bsp.a(alt_fcntl.o)
                0x00048ea8                alt_fcntl
 .text          0x0004905c       0x90 ../niosII_simple_socket_server_1_bsp/\libucosii_bsp.a(alt_icache_flush.o)
                0x0004905c                alt_icache_flush
 .text          0x000490ec     0x130c ../niosII_simple_socket_server_1_bsp/\libucosii_bsp.a(icmp.o)
                0x000490ec                icmprcv
                0x00049d20                icmp_destun
                0x0004a070                icmp_timex
                0x0004a3a4                icmp_du
 .text          0x0004a3f8       0x14 c:/altera/12.0/nios2eds/bin/gnu/h-i686-mingw32/bin/../lib/gcc/nios2-elf/4.1.2/../../../../nios2-elf/lib\libc.a(lib_a-atexit.o)
                0x0004a3f8                atexit
 .text          0x0004a40c       0x18 c:/altera/12.0/nios2eds/bin/gnu/h-i686-mingw32/bin/../lib/gcc/nios2-elf/4.1.2/../../../../nios2-elf/lib\libc.a(lib_a-atoi.o)
                0x0004a40c                _atoi_r
                0x0004a418                atoi
 .text          0x0004a424       0x1c c:/altera/12.0/nios2eds/bin/gnu/h-i686-mingw32/bin/../lib/gcc/nios2-elf/4.1.2/../../../../nios2-elf/lib\libc.a(lib_a-calloc.o)
                0x0004a424                calloc
 .text          0x0004a440       0x38 c:/altera/12.0/nios2eds/bin/gnu/h-i686-mingw32/bin/../lib/gcc/nios2-elf/4.1.2/../../../../nios2-elf/lib\libc.a(lib_a-exit.o)
                0x0004a440                exit
 .text          0x0004a478      0x128 c:/altera/12.0/nios2eds/bin/gnu/h-i686-mingw32/bin/../lib/gcc/nios2-elf/4.1.2/../../../../nios2-elf/lib\libc.a(lib_a-getc.o)
                0x0004a478                getc
                0x0004a510                _getc_r
 .text          0x0004a5a0       0x74 c:/altera/12.0/nios2eds/bin/gnu/h-i686-mingw32/bin/../lib/gcc/nios2-elf/4.1.2/../../../../nios2-elf/lib\libc.a(lib_a-memcmp.o)
                0x0004a5a0                memcmp
 .text          0x0004a614       0x60 c:/altera/12.0/nios2eds/bin/gnu/h-i686-mingw32/bin/../lib/gcc/nios2-elf/4.1.2/../../../../nios2-elf/lib\libc.a(lib_a-rget.o)
                0x0004a614                __srget_r
                0x0004a660                __srget
 .text          0x0004a674       0x8c c:/altera/12.0/nios2eds/bin/gnu/h-i686-mingw32/bin/../lib/gcc/nios2-elf/4.1.2/../../../../nios2-elf/lib\libc.a(lib_a-strcpy.o)
                0x0004a674                strcpy
 .text          0x0004a700       0xf0 c:/altera/12.0/nios2eds/bin/gnu/h-i686-mingw32/bin/../lib/gcc/nios2-elf/4.1.2/../../../../nios2-elf/lib\libc.a(lib_a-strncmp.o)
                0x0004a700                strncmp
 .text          0x0004a7f0      0x268 c:/altera/12.0/nios2eds/bin/gnu/h-i686-mingw32/bin/../lib/gcc/nios2-elf/4.1.2/../../../../nios2-elf/lib\libc.a(lib_a-strtol.o)
                0x0004a7f0                _strtol_r
                0x0004aa34                strtol
 .text          0x0004aa58       0x34 c:/altera/12.0/nios2eds/bin/gnu/h-i686-mingw32/bin/../lib/gcc/nios2-elf/4.1.2/../../../../nios2-elf/lib\libc.a(lib_a-vprintf.o)
                0x0004aa58                _vprintf_r
                0x0004aa6c                vprintf
 .text          0x0004aa8c       0x74 c:/altera/12.0/nios2eds/bin/gnu/h-i686-mingw32/bin/../lib/gcc/nios2-elf/4.1.2/../../../../nios2-elf/lib\libc.a(lib_a-vsprintf.o)
                0x0004aa8c                _vsprintf_r
                0x0004aadc                vsprintf
 .text          0x0004ab00      0x134 c:/altera/12.0/nios2eds/bin/gnu/h-i686-mingw32/bin/../lib/gcc/nios2-elf/4.1.2/../../../../nios2-elf/lib\libc.a(lib_a-__atexit.o)
                0x0004ab00                __register_exitproc
 .text          0x0004ac34      0x1b4 c:/altera/12.0/nios2eds/bin/gnu/h-i686-mingw32/bin/../lib/gcc/nios2-elf/4.1.2/../../../../nios2-elf/lib\libc.a(lib_a-__call_atexit.o)
                0x0004ac38                __call_exitprocs
 .text          0x0004ade8       0x6c ../niosII_simple_socket_server_1_bsp/\libucosii_bsp.a(alt_exit.o)
                0x0004ae28                _exit
 *(.gnu.warning.*)
 *(.fini)
                0x0004ae54                PROVIDE (__etext, ABSOLUTE (.))
                0x0004ae54                PROVIDE (_etext, ABSOLUTE (.))
                0x0004ae54                PROVIDE (etext, ABSOLUTE (.))
 *(.eh_frame_hdr)
                0x0004ae54                . = ALIGN (0x4)
                0x0004ae54                PROVIDE (__preinit_array_start, ABSOLUTE (.))
 *(.preinit_array)
                0x0004ae54                PROVIDE (__preinit_array_end, ABSOLUTE (.))
                0x0004ae54                PROVIDE (__init_array_start, ABSOLUTE (.))
 *(.init_array)
                0x0004ae54                PROVIDE (__init_array_end, ABSOLUTE (.))
                0x0004ae54                PROVIDE (__fini_array_start, ABSOLUTE (.))
 *(.fini_array)
                0x0004ae54                PROVIDE (__fini_array_end, ABSOLUTE (.))
 *(.eh_frame)
 .eh_frame      0x0004ae54       0x40 c:/altera/12.0/nios2eds/bin/gnu/h-i686-mingw32/bin/../lib/gcc/nios2-elf/4.1.2\libgcc.a(_udivdi3.o)
 .eh_frame      0x0004ae94       0x2c c:/altera/12.0/nios2eds/bin/gnu/h-i686-mingw32/bin/../lib/gcc/nios2-elf/4.1.2\libgcc.a(_umoddi3.o)
                                 0x40 (size before relaxing)
 *(.gcc_except_table)
 *(.dynamic)
                0x0004aec0                PROVIDE (__CTOR_LIST__, ABSOLUTE (.))
 *(.ctors)
 *(SORT(.ctors.*))
 .ctors.65535   0x0004aec0        0x4 c:/altera/12.0/nios2eds/bin/gnu/h-i686-mingw32/bin/../lib/gcc/nios2-elf/4.1.2/../../../../nios2-elf/lib\libc.a(lib_a-__call_atexit.o)
                0x0004aec4                PROVIDE (__CTOR_END__, ABSOLUTE (.))
                0x0004aec4                PROVIDE (__DTOR_LIST__, ABSOLUTE (.))
 *(.dtors)
 *(SORT(.dtors.*))
                0x0004aec4                PROVIDE (__DTOR_END__, ABSOLUTE (.))
 *(.jcr)
                0x0004aec4                . = ALIGN (0x4)

.rodata         0x0004aec4     0x71e4
                0x0004aec4                PROVIDE (__ram_rodata_start, ABSOLUTE (.))
                0x0004aec4                . = ALIGN (0x4)
 *(.rodata .rodata.* .gnu.linkonce.r.*)
 .rodata        0x0004aec4       0xa4 obj/SSS_DE2_115.o
 .rodata        0x0004af68      0x1fc obj/alt_eeprom/alt_eeprom.o
 .rodata        0x0004b164      0xba4 obj/alt_error_handler.o
 .rodata        0x0004bd08      0x3f4 obj/iniche_init.o
 .rodata        0x0004c0fc       0x1c obj/led.o
 .rodata        0x0004c118     0x1160 obj/niosII_simple_socket_server.o
 .rodata        0x0004d278      0x281 c:/altera/12.0/nios2eds/bin/gnu/h-i686-mingw32/bin/../lib/gcc/nios2-elf/4.1.2/../../../../nios2-elf/lib\libc.a(lib_a-ctype_.o)
                0x0004d278                _ctype_
 *fill*         0x0004d4f9        0x3 00
 .rodata.str1.4
                0x0004d4fc        0x2 c:/altera/12.0/nios2eds/bin/gnu/h-i686-mingw32/bin/../lib/gcc/nios2-elf/4.1.2/../../../../nios2-elf/lib\libc.a(lib_a-impure.o)
                                  0x4 (size before relaxing)
 *fill*         0x0004d4fe        0x2 00
 .rodata.str1.4
                0x0004d500        0x3 c:/altera/12.0/nios2eds/bin/gnu/h-i686-mingw32/bin/../lib/gcc/nios2-elf/4.1.2/../../../../nios2-elf/lib\libc.a(lib_a-perror.o)
                                  0x4 (size before relaxing)
 *fill*         0x0004d503        0x1 00
 .rodata.str1.4
                0x0004d504        0x2 c:/altera/12.0/nios2eds/bin/gnu/h-i686-mingw32/bin/../lib/gcc/nios2-elf/4.1.2/../../../../nios2-elf/lib\libc.a(lib_a-puts.o)
                                  0x4 (size before relaxing)
 *fill*         0x0004d506        0x2 00
 .rodata.str1.4
                0x0004d508      0x7a2 c:/altera/12.0/nios2eds/bin/gnu/h-i686-mingw32/bin/../lib/gcc/nios2-elf/4.1.2/../../../../nios2-elf/lib\libc.a(lib_a-strerror.o)
                                0x7a8 (size before relaxing)
 *fill*         0x0004dcaa        0x2 00
 .rodata.str1.4
                0x0004dcac       0x5e c:/altera/12.0/nios2eds/bin/gnu/h-i686-mingw32/bin/../lib/gcc/nios2-elf/4.1.2/../../../../nios2-elf/lib\libc.a(lib_a-vfprintf.o)
                                 0x60 (size before relaxing)
 .rodata        0x0004dd0a       0x20 c:/altera/12.0/nios2eds/bin/gnu/h-i686-mingw32/bin/../lib/gcc/nios2-elf/4.1.2/../../../../nios2-elf/lib\libc.a(lib_a-vfprintf.o)
 *fill*         0x0004dd2a        0x2 00
 .rodata.str1.4
                0x0004dd2c       0x10 c:/altera/12.0/nios2eds/bin/gnu/h-i686-mingw32/bin/../lib/gcc/nios2-elf/4.1.2/../../../../nios2-elf/lib\libc.a(lib_a-dtoa.o)
                                 0x14 (size before relaxing)
 .rodata.str1.4
                0x0004dd3c       0x10 c:/altera/12.0/nios2eds/bin/gnu/h-i686-mingw32/bin/../lib/gcc/nios2-elf/4.1.2/../../../../nios2-elf/lib\libc.a(lib_a-locale.o)
                                 0x18 (size before relaxing)
 .rodata        0x0004dd4c       0x30 c:/altera/12.0/nios2eds/bin/gnu/h-i686-mingw32/bin/../lib/gcc/nios2-elf/4.1.2/../../../../nios2-elf/lib\libc.a(lib_a-locale.o)
 .rodata        0x0004dd7c      0x124 c:/altera/12.0/nios2eds/bin/gnu/h-i686-mingw32/bin/../lib/gcc/nios2-elf/4.1.2/../../../../nios2-elf/lib\libc.a(lib_a-mprec.o)
                0x0004dd7c                __mprec_tens
                0x0004de44                __mprec_bigtens
                0x0004de6c                __mprec_tinytens
 .rodata        0x0004dea0       0x14 c:/altera/12.0/nios2eds/bin/gnu/h-i686-mingw32/bin/../lib/gcc/nios2-elf/4.1.2\libgcc.a(_thenan_df.o)
                0x0004dea0                __thenan_df
 .rodata        0x0004deb4      0x100 c:/altera/12.0/nios2eds/bin/gnu/h-i686-mingw32/bin/../lib/gcc/nios2-elf/4.1.2\libgcc.a(_clz.o)
                0x0004deb4                __clz_tab
 .rodata        0x0004dfb4       0x10 ../niosII_simple_socket_server_1_bsp/\libucosii_bsp.a(alt_main.o)
 .rodata        0x0004dfc4      0x120 ../niosII_simple_socket_server_1_bsp/\libucosii_bsp.a(os_core.o)
                0x0004dfc4                OSUnMapTbl
 .rodata        0x0004e0e4       0x68 ../niosII_simple_socket_server_1_bsp/\libucosii_bsp.a(alt_sys_init.o)
 .rodata        0x0004e14c     0x1cc0 ../niosII_simple_socket_server_1_bsp/\libucosii_bsp.a(altera_avalon_tse.o)
 .rodata        0x0004fe0c      0x374 ../niosII_simple_socket_server_1_bsp/\libucosii_bsp.a(ins_tse_mac.o)
 .rodata        0x00050180       0xd8 ../niosII_simple_socket_server_1_bsp/\libucosii_bsp.a(ipnet.o)
 .rodata        0x00050258       0xec ../niosII_simple_socket_server_1_bsp/\libucosii_bsp.a(ipstart.o)
 .rodata        0x00050344      0x54c ../niosII_simple_socket_server_1_bsp/\libucosii_bsp.a(igmp_cmn.o)
 .rodata        0x00050890       0xb8 ../niosII_simple_socket_server_1_bsp/\libucosii_bsp.a(in_utils.o)
 .rodata        0x00050948       0x34 ../niosII_simple_socket_server_1_bsp/\libucosii_bsp.a(netmain.o)
 .rodata        0x0005097c      0x1a8 ../niosII_simple_socket_server_1_bsp/\libucosii_bsp.a(tk_crnos.o)
 .rodata        0x00050b24      0x118 ../niosII_simple_socket_server_1_bsp/\libucosii_bsp.a(pktalloc.o)
 .rodata        0x00050c3c       0x2c ../niosII_simple_socket_server_1_bsp/\libucosii_bsp.a(brdutils.o)
 .rodata        0x00050c68      0x26c ../niosII_simple_socket_server_1_bsp/\libucosii_bsp.a(osportco.o)
 .rodata        0x00050ed4       0xa0 ../niosII_simple_socket_server_1_bsp/\libucosii_bsp.a(targnios.o)
 .rodata        0x00050f74       0x90 ../niosII_simple_socket_server_1_bsp/\libucosii_bsp.a(nptcp.o)
 .rodata        0x00051004        0x8 ../niosII_simple_socket_server_1_bsp/\libucosii_bsp.a(sockcall.o)
 .rodata        0x0005100c       0x50 ../niosII_simple_socket_server_1_bsp/\libucosii_bsp.a(socket.o)
 .rodata        0x0005105c       0x40 ../niosII_simple_socket_server_1_bsp/\libucosii_bsp.a(socket2.o)
 .rodata        0x0005109c       0x20 ../niosII_simple_socket_server_1_bsp/\libucosii_bsp.a(tcp_in.o)
 .rodata        0x000510bc       0x40 ../niosII_simple_socket_server_1_bsp/\libucosii_bsp.a(tcp_out.o)
 .rodata        0x000510fc       0x24 ../niosII_simple_socket_server_1_bsp/\libucosii_bsp.a(tcp_subr.o)
 .rodata        0x00051120       0x2c ../niosII_simple_socket_server_1_bsp/\libucosii_bsp.a(tcp_usr.o)
 .rodata        0x0005114c        0xc ../niosII_simple_socket_server_1_bsp/\libucosii_bsp.a(alt_dev.o)
 .rodata        0x00051158        0x4 ../niosII_simple_socket_server_1_bsp/\libucosii_bsp.a(os_cpu_c.o)
 .rodata        0x0005115c      0x1d4 ../niosII_simple_socket_server_1_bsp/\libucosii_bsp.a(allports.o)
 .rodata        0x00051330       0x34 ../niosII_simple_socket_server_1_bsp/\libucosii_bsp.a(tk_misc.o)
 .rodata        0x00051364       0x44 ../niosII_simple_socket_server_1_bsp/\libucosii_bsp.a(et_arp.o)
 .rodata        0x000513a8      0x1dc ../niosII_simple_socket_server_1_bsp/\libucosii_bsp.a(ip.o)
 .rodata        0x00051584      0x158 ../niosII_simple_socket_server_1_bsp/\libucosii_bsp.a(ip_reasm.o)
 .rodata        0x000516dc      0x120 ../niosII_simple_socket_server_1_bsp/\libucosii_bsp.a(ipdemux.o)
 .rodata        0x000517fc       0x34 ../niosII_simple_socket_server_1_bsp/\libucosii_bsp.a(ipport.o)
 .rodata        0x00051830       0x24 ../niosII_simple_socket_server_1_bsp/\libucosii_bsp.a(ipraw.o)
 .rodata        0x00051854       0x38 ../niosII_simple_socket_server_1_bsp/\libucosii_bsp.a(iproute.o)
 .rodata        0x0005188c       0xe8 ../niosII_simple_socket_server_1_bsp/\libucosii_bsp.a(udp.o)
 .rodata        0x00051974      0x2d0 ../niosII_simple_socket_server_1_bsp/\libucosii_bsp.a(u_mctest.o)
 .rodata        0x00051c44       0x94 ../niosII_simple_socket_server_1_bsp/\libucosii_bsp.a(parseip.o)
 .rodata        0x00051cd8       0x84 ../niosII_simple_socket_server_1_bsp/\libucosii_bsp.a(udp_open.o)
 .rodata        0x00051d5c       0x34 ../niosII_simple_socket_server_1_bsp/\libucosii_bsp.a(vfsfiles.o)
 .rodata        0x00051d90      0x318 ../niosII_simple_socket_server_1_bsp/\libucosii_bsp.a(icmp.o)
 *(.rodata1)
                0x000520a8                . = ALIGN (0x4)
                0x000520a8                PROVIDE (__ram_rodata_end, ABSOLUTE (.))
                0x0004aec4                PROVIDE (__flash_rodata_start, LOADADDR (.rodata))

.rwdata         0x000520a8     0x2268 load address 0x00054310
                0x000520a8                PROVIDE (__ram_rwdata_start, ABSOLUTE (.))
                0x000520a8                . = ALIGN (0x4)
 *(.got.plt)
 *(.got)
 *(.data1)
 *(.data .data.* .gnu.linkonce.d.*)
 .data          0x000520a8        0x0 ../niosII_simple_socket_server_1_bsp//obj/HAL/src/crt0.o
 .data          0x000520a8        0x0 obj/SSS_DE2_115.o
 .data          0x000520a8        0x0 obj/alt_eeprom/alt_2_wire.o
 .data          0x000520a8        0x0 obj/alt_eeprom/alt_eeprom.o
 .data          0x000520a8        0x0 obj/alt_error_handler.o
 .data          0x000520a8       0x78 obj/iniche_init.o
                0x000520a8                devices
                0x000520d8                ssstask
                0x000520f0                sssphytask
                0x00052108                ssspenetask
 .data          0x00052120        0x0 obj/led.o
 .data          0x00052120      0x120 obj/niosII_simple_socket_server.o
                0x00052120                tse_mac_device
 .data          0x00052240        0x0 c:/altera/12.0/nios2eds/bin/gnu/h-i686-mingw32/bin/../lib/gcc/nios2-elf/4.1.2\libgcc.a(lib2-divmod.o)
 .data          0x00052240        0x0 c:/altera/12.0/nios2eds/bin/gnu/h-i686-mingw32/bin/../lib/gcc/nios2-elf/4.1.2/../../../../nios2-elf/lib\libc.a(lib_a-ctype_.o)
 .data          0x00052240        0x0 c:/altera/12.0/nios2eds/bin/gnu/h-i686-mingw32/bin/../lib/gcc/nios2-elf/4.1.2/../../../../nios2-elf/lib\libc.a(lib_a-fopen.o)
 .data          0x00052240        0x0 c:/altera/12.0/nios2eds/bin/gnu/h-i686-mingw32/bin/../lib/gcc/nios2-elf/4.1.2/../../../../nios2-elf/lib\libc.a(lib_a-fprintf.o)
 .data          0x00052240        0x0 c:/altera/12.0/nios2eds/bin/gnu/h-i686-mingw32/bin/../lib/gcc/nios2-elf/4.1.2/../../../../nios2-elf/lib\libc.a(lib_a-fseek.o)
 .data          0x00052240        0x0 c:/altera/12.0/nios2eds/bin/gnu/h-i686-mingw32/bin/../lib/gcc/nios2-elf/4.1.2/../../../../nios2-elf/lib\libc.a(lib_a-fstatr.o)
 .data          0x00052240        0x0 c:/altera/12.0/nios2eds/bin/gnu/h-i686-mingw32/bin/../lib/gcc/nios2-elf/4.1.2/../../../../nios2-elf/lib\libc.a(lib_a-fwrite.o)
 .data          0x00052240      0x400 c:/altera/12.0/nios2eds/bin/gnu/h-i686-mingw32/bin/../lib/gcc/nios2-elf/4.1.2/../../../../nios2-elf/lib\libc.a(lib_a-impure.o)
 .data          0x00052640        0x0 c:/altera/12.0/nios2eds/bin/gnu/h-i686-mingw32/bin/../lib/gcc/nios2-elf/4.1.2/../../../../nios2-elf/lib\libc.a(lib_a-int_errno.o)