Archive member included because of file (symbol)

c:/altera/12.0/nios2eds/bin/gnu/h-i686-mingw32/bin/../lib/gcc/nios2-elf/4.1.2\libgcc.a(lib2-divmod.o)
                              obj/led.o (__udivsi3)
c:/altera/12.0/nios2eds/bin/gnu/h-i686-mingw32/bin/../lib/gcc/nios2-elf/4.1.2/../../../../nios2-elf/lib\libc.a(lib_a-ctype_.o)
                              obj/niosII_simple_socket_server.o (__ctype_ptr)
c:/altera/12.0/nios2eds/bin/gnu/h-i686-mingw32/bin/../lib/gcc/nios2-elf/4.1.2/../../../../nios2-elf/lib\libc.a(lib_a-fprintf.o)
                              obj/alt_eeprom/alt_eeprom.o (fprintf)
c:/altera/12.0/nios2eds/bin/gnu/h-i686-mingw32/bin/../lib/gcc/nios2-elf/4.1.2/../../../../nios2-elf/lib\libc.a(lib_a-fwrite.o)
                              obj/alt_error_handler.o (fwrite)
c:/altera/12.0/nios2eds/bin/gnu/h-i686-mingw32/bin/../lib/gcc/nios2-elf/4.1.2/../../../../nios2-elf/lib\libc.a(lib_a-impure.o)
                              obj/alt_eeprom/alt_eeprom.o (_impure_ptr)
c:/altera/12.0/nios2eds/bin/gnu/h-i686-mingw32/bin/../lib/gcc/nios2-elf/4.1.2/../../../../nios2-elf/lib\libc.a(lib_a-malloc.o)
                              obj/alt_eeprom/alt_eeprom.o (free)
c:/altera/12.0/nios2eds/bin/gnu/h-i686-mingw32/bin/../lib/gcc/nios2-elf/4.1.2/../../../../nios2-elf/lib\libc.a(lib_a-mallocr.o)
                              c:/altera/12.0/nios2eds/bin/gnu/h-i686-mingw32/bin/../lib/gcc/nios2-elf/4.1.2/../../../../nios2-elf/lib\libc.a(lib_a-malloc.o) (_malloc_r)
c:/altera/12.0/nios2eds/bin/gnu/h-i686-mingw32/bin/../lib/gcc/nios2-elf/4.1.2/../../../../nios2-elf/lib\libc.a(lib_a-memcpy.o)
                              obj/niosII_simple_socket_server.o (memcpy)
c:/altera/12.0/nios2eds/bin/gnu/h-i686-mingw32/bin/../lib/gcc/nios2-elf/4.1.2/../../../../nios2-elf/lib\libc.a(lib_a-memmove.o)
                              obj/niosII_simple_socket_server.o (memmove)
c:/altera/12.0/nios2eds/bin/gnu/h-i686-mingw32/bin/../lib/gcc/nios2-elf/4.1.2/../../../../nios2-elf/lib\libc.a(lib_a-memset.o)
                              obj/niosII_simple_socket_server.o (memset)
c:/altera/12.0/nios2eds/bin/gnu/h-i686-mingw32/bin/../lib/gcc/nios2-elf/4.1.2/../../../../nios2-elf/lib\libc.a(lib_a-perror.o)
                              obj/alt_error_handler.o (perror)
c:/altera/12.0/nios2eds/bin/gnu/h-i686-mingw32/bin/../lib/gcc/nios2-elf/4.1.2/../../../../nios2-elf/lib\libc.a(lib_a-printf.o)
                              obj/SSS_DE2_115.o (printf)
c:/altera/12.0/nios2eds/bin/gnu/h-i686-mingw32/bin/../lib/gcc/nios2-elf/4.1.2/../../../../nios2-elf/lib\libc.a(lib_a-putchar.o)
                              obj/alt_eeprom/alt_eeprom.o (putchar)
c:/altera/12.0/nios2eds/bin/gnu/h-i686-mingw32/bin/../lib/gcc/nios2-elf/4.1.2/../../../../nios2-elf/lib\libc.a(lib_a-puts.o)
                              obj/SSS_DE2_115.o (puts)
c:/altera/12.0/nios2eds/bin/gnu/h-i686-mingw32/bin/../lib/gcc/nios2-elf/4.1.2/../../../../nios2-elf/lib\libc.a(lib_a-sbrkr.o)
                              c:/altera/12.0/nios2eds/bin/gnu/h-i686-mingw32/bin/../lib/gcc/nios2-elf/4.1.2/../../../../nios2-elf/lib\libc.a(lib_a-mallocr.o) (_sbrk_r)
c:/altera/12.0/nios2eds/bin/gnu/h-i686-mingw32/bin/../lib/gcc/nios2-elf/4.1.2/../../../../nios2-elf/lib\libc.a(lib_a-sprintf.o)
                              obj/niosII_simple_socket_server.o (sprintf)
c:/altera/12.0/nios2eds/bin/gnu/h-i686-mingw32/bin/../lib/gcc/nios2-elf/4.1.2/../../../../nios2-elf/lib\libc.a(lib_a-strchr.o)
                              obj/niosII_simple_socket_server.o (strchr)
c:/altera/12.0/nios2eds/bin/gnu/h-i686-mingw32/bin/../lib/gcc/nios2-elf/4.1.2/../../../../nios2-elf/lib\libc.a(lib_a-strerror.o)
                              c:/altera/12.0/nios2eds/bin/gnu/h-i686-mingw32/bin/../lib/gcc/nios2-elf/4.1.2/../../../../nios2-elf/lib\libc.a(lib_a-perror.o) (strerror)
c:/altera/12.0/nios2eds/bin/gnu/h-i686-mingw32/bin/../lib/gcc/nios2-elf/4.1.2/../../../../nios2-elf/lib\libc.a(lib_a-strlen.o)
                              obj/niosII_simple_socket_server.o (strlen)
c:/altera/12.0/nios2eds/bin/gnu/h-i686-mingw32/bin/../lib/gcc/nios2-elf/4.1.2/../../../../nios2-elf/lib\libc.a(lib_a-u_strerr.o)
                              c:/altera/12.0/nios2eds/bin/gnu/h-i686-mingw32/bin/../lib/gcc/nios2-elf/4.1.2/../../../../nios2-elf/lib\libc.a(lib_a-strerror.o) (_user_strerror)
c:/altera/12.0/nios2eds/bin/gnu/h-i686-mingw32/bin/../lib/gcc/nios2-elf/4.1.2/../../../../nios2-elf/lib\libc.a(lib_a-vfprintf.o)
                              c:/altera/12.0/nios2eds/bin/gnu/h-i686-mingw32/bin/../lib/gcc/nios2-elf/4.1.2/../../../../nios2-elf/lib\libc.a(lib_a-printf.o) (___vfprintf_internal_r)
c:/altera/12.0/nios2eds/bin/gnu/h-i686-mingw32/bin/../lib/gcc/nios2-elf/4.1.2/../../../../nios2-elf/lib\libc.a(lib_a-wsetup.o)
                              c:/altera/12.0/nios2eds/bin/gnu/h-i686-mingw32/bin/../lib/gcc/nios2-elf/4.1.2/../../../../nios2-elf/lib\libc.a(lib_a-vfprintf.o) (__swsetup_r)
[...]
Memory Configuration

Name             Origin             Length             Attributes
reset            0x00000000         0x00000020
sdram            0x00000020         0x07ffffe0
cfi_flash        0x0a800000         0x00800000
sram             0x0b200000         0x00200000
onchip_memory2   0x0b420000         0x00020000
descriptor_memory 0x0b440000         0x00001000
*default*        0x00000000         0xffffffff

Linker script and memory map

LOAD ../niosII_simple_socket_server_1_bsp//obj/HAL/src/crt0.o
LOAD obj/SSS_DE2_115.o
LOAD obj/alt_eeprom/alt_2_wire.o
LOAD obj/alt_eeprom/alt_eeprom.o
LOAD obj/alt_error_handler.o
LOAD obj/iniche_init.o
LOAD obj/led.o
LOAD obj/niosII_simple_socket_server.o
LOAD c:/altera/12.0/nios2eds/bin/gnu/h-i686-mingw32/bin/../lib/gcc/nios2-elf/4.1.2/../../../../nios2-elf/lib\libstdc++.a
LOAD c:/altera/12.0/nios2eds/bin/gnu/h-i686-mingw32/bin/../lib/gcc/nios2-elf/4.1.2/../../../../nios2-elf/lib\libm.a
LOAD c:/altera/12.0/nios2eds/bin/gnu/h-i686-mingw32/bin/../lib/gcc/nios2-elf/4.1.2\libgcc.a
START GROUP
LOAD c:/altera/12.0/nios2eds/bin/gnu/h-i686-mingw32/bin/../lib/gcc/nios2-elf/4.1.2/../../../../nios2-elf/lib\libc.a
LOAD c:/altera/12.0/nios2eds/bin/gnu/h-i686-mingw32/bin/../lib/gcc/nios2-elf/4.1.2\libgcc.a
LOAD ../niosII_simple_socket_server_1_bsp/\libucosii_bsp.a
END GROUP
LOAD c:/altera/12.0/nios2eds/bin/gnu/h-i686-mingw32/bin/../lib/gcc/nios2-elf/4.1.2\libgcc.a
                0x00000000                __alt_mem_sdram = 0x0
                0x0a800000                __alt_mem_cfi_flash = 0xa800000
                0x0b200000                __alt_mem_sram = 0xb200000
                0x0b420000                __alt_mem_onchip_memory2 = 0xb420000
                0x0b440000                __alt_mem_descriptor_memory = 0xb440000

.entry          0x00000000       0x20
 *(.entry)
 .entry         0x00000000       0x20 ../niosII_simple_socket_server_1_bsp//obj/HAL/src/crt0.o
                0x00000000                __reset

.exceptions     0x00000020      0x19c
                0x00000020                PROVIDE (__ram_exceptions_start, ABSOLUTE (.))
                0x00000020                . = ALIGN (0x20)
 *(.irq)
 *(.exceptions.entry.label)
 .exceptions.entry.label
                0x00000020        0x0 ../niosII_simple_socket_server_1_bsp/\libucosii_bsp.a(alt_irq_entry.o)
                0x00000020                alt_irq_entry
 .exceptions.entry.label
                0x00000020        0x0 ../niosII_simple_socket_server_1_bsp/\libucosii_bsp.a(alt_exception_entry.o)
                0x00000020                alt_exception
 *(.exceptions.entry.user)
 *(.exceptions.entry)
 .exceptions.entry
                0x00000020       0x54 ../niosII_simple_socket_server_1_bsp/\libucosii_bsp.a(alt_exception_entry.o)
 *(.exceptions.irqtest.user)
 *(.exceptions.irqtest)
 .exceptions.irqtest
                0x00000074       0x10 ../niosII_simple_socket_server_1_bsp/\libucosii_bsp.a(alt_irq_entry.o)
 *(.exceptions.irqhandler.user)
 *(.exceptions.irqhandler)
 .exceptions.irqhandler
                0x00000084        0x4 ../niosII_simple_socket_server_1_bsp/\libucosii_bsp.a(alt_irq_entry.o)
 *(.exceptions.irqreturn.user)
 *(.exceptions.irqreturn)
 .exceptions.irqreturn
                0x00000088        0x4 ../niosII_simple_socket_server_1_bsp/\libucosii_bsp.a(alt_irq_entry.o)
 *(.exceptions.notirq.label)
 .exceptions.notirq.label
                0x0000008c        0x0 ../niosII_simple_socket_server_1_bsp/\libucosii_bsp.a(alt_irq_entry.o)
 *(.exceptions.notirq.user)
 *(.exceptions.notirq)
 .exceptions.notirq
                0x0000008c        0x8 ../niosII_simple_socket_server_1_bsp/\libucosii_bsp.a(alt_exception_entry.o)
 *(.exceptions.soft.user)
 *(.exceptions.soft)
 *(.exceptions.unknown.user)
 *(.exceptions.unknown)
 .exceptions.unknown
                0x00000094        0x4 ../niosII_simple_socket_server_1_bsp/\libucosii_bsp.a(alt_exception_entry.o)
 *(.exceptions.exit.label)
 .exceptions.exit.label
                0x00000098        0x0 ../niosII_simple_socket_server_1_bsp/\libucosii_bsp.a(alt_irq_entry.o)
 .exceptions.exit.label
                0x00000098        0x0 ../niosII_simple_socket_server_1_bsp/\libucosii_bsp.a(alt_exception_entry.o)
 *(.exceptions.exit.user)
 *(.exceptions.exit)
 .exceptions.exit
                0x00000098       0x54 ../niosII_simple_socket_server_1_bsp/\libucosii_bsp.a(alt_exception_entry.o)
 *(.exceptions)
 .exceptions    0x000000ec       0xd0 ../niosII_simple_socket_server_1_bsp/\libucosii_bsp.a(alt_irq_handler.o)
                0x000000ec                alt_irq_handler
                0x000001bc                PROVIDE (__ram_exceptions_end, ABSOLUTE (.))
                0x00000020                PROVIDE (__flash_exceptions_start, LOADADDR (.exceptions))

.text           0x000001bc    0x4d210
                0x000001bc                PROVIDE (stext, ABSOLUTE (.))
 *(.interp)
 *(.hash)
 *(.dynsym)
 *(.dynstr)
 *(.gnu.version)
 *(.gnu.version_d)
 *(.gnu.version_r)
 *(.rel.init)
 *(.rela.init)
 *(.rel.text .rel.text.* .rel.gnu.linkonce.t.*)
 *(.rela.text .rela.text.* .rela.gnu.linkonce.t.*)
 *(.rel.fini)
 *(.rela.fini)
 *(.rel.rodata .rel.rodata.* .rel.gnu.linkonce.r.*)
 *(.rela.rodata .rela.rodata.* .rela.gnu.linkonce.r.*)
 *(.rel.data .rel.data.* .rel.gnu.linkonce.d.*)
 *(.rela.data .rela.data.* .rela.gnu.linkonce.d.*)
 *(.rel.tdata .rel.tdata.* .rel.gnu.linkonce.td.*)
 *(.rela.tdata .rela.tdata.* .rela.gnu.linkonce.td.*)
 *(.rel.tbss .rel.tbss.* .rel.gnu.linkonce.tb.*)
 *(.rela.tbss .rela.tbss.* .rela.gnu.linkonce.tb.*)
 *(.rel.ctors)
 *(.rela.ctors)
 *(.rel.dtors)
 *(.rela.dtors)
 *(.rel.got)
 *(.rela.got)
 *(.rel.sdata .rel.sdata.* .rel.gnu.linkonce.s.*)
 *(.rela.sdata .rela.sdata.* .rela.gnu.linkonce.s.*)
 *(.rel.sbss .rel.sbss.* .rel.gnu.linkonce.sb.*)
 *(.rela.sbss .rela.sbss.* .rela.gnu.linkonce.sb.*)
 *(.rel.sdata2 .rel.sdata2.* .rel.gnu.linkonce.s2.*)
 *(.rela.sdata2 .rela.sdata2.* .rela.gnu.linkonce.s2.*)
 *(.rel.sbss2 .rel.sbss2.* .rel.gnu.linkonce.sb2.*)
 *(.rela.sbss2 .rela.sbss2.* .rela.gnu.linkonce.sb2.*)
 *(.rel.bss .rel.bss.* .rel.gnu.linkonce.b.*)
 *(.rela.bss .rela.bss.* .rela.gnu.linkonce.b.*)
 *(.rel.plt)
 *(.rela.plt)
 *(.rel.dyn)
 *(.init)
 *(.plt)
 *(.text .stub .text.* .gnu.linkonce.t.*)
 .text          0x000001bc       0x4c ../niosII_simple_socket_server_1_bsp//obj/HAL/src/crt0.o
                0x000001bc                _start
 .text          0x00000208      0x2ec obj/SSS_DE2_115.o
                0x00000208                get_DE2_115_mac_addr
                0x000003b0                FindLastFlashSectorOffset
 .text          0x000004f4      0x410 obj/alt_eeprom/alt_2_wire.o
                0x00000680                alt_2_wireStart
                0x000006b4                alt_2_wireStop
                0x000006e4                alt_2_wireSendByte
                0x00000788                alt_2_wireReadByte
                0x0000089c                alt_2_wireSetDelay
                0x000008c4                alt_2_wireInit
 .text          0x00000904      0x5b8 obj/alt_eeprom/alt_eeprom.o
                0x00000904                readRandom
                0x00000af0                writeByte
                0x00000cdc                hexdump_eeprom
                0x00000db8                dump
                0x00000e28                fill
 .text          0x00000ebc      0xba8 obj/alt_error_handler.o
                0x00000ebc                alt_uCOSIIErrorHandler
                0x000014e0                alt_NetworkErrorHandler
                0x00001778                alt_SSSErrorHandler
 .text          0x00001a64      0x750 obj/iniche_init.o
                0x00001a64                ws_ipset
                0x00001b68                get_board_mac_addr
                0x00001ca4                suspend_network_tasks
                0x00001d04                resume_network_tasks
                0x00001d64                get_mac_addr
                0x00001d9c                get_ip_addr
                0x00001e04                wait_on_phy
                0x00001f98                SSSMonitorPhyTask
                0x00002074                SSSInitialTask
                0x00002138                main
 .text          0x000021b4      0x154 obj/led.o
                0x000021b4                LEDBlinkTask
                0x0000226c                LEDManagementTask
 .text          0x00002308      0xbb0 obj/niosII_simple_socket_server.o
                0x00002308                SSSCreateOSDataStructs
                0x00002384                SSSCreateTasks
                0x00002448                SSS_reset_connection
                0x000024b8                SSS_send_menu
                0x00002620                SSS_handle_accept
                0x000026e0                SSS_exec_command
                0x00002890                SSS_handle_receive
                0x00002a7c                SSSNiosIISimpleSocketServerTask
                0x00002c4c                SSSNiosIISimpleSocketServerPeneTask
 .text          0x00002eb8      0x14c c:/altera/12.0/nios2eds/bin/gnu/h-i686-mingw32/bin/../lib/gcc/nios2-elf/4.1.2\libgcc.a(lib2-divmod.o)
                0x00002f34                __divsi3
                0x00002f94                __modsi3
                0x00002ff4                __udivsi3
                0x00002ffc                __umodsi3
 .text          0x00003004        0x0 c:/altera/12.0/nios2eds/bin/gnu/h-i686-mingw32/bin/../lib/gcc/nios2-elf/4.1.2/../../../../nios2-elf/lib\libc.a(lib_a-ctype_.o)
 .text          0x00003004       0x60 c:/altera/12.0/nios2eds/bin/gnu/h-i686-mingw32/bin/../lib/gcc/nios2-elf/4.1.2/../../../../nios2-elf/lib\libc.a(lib_a-fprintf.o)
                0x00003004                fprintf
                0x00003030                _fprintf_r
 .text          0x00003064       0xdc c:/altera/12.0/nios2eds/bin/gnu/h-i686-mingw32/bin/../lib/gcc/nios2-elf/4.1.2/../../../../nios2-elf/lib\libc.a(lib_a-fwrite.o)
                0x00003064                _fwrite_r
                0x00003100                fwrite
 .text          0x00003140        0x0 c:/altera/12.0/nios2eds/bin/gnu/h-i686-mingw32/bin/../lib/gcc/nios2-elf/4.1.2/../../../../nios2-elf/lib\libc.a(lib_a-impure.o)
 .text          0x00003140       0x28 c:/altera/12.0/nios2eds/bin/gnu/h-i686-mingw32/bin/../lib/gcc/nios2-elf/4.1.2/../../../../nios2-elf/lib\libc.a(lib_a-malloc.o)
                0x00003140                free
                0x00003154                malloc
 .text          0x00003168      0x740 c:/altera/12.0/nios2eds/bin/gnu/h-i686-mingw32/bin/../lib/gcc/nios2-elf/4.1.2/../../../../nios2-elf/lib\libc.a(lib_a-mallocr.o)
                0x00003168                _malloc_r
 .text          0x000038a8       0xa0 c:/altera/12.0/nios2eds/bin/gnu/h-i686-mingw32/bin/../lib/gcc/nios2-elf/4.1.2/../../../../nios2-elf/lib\libc.a(lib_a-memcpy.o)
                0x000038a8                memcpy
 .text          0x00003948       0xe0 c:/altera/12.0/nios2eds/bin/gnu/h-i686-mingw32/bin/../lib/gcc/nios2-elf/4.1.2/../../../../nios2-elf/lib\libc.a(lib_a-memmove.o)
                0x00003948                memmove
 .text          0x00003a28       0x98 c:/altera/12.0/nios2eds/bin/gnu/h-i686-mingw32/bin/../lib/gcc/nios2-elf/4.1.2/../../../../nios2-elf/lib\libc.a(lib_a-memset.o)
                0x00003a28                memset
 .text          0x00003ac0       0x80 c:/altera/12.0/nios2eds/bin/gnu/h-i686-mingw32/bin/../lib/gcc/nios2-elf/4.1.2/../../../../nios2-elf/lib\libc.a(lib_a-perror.o)
                0x00003ac0                _perror_r
                0x00003b2c                perror
 .text          0x00003b40       0x78 c:/altera/12.0/nios2eds/bin/gnu/h-i686-mingw32/bin/../lib/gcc/nios2-elf/4.1.2/../../../../nios2-elf/lib\libc.a(lib_a-printf.o)
                0x00003b40                printf
                0x00003b84                _printf_r
 .text          0x00003bb8       0x24 c:/altera/12.0/nios2eds/bin/gnu/h-i686-mingw32/bin/../lib/gcc/nios2-elf/4.1.2/../../../../nios2-elf/lib\libc.a(lib_a-putchar.o)
                0x00003bb8                putchar
                0x00003bd4                _putchar_r
 .text          0x00003bdc       0xb4 c:/altera/12.0/nios2eds/bin/gnu/h-i686-mingw32/bin/../lib/gcc/nios2-elf/4.1.2/../../../../nios2-elf/lib\libc.a(lib_a-puts.o)
                0x00003bdc                _puts_r
                0x00003c7c                puts
 .text          0x00003c90       0x70 c:/altera/12.0/nios2eds/bin/gnu/h-i686-mingw32/bin/../lib/gcc/nios2-elf/4.1.2/../../../../nios2-elf/lib\libc.a(lib_a-sbrkr.o)
                0x00003c90                _sbrk_r
 .text          0x00003d00       0xd4 c:/altera/12.0/nios2eds/bin/gnu/h-i686-mingw32/bin/../lib/gcc/nios2-elf/4.1.2/../../../../nios2-elf/lib\libc.a(lib_a-sprintf.o)
                0x00003d00                sprintf
                0x00003d74                _sprintf_r
 .text          0x00003dd4       0xe0 c:/altera/12.0/nios2eds/bin/gnu/h-i686-mingw32/bin/../lib/gcc/nios2-elf/4.1.2/../../../../nios2-elf/lib\libc.a(lib_a-strchr.o)
                0x00003dd4                strchr
 .text          0x00003eb4      0x674 c:/altera/12.0/nios2eds/bin/gnu/h-i686-mingw32/bin/../lib/gcc/nios2-elf/4.1.2/../../../../nios2-elf/lib\libc.a(lib_a-strerror.o)
                0x00003eb4                strerror
 .text          0x00004528       0x74 c:/altera/12.0/nios2eds/bin/gnu/h-i686-mingw32/bin/../lib/gcc/nios2-elf/4.1.2/../../../../nios2-elf/lib\libc.a(lib_a-strlen.o)
                0x00004528                strlen
 .text          0x0000459c        0x8 c:/altera/12.0/nios2eds/bin/gnu/h-i686-mingw32/bin/../lib/gcc/nios2-elf/4.1.2/../../../../nios2-elf/lib\libc.a(lib_a-u_strerr.o)
                0x0000459c                _user_strerror
 .text          0x000045a4     0x1f28 c:/altera/12.0/nios2eds/bin/gnu/h-i686-mingw32/bin/../lib/gcc/nios2-elf/4.1.2/../../../../nios2-elf/lib\libc.a(lib_a-vfprintf.o)
                0x000045fc                ___vfprintf_internal_r
                0x000064a8                __vfprintf_internal
 .text          0x000064cc      0x13c c:/altera/12.0/nios2eds/bin/gnu/h-i686-mingw32/bin/../lib/gcc/nios2-elf/4.1.2/../../../../nios2-elf/lib\libc.a(lib_a-wsetup.o)
                0x000064cc                __swsetup_r
 .text          0x00006608     0x17cc c:/altera/12.0/nios2eds/bin/gnu/h-i686-mingw32/bin/../lib/gcc/nios2-elf/4.1.2/../../../../nios2-elf/lib\libc.a(lib_a-dtoa.o)
                0x00006820                _dtoa_r
 .text          0x00007dd4      0x230 c:/altera/12.0/nios2eds/bin/gnu/h-i686-mingw32/bin/../lib/gcc/nios2-elf/4.1.2/../../../../nios2-elf/lib\libc.a(lib_a-fflush.o)
                0x00007dd4                _fflush_r
                0x00007fd0                fflush
 .text          0x00008004      0x2c0 c:/altera/12.0/nios2eds/bin/gnu/h-i686-mingw32/bin/../lib/gcc/nios2-elf/4.1.2/../../../../nios2-elf/lib\libc.a(lib_a-findfp.o)
                0x0000805c                __sfp_lock_acquire
                0x00008060                __sfp_lock_release
                0x00008064                __sinit_lock_acquire
                0x00008068                __sinit_lock_release
                0x0000806c                __sinit
                0x00008120                __fp_unlock_all
                0x00008138                __fp_lock_all
                0x00008150                _cleanup_r
                0x0000815c                _cleanup
                0x0000816c                __sfmoreglue
                0x000081d4                __sfp
 .text          0x000082c4       0xbc c:/altera/12.0/nios2eds/bin/gnu/h-i686-mingw32/bin/../lib/gcc/nios2-elf/4.1.2/../../../../nios2-elf/lib\libc.a(lib_a-fputc.o)
                0x000082c4                fputc
                0x00008328                _fputc_r
 .text          0x00008380       0x90 c:/altera/12.0/nios2eds/bin/gnu/h-i686-mingw32/bin/../lib/gcc/nios2-elf/4.1.2/../../../../nios2-elf/lib\libc.a(lib_a-fputs.o)
                0x00008380                _fputs_r
                0x000083f4                fputs
 .text          0x00008410      0x440 c:/altera/12.0/nios2eds/bin/gnu/h-i686-mingw32/bin/../lib/gcc/nios2-elf/4.1.2/../../../../nios2-elf/lib\libc.a(lib_a-freer.o)
                0x00008410                _malloc_trim_r
                0x0000853c                _free_r
 .text          0x00008850      0x49c c:/altera/12.0/nios2eds/bin/gnu/h-i686-mingw32/bin/../lib/gcc/nios2-elf/4.1.2/../../../../nios2-elf/lib\libc.a(lib_a-fvwrite.o)
                0x00008850                __sfvwrite_r
 .text          0x00008cec      0x180 c:/altera/12.0/nios2eds/bin/gnu/h-i686-mingw32/bin/../lib/gcc/nios2-elf/4.1.2/../../../../nios2-elf/lib\libc.a(lib_a-fwalk.o)
                0x00008cec                _fwalk_reent
                0x00008db4                _fwalk
 .text          0x00008e6c        0x0 c:/altera/12.0/nios2eds/bin/gnu/h-i686-mingw32/bin/../lib/gcc/nios2-elf/4.1.2/../../../../nios2-elf/lib\libc.a(lib_a-int_errno.o)
 .text          0x00008e6c       0xc4 c:/altera/12.0/nios2eds/bin/gnu/h-i686-mingw32/bin/../lib/gcc/nios2-elf/4.1.2/../../../../nios2-elf/lib\libc.a(lib_a-locale.o)
                0x00008e6c                __locale_charset
                0x00008e74                _localeconv_r
                0x00008e80                localeconv
                0x00008e90                _setlocale_r
                0x00008f14                setlocale
 .text          0x00008f30      0x194 c:/altera/12.0/nios2eds/bin/gnu/h-i686-mingw32/bin/../lib/gcc/nios2-elf/4.1.2/../../../../nios2-elf/lib\libc.a(lib_a-makebuf.o)
                0x00008f30                __smakebuf_r
 .text          0x000090c4       0xe4 c:/altera/12.0/nios2eds/bin/gnu/h-i686-mingw32/bin/../lib/gcc/nios2-elf/4.1.2/../../../../nios2-elf/lib\libc.a(lib_a-memchr.o)
                0x000090c4                memchr
 .text          0x000091a8      0xff4 c:/altera/12.0/nios2eds/bin/gnu/h-i686-mingw32/bin/../lib/gcc/nios2-elf/4.1.2/../../../../nios2-elf/lib\libc.a(lib_a-mprec.o)
                0x000091a8                _Bfree
                0x000091d0                __hi0bits
                0x00009240                __lo0bits
                0x00009304                __mcmp
                0x00009364                __ulp
                0x000093e4                __b2d
                0x00009504                __ratio
                0x000095b4                _mprec_log10
                0x00009648                __copybits
                0x000096a0                __any_on
                0x00009728                _Balloc
                0x000097e4                __d2b
                0x00009960                __mdiff
                0x00009aec                __lshift
                0x00009c38                __multiply
                0x00009e20                __i2b
                0x00009e5c                __multadd
                0x00009f5c                __pow5mult
                0x0000a07c                __s2b
 .text          0x0000a19c      0x1ec c:/altera/12.0/nios2eds/bin/gnu/h-i686-mingw32/bin/../lib/gcc/nios2-elf/4.1.2/../../../../nios2-elf/lib\libc.a(lib_a-putc.o)
                0x0000a19c                putc
                0x0000a2a0                _putc_r
 .text          0x0000a388      0x5f4 c:/altera/12.0/nios2eds/bin/gnu/h-i686-mingw32/bin/../lib/gcc/nios2-elf/4.1.2/../../../../nios2-elf/lib\libc.a(lib_a-reallocr.o)
                0x0000a388                _realloc_r
 .text          0x0000a97c       0x40 c:/altera/12.0/nios2eds/bin/gnu/h-i686-mingw32/bin/../lib/gcc/nios2-elf/4.1.2/../../../../nios2-elf/lib\libc.a(lib_a-s_isinfd.o)
                0x0000a97c                __isinfd
 .text          0x0000a9bc       0x30 c:/altera/12.0/nios2eds/bin/gnu/h-i686-mingw32/bin/../lib/gcc/nios2-elf/4.1.2/../../../../nios2-elf/lib\libc.a(lib_a-s_isnand.o)
                0x0000a9bc                __isnand
 .text          0x0000a9ec      0x14c c:/altera/12.0/nios2eds/bin/gnu/h-i686-mingw32/bin/../lib/gcc/nios2-elf/4.1.2/../../../../nios2-elf/lib\libc.a(lib_a-stdio.o)
                0x0000a9ec                __sclose
                0x0000a9f4                __sseek
                0x0000aa5c                __swrite
                0x0000aad8                __sread
 .text          0x0000ab38       0xbc c:/altera/12.0/nios2eds/bin/gnu/h-i686-mingw32/bin/../lib/gcc/nios2-elf/4.1.2/../../../../nios2-elf/lib\libc.a(lib_a-strcmp.o)
                0x0000ab38                strcmp
 .text          0x0000abf4      0x14c c:/altera/12.0/nios2eds/bin/gnu/h-i686-mingw32/bin/../lib/gcc/nios2-elf/4.1.2/../../../../nios2-elf/lib\libc.a(lib_a-wbuf.o)
                0x0000abf4                __swbuf_r
                0x0000ad24                __swbuf
 .text          0x0000ad40       0x78 c:/altera/12.0/nios2eds/bin/gnu/h-i686-mingw32/bin/../lib/gcc/nios2-elf/4.1.2/../../../../nios2-elf/lib\libc.a(lib_a-writer.o)
                0x0000ad40                _write_r
 .text          0x0000adb8       0xb4 c:/altera/12.0/nios2eds/bin/gnu/h-i686-mingw32/bin/../lib/gcc/nios2-elf/4.1.2/../../../../nios2-elf/lib\libc.a(lib_a-callocr.o)
                0x0000adb8                _calloc_r
 .text          0x0000ae6c       0x70 c:/altera/12.0/nios2eds/bin/gnu/h-i686-mingw32/bin/../lib/gcc/nios2-elf/4.1.2/../../../../nios2-elf/lib\libc.a(lib_a-closer.o)
                0x0000ae6c                _close_r
 .text          0x0000aedc      0x124 c:/altera/12.0/nios2eds/bin/gnu/h-i686-mingw32/bin/../lib/gcc/nios2-elf/4.1.2/../../../../nios2-elf/lib\libc.a(lib_a-fclose.o)
                0x0000aedc                _fclose_r
                0x0000afec                fclose
 .text          0x0000b000       0x74 c:/altera/12.0/nios2eds/bin/gnu/h-i686-mingw32/bin/../lib/gcc/nios2-elf/4.1.2/../../../../nios2-elf/lib\libc.a(lib_a-fstatr.o)
                0x0000b000                _fstat_r
 .text          0x0000b074       0x70 c:/altera/12.0/nios2eds/bin/gnu/h-i686-mingw32/bin/../lib/gcc/nios2-elf/4.1.2/../../../../nios2-elf/lib\libc.a(lib_a-isattyr.o)
                0x0000b074                _isatty_r
 .text          0x0000b0e4       0x78 c:/altera/12.0/nios2eds/bin/gnu/h-i686-mingw32/bin/../lib/gcc/nios2-elf/4.1.2/../../../../nios2-elf/lib\libc.a(lib_a-lseekr.o)
                0x0000b0e4                _lseek_r
 .text          0x0000b15c       0x78 c:/altera/12.0/nios2eds/bin/gnu/h-i686-mingw32/bin/../lib/gcc/nios2-elf/4.1.2/../../../../nios2-elf/lib\libc.a(lib_a-readr.o)
                0x0000b15c                _read_r
 .text          0x0000b1d4      0x5dc c:/altera/12.0/nios2eds/bin/gnu/h-i686-mingw32/bin/../lib/gcc/nios2-elf/4.1.2\libgcc.a(_udivdi3.o)
                0x0000b1d4                __udivdi3
 .text          0x0000b7b0      0x5b0 c:/altera/12.0/nios2eds/bin/gnu/h-i686-mingw32/bin/../lib/gcc/nios2-elf/4.1.2\libgcc.a(_umoddi3.o)
                0x0000b7b0                __umoddi3
 .text          0x0000bd60      0x504 c:/altera/12.0/nios2eds/bin/gnu/h-i686-mingw32/bin/../lib/gcc/nios2-elf/4.1.2\libgcc.a(_addsub_df.o)
                0x0000c170                __subdf3
                0x0000c1f0                __adddf3
 .text          0x0000c264      0x3c4 c:/altera/12.0/nios2eds/bin/gnu/h-i686-mingw32/bin/../lib/gcc/nios2-elf/4.1.2\libgcc.a(_mul_df.o)
                0x0000c264                __muldf3
 .text          0x0000c628      0x258 c:/altera/12.0/nios2eds/bin/gnu/h-i686-mingw32/bin/../lib/gcc/nios2-elf/4.1.2\libgcc.a(_div_df.o)
                0x0000c628                __divdf3
 .text          0x0000c880       0x88 c:/altera/12.0/nios2eds/bin/gnu/h-i686-mingw32/bin/../lib/gcc/nios2-elf/4.1.2\libgcc.a(_eq_df.o)
                0x0000c880                __eqdf2
 .text          0x0000c908       0x88 c:/altera/12.0/nios2eds/bin/gnu/h-i686-mingw32/bin/../lib/gcc/nios2-elf/4.1.2\libgcc.a(_ne_df.o)
                0x0000c908                __nedf2
 .text          0x0000c990       0x88 c:/altera/12.0/nios2eds/bin/gnu/h-i686-mingw32/bin/../lib/gcc/nios2-elf/4.1.2\libgcc.a(_gt_df.o)
                0x0000c990                __gtdf2
 .text          0x0000ca18       0x88 c:/altera/12.0/nios2eds/bin/gnu/h-i686-mingw32/bin/../lib/gcc/nios2-elf/4.1.2\libgcc.a(_ge_df.o)
                0x0000ca18                __gedf2
 .text          0x0000caa0       0x88 c:/altera/12.0/nios2eds/bin/gnu/h-i686-mingw32/bin/../lib/gcc/nios2-elf/4.1.2\libgcc.a(_lt_df.o)
                0x0000caa0                __ltdf2
 .text          0x0000cb28       0xf8 c:/altera/12.0/nios2eds/bin/gnu/h-i686-mingw32/bin/../lib/gcc/nios2-elf/4.1.2\libgcc.a(_si_to_df.o)
                0x0000cb28                __floatsidf
 .text          0x0000cc20       0xd8 c:/altera/12.0/nios2eds/bin/gnu/h-i686-mingw32/bin/../lib/gcc/nios2-elf/4.1.2\libgcc.a(_df_to_si.o)
                0x0000cc20                __fixdfsi
 .text          0x0000ccf8        0x0 c:/altera/12.0/nios2eds/bin/gnu/h-i686-mingw32/bin/../lib/gcc/nios2-elf/4.1.2\libgcc.a(_thenan_df.o)
 .text          0x0000ccf8      0x194 c:/altera/12.0/nios2eds/bin/gnu/h-i686-mingw32/bin/../lib/gcc/nios2-elf/4.1.2\libgcc.a(_usi_to_df.o)
                0x0000ccf8                __floatunsidf
 .text          0x0000ce8c       0x98 c:/altera/12.0/nios2eds/bin/gnu/h-i686-mingw32/bin/../lib/gcc/nios2-elf/4.1.2\libgcc.a(_muldi3.o)
                0x0000ce8c                __muldi3
 .text          0x0000cf24        0x0 c:/altera/12.0/nios2eds/bin/gnu/h-i686-mingw32/bin/../lib/gcc/nios2-elf/4.1.2\libgcc.a(_clz.o)
 .text          0x0000cf24       0x80 c:/altera/12.0/nios2eds/bin/gnu/h-i686-mingw32/bin/../lib/gcc/nios2-elf/4.1.2\libgcc.a(_clzsi2.o)
                0x0000cf24                __clzsi2
 .text          0x0000cfa4      0x314 c:/altera/12.0/nios2eds/bin/gnu/h-i686-mingw32/bin/../lib/gcc/nios2-elf/4.1.2\libgcc.a(_pack_df.o)
                0x0000cfa4                __pack_d
 .text          0x0000d2b8      0x138 c:/altera/12.0/nios2eds/bin/gnu/h-i686-mingw32/bin/../lib/gcc/nios2-elf/4.1.2\libgcc.a(_unpack_df.o)
                0x0000d2b8                __unpack_d
 .text          0x0000d3f0       0xc8 c:/altera/12.0/nios2eds/bin/gnu/h-i686-mingw32/bin/../lib/gcc/nios2-elf/4.1.2\libgcc.a(_fpcmp_parts_df.o)
                0x0000d3f0                __fpcmp_parts_d
 .text          0x0000d4b8       0xd0 ../niosII_simple_socket_server_1_bsp/\libucosii_bsp.a(alt_flash_dev.o)
                0x0000d4b8                alt_flash_open_dev
                0x0000d534                alt_flash_close_dev
 .text          0x0000d588      0x134 ../niosII_simple_socket_server_1_bsp/\libucosii_bsp.a(alt_fstat.o)
                0x0000d588                fstat
 .text          0x0000d6bc      0x120 ../niosII_simple_socket_server_1_bsp/\libucosii_bsp.a(alt_isatty.o)
                0x0000d6bc                isatty
 .text          0x0000d7dc       0xec ../niosII_simple_socket_server_1_bsp/\libucosii_bsp.a(alt_load.o)
                0x0000d7dc                alt_load
 .text          0x0000d8c8      0x150 ../niosII_simple_socket_server_1_bsp/\libucosii_bsp.a(alt_lseek.o)
                0x0000d8c8                lseek
 .text          0x0000da18       0xc8 ../niosII_simple_socket_server_1_bsp/\libucosii_bsp.a(alt_main.o)
                0x0000da18                alt_main
 .text          0x0000dae0       0xbc ../niosII_simple_socket_server_1_bsp/\libucosii_bsp.a(alt_sbrk.o)
                0x0000dae0                sbrk
 .text          0x0000db9c      0x118 ../niosII_simple_socket_server_1_bsp/\libucosii_bsp.a(alt_usleep.o)
                0x0000db9c                usleep
 .text          0x0000dcb4      0x108 ../niosII_simple_socket_server_1_bsp/\libucosii_bsp.a(alt_env_lock.o)
                0x0000dcb4                __env_lock
                0x0000dd60                __env_unlock
 .text          0x0000ddbc      0x1d8 ../niosII_simple_socket_server_1_bsp/\libucosii_bsp.a(alt_malloc_lock.o)
                0x0000ddbc                __malloc_lock
                0x0000dec4                __malloc_unlock
 .text          0x0000df94     0x2128 ../niosII_simple_socket_server_1_bsp/\libucosii_bsp.a(os_core.o)
                0x0000df94                OSEventNameGet
                0x0000e0c4                OSEventNameSet
                0x0000e208                OSEventPendMulti
                0x0000e8bc                OSInit
                0x0000e910                OSIntEnter
                0x0000e98c                OSIntExit
                0x0000ea8c                OSSchedLock
                0x0000eb18                OSSchedUnlock
                0x0000ebfc                OSStart
                0x0000ec6c                OSStatInit
                0x0000ed18                OSTimeTick
                0x0000ef58                OSVersion
                0x0000ef78                OS_Dummy
                0x0000ef94                OS_EventTaskRdy
                0x0000f128                OS_EventTaskWait
                0x0000f238                OS_EventTaskWaitMulti
                0x0000f38c                OS_EventTaskRemove
                0x0000f444                OS_EventTaskRemoveMulti
                0x0000f548                OS_EventWaitListInit
                0x0000f914                OS_MemClr
                0x0000f968                OS_MemCopy
                0x0000f9d4                OS_Sched
                0x0000fb18                OS_StrCopy
                0x0000fb98                OS_StrLen
                0x0000fbf0                OS_TaskIdle
                0x0000fc4c                OS_TaskStat
                0x0000fd14                OS_TaskStatStkChk
                0x0000fddc                OS_TCBInit
 .text          0x000100bc      0x18c ../niosII_simple_socket_server_1_bsp/\libucosii_bsp.a(os_dbg.o)
                0x000100bc                OSDebugInit
 .text          0x00010248     0x193c ../niosII_simple_socket_server_1_bsp/\libucosii_bsp.a(os_flag.o)
                0x00010248                OSFlagAccept
                0x0001057c                OSFlagCreate
                0x000106b8                OSFlagDel
                0x00010960                OSFlagNameGet
                0x00010aa4                OSFlagNameSet
                0x00010bf8                OSFlagPend
                0x0001123c                OSFlagPendGetFlagsRdy
                0x000112a4                OSFlagPost
                0x0001164c                OSFlagQuery
                0x000118e4                OS_FlagInit
                0x00011ad8                OS_FlagUnlink
 .text          0x00011b84      0xc8c ../niosII_simple_socket_server_1_bsp/\libucosii_bsp.a(os_mbox.o)
                0x00011b84                OSMboxAccept
                0x00011c28                OSMboxCreate
                0x00011d3c                OSMboxDel
                0x00011fdc                OSMboxPend
                0x000122a4                OSMboxPendAbort
                0x00012420                OSMboxPost
                0x00012554                OSMboxPostOpt
                0x000126e0                OSMboxQuery
 .text          0x00012810      0x808 ../niosII_simple_socket_server_1_bsp/\libucosii_bsp.a(os_mem.o)
                0x00012810                OSMemCreate
                0x00012a2c                OSMemGet
                0x00012b30                OSMemNameGet
                0x00012c3c                OSMemNameSet
                0x00012d5c                OSMemPut
                0x00012e4c                OSMemQuery
                0x00012f48                OS_MemInit
 .text          0x00013018     0x1334 ../niosII_simple_socket_server_1_bsp/\libucosii_bsp.a(os_q.o)
                0x00013018                OSQAccept
                0x0001316c                OSQCreate
                0x00013380                OSQDel
                0x00013680                OSQFlush
                0x00013748                OSQPend
                0x00013a68                OSQPendAbort
                0x00013be4                OSQPost
                0x00013d64                OSQPostFront
                0x00013eec                OSQPostOpt
                0x00014120                OSQQuery
                0x000142a0                OS_QInit
 .text          0x0001434c      0xbc8 ../niosII_simple_socket_server_1_bsp/\libucosii_bsp.a(os_sem.o)
                0x0001434c                OSSemAccept
                0x0001440c                OSSemCreate
                0x00014520                OSSemDel
                0x000147c0                OSSemPend
                0x00014a3c                OSSemPendAbort
                0x00014bb8                OSSemPost
                0x00014ce0                OSSemQuery
                0x00014e10                OSSemSet
 .text          0x00014f14     0x1a40 ../niosII_simple_socket_server_1_bsp/\libucosii_bsp.a(os_task.o)
                0x00014f14                OSTaskChangePrio
                0x00015488                OSTaskCreate
                0x0001565c                OSTaskCreateExt
                0x0001585c                OSTaskDel
                0x00015c68                OSTaskDelReq
                0x00015dd8                OSTaskNameGet
                0x00015f90                OSTaskNameSet
                0x00016154                OSTaskResume
                0x0001636c                OSTaskStkChk
                0x00016568                OSTaskSuspend
                0x00016794                OSTaskQuery
                0x000168d8                OS_TaskStkClr
 .text          0x00016954      0x598 ../niosII_simple_socket_server_1_bsp/\libucosii_bsp.a(os_time.o)
                0x00016954                OSTimeDly
                0x00016aa0                OSTimeDlyHMSM
                0x00016c14                OSTimeDlyResume
                0x00016e24                OSTimeGet
                0x00016e88                OSTimeSet
 .text          0x00016eec      0x2fc ../niosII_simple_socket_server_1_bsp/\libucosii_bsp.a(alt_sys_init.o)
                0x00016eec                alt_irq_init
                0x00016f20                alt_sys_init
 .text          0x000171e8      0x8c8 ../niosII_simple_socket_server_1_bsp/\libucosii_bsp.a(altera_avalon_cfi_flash.o)
                0x000171e8                alt_flash_cfi_init
                0x000172bc                alt_flash_cfi_write
                0x0001757c                alt_flash_cfi_get_info
                0x0001760c                alt_flash_cfi_read
                0x00017674                alt_write_value_to_flash
                0x000177d8                alt_flash_program_block
 .text          0x00017ab0     0x1448 ../niosII_simple_socket_server_1_bsp/\libucosii_bsp.a(altera_avalon_cfi_flash_table.o)
                0x00017ab0                alt_read_query_entry_8bit
                0x00017af0                alt_read_query_entry_16bit
                0x00017b34                alt_read_query_entry_32bit
                0x00017b7c                alt_write_flash_command_8bit_device_8bit_mode
                0x00017bb8                alt_write_flash_command_16bit_device_8bit_mode
                0x00017c34                alt_write_flash_command_32bit_device_8bit_mode
                0x00017c7c                alt_write_flash_command_16bit_device_16bit_mode
                0x00017cc0                alt_write_flash_command_32bit_device_16bit_mode
                0x00017d08                alt_write_flash_command_32bit_device_32bit_mode
                0x00017d50                alt_write_native_8bit
                0x00017d84                alt_write_native_16bit
                0x00017db8                alt_write_native_32bit
                0x00017de8                alt_set_flash_width_func
                0x00017fc8                alt_set_flash_algorithm_func
                0x000180f0                alt_read_cfi_table
                0x00018670                alt_read_cfi_width
                0x00018e1c                alt_check_primary_table
 .text          0x00018ef8      0x148 ../niosII_simple_socket_server_1_bsp/\libucosii_bsp.a(altera_avalon_jtag_uart_fd.o)
                0x00018ef8                altera_avalon_jtag_uart_read_fd
                0x00018f50                altera_avalon_jtag_uart_write_fd
                0x00018fa8                altera_avalon_jtag_uart_close_fd
                0x00018ff0                altera_avalon_jtag_uart_ioctl_fd
 .text          0x00019040      0x584 ../niosII_simple_socket_server_1_bsp/\libucosii_bsp.a(altera_avalon_jtag_uart_init.o)
                0x00019040                altera_avalon_jtag_uart_init
                0x00019550                altera_avalon_jtag_uart_close
 .text          0x000195c4       0xf4 ../niosII_simple_socket_server_1_bsp/\libucosii_bsp.a(altera_avalon_jtag_uart_ioctl.o)
                0x000195c4                altera_avalon_jtag_uart_ioctl
 .text          0x000196b8      0x2c0 ../niosII_simple_socket_server_1_bsp/\libucosii_bsp.a(altera_avalon_jtag_uart_read.o)
                0x000196b8                altera_avalon_jtag_uart_read
 .text          0x00019978      0x2dc ../niosII_simple_socket_server_1_bsp/\libucosii_bsp.a(altera_avalon_jtag_uart_write.o)
                0x00019978                altera_avalon_jtag_uart_write
 .text          0x00019c54      0xf3c ../niosII_simple_socket_server_1_bsp/\libucosii_bsp.a(altera_avalon_lcd_16207.o)
                0x0001a428                altera_avalon_lcd_16207_write
                0x0001aa2c                altera_avalon_lcd_16207_init
 .text          0x0001ab90       0x58 ../niosII_simple_socket_server_1_bsp/\libucosii_bsp.a(altera_avalon_lcd_16207_fd.o)
                0x0001ab90                altera_avalon_lcd_16207_write_fd
 .text          0x0001abe8      0xde4 ../niosII_simple_socket_server_1_bsp/\libucosii_bsp.a(altera_avalon_sgdma.o)
                0x0001abe8                alt_avalon_sgdma_do_async_transfer
                0x0001ad24                alt_avalon_sgdma_do_sync_transfer
                0x0001ae48                alt_avalon_sgdma_construct_mem_to_mem_desc
                0x0001aeb8                alt_avalon_sgdma_construct_mem_to_mem_desc_burst
                0x0001af38                alt_avalon_sgdma_construct_stream_to_mem_desc
                0x0001af8c                alt_avalon_sgdma_construct_stream_to_mem_desc_burst
                0x0001affc                alt_avalon_sgdma_construct_mem_to_stream_desc
                0x0001b070                alt_avalon_sgdma_construct_mem_to_stream_desc_burst
                0x0001b0f4                alt_avalon_sgdma_register_callback
                0x0001b144                alt_avalon_sgdma_start
                0x0001b198                alt_avalon_sgdma_stop
                0x0001b1f0                alt_avalon_sgdma_check_descriptor_status
                0x0001b260                alt_avalon_sgdma_open
                0x0001b318                alt_avalon_sgdma_construct_descriptor
                0x0001b3a0                alt_avalon_sgdma_enable_desc_poll
                0x0001b41c                alt_avalon_sgdma_disable_desc_poll
                0x0001b478                alt_avalon_sgdma_construct_descriptor_burst
                0x0001b920                alt_avalon_sgdma_init
 .text          0x0001b9cc      0x100 ../niosII_simple_socket_server_1_bsp/\libucosii_bsp.a(altera_avalon_timer_sc.o)
                0x0001ba3c                alt_avalon_timer_sc_init
 .text          0x0001bacc     0x5350 ../niosII_simple_socket_server_1_bsp/\libucosii_bsp.a(altera_avalon_tse.o)
                0x0001bacc                no_printf
                0x0001baf8                tse_mac_initTransInfo2
                0x0001bb58                tse_mac_sTxWrite
                0x0001bc48                tse_mac_aRxRead
                0x0001bcec                tse_mac_SwReset
                0x0001bd80                tse_mac_setMIImode
                0x0001bdd8                tse_mac_setGMIImode
                0x0001be2c                alt_tse_phy_add_profile
                0x0001c004                alt_tse_system_add_sys
                0x0001ca18                alt_tse_sys_enable_mdio_sharing
                0x0001cb90                alt_tse_mac_get_common_speed
                0x0001cbd0                alt_tse_mac_set_common_speed
                0x0001cc18                alt_tse_get_system_index
                0x0001cc94                alt_tse_get_mac_group_index
                0x0001cd14                alt_tse_get_mac_info_index
                0x0001cda0                alt_tse_get_mac_info
                0x0001ce80                alt_tse_mac_set_speed
                0x0001cf6c                alt_tse_mac_set_duplex
                0x0001d004                getPHYSpeed
                0x0001de1c                alt_tse_phy_rd_mdio_addr
                0x0001de64                alt_tse_phy_wr_mdio_addr
                0x0001deb8                alt_tse_phy_wr_mdio_reg
                0x0001dfe0                alt_tse_phy_rd_mdio_reg
                0x0001e0a4                alt_tse_phy_add_profile_default
                0x0001e31c                alt_tse_phy_print_profile
                0x0001e50c                alt_tse_mac_group_init
                0x0001ec18                alt_tse_mac_get_phy
                0x0001f030                alt_tse_mac_associate_phy
                0x0001f268                alt_tse_phy_cfg_pcs
                0x0001f388                alt_tse_phy_init
                0x0001f49c                alt_tse_phy_restart_an
                0x0001f64c                alt_tse_phy_check_link
                0x0001f790                alt_tse_phy_get_cap
                0x0001fcd0                alt_tse_phy_set_adv_1000
                0x0001fe64                alt_tse_phy_set_adv_100
                0x00020074                alt_tse_phy_set_adv_10
                0x0002020c                alt_tse_phy_get_common_speed
                0x00020528                alt_tse_phy_set_common_speed
                0x00020a0c                marvell_phy_cfg
                0x00020ab4                marvell_cfg_gmii
                0x00020ba8                marvell_cfg_sgmii
                0x00020c9c                marvell_cfg_rgmii
                0x00020d9c                DP83848C_link_status_read
 .text          0x00020e1c       0xf8 ../niosII_simple_socket_server_1_bsp/\libucosii_bsp.a(altera_avalon_uart_fd.o)
                0x00020e1c                altera_avalon_uart_read_fd
                0x00020e74                altera_avalon_uart_write_fd
                0x00020ecc                altera_avalon_uart_close_fd
 .text          0x00020f14      0x57c ../niosII_simple_socket_server_1_bsp/\libucosii_bsp.a(altera_avalon_uart_init.o)
                0x00020f14                altera_avalon_uart_init
                0x00021430                altera_avalon_uart_close
 .text          0x00021490      0x310 ../niosII_simple_socket_server_1_bsp/\libucosii_bsp.a(altera_avalon_uart_read.o)
                0x00021490                altera_avalon_uart_read
 .text          0x000217a0      0x2a8 ../niosII_simple_socket_server_1_bsp/\libucosii_bsp.a(altera_avalon_uart_write.o)
                0x000217a0                altera_avalon_uart_write
 .text          0x00021a48     0x1778 ../niosII_simple_socket_server_1_bsp/\libucosii_bsp.a(ins_tse_mac.o)
                0x00021a48                triple_speed_ethernet_init
                0x00021ba4                prep_tse_mac
                0x00021dfc                tse_mac_init
                0x000228e4                tse_mac_raw_send
                0x00022bdc                tse_sgdmaRx_isr
                0x00022c84                tse_sgdma_read_init
                0x00022e2c                tse_mac_rcv
                0x0002307c                tse_mac_stats
                0x000230bc                tse_mac_close
 .text          0x000231c0       0x54 ../niosII_simple_socket_server_1_bsp/\libucosii_bsp.a(alt_iniche_close.o)
                0x000231c0                close
 .text          0x00023214      0x144 ../niosII_simple_socket_server_1_bsp/\libucosii_bsp.a(alt_iniche_dev.o)
                0x00023214                iniche_devices_init
 .text          0x00023358       0x78 ../niosII_simple_socket_server_1_bsp/\libucosii_bsp.a(alt_iniche_read.o)
                0x00023358                read
 .text          0x000233d0       0x70 ../niosII_simple_socket_server_1_bsp/\libucosii_bsp.a(alt_iniche_write.o)
                0x000233d0                write
 .text          0x00023440      0xedc ../niosII_simple_socket_server_1_bsp/\libucosii_bsp.a(ipnet.o)
                0x00023440                Netinit
                0x00023a8c                fixup_subnet_mask
                0x00023bec                netclose
                0x00023cd4                pktdemux
                0x000240a8                c_older
                0x00024178                ip2mac
 .text          0x0002431c      0x4b0 ../niosII_simple_socket_server_1_bsp/\libucosii_bsp.a(ipstart.o)
                0x0002431c                ip_startup
                0x00024600                exit_hook
                0x0002466c                ip_exit
                0x0002473c                if_netnumber
 .text          0x000247cc     0x1010 ../niosII_simple_socket_server_1_bsp/\libucosii_bsp.a(igmp_cmn.o)
                0x000247cc                igmp_init
                0x0002487c                igmp_input
                0x00024974                igmp_fasttimo
                0x00024b10                igmp_send
                0x00024db8                igmp_joingroup
                0x00025024                igmp_leavegroup
                0x000250a0                igmp_validate
                0x000253fc                igmp_print_stats
 .text          0x000257dc      0xb68 ../niosII_simple_socket_server_1_bsp/\libucosii_bsp.a(bsdsock.o)
                0x000257dc                bsd_accept
                0x00025914                bsd_getpeername
                0x00025a40                bsd_getsockname
                0x00025b6c                bsd_i_sockoptlen
                0x00025d3c                bsd_getsockopt
                0x00025e5c                bsd_ioctl
                0x00025f60                bsd_inet_ntoa
                0x00025f90                bsd_recvfrom
                0x000260f0                bsd_select
                0x00026258                bsd_setsockopt
 .text          0x00026344      0x118 ../niosII_simple_socket_server_1_bsp/\libucosii_bsp.a(cksum.o)
                0x00026344                ccksum
                0x000263f4                cksum
 .text          0x0002645c      0xa9c ../niosII_simple_socket_server_1_bsp/\libucosii_bsp.a(in_utils.o)
                0x0002645c                do_trap
                0x00026488                nextarg
                0x00026504                hexdump
                0x0002664c                print_ipad
                0x000266c0                print_uptime
                0x000267ec                panic
                0x00026830                print_eth
                0x00026994                uslash
                0x00026a14                ns_printf
                0x00026b98                std_out
                0x00026bdc                con_page
                0x00026ccc                parse_args
 .text          0x00026ef8      0x1c8 ../niosII_simple_socket_server_1_bsp/\libucosii_bsp.a(netmain.o)
                0x00026ef8                netmain
                0x00026fec                tk_netmain
                0x00027074                tk_nettick
 .text          0x000270c0      0x5e8 ../niosII_simple_socket_server_1_bsp/\libucosii_bsp.a(tk_crnos.o)
                0x000270c0                TK_OSTimeDly
                0x000270ec                TK_OSTaskResume
                0x0002715c                tcp_sleep
                0x000272fc                tcp_wakeup
                0x00027400                TK_OSTaskQuery
                0x00027474                tk_yield
                0x000274a0                tk_stats
 .text          0x000276a8     0x2f40 ../niosII_simple_socket_server_1_bsp/\libucosii_bsp.a(dhcpclnt.o)
                0x000276a8                dhc_get_srv_ipaddr
                0x00027738                dhc_init
                0x000277f4                dhc_set_callback
                0x00027838                dhc_upcall
                0x00028068                dhc_buildheader
                0x00028284                dhc_discover
                0x0002879c                dhc_rx_offer
                0x000288a0                dhc_request
                0x000293dc                dhc_setip
                0x0002965c                dhc_resetip
                0x00029740                dhc_decline
                0x00029924                dhc_extract_opts
                0x00029be0                dhc_second
                0x0002a17c                dhc_halt
                0x0002a204                dhc_reclaim
                0x0002a3d4                dhc_state_init
                0x0002a434                dhc_alldone
                0x0002a4c4                dhc_ifacedone
                0x0002a538                dhc_set_state
 .text          0x0002a5e8       0xcc ../niosII_simple_socket_server_1_bsp/\libucosii_bsp.a(dhcputil.o)
                0x0002a5e8                find_opt
 .text          0x0002a6b4      0x79c ../niosII_simple_socket_server_1_bsp/\libucosii_bsp.a(pktalloc.o)
                0x0002a6b4                pk_init
                0x0002a944                pk_alloc
                0x0002aa20                pk_validate
                0x0002acd8                pk_free
                0x0002ad84                pk_get_max_intrsafe_buf_len
                0x0002ada4                dump_buf_estats
 .text          0x0002ae50      0x288 ../niosII_simple_socket_server_1_bsp/\libucosii_bsp.a(q.o)
                0x0002ae50                getq
                0x0002af18                putq
                0x0002afc8                qdel
 .text          0x0002b0d8      0x31c ../niosII_simple_socket_server_1_bsp/\libucosii_bsp.a(udp_open.o)
                0x0002b0d8                udp_open
                0x0002b310                udp_close
 .text          0x0002b3f4      0x194 ../niosII_simple_socket_server_1_bsp/\libucosii_bsp.a(asm_cksum.o)
                0x0002b3f4                asm_cksum
 .text          0x0002b588      0x2a0 ../niosII_simple_socket_server_1_bsp/\libucosii_bsp.a(brdutils.o)
                0x0002b588                dtrap
                0x0002b5b8                kbhit
                0x0002b664                getch
                0x0002b6c4                clock_init
                0x0002b700                clock_c
                0x0002b71c                cticks_hook
                0x0002b788                irq_Mask
                0x0002b7e4                irq_Unmask
 .text          0x0002b828      0x488 ../niosII_simple_socket_server_1_bsp/\libucosii_bsp.a(osportco.o)
                0x0002b828                LOCK_NET_RESOURCE
                0x0002b8e8                UNLOCK_NET_RESOURCE
                0x0002b970                TK_NEWTASK
                0x0002bb84                wait_app_sem
                0x0002bc38                post_app_sem
 .text          0x0002bcb0      0x568 ../niosII_simple_socket_server_1_bsp/\libucosii_bsp.a(targnios.o)
                0x0002bcb0                alt_iniche_init
                0x0002becc                pre_task_setup
                0x0002bf40                post_task_setup
                0x0002bf60                prep_armintcp
                0x0002bf98                calloc2
                0x0002bfcc                npalloc
                0x0002c0c0                npfree
                0x0002c178                ncpalloc
                0x0002c1cc                ncpfree
 .text          0x0002c218     0x197c ../niosII_simple_socket_server_1_bsp/\libucosii_bsp.a(nptcp.o)
                0x0002c218                pffindtype
                0x0002c2b8                pffindproto
                0x0002c388                m_getnbuf
                0x0002c530                m_free
                0x0002c664                m_freem
                0x0002c6a8                m_copy
                0x0002c9cc                m_adj
                0x0002cb9c                mbuf_len
                0x0002cbf4                dtom
                0x0002cc9c                remque
                0x0002cd0c                insque
                0x0002cd88                nptcp_init
                0x0002ceac                tcp_rcv
                0x0002d098                ip_output
                0x0002d690                in_broadcast
                0x0002d6d0                np_stripoptions
                0x0002d7b8                so_icmpdu
                0x0002db10                tcp_tick
 .text          0x0002db94      0xa2c ../niosII_simple_socket_server_1_bsp/\libucosii_bsp.a(rawsock.o)
                0x0002db94                rawip_lookup
                0x0002dc04                rawip_soinput
                0x0002ddd8                rawip_usrreq
 .text          0x0002e5c0     0x17fc ../niosII_simple_socket_server_1_bsp/\libucosii_bsp.a(sockcall.o)
                0x0002e5c0                DOMAIN_CHECK
                0x0002e60c                t_socket
                0x0002e69c                t_bind
                0x0002e818                t_listen
                0x0002e8fc                t_accept
                0x0002eb94                t_connect
                0x0002ee3c                t_getpeername
                0x0002ee80                t_getsockname
                0x0002f0c0                t_setsockopt
                0x0002f29c                t_getsockopt
                0x0002f440                t_recv
                0x0002f530                t_recvfrom
                0x0002f680                t_sendto
                0x0002f8ac                t_send
                0x0002fad4                t_shutdown
                0x0002fbb8                t_socketclose
                0x0002fd20                t_errno
 .text          0x0002fdbc     0x238c ../niosII_simple_socket_server_1_bsp/\libucosii_bsp.a(socket.o)
                0x0002fdbc                socreate
                0x0002ff88                sobind
                0x0002ffe4                solisten
                0x000300d4                sofree
                0x00030204                soclose
                0x000304f8                soabort
                0x00030548                soaccept
                0x000305e4                soconnect
                0x000306b8                sodisconnect
                0x00030758                sosend
                0x00030d60                soreceive
                0x00031544                soshutdown
                0x000315ec                sorflush
                0x000316ec                sosetopt
                0x00031bc4                sogetopt
                0x00032104                sohasoutofband
 .text          0x00032148     0x1318 ../niosII_simple_socket_server_1_bsp/\libucosii_bsp.a(socket2.o)
                0x00032148                soisconnecting
                0x000321b4                soisconnected
                0x000322b0                soisdisconnecting
                0x0003233c                soisdisconnected
                0x000323f8                sonewconn
                0x00032614                soqinsque
                0x000326c0                soqremque
                0x000327e0                socantsendmore
                0x00032830                socantrcvmore
                0x00032880                sbselqueue
                0x000328b8                sbwait
                0x00032920                sbwakeup
                0x000329bc                soreserve
                0x00032a3c                sbreserve
                0x00032a9c                sbrelease
                0x00032ae4                sbappend
                0x00032b8c                sbappendrecord
                0x00032c6c                sbappendaddr
                0x00032e74                sbcompress
                0x0003305c                sbflush
                0x000330ec                sbdrop
                0x000332bc                sbdropend
                0x000333cc                sbdroprecord
 .text          0x00033460      0x964 ../niosII_simple_socket_server_1_bsp/\libucosii_bsp.a(soselect.o)
                0x00033460                t_select
                0x00033680                sock_selscan
                0x000337d8                sock_select
                0x00033a3c                in_pcbnotify
                0x00033b08                tcp_notify
                0x00033b70                ifd_clr
                0x00033c60                ifd_set
                0x00033cd4                ifd_isset
                0x00033d54                ifd_get
 .text          0x00033dc4     0x30cc ../niosII_simple_socket_server_1_bsp/\libucosii_bsp.a(tcp_in.o)
                0x00033dc4                tcp_reass
                0x000341cc                tcp_input
                0x00036804                tcp_dooptions
                0x00036994                tcp_pulloutofband
                0x00036ac0                tcp_xmit_timer
                0x00036d2c                ip4_tcpmss
                0x00036d74                tcp_mss
 .text          0x00036e90     0x1360 ../niosII_simple_socket_server_1_bsp/\libucosii_bsp.a(tcp_out.o)
                0x00036e90                tcp_output
                0x0003800c                tcp_setpersist
 .text          0x000381f0      0xa10 ../niosII_simple_socket_server_1_bsp/\libucosii_bsp.a(tcp_subr.o)
                0x000381f0                tcp_init
                0x00038248                tcp_template
                0x00038360                tcp_respond
                0x000387e8                tcp_newtcpcb
                0x00038900                tcp_drop
                0x000389d4                tcp_close
                0x00038abc                tcp_quench
                0x00038b08                tcp_putseq
                0x00038b88                tcp_getseq
 .text          0x00038c00      0x83c ../niosII_simple_socket_server_1_bsp/\libucosii_bsp.a(tcp_timr.o)
                0x00038c00                tcp_slowtimo
                0x00038f44                tcp_canceltimers
                0x00038fa0                tcp_timers
 .text          0x0003943c      0x9ec ../niosII_simple_socket_server_1_bsp/\libucosii_bsp.a(tcp_usr.o)
                0x0003943c                tcp_usrreq
                0x00039b40                tcp_attach
                0x00039c74                tcp_disconnect
                0x00039d48                tcp_usrclosed
 .text          0x00039e28      0x45c ../niosII_simple_socket_server_1_bsp/\libucosii_bsp.a(tcp_zio.o)
                0x00039e28                tcp_xout
                0x0003a078                tcp_pktalloc
                0x0003a108                tcp_pktfree
                0x0003a148                tcp_data_upcall
 .text          0x0003a284       0x4c ../niosII_simple_socket_server_1_bsp/\libucosii_bsp.a(tcpport.o)
                0x0003a284                tcpinit
 .text          0x0003a2d0      0xd20 ../niosII_simple_socket_server_1_bsp/\libucosii_bsp.a(udpsock.o)
                0x0003a2d0                udp_lookup
                0x0003a340                udp_soinput
                0x0003a4f8                udp_usrreq
                0x0003a77c                udp4_sockbind
                0x0003aab8                udp4_socksend
                0x0003ae94                udp4_sockaddr
 .text          0x0003aff0      0x154 ../niosII_simple_socket_server_1_bsp/\libucosii_bsp.a(alt_alarm_start.o)
                0x0003aff0                alt_alarm_start
 .text          0x0003b144      0x14c ../niosII_simple_socket_server_1_bsp/\libucosii_bsp.a(alt_busy_sleep.o)
                0x0003b144                alt_busy_sleep
 .text          0x0003b290      0x15c ../niosII_simple_socket_server_1_bsp/\libucosii_bsp.a(alt_close.o)
                0x0003b290                alt_close
 .text          0x0003b3ec       0x78 ../niosII_simple_socket_server_1_bsp/\libucosii_bsp.a(alt_dcache_flush.o)
                0x0003b3ec                alt_dcache_flush
 .text          0x0003b464       0x44 ../niosII_simple_socket_server_1_bsp/\libucosii_bsp.a(alt_dcache_flush_all.o)
                0x0003b464                alt_dcache_flush_all
 .text          0x0003b4a8       0x2c ../niosII_simple_socket_server_1_bsp/\libucosii_bsp.a(alt_dev.o)
 .text          0x0003b4d4      0x114 ../niosII_simple_socket_server_1_bsp/\libucosii_bsp.a(alt_dev_llist_insert.o)
                0x0003b4d4                alt_dev_llist_insert
 .text          0x0003b5e8       0x64 ../niosII_simple_socket_server_1_bsp/\libucosii_bsp.a(alt_do_ctors.o)
                0x0003b5e8                _do_ctors
 .text          0x0003b64c       0x64 ../niosII_simple_socket_server_1_bsp/\libucosii_bsp.a(alt_do_dtors.o)
                0x0003b64c                _do_dtors
 .text          0x0003b6b0        0x0 ../niosII_simple_socket_server_1_bsp/\libucosii_bsp.a(alt_errno.o)
 .text          0x0003b6b0       0x94 ../niosII_simple_socket_server_1_bsp/\libucosii_bsp.a(alt_find_dev.o)
                0x0003b6b0                alt_find_dev
 .text          0x0003b744       0x30 ../niosII_simple_socket_server_1_bsp/\libucosii_bsp.a(alt_icache_flush_all.o)
                0x0003b744                alt_icache_flush_all
 .text          0x0003b774      0x1d4 ../niosII_simple_socket_server_1_bsp/\libucosii_bsp.a(alt_iic.o)
                0x0003b774                alt_ic_isr_register
                0x0003b7c4                alt_ic_irq_enable
                0x0003b860                alt_ic_irq_disable
                0x0003b900                alt_ic_irq_enabled
 .text          0x0003b948       0xf8 ../niosII_simple_socket_server_1_bsp/\libucosii_bsp.a(alt_iic_isr_register.o)
                0x0003b948                alt_iic_isr_register
 .text          0x0003ba40      0x13c ../niosII_simple_socket_server_1_bsp/\libucosii_bsp.a(alt_io_redirect.o)
                0x0003bb04                alt_io_redirect
 .text          0x0003bb7c        0x0 ../niosII_simple_socket_server_1_bsp/\libucosii_bsp.a(alt_irq_entry.o)
 .text          0x0003bb7c        0x0 ../niosII_simple_socket_server_1_bsp/\libucosii_bsp.a(alt_irq_handler.o)
 .text          0x0003bb7c        0x0 ../niosII_simple_socket_server_1_bsp/\libucosii_bsp.a(alt_irq_vars.o)
 .text          0x0003bb7c      0x2c4 ../niosII_simple_socket_server_1_bsp/\libucosii_bsp.a(alt_open.o)
                0x0003bc58                open
 .text          0x0003be40      0x180 ../niosII_simple_socket_server_1_bsp/\libucosii_bsp.a(alt_read.o)
                0x0003be40                alt_read
 .text          0x0003bfc0       0x60 ../niosII_simple_socket_server_1_bsp/\libucosii_bsp.a(alt_release_fd.o)
                0x0003bfc0                alt_release_fd
 .text          0x0003c020       0x38 ../niosII_simple_socket_server_1_bsp/\libucosii_bsp.a(alt_remap_cached.o)
                0x0003c020                alt_remap_cached
 .text          0x0003c058       0x40 ../niosII_simple_socket_server_1_bsp/\libucosii_bsp.a(alt_remap_uncached.o)
                0x0003c058                alt_remap_uncached
 .text          0x0003c098      0x1a8 ../niosII_simple_socket_server_1_bsp/\libucosii_bsp.a(alt_tick.o)
                0x0003c098                alt_alarm_stop
                0x0003c130                alt_tick
 .text          0x0003c240       0x64 ../niosII_simple_socket_server_1_bsp/\libucosii_bsp.a(alt_uncached_malloc.o)
                0x0003c240                alt_uncached_malloc
 .text          0x0003c2a4      0x180 ../niosII_simple_socket_server_1_bsp/\libucosii_bsp.a(alt_write.o)
                0x0003c2a4                alt_write
 .text          0x0003c424       0x20 ../niosII_simple_socket_server_1_bsp/\libucosii_bsp.a(altera_nios2_irq.o)
                0x0003c424                altera_nios2_irq_init
 .text          0x0003c444       0xd0 ../niosII_simple_socket_server_1_bsp/\libucosii_bsp.a(os_cpu_a.o)
                0x0003c444                OSCtxSw
                0x0003c444                OSIntCtxSw
                0x0003c4d0                OSStartHighRdy
                0x0003c4f0                OSStartTsk
 .text          0x0003c514      0x424 ../niosII_simple_socket_server_1_bsp/\libucosii_bsp.a(os_cpu_c.o)
                0x0003c514                OSTaskStkInit
                0x0003c824                OSTaskCreateHook
                0x0003c844                OSTaskDelHook
                0x0003c864                OSTaskSwHook
                0x0003c880                OSTaskStatHook
                0x0003c89c                OSTimeTickHook
                0x0003c8c4                OSInitHookBegin
                0x0003c8e0                OSInitHookEnd
                0x0003c8fc                OSTaskIdleHook
                0x0003c918                OSTCBInitHook
 .text          0x0003c938      0x460 ../niosII_simple_socket_server_1_bsp/\libucosii_bsp.a(altera_avalon_cfi_flash_amd.o)
                0x0003c938                alt_program_amd
                0x0003c9a0                alt_erase_block_amd
 .text          0x0003cd98      0x460 ../niosII_simple_socket_server_1_bsp/\libucosii_bsp.a(altera_avalon_cfi_flash_intel.o)
                0x0003cd98                alt_program_intel
                0x0003ce1c                alt_erase_block_intel
 .text          0x0003d1f8      0x3d4 ../niosII_simple_socket_server_1_bsp/\libucosii_bsp.a(allports.o)
                0x0003d1f8                netmain_init
                0x0003d2f4                icmp_port_du
                0x0003d37c                station_state
                0x0003d4c8                sysuptime
                0x0003d504                packet_check
                0x0003d550                mcastlist
                0x0003d574                prep_modules
 .text          0x0003d5cc      0x480 ../niosII_simple_socket_server_1_bsp/\libucosii_bsp.a(timeouts.o)
                0x0003d5cc                inet_timer
                0x0003d828                in_timerset
                0x0003d9a4                in_timerkill
 .text          0x0003da4c       0xa4 ../niosII_simple_socket_server_1_bsp/\libucosii_bsp.a(tk_misc.o)
                0x0003da4c                create_apptasks
                0x0003da70                task_stats
 .text          0x0003daf0       0xb0 ../niosII_simple_socket_server_1_bsp/\libucosii_bsp.a(alt_iniche_fcntl.o)
                0x0003daf0                fcntl
 .text          0x0003dba0     0x14a0 ../niosII_simple_socket_server_1_bsp/\libucosii_bsp.a(et_arp.o)
                0x0003dba0                etainit
                0x0003dbf4                et_send
                0x0003dd70                arp_free_pending
                0x0003ddf8                arp_send_pending
                0x0003de6c                send_arp
                0x0003e304                find_oldest_arp
                0x0003e4ac                make_arp_entry
                0x0003e5c0                arpReply
                0x0003e854                arprcv
                0x0003eab4                send_via_arp
                0x0003ec5c                cb_arpent_tmo
                0x0003ed74                grat_arp
 .text          0x0003f040      0x298 ../niosII_simple_socket_server_1_bsp/\libucosii_bsp.a(iface.o)
                0x0003f040                if_getbynum
                0x0003f0c4                isbcast
                0x0003f1a4                reg_type
                0x0003f240                if_killsocks
 .text          0x0003f2d8     0x22a4 ../niosII_simple_socket_server_1_bsp/\libucosii_bsp.a(ip.o)
                0x0003f2d8                ip_init
                0x0003f3d4                ip_bldhead
                0x0003f578                ip_write_internal
                0x0003fcf8                ip_write
                0x0003ff40                ip_write2
                0x000402f0                ip_raw_write
                0x000403c8                ip_fragment_lc
                0x00040850                ip_fragment
                0x00040e74                ip_mymach
                0x00040f20                ip_dump
                0x000411d8                iproute
                0x00041444                ip_copypkt
 .text          0x0004157c     0x1d9c ../niosII_simple_socket_server_1_bsp/\libucosii_bsp.a(ip_reasm.o)
                0x0004157c                ip_reasm_match_frag_with_ire
                0x0004164c                ip_reasm_determine_type_of_frag
                0x00041738                ip_reasm_check_mem_useage
                0x000417d0                ip_reasm_incr_mem_useage
                0x00041878                ip_reasm_decr_mem_useage
                0x00041918                ip_reasm_process_first_fragment
                0x00041bf8                ip_reassm
                0x00041c98                ip_reasm_compute_overlap
                0x00042228                ip_reasm_process_subsequent_fragments
                0x000427bc                ip_reasm_find_ire
                0x00042820                ip_reasm_copy_queued_fragments_into_reassy_buffer
                0x00042b7c                ip_reasm_process_timer_tick
                0x00042c60                ip_reasm_delete_ire
                0x00042e28                ip_reasm_mark_compact_rfq
                0x00042f70                ipr_stats
                0x000432c4                ip_reasm_send_icmp_timex
 .text          0x00043318      0xe3c ../niosII_simple_socket_server_1_bsp/\libucosii_bsp.a(ipdemux.o)
                0x00043318                ip_rcv
                0x00043718                ip_rcv_phase2
                0x00043d24                ip_demux
 .text          0x00044154      0x2f0 ../niosII_simple_socket_server_1_bsp/\libucosii_bsp.a(ipmc.o)
                0x00044154                in_addmulti
                0x000442bc                in_delmulti
                0x000443d4                lookup_mcast
 .text          0x00044444       0xe4 ../niosII_simple_socket_server_1_bsp/\libucosii_bsp.a(ipport.o)
                0x00044444                prep_ifaces
                0x000444d8                netexit
                0x00044500                evtmap_setup
 .text          0x00044528      0x550 ../niosII_simple_socket_server_1_bsp/\libucosii_bsp.a(ipraw.o)
                0x00044528                ip_raw_open
                0x00044618                ip_raw_close
                0x000446d8                ip_raw_input
                0x00044910                ip_raw_alloc
                0x000449dc                ip_raw_free
                0x00044a1c                ip_raw_maxalloc
 .text          0x00044a78      0x6f0 ../niosII_simple_socket_server_1_bsp/\libucosii_bsp.a(iproute.o)
                0x00044a78                rt_lookup
                0x00044bfc                add_route
                0x00045024                del_route
 .text          0x00045168      0xe3c ../niosII_simple_socket_server_1_bsp/\libucosii_bsp.a(udp.o)
                0x00045168                udpdemux
                0x000459c0                udp_send
                0x00045c78                udpswap
                0x00045da8                udp_socket
                0x00045e78                udp_alloc
                0x00045f38                udp_maxalloc
                0x00045f64                udp_free
 .text          0x00045fa4      0x2e8 ../niosII_simple_socket_server_1_bsp/\libucosii_bsp.a(igmp.o)
                0x00045fa4                igmpv1_input
 .text          0x0004628c      0x7c0 ../niosII_simple_socket_server_1_bsp/\libucosii_bsp.a(igmp2.o)
                0x0004628c                igmpv2_input
                0x000463ec                igmpv2_process_report
                0x00046538                igmpv2_process_query
                0x00046784                igmpv2_chk_set_timer
                0x000468dc                igmpv2_chk4_rtr_alert_opt
 .text          0x00046a4c      0x8fc ../niosII_simple_socket_server_1_bsp/\libucosii_bsp.a(ipopt.o)
                0x00046a4c                IPADDR_TO_NETP
                0x00046b94                ip_setmoptions
                0x00047184                ip_getmoptions
                0x000472c4                ip_freemoptions
 .text          0x00047348      0x6ac ../niosII_simple_socket_server_1_bsp/\libucosii_bsp.a(u_mctest.o)
                0x00047348                u_mctest_init
                0x00047378                u_mctest_run
 .text          0x000479f4      0x38c ../niosII_simple_socket_server_1_bsp/\libucosii_bsp.a(dhcsetup.o)
                0x000479f4                dhc_setup
                0x00047c7c                dhc_main_ipset
 .text          0x00047d80      0x40c ../niosII_simple_socket_server_1_bsp/\libucosii_bsp.a(memdev.o)
                0x00047d80                init_memdev
                0x00047df8                md_fopen
                0x00047e20                md_fclose
                0x00047e40                md_fread
                0x00047fc0                md_fwrite
                0x00048040                md_fseek
                0x0004806c                md_ftell
                0x00048090                md_fgetc
                0x00048168                md_unlink
 .text          0x0004818c      0x810 ../niosII_simple_socket_server_1_bsp/\libucosii_bsp.a(parseip.o)
                0x0004818c                parse_ipad
                0x000484a8                inet_addr
                0x00048510                hextoa
                0x00048580                inet_pton
                0x0004862c                inet_ntop
                0x000486b8                print46_addr
                0x00048718                inet46_addr
                0x000487dc                inet_setport
                0x00048850                convert_ip
 .text          0x0004899c      0x1cc ../niosII_simple_socket_server_1_bsp/\libucosii_bsp.a(tcpcksum.o)
                0x0004899c                tcp_cksum
 .text          0x00048b68      0x900 ../niosII_simple_socket_server_1_bsp/\libucosii_bsp.a(in_pcb.o)
                0x00048b68                in_pcballoc
                0x00048bfc                in_pcbdetach
                0x00048c50                in_pcbbind
                0x00048ea4                in_pcbconnect
                0x000490b4                in_pcbdisconnect
                0x00049114                in_setsockaddr
                0x00049190                in_setpeeraddr
                0x0004920c                in_pcblookup
 .text          0x00049468     0x1a74 ../niosII_simple_socket_server_1_bsp/\libucosii_bsp.a(vfsfiles.o)
                0x00049468                set_vfopen_error
                0x00049490                get_vfopen_error
                0x000494b0                vf_alloc_and_link_vop
                0x0004952c                vf_alloc_buffer
                0x00049604                vf_free_buffer
                0x00049654                vfopen_locked
                0x000499bc                vfopen
                0x00049a0c                vfclose_locked
                0x00049bb4                vfclose
                0x00049bf4                vfflush
                0x00049c3c                vfgets
                0x00049d20                vfeof
                0x00049d78                vunlink_flag_open_files
                0x00049dd4                vunlink
                0x00049ff4                vfread
                0x0004a1a0                vfwrite_locked
                0x0004a588                vfwrite
                0x0004a5e8                vfseek
                0x0004a764                vftell
                0x0004a898                vgetc_locked
                0x0004a9b8                vgetc
                0x0004aa00                vfslookup_locked
                0x0004ab38                vfslookup
                0x0004ab80                strippath
                0x0004ad68                isvfile_locked
                0x0004adcc                isvfile
                0x0004ae14                vferror
                0x0004ae80                vclearerr
 .text          0x0004aedc       0x24 ../niosII_simple_socket_server_1_bsp/\libucosii_bsp.a(vfsport.o)
                0x0004aedc                prep_vfs
 .text          0x0004af00        0x0 ../niosII_simple_socket_server_1_bsp/\libucosii_bsp.a(alt_exception_entry.o)
 .text          0x0004af00      0x1b4 ../niosII_simple_socket_server_1_bsp/\libucosii_bsp.a(alt_fcntl.o)
                0x0004af00                alt_fcntl
 .text          0x0004b0b4      0x120 ../niosII_simple_socket_server_1_bsp/\libucosii_bsp.a(alt_find_file.o)
                0x0004b0b4                alt_find_file
 .text          0x0004b1d4       0xf4 ../niosII_simple_socket_server_1_bsp/\libucosii_bsp.a(alt_get_fd.o)
                0x0004b1d4                alt_get_fd
 .text          0x0004b2c8       0x90 ../niosII_simple_socket_server_1_bsp/\libucosii_bsp.a(alt_icache_flush.o)
                0x0004b2c8                alt_icache_flush
 .text          0x0004b358     0x130c ../niosII_simple_socket_server_1_bsp/\libucosii_bsp.a(icmp.o)
                0x0004b358                icmprcv
                0x0004bf8c                icmp_destun
                0x0004c2dc                icmp_timex
                0x0004c610                icmp_du
 .text          0x0004c664       0x14 c:/altera/12.0/nios2eds/bin/gnu/h-i686-mingw32/bin/../lib/gcc/nios2-elf/4.1.2/../../../../nios2-elf/lib\libc.a(lib_a-atexit.o)
                0x0004c664                atexit
 .text          0x0004c678       0x18 c:/altera/12.0/nios2eds/bin/gnu/h-i686-mingw32/bin/../lib/gcc/nios2-elf/4.1.2/../../../../nios2-elf/lib\libc.a(lib_a-atoi.o)
                0x0004c678                _atoi_r
                0x0004c684                atoi
 .text          0x0004c690       0x1c c:/altera/12.0/nios2eds/bin/gnu/h-i686-mingw32/bin/../lib/gcc/nios2-elf/4.1.2/../../../../nios2-elf/lib\libc.a(lib_a-calloc.o)
                0x0004c690                calloc
 .text          0x0004c6ac       0x38 c:/altera/12.0/nios2eds/bin/gnu/h-i686-mingw32/bin/../lib/gcc/nios2-elf/4.1.2/../../../../nios2-elf/lib\libc.a(lib_a-exit.o)
                0x0004c6ac                exit
 .text          0x0004c6e4      0x128 c:/altera/12.0/nios2eds/bin/gnu/h-i686-mingw32/bin/../lib/gcc/nios2-elf/4.1.2/../../../../nios2-elf/lib\libc.a(lib_a-getc.o)
                0x0004c6e4                getc
                0x0004c77c                _getc_r
 .text          0x0004c80c       0x74 c:/altera/12.0/nios2eds/bin/gnu/h-i686-mingw32/bin/../lib/gcc/nios2-elf/4.1.2/../../../../nios2-elf/lib\libc.a(lib_a-memcmp.o)
                0x0004c80c                memcmp
 .text          0x0004c880       0x60 c:/altera/12.0/nios2eds/bin/gnu/h-i686-mingw32/bin/../lib/gcc/nios2-elf/4.1.2/../../../../nios2-elf/lib\libc.a(lib_a-rget.o)
                0x0004c880                __srget_r
                0x0004c8cc                __srget
 .text          0x0004c8e0       0x8c c:/altera/12.0/nios2eds/bin/gnu/h-i686-mingw32/bin/../lib/gcc/nios2-elf/4.1.2/../../../../nios2-elf/lib\libc.a(lib_a-strcpy.o)
                0x0004c8e0                strcpy
 .text          0x0004c96c       0xf0 c:/altera/12.0/nios2eds/bin/gnu/h-i686-mingw32/bin/../lib/gcc/nios2-elf/4.1.2/../../../../nios2-elf/lib\libc.a(lib_a-strncmp.o)
                0x0004c96c                strncmp
 .text          0x0004ca5c       0xbc c:/altera/12.0/nios2eds/bin/gnu/h-i686-mingw32/bin/../lib/gcc/nios2-elf/4.1.2/../../../../nios2-elf/lib\libc.a(lib_a-strncpy.o)
                0x0004ca5c                strncpy
 .text          0x0004cb18      0x268 c:/altera/12.0/nios2eds/bin/gnu/h-i686-mingw32/bin/../lib/gcc/nios2-elf/4.1.2/../../../../nios2-elf/lib\libc.a(lib_a-strtol.o)
                0x0004cb18                _strtol_r
                0x0004cd5c                strtol
 .text          0x0004cd80       0x34 c:/altera/12.0/nios2eds/bin/gnu/h-i686-mingw32/bin/../lib/gcc/nios2-elf/4.1.2/../../../../nios2-elf/lib\libc.a(lib_a-vprintf.o)
                0x0004cd80                _vprintf_r
                0x0004cd94                vprintf
 .text          0x0004cdb4       0x74 c:/altera/12.0/nios2eds/bin/gnu/h-i686-mingw32/bin/../lib/gcc/nios2-elf/4.1.2/../../../../nios2-elf/lib\libc.a(lib_a-vsprintf.o)
                0x0004cdb4                _vsprintf_r
                0x0004ce04                vsprintf
 .text          0x0004ce28      0x134 c:/altera/12.0/nios2eds/bin/gnu/h-i686-mingw32/bin/../lib/gcc/nios2-elf/4.1.2/../../../../nios2-elf/lib\libc.a(lib_a-__atexit.o)
                0x0004ce28                __register_exitproc
 .text          0x0004cf5c      0x1b4 c:/altera/12.0/nios2eds/bin/gnu/h-i686-mingw32/bin/../lib/gcc/nios2-elf/4.1.2/../../../../nios2-elf/lib\libc.a(lib_a-__call_atexit.o)
                0x0004cf60                __call_exitprocs
 .text          0x0004d110      0x1e0 c:/altera/12.0/nios2eds/bin/gnu/h-i686-mingw32/bin/../lib/gcc/nios2-elf/4.1.2/../../../../nios2-elf/lib\libc.a(lib_a-refill.o)
                0x0004d110                __srefill_r
 .text          0x0004d2f0       0x6c ../niosII_simple_socket_server_1_bsp/\libucosii_bsp.a(alt_exit.o)
                0x0004d330                _exit
 *(.gnu.warning.*)
 *(.fini)
                0x0004d35c                PROVIDE (__etext, ABSOLUTE (.))
                0x0004d35c                PROVIDE (_etext, ABSOLUTE (.))
                0x0004d35c                PROVIDE (etext, ABSOLUTE (.))
 *(.eh_frame_hdr)
                0x0004d35c                . = ALIGN (0x4)
                0x0004d35c                PROVIDE (__preinit_array_start, ABSOLUTE (.))
 *(.preinit_array)
                0x0004d35c                PROVIDE (__preinit_array_end, ABSOLUTE (.))
                0x0004d35c                PROVIDE (__init_array_start, ABSOLUTE (.))
 *(.init_array)
                0x0004d35c                PROVIDE (__init_array_end, ABSOLUTE (.))
                0x0004d35c                PROVIDE (__fini_array_start, ABSOLUTE (.))
 *(.fini_array)
                0x0004d35c                PROVIDE (__fini_array_end, ABSOLUTE (.))
 *(.eh_frame)
 .eh_frame      0x0004d35c       0x40 c:/altera/12.0/nios2eds/bin/gnu/h-i686-mingw32/bin/../lib/gcc/nios2-elf/4.1.2\libgcc.a(_udivdi3.o)
 .eh_frame      0x0004d39c       0x2c c:/altera/12.0/nios2eds/bin/gnu/h-i686-mingw32/bin/../lib/gcc/nios2-elf/4.1.2\libgcc.a(_umoddi3.o)
                                 0x40 (size before relaxing)
 *(.gcc_except_table)
 *(.dynamic)
                0x0004d3c8                PROVIDE (__CTOR_LIST__, ABSOLUTE (.))
 *(.ctors)
 *(SORT(.ctors.*))
 .ctors.65535   0x0004d3c8        0x4 c:/altera/12.0/nios2eds/bin/gnu/h-i686-mingw32/bin/../lib/gcc/nios2-elf/4.1.2/../../../../nios2-elf/lib\libc.a(lib_a-__call_atexit.o)
                0x0004d3cc                PROVIDE (__CTOR_END__, ABSOLUTE (.))
                0x0004d3cc                PROVIDE (__DTOR_LIST__, ABSOLUTE (.))
 *(.dtors)
 *(SORT(.dtors.*))
                0x0004d3cc                PROVIDE (__DTOR_END__, ABSOLUTE (.))
 *(.jcr)
                0x0004d3cc                . = ALIGN (0x4)

.rodata         0x0004d3cc     0x6ae0
                0x0004d3cc                PROVIDE (__ram_rodata_start, ABSOLUTE (.))
                0x0004d3cc                . = ALIGN (0x4)
 *(.rodata .rodata.* .gnu.linkonce.r.*)
 .rodata        0x0004d3cc       0xa4 obj/SSS_DE2_115.o
 .rodata        0x0004d470      0x1fc obj/alt_eeprom/alt_eeprom.o
 .rodata        0x0004d66c      0xba4 obj/alt_error_handler.o
 .rodata        0x0004e210      0x3d0 obj/iniche_init.o
 .rodata        0x0004e5e0       0x1c obj/led.o
 .rodata        0x0004e5fc      0x980 obj/niosII_simple_socket_server.o
 .rodata        0x0004ef7c      0x281 c:/altera/12.0/nios2eds/bin/gnu/h-i686-mingw32/bin/../lib/gcc/nios2-elf/4.1.2/../../../../nios2-elf/lib\libc.a(lib_a-ctype_.o)
                0x0004ef7c                _ctype_
 *fill*         0x0004f1fd        0x3 00
 .rodata.str1.4
                0x0004f200        0x2 c:/altera/12.0/nios2eds/bin/gnu/h-i686-mingw32/bin/../lib/gcc/nios2-elf/4.1.2/../../../../nios2-elf/lib\libc.a(lib_a-impure.o)
                                  0x4 (size before relaxing)
 *fill*         0x0004f202        0x2 00
 .rodata.str1.4
                0x0004f204        0x3 c:/altera/12.0/nios2eds/bin/gnu/h-i686-mingw32/bin/../lib/gcc/nios2-elf/4.1.2/../../../../nios2-elf/lib\libc.a(lib_a-perror.o)
                                  0x4 (size before relaxing)
 *fill*         0x0004f207        0x1 00
 .rodata.str1.4
                0x0004f208        0x2 c:/altera/12.0/nios2eds/bin/gnu/h-i686-mingw32/bin/../lib/gcc/nios2-elf/4.1.2/../../../../nios2-elf/lib\libc.a(lib_a-puts.o)
                                  0x4 (size before relaxing)
 *fill*         0x0004f20a        0x2 00
 .rodata.str1.4
                0x0004f20c      0x7a2 c:/altera/12.0/nios2eds/bin/gnu/h-i686-mingw32/bin/../lib/gcc/nios2-elf/4.1.2/../../../../nios2-elf/lib\libc.a(lib_a-strerror.o)
                                0x7a8 (size before relaxing)
 *fill*         0x0004f9ae        0x2 00
 .rodata.str1.4
                0x0004f9b0       0x5e c:/altera/12.0/nios2eds/bin/gnu/h-i686-mingw32/bin/../lib/gcc/nios2-elf/4.1.2/../../../../nios2-elf/lib\libc.a(lib_a-vfprintf.o)
                                 0x60 (size before relaxing)
 .rodata        0x0004fa0e       0x20 c:/altera/12.0/nios2eds/bin/gnu/h-i686-mingw32/bin/../lib/gcc/nios2-elf/4.1.2/../../../../nios2-elf/lib\libc.a(lib_a-vfprintf.o)
 *fill*         0x0004fa2e        0x2 00
 .rodata.str1.4
                0x0004fa30       0x10 c:/altera/12.0/nios2eds/bin/gnu/h-i686-mingw32/bin/../lib/gcc/nios2-elf/4.1.2/../../../../nios2-elf/lib\libc.a(lib_a-dtoa.o)
                                 0x14 (size before relaxing)
 .rodata.str1.4
                0x0004fa40       0x10 c:/altera/12.0/nios2eds/bin/gnu/h-i686-mingw32/bin/../lib/gcc/nios2-elf/4.1.2/../../../../nios2-elf/lib\libc.a(lib_a-locale.o)
                                 0x18 (size before relaxing)
 .rodata        0x0004fa50       0x30 c:/altera/12.0/nios2eds/bin/gnu/h-i686-mingw32/bin/../lib/gcc/nios2-elf/4.1.2/../../../../nios2-elf/lib\libc.a(lib_a-locale.o)
 .rodata        0x0004fa80      0x124 c:/altera/12.0/nios2eds/bin/gnu/h-i686-mingw32/bin/../lib/gcc/nios2-elf/4.1.2/../../../../nios2-elf/lib\libc.a(lib_a-mprec.o)
                0x0004fa80                __mprec_tens
                0x0004fb48                __mprec_bigtens
                0x0004fb70                __mprec_tinytens
 .rodata        0x0004fba4       0x14 c:/altera/12.0/nios2eds/bin/gnu/h-i686-mingw32/bin/../lib/gcc/nios2-elf/4.1.2\libgcc.a(_thenan_df.o)
                0x0004fba4                __thenan_df
 .rodata        0x0004fbb8      0x100 c:/altera/12.0/nios2eds/bin/gnu/h-i686-mingw32/bin/../lib/gcc/nios2-elf/4.1.2\libgcc.a(_clz.o)
                0x0004fbb8                __clz_tab
 .rodata        0x0004fcb8       0x10 ../niosII_simple_socket_server_1_bsp/\libucosii_bsp.a(alt_main.o)
 .rodata        0x0004fcc8      0x120 ../niosII_simple_socket_server_1_bsp/\libucosii_bsp.a(os_core.o)
                0x0004fcc8                OSUnMapTbl
 .rodata        0x0004fde8       0x68 ../niosII_simple_socket_server_1_bsp/\libucosii_bsp.a(alt_sys_init.o)
 .rodata        0x0004fe50     0x1cc0 ../niosII_simple_socket_server_1_bsp/\libucosii_bsp.a(altera_avalon_tse.o)
 .rodata        0x00051b10      0x374 ../niosII_simple_socket_server_1_bsp/\libucosii_bsp.a(ins_tse_mac.o)
 .rodata        0x00051e84       0xd8 ../niosII_simple_socket_server_1_bsp/\libucosii_bsp.a(ipnet.o)
 .rodata        0x00051f5c       0xec ../niosII_simple_socket_server_1_bsp/\libucosii_bsp.a(ipstart.o)
 .rodata        0x00052048      0x54c ../niosII_simple_socket_server_1_bsp/\libucosii_bsp.a(igmp_cmn.o)
 .rodata        0x00052594       0xb8 ../niosII_simple_socket_server_1_bsp/\libucosii_bsp.a(in_utils.o)
 .rodata        0x0005264c       0x34 ../niosII_simple_socket_server_1_bsp/\libucosii_bsp.a(netmain.o)
 .rodata        0x00052680      0x1a8 ../niosII_simple_socket_server_1_bsp/\libucosii_bsp.a(tk_crnos.o)
 .rodata        0x00052828        0x8 ../niosII_simple_socket_server_1_bsp/\libucosii_bsp.a(dhcpclnt.o)
 .rodata        0x00052830      0x118 ../niosII_simple_socket_server_1_bsp/\libucosii_bsp.a(pktalloc.o)
 .rodata        0x00052948       0x84 ../niosII_simple_socket_server_1_bsp/\libucosii_bsp.a(udp_open.o)
 .rodata        0x000529cc       0x2c ../niosII_simple_socket_server_1_bsp/\libucosii_bsp.a(brdutils.o)
 .rodata        0x000529f8      0x26c ../niosII_simple_socket_server_1_bsp/\libucosii_bsp.a(osportco.o)
 .rodata        0x00052c64       0xa0 ../niosII_simple_socket_server_1_bsp/\libucosii_bsp.a(targnios.o)
 .rodata        0x00052d04       0x90 ../niosII_simple_socket_server_1_bsp/\libucosii_bsp.a(nptcp.o)
 .rodata        0x00052d94        0x8 ../niosII_simple_socket_server_1_bsp/\libucosii_bsp.a(sockcall.o)
 .rodata        0x00052d9c       0x50 ../niosII_simple_socket_server_1_bsp/\libucosii_bsp.a(socket.o)
 .rodata        0x00052dec       0x40 ../niosII_simple_socket_server_1_bsp/\libucosii_bsp.a(socket2.o)
 .rodata        0x00052e2c       0x20 ../niosII_simple_socket_server_1_bsp/\libucosii_bsp.a(tcp_in.o)
 .rodata        0x00052e4c       0x40 ../niosII_simple_socket_server_1_bsp/\libucosii_bsp.a(tcp_out.o)
 .rodata        0x00052e8c       0x24 ../niosII_simple_socket_server_1_bsp/\libucosii_bsp.a(tcp_subr.o)
 .rodata        0x00052eb0       0x2c ../niosII_simple_socket_server_1_bsp/\libucosii_bsp.a(tcp_usr.o)
 .rodata        0x00052edc        0xc ../niosII_simple_socket_server_1_bsp/\libucosii_bsp.a(alt_dev.o)
 .rodata        0x00052ee8        0x4 ../niosII_simple_socket_server_1_bsp/\libucosii_bsp.a(os_cpu_c.o)
 .rodata        0x00052eec      0x1d4 ../niosII_simple_socket_server_1_bsp/\libucosii_bsp.a(allports.o)
 .rodata        0x000530c0       0x34 ../niosII_simple_socket_server_1_bsp/\libucosii_bsp.a(tk_misc.o)
 .rodata        0x000530f4       0x44 ../niosII_simple_socket_server_1_bsp/\libucosii_bsp.a(et_arp.o)
 .rodata        0x00053138      0x1dc ../niosII_simple_socket_server_1_bsp/\libucosii_bsp.a(ip.o)
 .rodata        0x00053314      0x158 ../niosII_simple_socket_server_1_bsp/\libucosii_bsp.a(ip_reasm.o)
 .rodata        0x0005346c      0x120 ../niosII_simple_socket_server_1_bsp/\libucosii_bsp.a(ipdemux.o)
 .rodata        0x0005358c       0x34 ../niosII_simple_socket_server_1_bsp/\libucosii_bsp.a(ipport.o)
 .rodata        0x000535c0       0x24 ../niosII_simple_socket_server_1_bsp/\libucosii_bsp.a(ipraw.o)
 .rodata        0x000535e4       0x38 ../niosII_simple_socket_server_1_bsp/\libucosii_bsp.a(iproute.o)
 .rodata        0x0005361c       0xe8 ../niosII_simple_socket_server_1_bsp/\libucosii_bsp.a(udp.o)
 .rodata        0x00053704      0x2d0 ../niosII_simple_socket_server_1_bsp/\libucosii_bsp.a(u_mctest.o)
 .rodata        0x000539d4       0xf8 ../niosII_simple_socket_server_1_bsp/\libucosii_bsp.a(dhcsetup.o)
 .rodata        0x00053acc       0x94 ../niosII_simple_socket_server_1_bsp/\libucosii_bsp.a(parseip.o)
 .rodata        0x00053b60       0x34 ../niosII_simple_socket_server_1_bsp/\libucosii_bsp.a(vfsfiles.o)
 .rodata        0x00053b94      0x318 ../niosII_simple_socket_server_1_bsp/\libucosii_bsp.a(icmp.o)
 *(.rodata1)
                0x00053eac                . = ALIGN (0x4)
                0x00053eac                PROVIDE (__ram_rodata_end, ABSOLUTE (.))
                0x0004d3cc                PROVIDE (__flash_rodata_start, LOADADDR (.rodata))

.rwdata         0x00053eac     0x2274 load address 0x00056120
                0x00053eac                PROVIDE (__ram_rwdata_start, ABSOLUTE (.))
                0x00053eac                . = ALIGN (0x4)
 *(.got.plt)
 *(.got)
 *(.data1)
 *(.data .data.* .gnu.linkonce.d.*)
 .data          0x00053eac        0x0 ../niosII_simple_socket_server_1_bsp//obj/HAL/src/crt0.o
 .data          0x00053eac        0x0 obj/SSS_DE2_115.o
 .data          0x00053eac        0x0 obj/alt_eeprom/alt_2_wire.o
 .data          0x00053eac        0x0 obj/alt_eeprom/alt_eeprom.o
 .data          0x00053eac        0x0 obj/alt_error_handler.o
 .data          0x00053eac       0x78 obj/iniche_init.o
                0x00053eac                devices
                0x00053edc                ssstask
                0x00053ef4                sssphytask
                0x00053f0c                ssspenetask
 .data          0x00053f24        0x0 obj/led.o
 .data          0x00053f24      0x120 obj/niosII_simple_socket_server.o
                0x00053f24                tse_mac_device
 .data          0x00054044        0x0 c:/altera/12.0/nios2eds/bin/gnu/h-i686-mingw32/bin/../lib/gcc/nios2-elf/4.1.2\libgcc.a(lib2-divmod.o)
 .data          0x00054044        0x0 c:/altera/12.0/nios2eds/bin/gnu/h-i686-mingw32/bin/../lib/gcc/nios2-elf/4.1.2/../../../../nios2-elf/lib\libc.a(lib_a-ctype_.o)
 .data          0x00054044        0x0 c:/altera/12.0/nios2eds/bin/gnu/h-i686-mingw32/bin/../lib/gcc/nios2-elf/4.1.2/../../../../nios2-elf/lib\libc.a(lib_a-fprintf.o)