Archive member included because of file (symbol)

c:/altera/12.0/nios2eds/bin/gnu/h-i686-mingw32/bin/../lib/gcc/nios2-elf/4.1.2\libgcc.a(lib2-divmod.o)
                              obj/led.o (__udivsi3)
c:/altera/12.0/nios2eds/bin/gnu/h-i686-mingw32/bin/../lib/gcc/nios2-elf/4.1.2/../../../../nios2-elf/lib\libc.a(lib_a-ctype_.o)
                              obj/niosII_simple_socket_server.o (__ctype_ptr)
c:/altera/12.0/nios2eds/bin/gnu/h-i686-mingw32/bin/../lib/gcc/nios2-elf/4.1.2/../../../../nios2-elf/lib\libc.a(lib_a-fprintf.o)
                              obj/alt_eeprom/alt_eeprom.o (fprintf)
c:/altera/12.0/nios2eds/bin/gnu/h-i686-mingw32/bin/../lib/gcc/nios2-elf/4.1.2/../../../../nios2-elf/lib\libc.a(lib_a-fwrite.o)
                              obj/alt_error_handler.o (fwrite)
c:/altera/12.0/nios2eds/bin/gnu/h-i686-mingw32/bin/../lib/gcc/nios2-elf/4.1.2/../../../../nios2-elf/lib\libc.a(lib_a-impure.o)
                              obj/alt_eeprom/alt_eeprom.o (_impure_ptr)
c:/altera/12.0/nios2eds/bin/gnu/h-i686-mingw32/bin/../lib/gcc/nios2-elf/4.1.2/../../../../nios2-elf/lib\libc.a(lib_a-malloc.o)
                              obj/alt_eeprom/alt_eeprom.o (free)
c:/altera/12.0/nios2eds/bin/gnu/h-i686-mingw32/bin/../lib/gcc/nios2-elf/4.1.2/../../../../nios2-elf/lib\libc.a(lib_a-mallocr.o)
                              c:/altera/12.0/nios2eds/bin/gnu/h-i686-mingw32/bin/../lib/gcc/nios2-elf/4.1.2/../../../../nios2-elf/lib\libc.a(lib_a-malloc.o) (_malloc_r)
c:/altera/12.0/nios2eds/bin/gnu/h-i686-mingw32/bin/../lib/gcc/nios2-elf/4.1.2/../../../../nios2-elf/lib\libc.a(lib_a-memcpy.o)
                              obj/niosII_simple_socket_server.o (memcpy)
c:/altera/12.0/nios2eds/bin/gnu/h-i686-mingw32/bin/../lib/gcc/nios2-elf/4.1.2/../../../../nios2-elf/lib\libc.a(lib_a-memmove.o)
                              obj/niosII_simple_socket_server.o (memmove)
c:/altera/12.0/nios2eds/bin/gnu/h-i686-mingw32/bin/../lib/gcc/nios2-elf/4.1.2/../../../../nios2-elf/lib\libc.a(lib_a-memset.o)
                              obj/niosII_simple_socket_server.o (memset)
c:/altera/12.0/nios2eds/bin/gnu/h-i686-mingw32/bin/../lib/gcc/nios2-elf/4.1.2/../../../../nios2-elf/lib\libc.a(lib_a-perror.o)
                              obj/alt_error_handler.o (perror)
c:/altera/12.0/nios2eds/bin/gnu/h-i686-mingw32/bin/../lib/gcc/nios2-elf/4.1.2/../../../../nios2-elf/lib\libc.a(lib_a-printf.o)
                              obj/SSS_DE2_115.o (printf)
c:/altera/12.0/nios2eds/bin/gnu/h-i686-mingw32/bin/../lib/gcc/nios2-elf/4.1.2/../../../../nios2-elf/lib\libc.a(lib_a-putchar.o)
                              obj/alt_eeprom/alt_eeprom.o (putchar)
c:/altera/12.0/nios2eds/bin/gnu/h-i686-mingw32/bin/../lib/gcc/nios2-elf/4.1.2/../../../../nios2-elf/lib\libc.a(lib_a-puts.o)
                              obj/SSS_DE2_115.o (puts)
c:/altera/12.0/nios2eds/bin/gnu/h-i686-mingw32/bin/../lib/gcc/nios2-elf/4.1.2/../../../../nios2-elf/lib\libc.a(lib_a-sbrkr.o)
                              c:/altera/12.0/nios2eds/bin/gnu/h-i686-mingw32/bin/../lib/gcc/nios2-elf/4.1.2/../../../../nios2-elf/lib\libc.a(lib_a-mallocr.o) (_sbrk_r)
c:/altera/12.0/nios2eds/bin/gnu/h-i686-mingw32/bin/../lib/gcc/nios2-elf/4.1.2/../../../../nios2-elf/lib\libc.a(lib_a-sprintf.o)
                              obj/niosII_simple_socket_server.o (sprintf)
c:/altera/12.0/nios2eds/bin/gnu/h-i686-mingw32/bin/../lib/gcc/nios2-elf/4.1.2/../../../../nios2-elf/lib\libc.a(lib_a-strchr.o)
                              obj/niosII_simple_socket_server.o (strchr)
c:/altera/12.0/nios2eds/bin/gnu/h-i686-mingw32/bin/../lib/gcc/nios2-elf/4.1.2/../../../../nios2-elf/lib\libc.a(lib_a-strerror.o)
                              c:/altera/12.0/nios2eds/bin/gnu/h-i686-mingw32/bin/../lib/gcc/nios2-elf/4.1.2/../../../../nios2-elf/lib\libc.a(lib_a-perror.o) (strerror)
c:/altera/12.0/nios2eds/bin/gnu/h-i686-mingw32/bin/../lib/gcc/nios2-elf/4.1.2/../../../../nios2-elf/lib\libc.a(lib_a-strlen.o)
                              obj/niosII_simple_socket_server.o (strlen)
c:/altera/12.0/nios2eds/bin/gnu/h-i686-mingw32/bin/../lib/gcc/nios2-elf/4.1.2/../../../../nios2-elf/lib\libc.a(lib_a-u_strerr.o)
                              c:/altera/12.0/nios2eds/bin/gnu/h-i686-mingw32/bin/../lib/gcc/nios2-elf/4.1.2/../../../../nios2-elf/lib\libc.a(lib_a-strerror.o) (_user_strerror)
c:/altera/12.0/nios2eds/bin/gnu/h-i686-mingw32/bin/../lib/gcc/nios2-elf/4.1.2/../../../../nios2-elf/lib\libc.a(lib_a-vfprintf.o)
                              c:/altera/12.0/nios2eds/bin/gnu/h-i686-mingw32/bin/../lib/gcc/nios2-elf/4.1.2/../../../../nios2-elf/lib\libc.a(lib_a-printf.o) (___vfprintf_internal_r)
c:/altera/12.0/nios2eds/bin/gnu/h-i686-mingw32/bin/../lib/gcc/nios2-elf/4.1.2/../../../../nios2-elf/lib\libc.a(lib_a-wsetup.o)
                              c:/altera/12.0/nios2eds/bin/gnu/h-i686-mingw32/bin/../lib/gcc/nios2-elf/4.1.2/../../../../nios2-elf/lib\libc.a(lib_a-vfprintf.o) (__swsetup_r)
[...]
Memory Configuration

Name             Origin             Length             Attributes
reset            0x00000000         0x00000020
sdram            0x00000020         0x07ffffe0
cfi_flash        0x0a800000         0x00800000
sram             0x0b200000         0x00200000
onchip_memory2   0x0b420000         0x00020000
descriptor_memory 0x0b440000         0x00001000
*default*        0x00000000         0xffffffff

Linker script and memory map

LOAD ../niosII_simple_socket_server_1_bsp//obj/HAL/src/crt0.o
LOAD obj/SSS_DE2_115.o
LOAD obj/alt_eeprom/alt_2_wire.o
LOAD obj/alt_eeprom/alt_eeprom.o
LOAD obj/alt_error_handler.o
LOAD obj/iniche_init.o
LOAD obj/led.o
LOAD obj/niosII_simple_socket_server.o
LOAD c:/altera/12.0/nios2eds/bin/gnu/h-i686-mingw32/bin/../lib/gcc/nios2-elf/4.1.2/../../../../nios2-elf/lib\libstdc++.a
LOAD c:/altera/12.0/nios2eds/bin/gnu/h-i686-mingw32/bin/../lib/gcc/nios2-elf/4.1.2/../../../../nios2-elf/lib\libm.a
LOAD c:/altera/12.0/nios2eds/bin/gnu/h-i686-mingw32/bin/../lib/gcc/nios2-elf/4.1.2\libgcc.a
START GROUP
LOAD c:/altera/12.0/nios2eds/bin/gnu/h-i686-mingw32/bin/../lib/gcc/nios2-elf/4.1.2/../../../../nios2-elf/lib\libc.a
LOAD c:/altera/12.0/nios2eds/bin/gnu/h-i686-mingw32/bin/../lib/gcc/nios2-elf/4.1.2\libgcc.a
LOAD ../niosII_simple_socket_server_1_bsp/\libucosii_bsp.a
END GROUP
LOAD c:/altera/12.0/nios2eds/bin/gnu/h-i686-mingw32/bin/../lib/gcc/nios2-elf/4.1.2\libgcc.a
                0x00000000                __alt_mem_sdram = 0x0
                0x0a800000                __alt_mem_cfi_flash = 0xa800000
                0x0b200000                __alt_mem_sram = 0xb200000
                0x0b420000                __alt_mem_onchip_memory2 = 0xb420000
                0x0b440000                __alt_mem_descriptor_memory = 0xb440000

.entry          0x00000000       0x20
 *(.entry)
 .entry         0x00000000       0x20 ../niosII_simple_socket_server_1_bsp//obj/HAL/src/crt0.o
                0x00000000                __reset

.exceptions     0x00000020      0x19c
                0x00000020                PROVIDE (__ram_exceptions_start, ABSOLUTE (.))
                0x00000020                . = ALIGN (0x20)
 *(.irq)
 *(.exceptions.entry.label)
 .exceptions.entry.label
                0x00000020        0x0 ../niosII_simple_socket_server_1_bsp/\libucosii_bsp.a(alt_irq_entry.o)
                0x00000020                alt_irq_entry
 .exceptions.entry.label
                0x00000020        0x0 ../niosII_simple_socket_server_1_bsp/\libucosii_bsp.a(alt_exception_entry.o)
                0x00000020                alt_exception
 *(.exceptions.entry.user)
 *(.exceptions.entry)
 .exceptions.entry
                0x00000020       0x54 ../niosII_simple_socket_server_1_bsp/\libucosii_bsp.a(alt_exception_entry.o)
 *(.exceptions.irqtest.user)
 *(.exceptions.irqtest)
 .exceptions.irqtest
                0x00000074       0x10 ../niosII_simple_socket_server_1_bsp/\libucosii_bsp.a(alt_irq_entry.o)
 *(.exceptions.irqhandler.user)
 *(.exceptions.irqhandler)
 .exceptions.irqhandler
                0x00000084        0x4 ../niosII_simple_socket_server_1_bsp/\libucosii_bsp.a(alt_irq_entry.o)
 *(.exceptions.irqreturn.user)
 *(.exceptions.irqreturn)
 .exceptions.irqreturn
                0x00000088        0x4 ../niosII_simple_socket_server_1_bsp/\libucosii_bsp.a(alt_irq_entry.o)
 *(.exceptions.notirq.label)
 .exceptions.notirq.label
                0x0000008c        0x0 ../niosII_simple_socket_server_1_bsp/\libucosii_bsp.a(alt_irq_entry.o)
 *(.exceptions.notirq.user)
 *(.exceptions.notirq)
 .exceptions.notirq
                0x0000008c        0x8 ../niosII_simple_socket_server_1_bsp/\libucosii_bsp.a(alt_exception_entry.o)
 *(.exceptions.soft.user)
 *(.exceptions.soft)
 *(.exceptions.unknown.user)
 *(.exceptions.unknown)
 .exceptions.unknown
                0x00000094        0x4 ../niosII_simple_socket_server_1_bsp/\libucosii_bsp.a(alt_exception_entry.o)
 *(.exceptions.exit.label)
 .exceptions.exit.label
                0x00000098        0x0 ../niosII_simple_socket_server_1_bsp/\libucosii_bsp.a(alt_irq_entry.o)
 .exceptions.exit.label
                0x00000098        0x0 ../niosII_simple_socket_server_1_bsp/\libucosii_bsp.a(alt_exception_entry.o)
 *(.exceptions.exit.user)
 *(.exceptions.exit)
 .exceptions.exit
                0x00000098       0x54 ../niosII_simple_socket_server_1_bsp/\libucosii_bsp.a(alt_exception_entry.o)
 *(.exceptions)
 .exceptions    0x000000ec       0xd0 ../niosII_simple_socket_server_1_bsp/\libucosii_bsp.a(alt_irq_handler.o)
                0x000000ec                alt_irq_handler
                0x000001bc                PROVIDE (__ram_exceptions_end, ABSOLUTE (.))
                0x00000020                PROVIDE (__flash_exceptions_start, LOADADDR (.exceptions))

.text           0x000001bc    0x4a608
                0x000001bc                PROVIDE (stext, ABSOLUTE (.))
 *(.interp)
 *(.hash)
 *(.dynsym)
 *(.dynstr)
 *(.gnu.version)
 *(.gnu.version_d)
 *(.gnu.version_r)
 *(.rel.init)
 *(.rela.init)
 *(.rel.text .rel.text.* .rel.gnu.linkonce.t.*)
 *(.rela.text .rela.text.* .rela.gnu.linkonce.t.*)
 *(.rel.fini)
 *(.rela.fini)
 *(.rel.rodata .rel.rodata.* .rel.gnu.linkonce.r.*)
 *(.rela.rodata .rela.rodata.* .rela.gnu.linkonce.r.*)
 *(.rel.data .rel.data.* .rel.gnu.linkonce.d.*)
 *(.rela.data .rela.data.* .rela.gnu.linkonce.d.*)
 *(.rel.tdata .rel.tdata.* .rel.gnu.linkonce.td.*)
 *(.rela.tdata .rela.tdata.* .rela.gnu.linkonce.td.*)
 *(.rel.tbss .rel.tbss.* .rel.gnu.linkonce.tb.*)
 *(.rela.tbss .rela.tbss.* .rela.gnu.linkonce.tb.*)
 *(.rel.ctors)
 *(.rela.ctors)
 *(.rel.dtors)
 *(.rela.dtors)
 *(.rel.got)
 *(.rela.got)
 *(.rel.sdata .rel.sdata.* .rel.gnu.linkonce.s.*)
 *(.rela.sdata .rela.sdata.* .rela.gnu.linkonce.s.*)
 *(.rel.sbss .rel.sbss.* .rel.gnu.linkonce.sb.*)
 *(.rela.sbss .rela.sbss.* .rela.gnu.linkonce.sb.*)
 *(.rel.sdata2 .rel.sdata2.* .rel.gnu.linkonce.s2.*)
 *(.rela.sdata2 .rela.sdata2.* .rela.gnu.linkonce.s2.*)
 *(.rel.sbss2 .rel.sbss2.* .rel.gnu.linkonce.sb2.*)
 *(.rela.sbss2 .rela.sbss2.* .rela.gnu.linkonce.sb2.*)
 *(.rel.bss .rel.bss.* .rel.gnu.linkonce.b.*)
 *(.rela.bss .rela.bss.* .rela.gnu.linkonce.b.*)
 *(.rel.plt)
 *(.rela.plt)
 *(.rel.dyn)
 *(.init)
 *(.plt)
 *(.text .stub .text.* .gnu.linkonce.t.*)
 .text          0x000001bc       0x4c ../niosII_simple_socket_server_1_bsp//obj/HAL/src/crt0.o
                0x000001bc                _start
 .text          0x00000208      0x2ec obj/SSS_DE2_115.o
                0x00000208                get_DE2_115_mac_addr
                0x000003b0                FindLastFlashSectorOffset
 .text          0x000004f4      0x410 obj/alt_eeprom/alt_2_wire.o
                0x00000680                alt_2_wireStart
                0x000006b4                alt_2_wireStop
                0x000006e4                alt_2_wireSendByte
                0x00000788                alt_2_wireReadByte
                0x0000089c                alt_2_wireSetDelay
                0x000008c4                alt_2_wireInit
 .text          0x00000904      0x5b8 obj/alt_eeprom/alt_eeprom.o
                0x00000904                readRandom
                0x00000af0                writeByte
                0x00000cdc                hexdump_eeprom
                0x00000db8                dump
                0x00000e28                fill
 .text          0x00000ebc      0xba8 obj/alt_error_handler.o
                0x00000ebc                alt_uCOSIIErrorHandler
                0x000014e0                alt_NetworkErrorHandler
                0x00001778                alt_SSSErrorHandler
 .text          0x00001a64      0x888 obj/iniche_init.o
                0x00001a64                ws_ipset
                0x00001b68                get_board_mac_addr
                0x00001ca4                suspend_network_tasks
                0x00001d04                resume_network_tasks
                0x00001d64                get_mac_addr
                0x00001d9c                get_ip_addr
                0x00001f64                wait_on_phy
                0x000020f8                SSSMonitorPhyTask
                0x000021c8                SSSInitialTask
                0x00002270                main
 .text          0x000022ec      0x154 obj/led.o
                0x000022ec                LEDBlinkTask
                0x000023a4                LEDManagementTask
 .text          0x00002440     0x12f0 obj/niosII_simple_socket_server.o
                0x00002440                SSSCreateOSDataStructs
                0x000024bc                SSSCreateTasks
                0x00002580                SSS_reset_connection
                0x000025f0                SSS_send_menu
                0x00002758                SSS_handle_accept
                0x00002810                SSS_exec_command
                0x000029c0                SSS_handle_receive
                0x00002bac                SSSNiosIISimpleSocketServerTask
                0x00002d7c                SSSNiosIISimpleSocketServerPeneTask
 .text          0x00003730      0x14c c:/altera/12.0/nios2eds/bin/gnu/h-i686-mingw32/bin/../lib/gcc/nios2-elf/4.1.2\libgcc.a(lib2-divmod.o)
                0x000037ac                __divsi3
                0x0000380c                __modsi3
                0x0000386c                __udivsi3
                0x00003874                __umodsi3
 .text          0x0000387c        0x0 c:/altera/12.0/nios2eds/bin/gnu/h-i686-mingw32/bin/../lib/gcc/nios2-elf/4.1.2/../../../../nios2-elf/lib\libc.a(lib_a-ctype_.o)
 .text          0x0000387c       0x60 c:/altera/12.0/nios2eds/bin/gnu/h-i686-mingw32/bin/../lib/gcc/nios2-elf/4.1.2/../../../../nios2-elf/lib\libc.a(lib_a-fprintf.o)
                0x0000387c                fprintf
                0x000038a8                _fprintf_r
 .text          0x000038dc       0xdc c:/altera/12.0/nios2eds/bin/gnu/h-i686-mingw32/bin/../lib/gcc/nios2-elf/4.1.2/../../../../nios2-elf/lib\libc.a(lib_a-fwrite.o)
                0x000038dc                _fwrite_r
                0x00003978                fwrite
 .text          0x000039b8        0x0 c:/altera/12.0/nios2eds/bin/gnu/h-i686-mingw32/bin/../lib/gcc/nios2-elf/4.1.2/../../../../nios2-elf/lib\libc.a(lib_a-impure.o)
 .text          0x000039b8       0x28 c:/altera/12.0/nios2eds/bin/gnu/h-i686-mingw32/bin/../lib/gcc/nios2-elf/4.1.2/../../../../nios2-elf/lib\libc.a(lib_a-malloc.o)
                0x000039b8                free
                0x000039cc                malloc
 .text          0x000039e0      0x740 c:/altera/12.0/nios2eds/bin/gnu/h-i686-mingw32/bin/../lib/gcc/nios2-elf/4.1.2/../../../../nios2-elf/lib\libc.a(lib_a-mallocr.o)
                0x000039e0                _malloc_r
 .text          0x00004120       0xa0 c:/altera/12.0/nios2eds/bin/gnu/h-i686-mingw32/bin/../lib/gcc/nios2-elf/4.1.2/../../../../nios2-elf/lib\libc.a(lib_a-memcpy.o)
                0x00004120                memcpy
 .text          0x000041c0       0xe0 c:/altera/12.0/nios2eds/bin/gnu/h-i686-mingw32/bin/../lib/gcc/nios2-elf/4.1.2/../../../../nios2-elf/lib\libc.a(lib_a-memmove.o)
                0x000041c0                memmove
 .text          0x000042a0       0x98 c:/altera/12.0/nios2eds/bin/gnu/h-i686-mingw32/bin/../lib/gcc/nios2-elf/4.1.2/../../../../nios2-elf/lib\libc.a(lib_a-memset.o)
                0x000042a0                memset
 .text          0x00004338       0x80 c:/altera/12.0/nios2eds/bin/gnu/h-i686-mingw32/bin/../lib/gcc/nios2-elf/4.1.2/../../../../nios2-elf/lib\libc.a(lib_a-perror.o)
                0x00004338                _perror_r
                0x000043a4                perror
 .text          0x000043b8       0x78 c:/altera/12.0/nios2eds/bin/gnu/h-i686-mingw32/bin/../lib/gcc/nios2-elf/4.1.2/../../../../nios2-elf/lib\libc.a(lib_a-printf.o)
                0x000043b8                printf
                0x000043fc                _printf_r
 .text          0x00004430       0x24 c:/altera/12.0/nios2eds/bin/gnu/h-i686-mingw32/bin/../lib/gcc/nios2-elf/4.1.2/../../../../nios2-elf/lib\libc.a(lib_a-putchar.o)
                0x00004430                putchar
                0x0000444c                _putchar_r
 .text          0x00004454       0xb4 c:/altera/12.0/nios2eds/bin/gnu/h-i686-mingw32/bin/../lib/gcc/nios2-elf/4.1.2/../../../../nios2-elf/lib\libc.a(lib_a-puts.o)
                0x00004454                _puts_r
                0x000044f4                puts
 .text          0x00004508       0x70 c:/altera/12.0/nios2eds/bin/gnu/h-i686-mingw32/bin/../lib/gcc/nios2-elf/4.1.2/../../../../nios2-elf/lib\libc.a(lib_a-sbrkr.o)
                0x00004508                _sbrk_r
 .text          0x00004578       0xd4 c:/altera/12.0/nios2eds/bin/gnu/h-i686-mingw32/bin/../lib/gcc/nios2-elf/4.1.2/../../../../nios2-elf/lib\libc.a(lib_a-sprintf.o)
                0x00004578                sprintf
                0x000045ec                _sprintf_r
 .text          0x0000464c       0xe0 c:/altera/12.0/nios2eds/bin/gnu/h-i686-mingw32/bin/../lib/gcc/nios2-elf/4.1.2/../../../../nios2-elf/lib\libc.a(lib_a-strchr.o)
                0x0000464c                strchr
 .text          0x0000472c      0x674 c:/altera/12.0/nios2eds/bin/gnu/h-i686-mingw32/bin/../lib/gcc/nios2-elf/4.1.2/../../../../nios2-elf/lib\libc.a(lib_a-strerror.o)
                0x0000472c                strerror
 .text          0x00004da0       0x74 c:/altera/12.0/nios2eds/bin/gnu/h-i686-mingw32/bin/../lib/gcc/nios2-elf/4.1.2/../../../../nios2-elf/lib\libc.a(lib_a-strlen.o)
                0x00004da0                strlen
 .text          0x00004e14        0x8 c:/altera/12.0/nios2eds/bin/gnu/h-i686-mingw32/bin/../lib/gcc/nios2-elf/4.1.2/../../../../nios2-elf/lib\libc.a(lib_a-u_strerr.o)
                0x00004e14                _user_strerror
 .text          0x00004e1c     0x1f28 c:/altera/12.0/nios2eds/bin/gnu/h-i686-mingw32/bin/../lib/gcc/nios2-elf/4.1.2/../../../../nios2-elf/lib\libc.a(lib_a-vfprintf.o)
                0x00004e74                ___vfprintf_internal_r
                0x00006d20                __vfprintf_internal
 .text          0x00006d44      0x13c c:/altera/12.0/nios2eds/bin/gnu/h-i686-mingw32/bin/../lib/gcc/nios2-elf/4.1.2/../../../../nios2-elf/lib\libc.a(lib_a-wsetup.o)
                0x00006d44                __swsetup_r
 .text          0x00006e80     0x17cc c:/altera/12.0/nios2eds/bin/gnu/h-i686-mingw32/bin/../lib/gcc/nios2-elf/4.1.2/../../../../nios2-elf/lib\libc.a(lib_a-dtoa.o)
                0x00007098                _dtoa_r
 .text          0x0000864c      0x230 c:/altera/12.0/nios2eds/bin/gnu/h-i686-mingw32/bin/../lib/gcc/nios2-elf/4.1.2/../../../../nios2-elf/lib\libc.a(lib_a-fflush.o)
                0x0000864c                _fflush_r
                0x00008848                fflush
 .text          0x0000887c      0x2c0 c:/altera/12.0/nios2eds/bin/gnu/h-i686-mingw32/bin/../lib/gcc/nios2-elf/4.1.2/../../../../nios2-elf/lib\libc.a(lib_a-findfp.o)
                0x000088d4                __sfp_lock_acquire
                0x000088d8                __sfp_lock_release
                0x000088dc                __sinit_lock_acquire
                0x000088e0                __sinit_lock_release
                0x000088e4                __sinit
                0x00008998                __fp_unlock_all
                0x000089b0                __fp_lock_all
                0x000089c8                _cleanup_r
                0x000089d4                _cleanup
                0x000089e4                __sfmoreglue
                0x00008a4c                __sfp
 .text          0x00008b3c       0xbc c:/altera/12.0/nios2eds/bin/gnu/h-i686-mingw32/bin/../lib/gcc/nios2-elf/4.1.2/../../../../nios2-elf/lib\libc.a(lib_a-fputc.o)
                0x00008b3c                fputc
                0x00008ba0                _fputc_r
 .text          0x00008bf8       0x90 c:/altera/12.0/nios2eds/bin/gnu/h-i686-mingw32/bin/../lib/gcc/nios2-elf/4.1.2/../../../../nios2-elf/lib\libc.a(lib_a-fputs.o)
                0x00008bf8                _fputs_r
                0x00008c6c                fputs
 .text          0x00008c88      0x440 c:/altera/12.0/nios2eds/bin/gnu/h-i686-mingw32/bin/../lib/gcc/nios2-elf/4.1.2/../../../../nios2-elf/lib\libc.a(lib_a-freer.o)
                0x00008c88                _malloc_trim_r
                0x00008db4                _free_r
 .text          0x000090c8      0x49c c:/altera/12.0/nios2eds/bin/gnu/h-i686-mingw32/bin/../lib/gcc/nios2-elf/4.1.2/../../../../nios2-elf/lib\libc.a(lib_a-fvwrite.o)
                0x000090c8                __sfvwrite_r
 .text          0x00009564      0x180 c:/altera/12.0/nios2eds/bin/gnu/h-i686-mingw32/bin/../lib/gcc/nios2-elf/4.1.2/../../../../nios2-elf/lib\libc.a(lib_a-fwalk.o)
                0x00009564                _fwalk_reent
                0x0000962c                _fwalk
 .text          0x000096e4        0x0 c:/altera/12.0/nios2eds/bin/gnu/h-i686-mingw32/bin/../lib/gcc/nios2-elf/4.1.2/../../../../nios2-elf/lib\libc.a(lib_a-int_errno.o)
 .text          0x000096e4       0xc4 c:/altera/12.0/nios2eds/bin/gnu/h-i686-mingw32/bin/../lib/gcc/nios2-elf/4.1.2/../../../../nios2-elf/lib\libc.a(lib_a-locale.o)
                0x000096e4                __locale_charset
                0x000096ec                _localeconv_r
                0x000096f8                localeconv
                0x00009708                _setlocale_r
                0x0000978c                setlocale
 .text          0x000097a8      0x194 c:/altera/12.0/nios2eds/bin/gnu/h-i686-mingw32/bin/../lib/gcc/nios2-elf/4.1.2/../../../../nios2-elf/lib\libc.a(lib_a-makebuf.o)
                0x000097a8                __smakebuf_r
 .text          0x0000993c       0xe4 c:/altera/12.0/nios2eds/bin/gnu/h-i686-mingw32/bin/../lib/gcc/nios2-elf/4.1.2/../../../../nios2-elf/lib\libc.a(lib_a-memchr.o)
                0x0000993c                memchr
 .text          0x00009a20      0xff4 c:/altera/12.0/nios2eds/bin/gnu/h-i686-mingw32/bin/../lib/gcc/nios2-elf/4.1.2/../../../../nios2-elf/lib\libc.a(lib_a-mprec.o)
                0x00009a20                _Bfree
                0x00009a48                __hi0bits
                0x00009ab8                __lo0bits
                0x00009b7c                __mcmp
                0x00009bdc                __ulp
                0x00009c5c                __b2d
                0x00009d7c                __ratio
                0x00009e2c                _mprec_log10
                0x00009ec0                __copybits
                0x00009f18                __any_on
                0x00009fa0                _Balloc
                0x0000a05c                __d2b
                0x0000a1d8                __mdiff
                0x0000a364                __lshift
                0x0000a4b0                __multiply
                0x0000a698                __i2b
                0x0000a6d4                __multadd
                0x0000a7d4                __pow5mult
                0x0000a8f4                __s2b
 .text          0x0000aa14      0x1ec c:/altera/12.0/nios2eds/bin/gnu/h-i686-mingw32/bin/../lib/gcc/nios2-elf/4.1.2/../../../../nios2-elf/lib\libc.a(lib_a-putc.o)
                0x0000aa14                putc
                0x0000ab18                _putc_r
 .text          0x0000ac00      0x5f4 c:/altera/12.0/nios2eds/bin/gnu/h-i686-mingw32/bin/../lib/gcc/nios2-elf/4.1.2/../../../../nios2-elf/lib\libc.a(lib_a-reallocr.o)
                0x0000ac00                _realloc_r
 .text          0x0000b1f4       0x40 c:/altera/12.0/nios2eds/bin/gnu/h-i686-mingw32/bin/../lib/gcc/nios2-elf/4.1.2/../../../../nios2-elf/lib\libc.a(lib_a-s_isinfd.o)
                0x0000b1f4                __isinfd
 .text          0x0000b234       0x30 c:/altera/12.0/nios2eds/bin/gnu/h-i686-mingw32/bin/../lib/gcc/nios2-elf/4.1.2/../../../../nios2-elf/lib\libc.a(lib_a-s_isnand.o)
                0x0000b234                __isnand
 .text          0x0000b264      0x14c c:/altera/12.0/nios2eds/bin/gnu/h-i686-mingw32/bin/../lib/gcc/nios2-elf/4.1.2/../../../../nios2-elf/lib\libc.a(lib_a-stdio.o)
                0x0000b264                __sclose
                0x0000b26c                __sseek
                0x0000b2d4                __swrite
                0x0000b350                __sread
 .text          0x0000b3b0       0xbc c:/altera/12.0/nios2eds/bin/gnu/h-i686-mingw32/bin/../lib/gcc/nios2-elf/4.1.2/../../../../nios2-elf/lib\libc.a(lib_a-strcmp.o)
                0x0000b3b0                strcmp
 .text          0x0000b46c      0x14c c:/altera/12.0/nios2eds/bin/gnu/h-i686-mingw32/bin/../lib/gcc/nios2-elf/4.1.2/../../../../nios2-elf/lib\libc.a(lib_a-wbuf.o)
                0x0000b46c                __swbuf_r
                0x0000b59c                __swbuf
 .text          0x0000b5b8       0x78 c:/altera/12.0/nios2eds/bin/gnu/h-i686-mingw32/bin/../lib/gcc/nios2-elf/4.1.2/../../../../nios2-elf/lib\libc.a(lib_a-writer.o)
                0x0000b5b8                _write_r
 .text          0x0000b630       0xb4 c:/altera/12.0/nios2eds/bin/gnu/h-i686-mingw32/bin/../lib/gcc/nios2-elf/4.1.2/../../../../nios2-elf/lib\libc.a(lib_a-callocr.o)
                0x0000b630                _calloc_r
 .text          0x0000b6e4       0x70 c:/altera/12.0/nios2eds/bin/gnu/h-i686-mingw32/bin/../lib/gcc/nios2-elf/4.1.2/../../../../nios2-elf/lib\libc.a(lib_a-closer.o)
                0x0000b6e4                _close_r
 .text          0x0000b754      0x124 c:/altera/12.0/nios2eds/bin/gnu/h-i686-mingw32/bin/../lib/gcc/nios2-elf/4.1.2/../../../../nios2-elf/lib\libc.a(lib_a-fclose.o)
                0x0000b754                _fclose_r
                0x0000b864                fclose
 .text          0x0000b878       0x74 c:/altera/12.0/nios2eds/bin/gnu/h-i686-mingw32/bin/../lib/gcc/nios2-elf/4.1.2/../../../../nios2-elf/lib\libc.a(lib_a-fstatr.o)
                0x0000b878                _fstat_r
 .text          0x0000b8ec       0x70 c:/altera/12.0/nios2eds/bin/gnu/h-i686-mingw32/bin/../lib/gcc/nios2-elf/4.1.2/../../../../nios2-elf/lib\libc.a(lib_a-isattyr.o)
                0x0000b8ec                _isatty_r
 .text          0x0000b95c       0x78 c:/altera/12.0/nios2eds/bin/gnu/h-i686-mingw32/bin/../lib/gcc/nios2-elf/4.1.2/../../../../nios2-elf/lib\libc.a(lib_a-lseekr.o)
                0x0000b95c                _lseek_r
 .text          0x0000b9d4       0x78 c:/altera/12.0/nios2eds/bin/gnu/h-i686-mingw32/bin/../lib/gcc/nios2-elf/4.1.2/../../../../nios2-elf/lib\libc.a(lib_a-readr.o)
                0x0000b9d4                _read_r
 .text          0x0000ba4c      0x5dc c:/altera/12.0/nios2eds/bin/gnu/h-i686-mingw32/bin/../lib/gcc/nios2-elf/4.1.2\libgcc.a(_udivdi3.o)
                0x0000ba4c                __udivdi3
 .text          0x0000c028      0x5b0 c:/altera/12.0/nios2eds/bin/gnu/h-i686-mingw32/bin/../lib/gcc/nios2-elf/4.1.2\libgcc.a(_umoddi3.o)
                0x0000c028                __umoddi3
 .text          0x0000c5d8      0x504 c:/altera/12.0/nios2eds/bin/gnu/h-i686-mingw32/bin/../lib/gcc/nios2-elf/4.1.2\libgcc.a(_addsub_df.o)
                0x0000c9e8                __subdf3
                0x0000ca68                __adddf3
 .text          0x0000cadc      0x3c4 c:/altera/12.0/nios2eds/bin/gnu/h-i686-mingw32/bin/../lib/gcc/nios2-elf/4.1.2\libgcc.a(_mul_df.o)
                0x0000cadc                __muldf3
 .text          0x0000cea0      0x258 c:/altera/12.0/nios2eds/bin/gnu/h-i686-mingw32/bin/../lib/gcc/nios2-elf/4.1.2\libgcc.a(_div_df.o)
                0x0000cea0                __divdf3
 .text          0x0000d0f8       0x88 c:/altera/12.0/nios2eds/bin/gnu/h-i686-mingw32/bin/../lib/gcc/nios2-elf/4.1.2\libgcc.a(_eq_df.o)
                0x0000d0f8                __eqdf2
 .text          0x0000d180       0x88 c:/altera/12.0/nios2eds/bin/gnu/h-i686-mingw32/bin/../lib/gcc/nios2-elf/4.1.2\libgcc.a(_ne_df.o)
                0x0000d180                __nedf2
 .text          0x0000d208       0x88 c:/altera/12.0/nios2eds/bin/gnu/h-i686-mingw32/bin/../lib/gcc/nios2-elf/4.1.2\libgcc.a(_gt_df.o)
                0x0000d208                __gtdf2
 .text          0x0000d290       0x88 c:/altera/12.0/nios2eds/bin/gnu/h-i686-mingw32/bin/../lib/gcc/nios2-elf/4.1.2\libgcc.a(_ge_df.o)
                0x0000d290                __gedf2
 .text          0x0000d318       0x88 c:/altera/12.0/nios2eds/bin/gnu/h-i686-mingw32/bin/../lib/gcc/nios2-elf/4.1.2\libgcc.a(_lt_df.o)
                0x0000d318                __ltdf2
 .text          0x0000d3a0       0xf8 c:/altera/12.0/nios2eds/bin/gnu/h-i686-mingw32/bin/../lib/gcc/nios2-elf/4.1.2\libgcc.a(_si_to_df.o)
                0x0000d3a0                __floatsidf
 .text          0x0000d498       0xd8 c:/altera/12.0/nios2eds/bin/gnu/h-i686-mingw32/bin/../lib/gcc/nios2-elf/4.1.2\libgcc.a(_df_to_si.o)
                0x0000d498                __fixdfsi
 .text          0x0000d570        0x0 c:/altera/12.0/nios2eds/bin/gnu/h-i686-mingw32/bin/../lib/gcc/nios2-elf/4.1.2\libgcc.a(_thenan_df.o)
 .text          0x0000d570      0x194 c:/altera/12.0/nios2eds/bin/gnu/h-i686-mingw32/bin/../lib/gcc/nios2-elf/4.1.2\libgcc.a(_usi_to_df.o)
                0x0000d570                __floatunsidf
 .text          0x0000d704       0x98 c:/altera/12.0/nios2eds/bin/gnu/h-i686-mingw32/bin/../lib/gcc/nios2-elf/4.1.2\libgcc.a(_muldi3.o)
                0x0000d704                __muldi3
 .text          0x0000d79c        0x0 c:/altera/12.0/nios2eds/bin/gnu/h-i686-mingw32/bin/../lib/gcc/nios2-elf/4.1.2\libgcc.a(_clz.o)
 .text          0x0000d79c       0x80 c:/altera/12.0/nios2eds/bin/gnu/h-i686-mingw32/bin/../lib/gcc/nios2-elf/4.1.2\libgcc.a(_clzsi2.o)
                0x0000d79c                __clzsi2
 .text          0x0000d81c      0x314 c:/altera/12.0/nios2eds/bin/gnu/h-i686-mingw32/bin/../lib/gcc/nios2-elf/4.1.2\libgcc.a(_pack_df.o)
                0x0000d81c                __pack_d
 .text          0x0000db30      0x138 c:/altera/12.0/nios2eds/bin/gnu/h-i686-mingw32/bin/../lib/gcc/nios2-elf/4.1.2\libgcc.a(_unpack_df.o)
                0x0000db30                __unpack_d
 .text          0x0000dc68       0xc8 c:/altera/12.0/nios2eds/bin/gnu/h-i686-mingw32/bin/../lib/gcc/nios2-elf/4.1.2\libgcc.a(_fpcmp_parts_df.o)
                0x0000dc68                __fpcmp_parts_d
 .text          0x0000dd30       0xd0 ../niosII_simple_socket_server_1_bsp/\libucosii_bsp.a(alt_flash_dev.o)
                0x0000dd30                alt_flash_open_dev
                0x0000ddac                alt_flash_close_dev
 .text          0x0000de00      0x134 ../niosII_simple_socket_server_1_bsp/\libucosii_bsp.a(alt_fstat.o)
                0x0000de00                fstat
 .text          0x0000df34      0x120 ../niosII_simple_socket_server_1_bsp/\libucosii_bsp.a(alt_isatty.o)
                0x0000df34                isatty
 .text          0x0000e054       0xec ../niosII_simple_socket_server_1_bsp/\libucosii_bsp.a(alt_load.o)
                0x0000e054                alt_load
 .text          0x0000e140      0x150 ../niosII_simple_socket_server_1_bsp/\libucosii_bsp.a(alt_lseek.o)
                0x0000e140                lseek
 .text          0x0000e290       0xc8 ../niosII_simple_socket_server_1_bsp/\libucosii_bsp.a(alt_main.o)
                0x0000e290                alt_main
 .text          0x0000e358       0xbc ../niosII_simple_socket_server_1_bsp/\libucosii_bsp.a(alt_sbrk.o)
                0x0000e358                sbrk
 .text          0x0000e414      0x118 ../niosII_simple_socket_server_1_bsp/\libucosii_bsp.a(alt_usleep.o)
                0x0000e414                usleep
 .text          0x0000e52c      0x108 ../niosII_simple_socket_server_1_bsp/\libucosii_bsp.a(alt_env_lock.o)
                0x0000e52c                __env_lock
                0x0000e5d8                __env_unlock
 .text          0x0000e634      0x1d8 ../niosII_simple_socket_server_1_bsp/\libucosii_bsp.a(alt_malloc_lock.o)
                0x0000e634                __malloc_lock
                0x0000e73c                __malloc_unlock
 .text          0x0000e80c     0x2128 ../niosII_simple_socket_server_1_bsp/\libucosii_bsp.a(os_core.o)
                0x0000e80c                OSEventNameGet
                0x0000e93c                OSEventNameSet
                0x0000ea80                OSEventPendMulti
                0x0000f134                OSInit
                0x0000f188                OSIntEnter
                0x0000f204                OSIntExit
                0x0000f304                OSSchedLock
                0x0000f390                OSSchedUnlock
                0x0000f474                OSStart
                0x0000f4e4                OSStatInit
                0x0000f590                OSTimeTick
                0x0000f7d0                OSVersion
                0x0000f7f0                OS_Dummy
                0x0000f80c                OS_EventTaskRdy
                0x0000f9a0                OS_EventTaskWait
                0x0000fab0                OS_EventTaskWaitMulti
                0x0000fc04                OS_EventTaskRemove
                0x0000fcbc                OS_EventTaskRemoveMulti
                0x0000fdc0                OS_EventWaitListInit
                0x0001018c                OS_MemClr
                0x000101e0                OS_MemCopy
                0x0001024c                OS_Sched
                0x00010390                OS_StrCopy
                0x00010410                OS_StrLen
                0x00010468                OS_TaskIdle
                0x000104c4                OS_TaskStat
                0x0001058c                OS_TaskStatStkChk
                0x00010654                OS_TCBInit
 .text          0x00010934      0x18c ../niosII_simple_socket_server_1_bsp/\libucosii_bsp.a(os_dbg.o)
                0x00010934                OSDebugInit
 .text          0x00010ac0     0x193c ../niosII_simple_socket_server_1_bsp/\libucosii_bsp.a(os_flag.o)
                0x00010ac0                OSFlagAccept
                0x00010df4                OSFlagCreate
                0x00010f30                OSFlagDel
                0x000111d8                OSFlagNameGet
                0x0001131c                OSFlagNameSet
                0x00011470                OSFlagPend
                0x00011ab4                OSFlagPendGetFlagsRdy
                0x00011b1c                OSFlagPost
                0x00011ec4                OSFlagQuery
                0x0001215c                OS_FlagInit
                0x00012350                OS_FlagUnlink
 .text          0x000123fc      0xc8c ../niosII_simple_socket_server_1_bsp/\libucosii_bsp.a(os_mbox.o)
                0x000123fc                OSMboxAccept
                0x000124a0                OSMboxCreate
                0x000125b4                OSMboxDel
                0x00012854                OSMboxPend
                0x00012b1c                OSMboxPendAbort
                0x00012c98                OSMboxPost
                0x00012dcc                OSMboxPostOpt
                0x00012f58                OSMboxQuery
 .text          0x00013088      0x808 ../niosII_simple_socket_server_1_bsp/\libucosii_bsp.a(os_mem.o)
                0x00013088                OSMemCreate
                0x000132a4                OSMemGet
                0x000133a8                OSMemNameGet
                0x000134b4                OSMemNameSet
                0x000135d4                OSMemPut
                0x000136c4                OSMemQuery
                0x000137c0                OS_MemInit
 .text          0x00013890     0x1334 ../niosII_simple_socket_server_1_bsp/\libucosii_bsp.a(os_q.o)
                0x00013890                OSQAccept
                0x000139e4                OSQCreate
                0x00013bf8                OSQDel
                0x00013ef8                OSQFlush
                0x00013fc0                OSQPend
                0x000142e0                OSQPendAbort
                0x0001445c                OSQPost
                0x000145dc                OSQPostFront
                0x00014764                OSQPostOpt
                0x00014998                OSQQuery
                0x00014b18                OS_QInit
 .text          0x00014bc4      0xbc8 ../niosII_simple_socket_server_1_bsp/\libucosii_bsp.a(os_sem.o)
                0x00014bc4                OSSemAccept
                0x00014c84                OSSemCreate
                0x00014d98                OSSemDel
                0x00015038                OSSemPend
                0x000152b4                OSSemPendAbort
                0x00015430                OSSemPost
                0x00015558                OSSemQuery
                0x00015688                OSSemSet
 .text          0x0001578c     0x1a40 ../niosII_simple_socket_server_1_bsp/\libucosii_bsp.a(os_task.o)
                0x0001578c                OSTaskChangePrio
                0x00015d00                OSTaskCreate
                0x00015ed4                OSTaskCreateExt
                0x000160d4                OSTaskDel
                0x000164e0                OSTaskDelReq
                0x00016650                OSTaskNameGet
                0x00016808                OSTaskNameSet
                0x000169cc                OSTaskResume
                0x00016be4                OSTaskStkChk
                0x00016de0                OSTaskSuspend
                0x0001700c                OSTaskQuery
                0x00017150                OS_TaskStkClr
 .text          0x000171cc      0x598 ../niosII_simple_socket_server_1_bsp/\libucosii_bsp.a(os_time.o)
                0x000171cc                OSTimeDly
                0x00017318                OSTimeDlyHMSM
                0x0001748c                OSTimeDlyResume
                0x0001769c                OSTimeGet
                0x00017700                OSTimeSet
 .text          0x00017764      0x2fc ../niosII_simple_socket_server_1_bsp/\libucosii_bsp.a(alt_sys_init.o)
                0x00017764                alt_irq_init
                0x00017798                alt_sys_init
 .text          0x00017a60      0x8c8 ../niosII_simple_socket_server_1_bsp/\libucosii_bsp.a(altera_avalon_cfi_flash.o)
                0x00017a60                alt_flash_cfi_init
                0x00017b34                alt_flash_cfi_write
                0x00017df4                alt_flash_cfi_get_info
                0x00017e84                alt_flash_cfi_read
                0x00017eec                alt_write_value_to_flash
                0x00018050                alt_flash_program_block
 .text          0x00018328     0x1448 ../niosII_simple_socket_server_1_bsp/\libucosii_bsp.a(altera_avalon_cfi_flash_table.o)
                0x00018328                alt_read_query_entry_8bit
                0x00018368                alt_read_query_entry_16bit
                0x000183ac                alt_read_query_entry_32bit
                0x000183f4                alt_write_flash_command_8bit_device_8bit_mode
                0x00018430                alt_write_flash_command_16bit_device_8bit_mode
                0x000184ac                alt_write_flash_command_32bit_device_8bit_mode
                0x000184f4                alt_write_flash_command_16bit_device_16bit_mode
                0x00018538                alt_write_flash_command_32bit_device_16bit_mode
                0x00018580                alt_write_flash_command_32bit_device_32bit_mode
                0x000185c8                alt_write_native_8bit
                0x000185fc                alt_write_native_16bit
                0x00018630                alt_write_native_32bit
                0x00018660                alt_set_flash_width_func
                0x00018840                alt_set_flash_algorithm_func
                0x00018968                alt_read_cfi_table
                0x00018ee8                alt_read_cfi_width
                0x00019694                alt_check_primary_table
 .text          0x00019770      0x148 ../niosII_simple_socket_server_1_bsp/\libucosii_bsp.a(altera_avalon_jtag_uart_fd.o)
                0x00019770                altera_avalon_jtag_uart_read_fd
                0x000197c8                altera_avalon_jtag_uart_write_fd
                0x00019820                altera_avalon_jtag_uart_close_fd
                0x00019868                altera_avalon_jtag_uart_ioctl_fd
 .text          0x000198b8      0x584 ../niosII_simple_socket_server_1_bsp/\libucosii_bsp.a(altera_avalon_jtag_uart_init.o)
                0x000198b8                altera_avalon_jtag_uart_init
                0x00019dc8                altera_avalon_jtag_uart_close
 .text          0x00019e3c       0xf4 ../niosII_simple_socket_server_1_bsp/\libucosii_bsp.a(altera_avalon_jtag_uart_ioctl.o)
                0x00019e3c                altera_avalon_jtag_uart_ioctl
 .text          0x00019f30      0x2c0 ../niosII_simple_socket_server_1_bsp/\libucosii_bsp.a(altera_avalon_jtag_uart_read.o)
                0x00019f30                altera_avalon_jtag_uart_read
 .text          0x0001a1f0      0x2dc ../niosII_simple_socket_server_1_bsp/\libucosii_bsp.a(altera_avalon_jtag_uart_write.o)
                0x0001a1f0                altera_avalon_jtag_uart_write
 .text          0x0001a4cc      0xf3c ../niosII_simple_socket_server_1_bsp/\libucosii_bsp.a(altera_avalon_lcd_16207.o)
                0x0001aca0                altera_avalon_lcd_16207_write
                0x0001b2a4                altera_avalon_lcd_16207_init
 .text          0x0001b408       0x58 ../niosII_simple_socket_server_1_bsp/\libucosii_bsp.a(altera_avalon_lcd_16207_fd.o)
                0x0001b408                altera_avalon_lcd_16207_write_fd
 .text          0x0001b460      0xde4 ../niosII_simple_socket_server_1_bsp/\libucosii_bsp.a(altera_avalon_sgdma.o)
                0x0001b460                alt_avalon_sgdma_do_async_transfer
                0x0001b59c                alt_avalon_sgdma_do_sync_transfer
                0x0001b6c0                alt_avalon_sgdma_construct_mem_to_mem_desc
                0x0001b730                alt_avalon_sgdma_construct_mem_to_mem_desc_burst
                0x0001b7b0                alt_avalon_sgdma_construct_stream_to_mem_desc
                0x0001b804                alt_avalon_sgdma_construct_stream_to_mem_desc_burst
                0x0001b874                alt_avalon_sgdma_construct_mem_to_stream_desc
                0x0001b8e8                alt_avalon_sgdma_construct_mem_to_stream_desc_burst
                0x0001b96c                alt_avalon_sgdma_register_callback
                0x0001b9bc                alt_avalon_sgdma_start
                0x0001ba10                alt_avalon_sgdma_stop
                0x0001ba68                alt_avalon_sgdma_check_descriptor_status
                0x0001bad8                alt_avalon_sgdma_open
                0x0001bb90                alt_avalon_sgdma_construct_descriptor
                0x0001bc18                alt_avalon_sgdma_enable_desc_poll
                0x0001bc94                alt_avalon_sgdma_disable_desc_poll
                0x0001bcf0                alt_avalon_sgdma_construct_descriptor_burst
                0x0001c198                alt_avalon_sgdma_init
 .text          0x0001c244      0x100 ../niosII_simple_socket_server_1_bsp/\libucosii_bsp.a(altera_avalon_timer_sc.o)
                0x0001c2b4                alt_avalon_timer_sc_init
 .text          0x0001c344     0x5350 ../niosII_simple_socket_server_1_bsp/\libucosii_bsp.a(altera_avalon_tse.o)
                0x0001c344                no_printf
                0x0001c370                tse_mac_initTransInfo2
                0x0001c3d0                tse_mac_sTxWrite
                0x0001c4c0                tse_mac_aRxRead
                0x0001c564                tse_mac_SwReset
                0x0001c5f8                tse_mac_setMIImode
                0x0001c650                tse_mac_setGMIImode
                0x0001c6a4                alt_tse_phy_add_profile
                0x0001c87c                alt_tse_system_add_sys
                0x0001d290                alt_tse_sys_enable_mdio_sharing
                0x0001d408                alt_tse_mac_get_common_speed
                0x0001d448                alt_tse_mac_set_common_speed
                0x0001d490                alt_tse_get_system_index
                0x0001d50c                alt_tse_get_mac_group_index
                0x0001d58c                alt_tse_get_mac_info_index
                0x0001d618                alt_tse_get_mac_info
                0x0001d6f8                alt_tse_mac_set_speed
                0x0001d7e4                alt_tse_mac_set_duplex
                0x0001d87c                getPHYSpeed
                0x0001e694                alt_tse_phy_rd_mdio_addr
                0x0001e6dc                alt_tse_phy_wr_mdio_addr
                0x0001e730                alt_tse_phy_wr_mdio_reg
                0x0001e858                alt_tse_phy_rd_mdio_reg
                0x0001e91c                alt_tse_phy_add_profile_default
                0x0001eb94                alt_tse_phy_print_profile
                0x0001ed84                alt_tse_mac_group_init
                0x0001f490                alt_tse_mac_get_phy
                0x0001f8a8                alt_tse_mac_associate_phy
                0x0001fae0                alt_tse_phy_cfg_pcs
                0x0001fc00                alt_tse_phy_init
                0x0001fd14                alt_tse_phy_restart_an
                0x0001fec4                alt_tse_phy_check_link
                0x00020008                alt_tse_phy_get_cap
                0x00020548                alt_tse_phy_set_adv_1000
                0x000206dc                alt_tse_phy_set_adv_100
                0x000208ec                alt_tse_phy_set_adv_10
                0x00020a84                alt_tse_phy_get_common_speed
                0x00020da0                alt_tse_phy_set_common_speed
                0x00021284                marvell_phy_cfg
                0x0002132c                marvell_cfg_gmii
                0x00021420                marvell_cfg_sgmii
                0x00021514                marvell_cfg_rgmii
                0x00021614                DP83848C_link_status_read
 .text          0x00021694       0xf8 ../niosII_simple_socket_server_1_bsp/\libucosii_bsp.a(altera_avalon_uart_fd.o)
                0x00021694                altera_avalon_uart_read_fd
                0x000216ec                altera_avalon_uart_write_fd
                0x00021744                altera_avalon_uart_close_fd
 .text          0x0002178c      0x57c ../niosII_simple_socket_server_1_bsp/\libucosii_bsp.a(altera_avalon_uart_init.o)
                0x0002178c                altera_avalon_uart_init
                0x00021ca8                altera_avalon_uart_close
 .text          0x00021d08      0x310 ../niosII_simple_socket_server_1_bsp/\libucosii_bsp.a(altera_avalon_uart_read.o)
                0x00021d08                altera_avalon_uart_read
 .text          0x00022018      0x2a8 ../niosII_simple_socket_server_1_bsp/\libucosii_bsp.a(altera_avalon_uart_write.o)
                0x00022018                altera_avalon_uart_write
 .text          0x000222c0     0x1778 ../niosII_simple_socket_server_1_bsp/\libucosii_bsp.a(ins_tse_mac.o)
                0x000222c0                triple_speed_ethernet_init
                0x0002241c                prep_tse_mac
                0x00022674                tse_mac_init
                0x0002315c                tse_mac_raw_send
                0x00023454                tse_sgdmaRx_isr
                0x000234fc                tse_sgdma_read_init
                0x000236a4                tse_mac_rcv
                0x000238f4                tse_mac_stats
                0x00023934                tse_mac_close
 .text          0x00023a38       0x54 ../niosII_simple_socket_server_1_bsp/\libucosii_bsp.a(alt_iniche_close.o)
                0x00023a38                close
 .text          0x00023a8c      0x124 ../niosII_simple_socket_server_1_bsp/\libucosii_bsp.a(alt_iniche_dev.o)
                0x00023a8c                iniche_devices_init
 .text          0x00023bb0       0x78 ../niosII_simple_socket_server_1_bsp/\libucosii_bsp.a(alt_iniche_read.o)
                0x00023bb0                read
 .text          0x00023c28       0x70 ../niosII_simple_socket_server_1_bsp/\libucosii_bsp.a(alt_iniche_write.o)
                0x00023c28                write
 .text          0x00023c98      0xedc ../niosII_simple_socket_server_1_bsp/\libucosii_bsp.a(ipnet.o)
                0x00023c98                Netinit
                0x000242e4                fixup_subnet_mask
                0x00024444                netclose
                0x0002452c                pktdemux
                0x00024900                c_older
                0x000249d0                ip2mac
 .text          0x00024b74      0x4b0 ../niosII_simple_socket_server_1_bsp/\libucosii_bsp.a(ipstart.o)
                0x00024b74                ip_startup
                0x00024e58                exit_hook
                0x00024ec4                ip_exit
                0x00024f94                if_netnumber
 .text          0x00025024     0x1010 ../niosII_simple_socket_server_1_bsp/\libucosii_bsp.a(igmp_cmn.o)
                0x00025024                igmp_init
                0x000250d4                igmp_input
                0x000251cc                igmp_fasttimo
                0x00025368                igmp_send
                0x00025610                igmp_joingroup
                0x0002587c                igmp_leavegroup
                0x000258f8                igmp_validate
                0x00025c54                igmp_print_stats
 .text          0x00026034      0xb68 ../niosII_simple_socket_server_1_bsp/\libucosii_bsp.a(bsdsock.o)
                0x00026034                bsd_accept
                0x0002616c                bsd_getpeername
                0x00026298                bsd_getsockname
                0x000263c4                bsd_i_sockoptlen
                0x00026594                bsd_getsockopt
                0x000266b4                bsd_ioctl
                0x000267b8                bsd_inet_ntoa
                0x000267e8                bsd_recvfrom
                0x00026948                bsd_select
                0x00026ab0                bsd_setsockopt
 .text          0x00026b9c      0x118 ../niosII_simple_socket_server_1_bsp/\libucosii_bsp.a(cksum.o)
                0x00026b9c                ccksum
                0x00026c4c                cksum
 .text          0x00026cb4      0xa9c ../niosII_simple_socket_server_1_bsp/\libucosii_bsp.a(in_utils.o)
                0x00026cb4                do_trap
                0x00026ce0                nextarg
                0x00026d5c                hexdump
                0x00026ea4                print_ipad
                0x00026f18                print_uptime
                0x00027044                panic
                0x00027088                print_eth
                0x000271ec                uslash
                0x0002726c                ns_printf
                0x000273f0                std_out
                0x00027434                con_page
                0x00027524                parse_args
 .text          0x00027750      0x1c4 ../niosII_simple_socket_server_1_bsp/\libucosii_bsp.a(netmain.o)
                0x00027750                netmain
                0x00027844                tk_netmain
                0x000278cc                tk_nettick
 .text          0x00027914      0x5e8 ../niosII_simple_socket_server_1_bsp/\libucosii_bsp.a(tk_crnos.o)
                0x00027914                TK_OSTimeDly
                0x00027940                TK_OSTaskResume
                0x000279b0                tcp_sleep
                0x00027b50                tcp_wakeup
                0x00027c54                TK_OSTaskQuery
                0x00027cc8                tk_yield
                0x00027cf4                tk_stats
 .text          0x00027efc      0x79c ../niosII_simple_socket_server_1_bsp/\libucosii_bsp.a(pktalloc.o)
                0x00027efc                pk_init
                0x0002818c                pk_alloc
                0x00028268                pk_validate
                0x00028520                pk_free
                0x000285cc                pk_get_max_intrsafe_buf_len
                0x000285ec                dump_buf_estats
 .text          0x00028698      0x288 ../niosII_simple_socket_server_1_bsp/\libucosii_bsp.a(q.o)
                0x00028698                getq
                0x00028760                putq
                0x00028810                qdel
 .text          0x00028920      0x194 ../niosII_simple_socket_server_1_bsp/\libucosii_bsp.a(asm_cksum.o)
                0x00028920                asm_cksum
 .text          0x00028ab4      0x2a0 ../niosII_simple_socket_server_1_bsp/\libucosii_bsp.a(brdutils.o)
                0x00028ab4                dtrap
                0x00028ae4                kbhit
                0x00028b90                getch
                0x00028bf0                clock_init
                0x00028c2c                clock_c
                0x00028c48                cticks_hook
                0x00028cb4                irq_Mask
                0x00028d10                irq_Unmask
 .text          0x00028d54      0x488 ../niosII_simple_socket_server_1_bsp/\libucosii_bsp.a(osportco.o)
                0x00028d54                LOCK_NET_RESOURCE
                0x00028e14                UNLOCK_NET_RESOURCE
                0x00028e9c                TK_NEWTASK
                0x000290b0                wait_app_sem
                0x00029164                post_app_sem
 .text          0x000291dc      0x568 ../niosII_simple_socket_server_1_bsp/\libucosii_bsp.a(targnios.o)
                0x000291dc                alt_iniche_init
                0x000293f8                pre_task_setup
                0x0002946c                post_task_setup
                0x0002948c                prep_armintcp
                0x000294c4                calloc2
                0x000294f8                npalloc
                0x000295ec                npfree
                0x000296a4                ncpalloc
                0x000296f8                ncpfree
 .text          0x00029744     0x197c ../niosII_simple_socket_server_1_bsp/\libucosii_bsp.a(nptcp.o)
                0x00029744                pffindtype
                0x000297e4                pffindproto
                0x000298b4                m_getnbuf
                0x00029a5c                m_free
                0x00029b90                m_freem
                0x00029bd4                m_copy
                0x00029ef8                m_adj
                0x0002a0c8                mbuf_len
                0x0002a120                dtom
                0x0002a1c8                remque
                0x0002a238                insque
                0x0002a2b4                nptcp_init
                0x0002a3d8                tcp_rcv
                0x0002a5c4                ip_output
                0x0002abbc                in_broadcast
                0x0002abfc                np_stripoptions
                0x0002ace4                so_icmpdu
                0x0002b03c                tcp_tick
 .text          0x0002b0c0      0xa2c ../niosII_simple_socket_server_1_bsp/\libucosii_bsp.a(rawsock.o)
                0x0002b0c0                rawip_lookup
                0x0002b130                rawip_soinput
                0x0002b304                rawip_usrreq
 .text          0x0002baec     0x17fc ../niosII_simple_socket_server_1_bsp/\libucosii_bsp.a(sockcall.o)
                0x0002baec                DOMAIN_CHECK
                0x0002bb38                t_socket
                0x0002bbc8                t_bind
                0x0002bd44                t_listen
                0x0002be28                t_accept
                0x0002c0c0                t_connect
                0x0002c368                t_getpeername
                0x0002c3ac                t_getsockname
                0x0002c5ec                t_setsockopt
                0x0002c7c8                t_getsockopt
                0x0002c96c                t_recv
                0x0002ca5c                t_recvfrom
                0x0002cbac                t_sendto
                0x0002cdd8                t_send
                0x0002d000                t_shutdown
                0x0002d0e4                t_socketclose
                0x0002d24c                t_errno
 .text          0x0002d2e8     0x238c ../niosII_simple_socket_server_1_bsp/\libucosii_bsp.a(socket.o)
                0x0002d2e8                socreate
                0x0002d4b4                sobind
                0x0002d510                solisten
                0x0002d600                sofree
                0x0002d730                soclose
                0x0002da24                soabort
                0x0002da74                soaccept
                0x0002db10                soconnect
                0x0002dbe4                sodisconnect
                0x0002dc84                sosend
                0x0002e28c                soreceive
                0x0002ea70                soshutdown
                0x0002eb18                sorflush
                0x0002ec18                sosetopt
                0x0002f0f0                sogetopt
                0x0002f630                sohasoutofband
 .text          0x0002f674     0x1318 ../niosII_simple_socket_server_1_bsp/\libucosii_bsp.a(socket2.o)
                0x0002f674                soisconnecting
                0x0002f6e0                soisconnected
                0x0002f7dc                soisdisconnecting
                0x0002f868                soisdisconnected
                0x0002f924                sonewconn
                0x0002fb40                soqinsque
                0x0002fbec                soqremque
                0x0002fd0c                socantsendmore
                0x0002fd5c                socantrcvmore
                0x0002fdac                sbselqueue
                0x0002fde4                sbwait
                0x0002fe4c                sbwakeup
                0x0002fee8                soreserve
                0x0002ff68                sbreserve
                0x0002ffc8                sbrelease
                0x00030010                sbappend
                0x000300b8                sbappendrecord
                0x00030198                sbappendaddr
                0x000303a0                sbcompress
                0x00030588                sbflush
                0x00030618                sbdrop
                0x000307e8                sbdropend
                0x000308f8                sbdroprecord
 .text          0x0003098c      0x964 ../niosII_simple_socket_server_1_bsp/\libucosii_bsp.a(soselect.o)
                0x0003098c                t_select
                0x00030bac                sock_selscan
                0x00030d04                sock_select
                0x00030f68                in_pcbnotify
                0x00031034                tcp_notify
                0x0003109c                ifd_clr
                0x0003118c                ifd_set
                0x00031200                ifd_isset
                0x00031280                ifd_get
 .text          0x000312f0     0x30cc ../niosII_simple_socket_server_1_bsp/\libucosii_bsp.a(tcp_in.o)
                0x000312f0                tcp_reass
                0x000316f8                tcp_input
                0x00033d30                tcp_dooptions
                0x00033ec0                tcp_pulloutofband
                0x00033fec                tcp_xmit_timer
                0x00034258                ip4_tcpmss
                0x000342a0                tcp_mss
 .text          0x000343bc     0x1360 ../niosII_simple_socket_server_1_bsp/\libucosii_bsp.a(tcp_out.o)
                0x000343bc                tcp_output
                0x00035538                tcp_setpersist
 .text          0x0003571c      0xa10 ../niosII_simple_socket_server_1_bsp/\libucosii_bsp.a(tcp_subr.o)
                0x0003571c                tcp_init
                0x00035774                tcp_template
                0x0003588c                tcp_respond
                0x00035d14                tcp_newtcpcb
                0x00035e2c                tcp_drop
                0x00035f00                tcp_close
                0x00035fe8                tcp_quench
                0x00036034                tcp_putseq
                0x000360b4                tcp_getseq
 .text          0x0003612c      0x83c ../niosII_simple_socket_server_1_bsp/\libucosii_bsp.a(tcp_timr.o)
                0x0003612c                tcp_slowtimo
                0x00036470                tcp_canceltimers
                0x000364cc                tcp_timers
 .text          0x00036968      0x9ec ../niosII_simple_socket_server_1_bsp/\libucosii_bsp.a(tcp_usr.o)
                0x00036968                tcp_usrreq
                0x0003706c                tcp_attach
                0x000371a0                tcp_disconnect
                0x00037274                tcp_usrclosed
 .text          0x00037354      0x45c ../niosII_simple_socket_server_1_bsp/\libucosii_bsp.a(tcp_zio.o)
                0x00037354                tcp_xout
                0x000375a4                tcp_pktalloc
                0x00037634                tcp_pktfree
                0x00037674                tcp_data_upcall
 .text          0x000377b0       0x4c ../niosII_simple_socket_server_1_bsp/\libucosii_bsp.a(tcpport.o)
                0x000377b0                tcpinit
 .text          0x000377fc      0xd20 ../niosII_simple_socket_server_1_bsp/\libucosii_bsp.a(udpsock.o)
                0x000377fc                udp_lookup
                0x0003786c                udp_soinput
                0x00037a24                udp_usrreq
                0x00037ca8                udp4_sockbind
                0x00037fe4                udp4_socksend
                0x000383c0                udp4_sockaddr
 .text          0x0003851c      0x154 ../niosII_simple_socket_server_1_bsp/\libucosii_bsp.a(alt_alarm_start.o)
                0x0003851c                alt_alarm_start
 .text          0x00038670      0x14c ../niosII_simple_socket_server_1_bsp/\libucosii_bsp.a(alt_busy_sleep.o)
                0x00038670                alt_busy_sleep
 .text          0x000387bc      0x15c ../niosII_simple_socket_server_1_bsp/\libucosii_bsp.a(alt_close.o)
                0x000387bc                alt_close
 .text          0x00038918       0x78 ../niosII_simple_socket_server_1_bsp/\libucosii_bsp.a(alt_dcache_flush.o)
                0x00038918                alt_dcache_flush
 .text          0x00038990       0x44 ../niosII_simple_socket_server_1_bsp/\libucosii_bsp.a(alt_dcache_flush_all.o)
                0x00038990                alt_dcache_flush_all
 .text          0x000389d4       0x2c ../niosII_simple_socket_server_1_bsp/\libucosii_bsp.a(alt_dev.o)
 .text          0x00038a00      0x114 ../niosII_simple_socket_server_1_bsp/\libucosii_bsp.a(alt_dev_llist_insert.o)
                0x00038a00                alt_dev_llist_insert
 .text          0x00038b14       0x64 ../niosII_simple_socket_server_1_bsp/\libucosii_bsp.a(alt_do_ctors.o)
                0x00038b14                _do_ctors
 .text          0x00038b78       0x64 ../niosII_simple_socket_server_1_bsp/\libucosii_bsp.a(alt_do_dtors.o)
                0x00038b78                _do_dtors
 .text          0x00038bdc        0x0 ../niosII_simple_socket_server_1_bsp/\libucosii_bsp.a(alt_errno.o)
 .text          0x00038bdc       0x94 ../niosII_simple_socket_server_1_bsp/\libucosii_bsp.a(alt_find_dev.o)
                0x00038bdc                alt_find_dev
 .text          0x00038c70       0x30 ../niosII_simple_socket_server_1_bsp/\libucosii_bsp.a(alt_icache_flush_all.o)
                0x00038c70                alt_icache_flush_all
 .text          0x00038ca0      0x1d4 ../niosII_simple_socket_server_1_bsp/\libucosii_bsp.a(alt_iic.o)
                0x00038ca0                alt_ic_isr_register
                0x00038cf0                alt_ic_irq_enable
                0x00038d8c                alt_ic_irq_disable
                0x00038e2c                alt_ic_irq_enabled
 .text          0x00038e74       0xf8 ../niosII_simple_socket_server_1_bsp/\libucosii_bsp.a(alt_iic_isr_register.o)
                0x00038e74                alt_iic_isr_register
 .text          0x00038f6c      0x13c ../niosII_simple_socket_server_1_bsp/\libucosii_bsp.a(alt_io_redirect.o)
                0x00039030                alt_io_redirect
 .text          0x000390a8        0x0 ../niosII_simple_socket_server_1_bsp/\libucosii_bsp.a(alt_irq_entry.o)
 .text          0x000390a8        0x0 ../niosII_simple_socket_server_1_bsp/\libucosii_bsp.a(alt_irq_handler.o)
 .text          0x000390a8        0x0 ../niosII_simple_socket_server_1_bsp/\libucosii_bsp.a(alt_irq_vars.o)
 .text          0x000390a8      0x2c4 ../niosII_simple_socket_server_1_bsp/\libucosii_bsp.a(alt_open.o)
                0x00039184                open
 .text          0x0003936c      0x180 ../niosII_simple_socket_server_1_bsp/\libucosii_bsp.a(alt_read.o)
                0x0003936c                alt_read
 .text          0x000394ec       0x60 ../niosII_simple_socket_server_1_bsp/\libucosii_bsp.a(alt_release_fd.o)
                0x000394ec                alt_release_fd
 .text          0x0003954c       0x38 ../niosII_simple_socket_server_1_bsp/\libucosii_bsp.a(alt_remap_cached.o)
                0x0003954c                alt_remap_cached
 .text          0x00039584       0x40 ../niosII_simple_socket_server_1_bsp/\libucosii_bsp.a(alt_remap_uncached.o)
                0x00039584                alt_remap_uncached
 .text          0x000395c4      0x1a8 ../niosII_simple_socket_server_1_bsp/\libucosii_bsp.a(alt_tick.o)
                0x000395c4                alt_alarm_stop
                0x0003965c                alt_tick
 .text          0x0003976c       0x64 ../niosII_simple_socket_server_1_bsp/\libucosii_bsp.a(alt_uncached_malloc.o)
                0x0003976c                alt_uncached_malloc
 .text          0x000397d0      0x180 ../niosII_simple_socket_server_1_bsp/\libucosii_bsp.a(alt_write.o)
                0x000397d0                alt_write
 .text          0x00039950       0x20 ../niosII_simple_socket_server_1_bsp/\libucosii_bsp.a(altera_nios2_irq.o)
                0x00039950                altera_nios2_irq_init
 .text          0x00039970       0xd0 ../niosII_simple_socket_server_1_bsp/\libucosii_bsp.a(os_cpu_a.o)
                0x00039970                OSCtxSw
                0x00039970                OSIntCtxSw
                0x000399fc                OSStartHighRdy
                0x00039a1c                OSStartTsk
 .text          0x00039a40      0x424 ../niosII_simple_socket_server_1_bsp/\libucosii_bsp.a(os_cpu_c.o)
                0x00039a40                OSTaskStkInit
                0x00039d50                OSTaskCreateHook
                0x00039d70                OSTaskDelHook
                0x00039d90                OSTaskSwHook
                0x00039dac                OSTaskStatHook
                0x00039dc8                OSTimeTickHook
                0x00039df0                OSInitHookBegin
                0x00039e0c                OSInitHookEnd
                0x00039e28                OSTaskIdleHook
                0x00039e44                OSTCBInitHook
 .text          0x00039e64      0x460 ../niosII_simple_socket_server_1_bsp/\libucosii_bsp.a(altera_avalon_cfi_flash_amd.o)
                0x00039e64                alt_program_amd
                0x00039ecc                alt_erase_block_amd
 .text          0x0003a2c4      0x460 ../niosII_simple_socket_server_1_bsp/\libucosii_bsp.a(altera_avalon_cfi_flash_intel.o)
                0x0003a2c4                alt_program_intel
                0x0003a348                alt_erase_block_intel
 .text          0x0003a724      0x3d0 ../niosII_simple_socket_server_1_bsp/\libucosii_bsp.a(allports.o)
                0x0003a724                netmain_init
                0x0003a81c                icmp_port_du
                0x0003a8a4                station_state
                0x0003a9f0                sysuptime
                0x0003aa2c                packet_check
                0x0003aa78                mcastlist
                0x0003aa9c                prep_modules
 .text          0x0003aaf4      0x47c ../niosII_simple_socket_server_1_bsp/\libucosii_bsp.a(timeouts.o)
                0x0003aaf4                inet_timer
                0x0003ad4c                in_timerset
                0x0003aec8                in_timerkill
 .text          0x0003af70       0xa4 ../niosII_simple_socket_server_1_bsp/\libucosii_bsp.a(tk_misc.o)
                0x0003af70                create_apptasks
                0x0003af94                task_stats
 .text          0x0003b014       0xb0 ../niosII_simple_socket_server_1_bsp/\libucosii_bsp.a(alt_iniche_fcntl.o)
                0x0003b014                fcntl
 .text          0x0003b0c4     0x14a0 ../niosII_simple_socket_server_1_bsp/\libucosii_bsp.a(et_arp.o)
                0x0003b0c4                etainit
                0x0003b118                et_send
                0x0003b294                arp_free_pending
                0x0003b31c                arp_send_pending
                0x0003b390                send_arp
                0x0003b828                find_oldest_arp
                0x0003b9d0                make_arp_entry
                0x0003bae4                arpReply
                0x0003bd78                arprcv
                0x0003bfd8                send_via_arp
                0x0003c180                cb_arpent_tmo
                0x0003c298                grat_arp
 .text          0x0003c564      0x298 ../niosII_simple_socket_server_1_bsp/\libucosii_bsp.a(iface.o)
                0x0003c564                if_getbynum
                0x0003c5e8                isbcast
                0x0003c6c8                reg_type
                0x0003c764                if_killsocks
 .text          0x0003c7fc     0x22a4 ../niosII_simple_socket_server_1_bsp/\libucosii_bsp.a(ip.o)
                0x0003c7fc                ip_init
                0x0003c8f8                ip_bldhead
                0x0003ca9c                ip_write_internal
                0x0003d21c                ip_write
                0x0003d464                ip_write2
                0x0003d814                ip_raw_write
                0x0003d8ec                ip_fragment_lc
                0x0003dd74                ip_fragment
                0x0003e398                ip_mymach
                0x0003e444                ip_dump
                0x0003e6fc                iproute
                0x0003e968                ip_copypkt
 .text          0x0003eaa0     0x1d9c ../niosII_simple_socket_server_1_bsp/\libucosii_bsp.a(ip_reasm.o)
                0x0003eaa0                ip_reasm_match_frag_with_ire
                0x0003eb70                ip_reasm_determine_type_of_frag
                0x0003ec5c                ip_reasm_check_mem_useage
                0x0003ecf4                ip_reasm_incr_mem_useage
                0x0003ed9c                ip_reasm_decr_mem_useage
                0x0003ee3c                ip_reasm_process_first_fragment
                0x0003f11c                ip_reassm
                0x0003f1bc                ip_reasm_compute_overlap
                0x0003f74c                ip_reasm_process_subsequent_fragments
                0x0003fce0                ip_reasm_find_ire
                0x0003fd44                ip_reasm_copy_queued_fragments_into_reassy_buffer
                0x000400a0                ip_reasm_process_timer_tick
                0x00040184                ip_reasm_delete_ire
                0x0004034c                ip_reasm_mark_compact_rfq
                0x00040494                ipr_stats
                0x000407e8                ip_reasm_send_icmp_timex
 .text          0x0004083c      0xe3c ../niosII_simple_socket_server_1_bsp/\libucosii_bsp.a(ipdemux.o)
                0x0004083c                ip_rcv
                0x00040c3c                ip_rcv_phase2
                0x00041248                ip_demux
 .text          0x00041678      0x2f0 ../niosII_simple_socket_server_1_bsp/\libucosii_bsp.a(ipmc.o)
                0x00041678                in_addmulti
                0x000417e0                in_delmulti
                0x000418f8                lookup_mcast
 .text          0x00041968       0xe4 ../niosII_simple_socket_server_1_bsp/\libucosii_bsp.a(ipport.o)
                0x00041968                prep_ifaces
                0x000419fc                netexit
                0x00041a24                evtmap_setup
 .text          0x00041a4c      0x550 ../niosII_simple_socket_server_1_bsp/\libucosii_bsp.a(ipraw.o)
                0x00041a4c                ip_raw_open
                0x00041b3c                ip_raw_close
                0x00041bfc                ip_raw_input
                0x00041e34                ip_raw_alloc
                0x00041f00                ip_raw_free
                0x00041f40                ip_raw_maxalloc
 .text          0x00041f9c      0x6f0 ../niosII_simple_socket_server_1_bsp/\libucosii_bsp.a(iproute.o)
                0x00041f9c                rt_lookup
                0x00042120                add_route
                0x00042548                del_route
 .text          0x0004268c      0xe3c ../niosII_simple_socket_server_1_bsp/\libucosii_bsp.a(udp.o)
                0x0004268c                udpdemux
                0x00042ee4                udp_send
                0x0004319c                udpswap
                0x000432cc                udp_socket
                0x0004339c                udp_alloc
                0x0004345c                udp_maxalloc
                0x00043488                udp_free
 .text          0x000434c8      0x2e8 ../niosII_simple_socket_server_1_bsp/\libucosii_bsp.a(igmp.o)
                0x000434c8                igmpv1_input
 .text          0x000437b0      0x7c0 ../niosII_simple_socket_server_1_bsp/\libucosii_bsp.a(igmp2.o)
                0x000437b0                igmpv2_input
                0x00043910                igmpv2_process_report
                0x00043a5c                igmpv2_process_query
                0x00043ca8                igmpv2_chk_set_timer
                0x00043e00                igmpv2_chk4_rtr_alert_opt
 .text          0x00043f70      0x8fc ../niosII_simple_socket_server_1_bsp/\libucosii_bsp.a(ipopt.o)
                0x00043f70                IPADDR_TO_NETP
                0x000440b8                ip_setmoptions
                0x000446a8                ip_getmoptions
                0x000447e8                ip_freemoptions
 .text          0x0004486c      0x6ac ../niosII_simple_socket_server_1_bsp/\libucosii_bsp.a(u_mctest.o)
                0x0004486c                u_mctest_init
                0x0004489c                u_mctest_run
 .text          0x00044f18      0x40c ../niosII_simple_socket_server_1_bsp/\libucosii_bsp.a(memdev.o)
                0x00044f18                init_memdev
                0x00044f90                md_fopen
                0x00044fb8                md_fclose
                0x00044fd8                md_fread
                0x00045158                md_fwrite
                0x000451d8                md_fseek
                0x00045204                md_ftell
                0x00045228                md_fgetc
                0x00045300                md_unlink
 .text          0x00045324      0x810 ../niosII_simple_socket_server_1_bsp/\libucosii_bsp.a(parseip.o)
                0x00045324                parse_ipad
                0x00045640                inet_addr
                0x000456a8                hextoa
                0x00045718                inet_pton
                0x000457c4                inet_ntop
                0x00045850                print46_addr
                0x000458b0                inet46_addr
                0x00045974                inet_setport
                0x000459e8                convert_ip
 .text          0x00045b34      0x1cc ../niosII_simple_socket_server_1_bsp/\libucosii_bsp.a(tcpcksum.o)
                0x00045b34                tcp_cksum
 .text          0x00045d00      0x31c ../niosII_simple_socket_server_1_bsp/\libucosii_bsp.a(udp_open.o)
                0x00045d00                udp_open
                0x00045f38                udp_close
 .text          0x0004601c      0x900 ../niosII_simple_socket_server_1_bsp/\libucosii_bsp.a(in_pcb.o)
                0x0004601c                in_pcballoc
                0x000460b0                in_pcbdetach
                0x00046104                in_pcbbind
                0x00046358                in_pcbconnect
                0x00046568                in_pcbdisconnect
                0x000465c8                in_setsockaddr
                0x00046644                in_setpeeraddr
                0x000466c0                in_pcblookup
 .text          0x0004691c     0x1a74 ../niosII_simple_socket_server_1_bsp/\libucosii_bsp.a(vfsfiles.o)
                0x0004691c                set_vfopen_error
                0x00046944                get_vfopen_error
                0x00046964                vf_alloc_and_link_vop
                0x000469e0                vf_alloc_buffer
                0x00046ab8                vf_free_buffer
                0x00046b08                vfopen_locked
                0x00046e70                vfopen
                0x00046ec0                vfclose_locked
                0x00047068                vfclose
                0x000470a8                vfflush
                0x000470f0                vfgets
                0x000471d4                vfeof
                0x0004722c                vunlink_flag_open_files
                0x00047288                vunlink
                0x000474a8                vfread
                0x00047654                vfwrite_locked
                0x00047a3c                vfwrite
                0x00047a9c                vfseek
                0x00047c18                vftell
                0x00047d4c                vgetc_locked
                0x00047e6c                vgetc
                0x00047eb4                vfslookup_locked
                0x00047fec                vfslookup
                0x00048034                strippath
                0x0004821c                isvfile_locked
                0x00048280                isvfile
                0x000482c8                vferror
                0x00048334                vclearerr
 .text          0x00048390       0x24 ../niosII_simple_socket_server_1_bsp/\libucosii_bsp.a(vfsport.o)
                0x00048390                prep_vfs
 .text          0x000483b4        0x0 ../niosII_simple_socket_server_1_bsp/\libucosii_bsp.a(alt_exception_entry.o)
 .text          0x000483b4      0x1b4 ../niosII_simple_socket_server_1_bsp/\libucosii_bsp.a(alt_fcntl.o)
                0x000483b4                alt_fcntl
 .text          0x00048568      0x120 ../niosII_simple_socket_server_1_bsp/\libucosii_bsp.a(alt_find_file.o)
                0x00048568                alt_find_file
 .text          0x00048688       0xf4 ../niosII_simple_socket_server_1_bsp/\libucosii_bsp.a(alt_get_fd.o)
                0x00048688                alt_get_fd
 .text          0x0004877c       0x90 ../niosII_simple_socket_server_1_bsp/\libucosii_bsp.a(alt_icache_flush.o)
                0x0004877c                alt_icache_flush
 .text          0x0004880c     0x130c ../niosII_simple_socket_server_1_bsp/\libucosii_bsp.a(icmp.o)
                0x0004880c                icmprcv
                0x00049440                icmp_destun
                0x00049790                icmp_timex
                0x00049ac4                icmp_du
 .text          0x00049b18       0x14 c:/altera/12.0/nios2eds/bin/gnu/h-i686-mingw32/bin/../lib/gcc/nios2-elf/4.1.2/../../../../nios2-elf/lib\libc.a(lib_a-atexit.o)
                0x00049b18                atexit
 .text          0x00049b2c       0x18 c:/altera/12.0/nios2eds/bin/gnu/h-i686-mingw32/bin/../lib/gcc/nios2-elf/4.1.2/../../../../nios2-elf/lib\libc.a(lib_a-atoi.o)
                0x00049b2c                _atoi_r
                0x00049b38                atoi
 .text          0x00049b44       0x1c c:/altera/12.0/nios2eds/bin/gnu/h-i686-mingw32/bin/../lib/gcc/nios2-elf/4.1.2/../../../../nios2-elf/lib\libc.a(lib_a-calloc.o)
                0x00049b44                calloc
 .text          0x00049b60       0x38 c:/altera/12.0/nios2eds/bin/gnu/h-i686-mingw32/bin/../lib/gcc/nios2-elf/4.1.2/../../../../nios2-elf/lib\libc.a(lib_a-exit.o)
                0x00049b60                exit
 .text          0x00049b98      0x128 c:/altera/12.0/nios2eds/bin/gnu/h-i686-mingw32/bin/../lib/gcc/nios2-elf/4.1.2/../../../../nios2-elf/lib\libc.a(lib_a-getc.o)
                0x00049b98                getc
                0x00049c30                _getc_r
 .text          0x00049cc0       0x74 c:/altera/12.0/nios2eds/bin/gnu/h-i686-mingw32/bin/../lib/gcc/nios2-elf/4.1.2/../../../../nios2-elf/lib\libc.a(lib_a-memcmp.o)
                0x00049cc0                memcmp
 .text          0x00049d34       0x60 c:/altera/12.0/nios2eds/bin/gnu/h-i686-mingw32/bin/../lib/gcc/nios2-elf/4.1.2/../../../../nios2-elf/lib\libc.a(lib_a-rget.o)
                0x00049d34                __srget_r
                0x00049d80                __srget
 .text          0x00049d94       0x8c c:/altera/12.0/nios2eds/bin/gnu/h-i686-mingw32/bin/../lib/gcc/nios2-elf/4.1.2/../../../../nios2-elf/lib\libc.a(lib_a-strcpy.o)
                0x00049d94                strcpy
 .text          0x00049e20       0xf0 c:/altera/12.0/nios2eds/bin/gnu/h-i686-mingw32/bin/../lib/gcc/nios2-elf/4.1.2/../../../../nios2-elf/lib\libc.a(lib_a-strncmp.o)
                0x00049e20                strncmp
 .text          0x00049f10      0x268 c:/altera/12.0/nios2eds/bin/gnu/h-i686-mingw32/bin/../lib/gcc/nios2-elf/4.1.2/../../../../nios2-elf/lib\libc.a(lib_a-strtol.o)
                0x00049f10                _strtol_r
                0x0004a154                strtol
 .text          0x0004a178       0x34 c:/altera/12.0/nios2eds/bin/gnu/h-i686-mingw32/bin/../lib/gcc/nios2-elf/4.1.2/../../../../nios2-elf/lib\libc.a(lib_a-vprintf.o)
                0x0004a178                _vprintf_r
                0x0004a18c                vprintf
 .text          0x0004a1ac       0x74 c:/altera/12.0/nios2eds/bin/gnu/h-i686-mingw32/bin/../lib/gcc/nios2-elf/4.1.2/../../../../nios2-elf/lib\libc.a(lib_a-vsprintf.o)
                0x0004a1ac                _vsprintf_r
                0x0004a1fc                vsprintf
 .text          0x0004a220      0x134 c:/altera/12.0/nios2eds/bin/gnu/h-i686-mingw32/bin/../lib/gcc/nios2-elf/4.1.2/../../../../nios2-elf/lib\libc.a(lib_a-__atexit.o)
                0x0004a220                __register_exitproc
 .text          0x0004a354      0x1b4 c:/altera/12.0/nios2eds/bin/gnu/h-i686-mingw32/bin/../lib/gcc/nios2-elf/4.1.2/../../../../nios2-elf/lib\libc.a(lib_a-__call_atexit.o)
                0x0004a358                __call_exitprocs
 .text          0x0004a508      0x1e0 c:/altera/12.0/nios2eds/bin/gnu/h-i686-mingw32/bin/../lib/gcc/nios2-elf/4.1.2/../../../../nios2-elf/lib\libc.a(lib_a-refill.o)
                0x0004a508                __srefill_r
 .text          0x0004a6e8       0x6c ../niosII_simple_socket_server_1_bsp/\libucosii_bsp.a(alt_exit.o)
                0x0004a728                _exit
 *(.gnu.warning.*)
 *(.fini)
                0x0004a754                PROVIDE (__etext, ABSOLUTE (.))
                0x0004a754                PROVIDE (_etext, ABSOLUTE (.))
                0x0004a754                PROVIDE (etext, ABSOLUTE (.))
 *(.eh_frame_hdr)
                0x0004a754                . = ALIGN (0x4)
                0x0004a754                PROVIDE (__preinit_array_start, ABSOLUTE (.))
 *(.preinit_array)
                0x0004a754                PROVIDE (__preinit_array_end, ABSOLUTE (.))
                0x0004a754                PROVIDE (__init_array_start, ABSOLUTE (.))
 *(.init_array)
                0x0004a754                PROVIDE (__init_array_end, ABSOLUTE (.))
                0x0004a754                PROVIDE (__fini_array_start, ABSOLUTE (.))
 *(.fini_array)
                0x0004a754                PROVIDE (__fini_array_end, ABSOLUTE (.))
 *(.eh_frame)
 .eh_frame      0x0004a754       0x40 c:/altera/12.0/nios2eds/bin/gnu/h-i686-mingw32/bin/../lib/gcc/nios2-elf/4.1.2\libgcc.a(_udivdi3.o)
 .eh_frame      0x0004a794       0x2c c:/altera/12.0/nios2eds/bin/gnu/h-i686-mingw32/bin/../lib/gcc/nios2-elf/4.1.2\libgcc.a(_umoddi3.o)
                                 0x40 (size before relaxing)
 *(.gcc_except_table)
 *(.dynamic)
                0x0004a7c0                PROVIDE (__CTOR_LIST__, ABSOLUTE (.))
 *(.ctors)
 *(SORT(.ctors.*))
 .ctors.65535   0x0004a7c0        0x4 c:/altera/12.0/nios2eds/bin/gnu/h-i686-mingw32/bin/../lib/gcc/nios2-elf/4.1.2/../../../../nios2-elf/lib\libc.a(lib_a-__call_atexit.o)
                0x0004a7c4                PROVIDE (__CTOR_END__, ABSOLUTE (.))
                0x0004a7c4                PROVIDE (__DTOR_LIST__, ABSOLUTE (.))
 *(.dtors)
 *(SORT(.dtors.*))
                0x0004a7c4                PROVIDE (__DTOR_END__, ABSOLUTE (.))
 *(.jcr)
                0x0004a7c4                . = ALIGN (0x4)

.rodata         0x0004a7c4     0x71d4
                0x0004a7c4                PROVIDE (__ram_rodata_start, ABSOLUTE (.))
                0x0004a7c4                . = ALIGN (0x4)
 *(.rodata .rodata.* .gnu.linkonce.r.*)
 .rodata        0x0004a7c4       0xa4 obj/SSS_DE2_115.o
 .rodata        0x0004a868      0x1fc obj/alt_eeprom/alt_eeprom.o
 .rodata        0x0004aa64      0xba4 obj/alt_error_handler.o
 .rodata        0x0004b608      0x3f4 obj/iniche_init.o
 .rodata        0x0004b9fc       0x1c obj/led.o
 .rodata        0x0004ba18     0x1150 obj/niosII_simple_socket_server.o
 .rodata        0x0004cb68      0x281 c:/altera/12.0/nios2eds/bin/gnu/h-i686-mingw32/bin/../lib/gcc/nios2-elf/4.1.2/../../../../nios2-elf/lib\libc.a(lib_a-ctype_.o)
                0x0004cb68                _ctype_
 *fill*         0x0004cde9        0x3 00
 .rodata.str1.4
                0x0004cdec        0x2 c:/altera/12.0/nios2eds/bin/gnu/h-i686-mingw32/bin/../lib/gcc/nios2-elf/4.1.2/../../../../nios2-elf/lib\libc.a(lib_a-impure.o)
                                  0x4 (size before relaxing)
 *fill*         0x0004cdee        0x2 00
 .rodata.str1.4
                0x0004cdf0        0x3 c:/altera/12.0/nios2eds/bin/gnu/h-i686-mingw32/bin/../lib/gcc/nios2-elf/4.1.2/../../../../nios2-elf/lib\libc.a(lib_a-perror.o)
                                  0x4 (size before relaxing)
 *fill*         0x0004cdf3        0x1 00
 .rodata.str1.4
                0x0004cdf4        0x2 c:/altera/12.0/nios2eds/bin/gnu/h-i686-mingw32/bin/../lib/gcc/nios2-elf/4.1.2/../../../../nios2-elf/lib\libc.a(lib_a-puts.o)
                                  0x4 (size before relaxing)
 *fill*         0x0004cdf6        0x2 00
 .rodata.str1.4
                0x0004cdf8      0x7a2 c:/altera/12.0/nios2eds/bin/gnu/h-i686-mingw32/bin/../lib/gcc/nios2-elf/4.1.2/../../../../nios2-elf/lib\libc.a(lib_a-strerror.o)
                                0x7a8 (size before relaxing)
 *fill*         0x0004d59a        0x2 00
 .rodata.str1.4
                0x0004d59c       0x5e c:/altera/12.0/nios2eds/bin/gnu/h-i686-mingw32/bin/../lib/gcc/nios2-elf/4.1.2/../../../../nios2-elf/lib\libc.a(lib_a-vfprintf.o)
                                 0x60 (size before relaxing)
 .rodata        0x0004d5fa       0x20 c:/altera/12.0/nios2eds/bin/gnu/h-i686-mingw32/bin/../lib/gcc/nios2-elf/4.1.2/../../../../nios2-elf/lib\libc.a(lib_a-vfprintf.o)
 *fill*         0x0004d61a        0x2 00
 .rodata.str1.4
                0x0004d61c       0x10 c:/altera/12.0/nios2eds/bin/gnu/h-i686-mingw32/bin/../lib/gcc/nios2-elf/4.1.2/../../../../nios2-elf/lib\libc.a(lib_a-dtoa.o)
                                 0x14 (size before relaxing)
 .rodata.str1.4
                0x0004d62c       0x10 c:/altera/12.0/nios2eds/bin/gnu/h-i686-mingw32/bin/../lib/gcc/nios2-elf/4.1.2/../../../../nios2-elf/lib\libc.a(lib_a-locale.o)
                                 0x18 (size before relaxing)
 .rodata        0x0004d63c       0x30 c:/altera/12.0/nios2eds/bin/gnu/h-i686-mingw32/bin/../lib/gcc/nios2-elf/4.1.2/../../../../nios2-elf/lib\libc.a(lib_a-locale.o)
 .rodata        0x0004d66c      0x124 c:/altera/12.0/nios2eds/bin/gnu/h-i686-mingw32/bin/../lib/gcc/nios2-elf/4.1.2/../../../../nios2-elf/lib\libc.a(lib_a-mprec.o)
                0x0004d66c                __mprec_tens
                0x0004d734                __mprec_bigtens
                0x0004d75c                __mprec_tinytens
 .rodata        0x0004d790       0x14 c:/altera/12.0/nios2eds/bin/gnu/h-i686-mingw32/bin/../lib/gcc/nios2-elf/4.1.2\libgcc.a(_thenan_df.o)
                0x0004d790                __thenan_df
 .rodata        0x0004d7a4      0x100 c:/altera/12.0/nios2eds/bin/gnu/h-i686-mingw32/bin/../lib/gcc/nios2-elf/4.1.2\libgcc.a(_clz.o)
                0x0004d7a4                __clz_tab
 .rodata        0x0004d8a4       0x10 ../niosII_simple_socket_server_1_bsp/\libucosii_bsp.a(alt_main.o)
 .rodata        0x0004d8b4      0x120 ../niosII_simple_socket_server_1_bsp/\libucosii_bsp.a(os_core.o)
                0x0004d8b4                OSUnMapTbl
 .rodata        0x0004d9d4       0x68 ../niosII_simple_socket_server_1_bsp/\libucosii_bsp.a(alt_sys_init.o)
 .rodata        0x0004da3c     0x1cc0 ../niosII_simple_socket_server_1_bsp/\libucosii_bsp.a(altera_avalon_tse.o)
 .rodata        0x0004f6fc      0x374 ../niosII_simple_socket_server_1_bsp/\libucosii_bsp.a(ins_tse_mac.o)
 .rodata        0x0004fa70       0xd8 ../niosII_simple_socket_server_1_bsp/\libucosii_bsp.a(ipnet.o)
 .rodata        0x0004fb48       0xec ../niosII_simple_socket_server_1_bsp/\libucosii_bsp.a(ipstart.o)
 .rodata        0x0004fc34      0x54c ../niosII_simple_socket_server_1_bsp/\libucosii_bsp.a(igmp_cmn.o)
 .rodata        0x00050180       0xb8 ../niosII_simple_socket_server_1_bsp/\libucosii_bsp.a(in_utils.o)
 .rodata        0x00050238       0x34 ../niosII_simple_socket_server_1_bsp/\libucosii_bsp.a(netmain.o)
 .rodata        0x0005026c      0x1a8 ../niosII_simple_socket_server_1_bsp/\libucosii_bsp.a(tk_crnos.o)
 .rodata        0x00050414      0x118 ../niosII_simple_socket_server_1_bsp/\libucosii_bsp.a(pktalloc.o)
 .rodata        0x0005052c       0x2c ../niosII_simple_socket_server_1_bsp/\libucosii_bsp.a(brdutils.o)
 .rodata        0x00050558      0x26c ../niosII_simple_socket_server_1_bsp/\libucosii_bsp.a(osportco.o)
 .rodata        0x000507c4       0xa0 ../niosII_simple_socket_server_1_bsp/\libucosii_bsp.a(targnios.o)
 .rodata        0x00050864       0x90 ../niosII_simple_socket_server_1_bsp/\libucosii_bsp.a(nptcp.o)
 .rodata        0x000508f4        0x8 ../niosII_simple_socket_server_1_bsp/\libucosii_bsp.a(sockcall.o)
 .rodata        0x000508fc       0x50 ../niosII_simple_socket_server_1_bsp/\libucosii_bsp.a(socket.o)
 .rodata        0x0005094c       0x40 ../niosII_simple_socket_server_1_bsp/\libucosii_bsp.a(socket2.o)
 .rodata        0x0005098c       0x20 ../niosII_simple_socket_server_1_bsp/\libucosii_bsp.a(tcp_in.o)
 .rodata        0x000509ac       0x40 ../niosII_simple_socket_server_1_bsp/\libucosii_bsp.a(tcp_out.o)
 .rodata        0x000509ec       0x24 ../niosII_simple_socket_server_1_bsp/\libucosii_bsp.a(tcp_subr.o)
 .rodata        0x00050a10       0x2c ../niosII_simple_socket_server_1_bsp/\libucosii_bsp.a(tcp_usr.o)
 .rodata        0x00050a3c        0xc ../niosII_simple_socket_server_1_bsp/\libucosii_bsp.a(alt_dev.o)
 .rodata        0x00050a48        0x4 ../niosII_simple_socket_server_1_bsp/\libucosii_bsp.a(os_cpu_c.o)
 .rodata        0x00050a4c      0x1d4 ../niosII_simple_socket_server_1_bsp/\libucosii_bsp.a(allports.o)
 .rodata        0x00050c20       0x34 ../niosII_simple_socket_server_1_bsp/\libucosii_bsp.a(tk_misc.o)
 .rodata        0x00050c54       0x44 ../niosII_simple_socket_server_1_bsp/\libucosii_bsp.a(et_arp.o)
 .rodata        0x00050c98      0x1dc ../niosII_simple_socket_server_1_bsp/\libucosii_bsp.a(ip.o)
 .rodata        0x00050e74      0x158 ../niosII_simple_socket_server_1_bsp/\libucosii_bsp.a(ip_reasm.o)
 .rodata        0x00050fcc      0x120 ../niosII_simple_socket_server_1_bsp/\libucosii_bsp.a(ipdemux.o)
 .rodata        0x000510ec       0x34 ../niosII_simple_socket_server_1_bsp/\libucosii_bsp.a(ipport.o)
 .rodata        0x00051120       0x24 ../niosII_simple_socket_server_1_bsp/\libucosii_bsp.a(ipraw.o)
 .rodata        0x00051144       0x38 ../niosII_simple_socket_server_1_bsp/\libucosii_bsp.a(iproute.o)
 .rodata        0x0005117c       0xe8 ../niosII_simple_socket_server_1_bsp/\libucosii_bsp.a(udp.o)
 .rodata        0x00051264      0x2d0 ../niosII_simple_socket_server_1_bsp/\libucosii_bsp.a(u_mctest.o)
 .rodata        0x00051534       0x94 ../niosII_simple_socket_server_1_bsp/\libucosii_bsp.a(parseip.o)
 .rodata        0x000515c8       0x84 ../niosII_simple_socket_server_1_bsp/\libucosii_bsp.a(udp_open.o)
 .rodata        0x0005164c       0x34 ../niosII_simple_socket_server_1_bsp/\libucosii_bsp.a(vfsfiles.o)
 .rodata        0x00051680      0x318 ../niosII_simple_socket_server_1_bsp/\libucosii_bsp.a(icmp.o)
 *(.rodata1)
                0x00051998                . = ALIGN (0x4)
                0x00051998                PROVIDE (__ram_rodata_end, ABSOLUTE (.))
                0x0004a7c4                PROVIDE (__flash_rodata_start, LOADADDR (.rodata))

.rwdata         0x00051998     0x2268 load address 0x00053c00
                0x00051998                PROVIDE (__ram_rwdata_start, ABSOLUTE (.))
                0x00051998                . = ALIGN (0x4)
 *(.got.plt)
 *(.got)
 *(.data1)
 *(.data .data.* .gnu.linkonce.d.*)
 .data          0x00051998        0x0 ../niosII_simple_socket_server_1_bsp//obj/HAL/src/crt0.o
 .data          0x00051998        0x0 obj/SSS_DE2_115.o
 .data          0x00051998        0x0 obj/alt_eeprom/alt_2_wire.o
 .data          0x00051998        0x0 obj/alt_eeprom/alt_eeprom.o
 .data          0x00051998        0x0 obj/alt_error_handler.o
 .data          0x00051998       0x78 obj/iniche_init.o
                0x00051998                devices
                0x000519c8                ssstask
                0x000519e0                sssphytask
                0x000519f8                ssspenetask
 .data          0x00051a10        0x0 obj/led.o
 .data          0x00051a10      0x120 obj/niosII_simple_socket_server.o
                0x00051a10                tse_mac_device
 .data          0x00051b30        0x0 c:/altera/12.0/nios2eds/bin/gnu/h-i686-mingw32/bin/../lib/gcc/nios2-elf/4.1.2\libgcc.a(lib2-divmod.o)
 .data          0x00051b30        0x0 c:/altera/12.0/nios2eds/bin/gnu/h-i686-mingw32/bin/../lib/gcc/nios2-elf/4.1.2/../../../../nios2-elf/lib\libc.a(lib_a-ctype_.o)
 .data          0x00051b30        0x0 c:/altera/12.0/nios2eds/bin/gnu/h-i686-mingw32/bin/../lib/gcc/nios2-elf/4.1.2/../../../../nios2-elf/lib\libc.a(lib_a-fprintf.o)
 .data          0x00051b30        0x0 c:/altera/12.0/nios2eds/bin/gnu/h-i686-mingw32/bin/../lib/gcc/nios2-elf/4.1.2/../../../../nios2-elf/lib\libc.a(lib_a-fwrite.o)
 .data          0x00051b30      0x400 c:/altera/12.0/nios2eds/bin/gnu/h-i686-mingw32/bin/../lib/gcc/nios2-elf/4.1.2/../../../../nios2-elf/lib\libc.a(lib_a-impure.o)
 .data          0x00051f30        0x0 c:/altera/12.0/nios2eds/bin/gnu/h-i686-mingw32/bin/../lib/gcc/nios2-elf/4.1.2/../../../../nios2-elf/lib\libc.a(lib_a-malloc.o)
 .data          0x00051f30      0x408 c:/altera/12.0/nios2eds/bin/gnu/h-i686-mingw32/bin/../lib/gcc/nios2-elf/4.1.2/../../../../nios2-elf/lib\libc.a(lib_a-mallocr.o)
                0x00051f30                __malloc_av_
 .data          0x00052338        0x0 c:/altera/12.0/nios2eds/bin/gnu/h-i686-mingw32/bin/../lib/gcc/nios2-elf/4.1.2/../../../../nios2-elf/lib\libc.a(lib_a-memcpy.o)
 .data          0x00052338        0x0 c:/altera/12.0/nios2eds/bin/gnu/h-i686-mingw32/bin/../lib/gcc/nios2-elf/4.1.2/../../../../nios2-elf/lib\libc.a(lib_a-memmove.o)
 .data          0x00052338        0x0 c:/altera/12.0/nios2eds/bin/gnu/h-i686-mingw32/bin/../lib/gcc/nios2-elf/4.1.2/../../../../nios2-elf/lib\libc.a(lib_a-memset.o)
 .data          0x00052338        0x0 c:/altera/12.0/nios2eds/bin/gnu/h-i686-mingw32/bin/../lib/gcc/nios2-elf/4.1.2/../../../../nios2-elf/lib\libc.a(lib_a-perror.o)
 .data          0x00052338        0x0 c:/altera/12.0/nios2eds/bin/gnu/h-i686-mingw32/bin/../lib/gcc/nios2-elf/4.1.2/../../../../nios2-elf/lib\libc.a(lib_a-printf.o)
 .data          0x00052338        0x0 c:/altera/12.0/nios2eds/bin/gnu/h-i686-mingw32/bin/../lib/gcc/nios2-elf/4.1.2/../../../../nios2-elf/lib\libc.a(lib_a-putchar.o)
 .data          0x00052338        0x0 c:/altera/12.0/nios2eds/bin/gnu/h-i686-mingw32/bin/../lib/gcc/nios2-elf/4.1.2/../../../../nios2-elf/lib\libc.a(lib_a-puts.o)