Archive member included because of file (symbol)

c:/altera/12.0/nios2eds/bin/gnu/h-i686-mingw32/bin/../lib/gcc/nios2-elf/4.1.2/../../../../nios2-elf/lib\libc.a(lib_a-exit.o)
                              obj/default/alt_ucosii_simple_error_check.o (exit)
c:/altera/12.0/nios2eds/bin/gnu/h-i686-mingw32/bin/../lib/gcc/nios2-elf/4.1.2/../../../../nios2-elf/lib\libc.a(lib_a-fopen.o)
                              obj/default/ucosii_tutorial.o (fopen)
c:/altera/12.0/nios2eds/bin/gnu/h-i686-mingw32/bin/../lib/gcc/nios2-elf/4.1.2/../../../../nios2-elf/lib\libc.a(lib_a-fprintf.o)
                              obj/default/alt_ucosii_simple_error_check.o (fprintf)
c:/altera/12.0/nios2eds/bin/gnu/h-i686-mingw32/bin/../lib/gcc/nios2-elf/4.1.2/../../../../nios2-elf/lib\libc.a(lib_a-fseek.o)
                              c:/altera/12.0/nios2eds/bin/gnu/h-i686-mingw32/bin/../lib/gcc/nios2-elf/4.1.2/../../../../nios2-elf/lib\libc.a(lib_a-fopen.o) (_fseek_r)
c:/altera/12.0/nios2eds/bin/gnu/h-i686-mingw32/bin/../lib/gcc/nios2-elf/4.1.2/../../../../nios2-elf/lib\libc.a(lib_a-fstatr.o)
                              c:/altera/12.0/nios2eds/bin/gnu/h-i686-mingw32/bin/../lib/gcc/nios2-elf/4.1.2/../../../../nios2-elf/lib\libc.a(lib_a-fseek.o) (_fstat_r)
c:/altera/12.0/nios2eds/bin/gnu/h-i686-mingw32/bin/../lib/gcc/nios2-elf/4.1.2/../../../../nios2-elf/lib\libc.a(lib_a-fwrite.o)
                              obj/default/alt_ucosii_simple_error_check.o (fwrite)
c:/altera/12.0/nios2eds/bin/gnu/h-i686-mingw32/bin/../lib/gcc/nios2-elf/4.1.2/../../../../nios2-elf/lib\libc.a(lib_a-impure.o)
                              obj/default/alt_ucosii_simple_error_check.o (_impure_ptr)
c:/altera/12.0/nios2eds/bin/gnu/h-i686-mingw32/bin/../lib/gcc/nios2-elf/4.1.2/../../../../nios2-elf/lib\libc.a(lib_a-int_errno.o)
                              c:/altera/12.0/nios2eds/bin/gnu/h-i686-mingw32/bin/../lib/gcc/nios2-elf/4.1.2/../../../../nios2-elf/lib\libc.a(lib_a-fstatr.o) (errno)
c:/altera/12.0/nios2eds/bin/gnu/h-i686-mingw32/bin/../lib/gcc/nios2-elf/4.1.2/../../../../nios2-elf/lib\libc.a(lib_a-makebuf.o)
                              c:/altera/12.0/nios2eds/bin/gnu/h-i686-mingw32/bin/../lib/gcc/nios2-elf/4.1.2/../../../../nios2-elf/lib\libc.a(lib_a-fseek.o) (__smakebuf_r)
c:/altera/12.0/nios2eds/bin/gnu/h-i686-mingw32/bin/../lib/gcc/nios2-elf/4.1.2/../../../../nios2-elf/lib\libc.a(lib_a-mallocr.o)
                              c:/altera/12.0/nios2eds/bin/gnu/h-i686-mingw32/bin/../lib/gcc/nios2-elf/4.1.2/../../../../nios2-elf/lib\libc.a(lib_a-makebuf.o) (_malloc_r)
c:/altera/12.0/nios2eds/bin/gnu/h-i686-mingw32/bin/../lib/gcc/nios2-elf/4.1.2/../../../../nios2-elf/lib\libc.a(lib_a-openr.o)
                              c:/altera/12.0/nios2eds/bin/gnu/h-i686-mingw32/bin/../lib/gcc/nios2-elf/4.1.2/../../../../nios2-elf/lib\libc.a(lib_a-fopen.o) (_open_r)
c:/altera/12.0/nios2eds/bin/gnu/h-i686-mingw32/bin/../lib/gcc/nios2-elf/4.1.2/../../../../nios2-elf/lib\libc.a(lib_a-printf.o)
                              obj/default/ucosii_tutorial.o (printf)
c:/altera/12.0/nios2eds/bin/gnu/h-i686-mingw32/bin/../lib/gcc/nios2-elf/4.1.2/../../../../nios2-elf/lib\libc.a(lib_a-putchar.o)
                              obj/default/ucosii_tutorial.o (putchar)
c:/altera/12.0/nios2eds/bin/gnu/h-i686-mingw32/bin/../lib/gcc/nios2-elf/4.1.2/../../../../nios2-elf/lib\libc.a(lib_a-puts.o)
                              obj/default/alt_ucosii_simple_error_check.o (puts)
c:/altera/12.0/nios2eds/bin/gnu/h-i686-mingw32/bin/../lib/gcc/nios2-elf/4.1.2/../../../../nios2-elf/lib\libc.a(lib_a-refill.o)
                              c:/altera/12.0/nios2eds/bin/gnu/h-i686-mingw32/bin/../lib/gcc/nios2-elf/4.1.2/../../../../nios2-elf/lib\libc.a(lib_a-fseek.o) (__srefill_r)
c:/altera/12.0/nios2eds/bin/gnu/h-i686-mingw32/bin/../lib/gcc/nios2-elf/4.1.2/../../../../nios2-elf/lib\libc.a(lib_a-sbrkr.o)
                              c:/altera/12.0/nios2eds/bin/gnu/h-i686-mingw32/bin/../lib/gcc/nios2-elf/4.1.2/../../../../nios2-elf/lib\libc.a(lib_a-mallocr.o) (_sbrk_r)
c:/altera/12.0/nios2eds/bin/gnu/h-i686-mingw32/bin/../lib/gcc/nios2-elf/4.1.2/../../../../nios2-elf/lib\libc.a(lib_a-stdio.o)
                              c:/altera/12.0/nios2eds/bin/gnu/h-i686-mingw32/bin/../lib/gcc/nios2-elf/4.1.2/../../../../nios2-elf/lib\libc.a(lib_a-fopen.o) (__sclose)
c:/altera/12.0/nios2eds/bin/gnu/h-i686-mingw32/bin/../lib/gcc/nios2-elf/4.1.2/../../../../nios2-elf/lib\libc.a(lib_a-strlen.o)
                              c:/altera/12.0/nios2eds/bin/gnu/h-i686-mingw32/bin/../lib/gcc/nios2-elf/4.1.2/../../../../nios2-elf/lib\libc.a(lib_a-puts.o) (strlen)
c:/altera/12.0/nios2eds/bin/gnu/h-i686-mingw32/bin/../lib/gcc/nios2-elf/4.1.2/../../../../nios2-elf/lib\libc.a(lib_a-vfprintf.o)
                              c:/altera/12.0/nios2eds/bin/gnu/h-i686-mingw32/bin/../lib/gcc/nios2-elf/4.1.2/../../../../nios2-elf/lib\libc.a(lib_a-printf.o) (___vfprintf_internal_r)
[...]
Memory Configuration

Name             Origin             Length             Attributes
reset            0x00000000         0x00000020
sdram            0x00000020         0x07ffffe0
cfi_flash        0x0a800000         0x00800000
sram             0x0b200000         0x00200000
onchip_memory2   0x0b420000         0x00020000
descriptor_memory 0x0b440000         0x00001000
*default*        0x00000000         0xffffffff

Linker script and memory map

LOAD ../ucosii_tutorial_bsp//obj/HAL/src/crt0.o
LOAD obj/default/alt_ucosii_simple_error_check.o
LOAD obj/default/ucosii_tutorial.o
LOAD c:/altera/12.0/nios2eds/bin/gnu/h-i686-mingw32/bin/../lib/gcc/nios2-elf/4.1.2/../../../../nios2-elf/lib\libstdc++.a
LOAD c:/altera/12.0/nios2eds/bin/gnu/h-i686-mingw32/bin/../lib/gcc/nios2-elf/4.1.2/../../../../nios2-elf/lib\libm.a
LOAD c:/altera/12.0/nios2eds/bin/gnu/h-i686-mingw32/bin/../lib/gcc/nios2-elf/4.1.2\libgcc.a
START GROUP
LOAD c:/altera/12.0/nios2eds/bin/gnu/h-i686-mingw32/bin/../lib/gcc/nios2-elf/4.1.2/../../../../nios2-elf/lib\libc.a
LOAD c:/altera/12.0/nios2eds/bin/gnu/h-i686-mingw32/bin/../lib/gcc/nios2-elf/4.1.2\libgcc.a
LOAD ../ucosii_tutorial_bsp/\libucosii_bsp.a
END GROUP
LOAD c:/altera/12.0/nios2eds/bin/gnu/h-i686-mingw32/bin/../lib/gcc/nios2-elf/4.1.2\libgcc.a
                0x00000000                __alt_mem_sdram = 0x0
                0x0a800000                __alt_mem_cfi_flash = 0xa800000
                0x0b200000                __alt_mem_sram = 0xb200000
                0x0b420000                __alt_mem_onchip_memory2 = 0xb420000
                0x0b440000                __alt_mem_descriptor_memory = 0xb440000

.entry          0x00000000       0x20
 *(.entry)
 .entry         0x00000000       0x20 ../ucosii_tutorial_bsp//obj/HAL/src/crt0.o
                0x00000000                __reset

.exceptions     0x00000020      0x19c
                0x00000020                PROVIDE (__ram_exceptions_start, ABSOLUTE (.))
                0x00000020                . = ALIGN (0x20)
 *(.irq)
 *(.exceptions.entry.label)
 .exceptions.entry.label
                0x00000020        0x0 ../ucosii_tutorial_bsp/\libucosii_bsp.a(alt_irq_entry.o)
                0x00000020                alt_irq_entry
 .exceptions.entry.label
                0x00000020        0x0 ../ucosii_tutorial_bsp/\libucosii_bsp.a(alt_exception_entry.o)
                0x00000020                alt_exception
 *(.exceptions.entry.user)
 *(.exceptions.entry)
 .exceptions.entry
                0x00000020       0x54 ../ucosii_tutorial_bsp/\libucosii_bsp.a(alt_exception_entry.o)
 *(.exceptions.irqtest.user)
 *(.exceptions.irqtest)
 .exceptions.irqtest
                0x00000074       0x10 ../ucosii_tutorial_bsp/\libucosii_bsp.a(alt_irq_entry.o)
 *(.exceptions.irqhandler.user)
 *(.exceptions.irqhandler)
 .exceptions.irqhandler
                0x00000084        0x4 ../ucosii_tutorial_bsp/\libucosii_bsp.a(alt_irq_entry.o)
 *(.exceptions.irqreturn.user)
 *(.exceptions.irqreturn)
 .exceptions.irqreturn
                0x00000088        0x4 ../ucosii_tutorial_bsp/\libucosii_bsp.a(alt_irq_entry.o)
 *(.exceptions.notirq.label)
 .exceptions.notirq.label
                0x0000008c        0x0 ../ucosii_tutorial_bsp/\libucosii_bsp.a(alt_irq_entry.o)
 *(.exceptions.notirq.user)
 *(.exceptions.notirq)
 .exceptions.notirq
                0x0000008c        0x8 ../ucosii_tutorial_bsp/\libucosii_bsp.a(alt_exception_entry.o)
 *(.exceptions.soft.user)
 *(.exceptions.soft)
 *(.exceptions.unknown.user)
 *(.exceptions.unknown)
 .exceptions.unknown
                0x00000094        0x4 ../ucosii_tutorial_bsp/\libucosii_bsp.a(alt_exception_entry.o)
 *(.exceptions.exit.label)
 .exceptions.exit.label
                0x00000098        0x0 ../ucosii_tutorial_bsp/\libucosii_bsp.a(alt_irq_entry.o)
 .exceptions.exit.label
                0x00000098        0x0 ../ucosii_tutorial_bsp/\libucosii_bsp.a(alt_exception_entry.o)
 *(.exceptions.exit.user)
 *(.exceptions.exit)
 .exceptions.exit
                0x00000098       0x54 ../ucosii_tutorial_bsp/\libucosii_bsp.a(alt_exception_entry.o)
 *(.exceptions)
 .exceptions    0x000000ec       0xd0 ../ucosii_tutorial_bsp/\libucosii_bsp.a(alt_irq_handler.o)
                0x000000ec                alt_irq_handler
                0x000001bc                PROVIDE (__ram_exceptions_end, ABSOLUTE (.))
                0x00000020                PROVIDE (__flash_exceptions_start, LOADADDR (.exceptions))

.text           0x000001bc    0x1bfc4
                0x000001bc                PROVIDE (stext, ABSOLUTE (.))
 *(.interp)
 *(.hash)
 *(.dynsym)
 *(.dynstr)
 *(.gnu.version)
 *(.gnu.version_d)
 *(.gnu.version_r)
 *(.rel.init)
 *(.rela.init)
 *(.rel.text .rel.text.* .rel.gnu.linkonce.t.*)
 *(.rela.text .rela.text.* .rela.gnu.linkonce.t.*)
 *(.rel.fini)
 *(.rela.fini)
 *(.rel.rodata .rel.rodata.* .rel.gnu.linkonce.r.*)
 *(.rela.rodata .rela.rodata.* .rela.gnu.linkonce.r.*)
 *(.rel.data .rel.data.* .rel.gnu.linkonce.d.*)
 *(.rela.data .rela.data.* .rela.gnu.linkonce.d.*)
 *(.rel.tdata .rel.tdata.* .rel.gnu.linkonce.td.*)
 *(.rela.tdata .rela.tdata.* .rela.gnu.linkonce.td.*)
 *(.rel.tbss .rel.tbss.* .rel.gnu.linkonce.tb.*)
 *(.rela.tbss .rela.tbss.* .rela.gnu.linkonce.tb.*)
 *(.rel.ctors)
 *(.rela.ctors)
 *(.rel.dtors)
 *(.rela.dtors)
 *(.rel.got)
 *(.rela.got)
 *(.rel.sdata .rel.sdata.* .rel.gnu.linkonce.s.*)
 *(.rela.sdata .rela.sdata.* .rela.gnu.linkonce.s.*)
 *(.rel.sbss .rel.sbss.* .rel.gnu.linkonce.sb.*)
 *(.rela.sbss .rela.sbss.* .rela.gnu.linkonce.sb.*)
 *(.rel.sdata2 .rel.sdata2.* .rel.gnu.linkonce.s2.*)
 *(.rela.sdata2 .rela.sdata2.* .rela.gnu.linkonce.s2.*)
 *(.rel.sbss2 .rel.sbss2.* .rel.gnu.linkonce.sb2.*)
 *(.rela.sbss2 .rela.sbss2.* .rela.gnu.linkonce.sb2.*)
 *(.rel.bss .rel.bss.* .rel.gnu.linkonce.b.*)
 *(.rela.bss .rela.bss.* .rela.gnu.linkonce.b.*)
 *(.rel.plt)
 *(.rela.plt)
 *(.rel.dyn)
 *(.init)
 *(.plt)
 *(.text .stub .text.* .gnu.linkonce.t.*)
 .text          0x000001bc       0x4c ../ucosii_tutorial_bsp//obj/HAL/src/crt0.o
                0x000001bc                _start
 .text          0x00000208      0x4f0 obj/default/alt_ucosii_simple_error_check.o
                0x00000208                alt_ucosii_check_return_code
                0x0000024c                alt_ucosii_simple_error_handler
 .text          0x000006f8      0x9d4 obj/default/ucosii_tutorial.o
                0x000006f8                sender_pene_task
                0x000007e0                pene_receive_task
                0x0000083c                pene_task
                0x000008e4                print_status_task
                0x000009d8                getsem_task1
                0x00000aa4                getsem_task2
                0x00000b70                send_task
                0x00000c08                receive_task1
                0x00000c7c                receive_task2
                0x00000cd8                initialize_task
                0x00000d10                main
                0x00000d98                initOSDataStructs
                0x00000de0                initCreateTasks
 .text          0x000010cc       0x38 c:/altera/12.0/nios2eds/bin/gnu/h-i686-mingw32/bin/../lib/gcc/nios2-elf/4.1.2/../../../../nios2-elf/lib\libc.a(lib_a-exit.o)
                0x000010cc                exit
 .text          0x00001104      0x110 c:/altera/12.0/nios2eds/bin/gnu/h-i686-mingw32/bin/../lib/gcc/nios2-elf/4.1.2/../../../../nios2-elf/lib\libc.a(lib_a-fopen.o)
                0x00001104                _fopen_r
                0x000011f8                fopen
 .text          0x00001214       0x60 c:/altera/12.0/nios2eds/bin/gnu/h-i686-mingw32/bin/../lib/gcc/nios2-elf/4.1.2/../../../../nios2-elf/lib\libc.a(lib_a-fprintf.o)
                0x00001214                fprintf
                0x00001240                _fprintf_r
 .text          0x00001274      0x460 c:/altera/12.0/nios2eds/bin/gnu/h-i686-mingw32/bin/../lib/gcc/nios2-elf/4.1.2/../../../../nios2-elf/lib\libc.a(lib_a-fseek.o)
                0x00001274                _fseek_r
                0x000016b0                fseek
 .text          0x000016d4       0x74 c:/altera/12.0/nios2eds/bin/gnu/h-i686-mingw32/bin/../lib/gcc/nios2-elf/4.1.2/../../../../nios2-elf/lib\libc.a(lib_a-fstatr.o)
                0x000016d4                _fstat_r
 .text          0x00001748       0xdc c:/altera/12.0/nios2eds/bin/gnu/h-i686-mingw32/bin/../lib/gcc/nios2-elf/4.1.2/../../../../nios2-elf/lib\libc.a(lib_a-fwrite.o)
                0x00001748                _fwrite_r
                0x000017e4                fwrite
 .text          0x00001824        0x0 c:/altera/12.0/nios2eds/bin/gnu/h-i686-mingw32/bin/../lib/gcc/nios2-elf/4.1.2/../../../../nios2-elf/lib\libc.a(lib_a-impure.o)
 .text          0x00001824        0x0 c:/altera/12.0/nios2eds/bin/gnu/h-i686-mingw32/bin/../lib/gcc/nios2-elf/4.1.2/../../../../nios2-elf/lib\libc.a(lib_a-int_errno.o)
 .text          0x00001824      0x194 c:/altera/12.0/nios2eds/bin/gnu/h-i686-mingw32/bin/../lib/gcc/nios2-elf/4.1.2/../../../../nios2-elf/lib\libc.a(lib_a-makebuf.o)
                0x00001824                __smakebuf_r
 .text          0x000019b8      0x740 c:/altera/12.0/nios2eds/bin/gnu/h-i686-mingw32/bin/../lib/gcc/nios2-elf/4.1.2/../../../../nios2-elf/lib\libc.a(lib_a-mallocr.o)
                0x000019b8                _malloc_r
 .text          0x000020f8       0x78 c:/altera/12.0/nios2eds/bin/gnu/h-i686-mingw32/bin/../lib/gcc/nios2-elf/4.1.2/../../../../nios2-elf/lib\libc.a(lib_a-openr.o)
                0x000020f8                _open_r
 .text          0x00002170       0x78 c:/altera/12.0/nios2eds/bin/gnu/h-i686-mingw32/bin/../lib/gcc/nios2-elf/4.1.2/../../../../nios2-elf/lib\libc.a(lib_a-printf.o)
                0x00002170                printf
                0x000021b4                _printf_r
 .text          0x000021e8       0x24 c:/altera/12.0/nios2eds/bin/gnu/h-i686-mingw32/bin/../lib/gcc/nios2-elf/4.1.2/../../../../nios2-elf/lib\libc.a(lib_a-putchar.o)
                0x000021e8                putchar
                0x00002204                _putchar_r
 .text          0x0000220c       0xb4 c:/altera/12.0/nios2eds/bin/gnu/h-i686-mingw32/bin/../lib/gcc/nios2-elf/4.1.2/../../../../nios2-elf/lib\libc.a(lib_a-puts.o)
                0x0000220c                _puts_r
                0x000022ac                puts
 .text          0x000022c0      0x1e0 c:/altera/12.0/nios2eds/bin/gnu/h-i686-mingw32/bin/../lib/gcc/nios2-elf/4.1.2/../../../../nios2-elf/lib\libc.a(lib_a-refill.o)
                0x000022c0                __srefill_r
 .text          0x000024a0       0x70 c:/altera/12.0/nios2eds/bin/gnu/h-i686-mingw32/bin/../lib/gcc/nios2-elf/4.1.2/../../../../nios2-elf/lib\libc.a(lib_a-sbrkr.o)
                0x000024a0                _sbrk_r
 .text          0x00002510      0x14c c:/altera/12.0/nios2eds/bin/gnu/h-i686-mingw32/bin/../lib/gcc/nios2-elf/4.1.2/../../../../nios2-elf/lib\libc.a(lib_a-stdio.o)
                0x00002510                __sclose
                0x00002518                __sseek
                0x00002580                __swrite
                0x000025fc                __sread
 .text          0x0000265c       0x74 c:/altera/12.0/nios2eds/bin/gnu/h-i686-mingw32/bin/../lib/gcc/nios2-elf/4.1.2/../../../../nios2-elf/lib\libc.a(lib_a-strlen.o)
                0x0000265c                strlen
 .text          0x000026d0     0x1f28 c:/altera/12.0/nios2eds/bin/gnu/h-i686-mingw32/bin/../lib/gcc/nios2-elf/4.1.2/../../../../nios2-elf/lib\libc.a(lib_a-vfprintf.o)
                0x00002728                ___vfprintf_internal_r
                0x000045d4                __vfprintf_internal
 .text          0x000045f8       0x78 c:/altera/12.0/nios2eds/bin/gnu/h-i686-mingw32/bin/../lib/gcc/nios2-elf/4.1.2/../../../../nios2-elf/lib\libc.a(lib_a-writer.o)
                0x000045f8                _write_r
 .text          0x00004670      0x13c c:/altera/12.0/nios2eds/bin/gnu/h-i686-mingw32/bin/../lib/gcc/nios2-elf/4.1.2/../../../../nios2-elf/lib\libc.a(lib_a-wsetup.o)
                0x00004670                __swsetup_r
 .text          0x000047ac      0x1b4 c:/altera/12.0/nios2eds/bin/gnu/h-i686-mingw32/bin/../lib/gcc/nios2-elf/4.1.2/../../../../nios2-elf/lib\libc.a(lib_a-__call_atexit.o)
                0x000047b0                __call_exitprocs
 .text          0x00004960       0x70 c:/altera/12.0/nios2eds/bin/gnu/h-i686-mingw32/bin/../lib/gcc/nios2-elf/4.1.2/../../../../nios2-elf/lib\libc.a(lib_a-closer.o)
                0x00004960                _close_r
 .text          0x000049d0     0x17cc c:/altera/12.0/nios2eds/bin/gnu/h-i686-mingw32/bin/../lib/gcc/nios2-elf/4.1.2/../../../../nios2-elf/lib\libc.a(lib_a-dtoa.o)
                0x00004be8                _dtoa_r
 .text          0x0000619c      0x230 c:/altera/12.0/nios2eds/bin/gnu/h-i686-mingw32/bin/../lib/gcc/nios2-elf/4.1.2/../../../../nios2-elf/lib\libc.a(lib_a-fflush.o)
                0x0000619c                _fflush_r
                0x00006398                fflush
 .text          0x000063cc      0x2c0 c:/altera/12.0/nios2eds/bin/gnu/h-i686-mingw32/bin/../lib/gcc/nios2-elf/4.1.2/../../../../nios2-elf/lib\libc.a(lib_a-findfp.o)
                0x00006424                __sfp_lock_acquire
                0x00006428                __sfp_lock_release
                0x0000642c                __sinit_lock_acquire
                0x00006430                __sinit_lock_release
                0x00006434                __sinit
                0x000064e8                __fp_unlock_all
                0x00006500                __fp_lock_all
                0x00006518                _cleanup_r
                0x00006524                _cleanup
                0x00006534                __sfmoreglue
                0x0000659c                __sfp
 .text          0x0000668c       0xa0 c:/altera/12.0/nios2eds/bin/gnu/h-i686-mingw32/bin/../lib/gcc/nios2-elf/4.1.2/../../../../nios2-elf/lib\libc.a(lib_a-flags.o)
                0x0000668c                __sflags
 .text          0x0000672c      0x440 c:/altera/12.0/nios2eds/bin/gnu/h-i686-mingw32/bin/../lib/gcc/nios2-elf/4.1.2/../../../../nios2-elf/lib\libc.a(lib_a-freer.o)
                0x0000672c                _malloc_trim_r
                0x00006858                _free_r
 .text          0x00006b6c      0x49c c:/altera/12.0/nios2eds/bin/gnu/h-i686-mingw32/bin/../lib/gcc/nios2-elf/4.1.2/../../../../nios2-elf/lib\libc.a(lib_a-fvwrite.o)
                0x00006b6c                __sfvwrite_r
 .text          0x00007008      0x180 c:/altera/12.0/nios2eds/bin/gnu/h-i686-mingw32/bin/../lib/gcc/nios2-elf/4.1.2/../../../../nios2-elf/lib\libc.a(lib_a-fwalk.o)
                0x00007008                _fwalk_reent
                0x000070d0                _fwalk
 .text          0x00007188       0x70 c:/altera/12.0/nios2eds/bin/gnu/h-i686-mingw32/bin/../lib/gcc/nios2-elf/4.1.2/../../../../nios2-elf/lib\libc.a(lib_a-isattyr.o)
                0x00007188                _isatty_r
 .text          0x000071f8       0xc4 c:/altera/12.0/nios2eds/bin/gnu/h-i686-mingw32/bin/../lib/gcc/nios2-elf/4.1.2/../../../../nios2-elf/lib\libc.a(lib_a-locale.o)
                0x000071f8                __locale_charset
                0x00007200                _localeconv_r
                0x0000720c                localeconv
                0x0000721c                _setlocale_r
                0x000072a0                setlocale
 .text          0x000072bc       0x78 c:/altera/12.0/nios2eds/bin/gnu/h-i686-mingw32/bin/../lib/gcc/nios2-elf/4.1.2/../../../../nios2-elf/lib\libc.a(lib_a-lseekr.o)
                0x000072bc                _lseek_r
 .text          0x00007334       0xe4 c:/altera/12.0/nios2eds/bin/gnu/h-i686-mingw32/bin/../lib/gcc/nios2-elf/4.1.2/../../../../nios2-elf/lib\libc.a(lib_a-memchr.o)
                0x00007334                memchr
 .text          0x00007418       0xa0 c:/altera/12.0/nios2eds/bin/gnu/h-i686-mingw32/bin/../lib/gcc/nios2-elf/4.1.2/../../../../nios2-elf/lib\libc.a(lib_a-memcpy.o)
                0x00007418                memcpy
 .text          0x000074b8       0xe0 c:/altera/12.0/nios2eds/bin/gnu/h-i686-mingw32/bin/../lib/gcc/nios2-elf/4.1.2/../../../../nios2-elf/lib\libc.a(lib_a-memmove.o)
                0x000074b8                memmove
 .text          0x00007598       0x98 c:/altera/12.0/nios2eds/bin/gnu/h-i686-mingw32/bin/../lib/gcc/nios2-elf/4.1.2/../../../../nios2-elf/lib\libc.a(lib_a-memset.o)
                0x00007598                memset
 .text          0x00007630      0xff4 c:/altera/12.0/nios2eds/bin/gnu/h-i686-mingw32/bin/../lib/gcc/nios2-elf/4.1.2/../../../../nios2-elf/lib\libc.a(lib_a-mprec.o)
                0x00007630                _Bfree
                0x00007658                __hi0bits
                0x000076c8                __lo0bits
                0x0000778c                __mcmp
                0x000077ec                __ulp
                0x0000786c                __b2d
                0x0000798c                __ratio
                0x00007a3c                _mprec_log10
                0x00007ad0                __copybits
                0x00007b28                __any_on
                0x00007bb0                _Balloc
                0x00007c6c                __d2b
                0x00007de8                __mdiff
                0x00007f74                __lshift
                0x000080c0                __multiply
                0x000082a8                __i2b
                0x000082e4                __multadd
                0x000083e4                __pow5mult
                0x00008504                __s2b
 .text          0x00008624      0x1ec c:/altera/12.0/nios2eds/bin/gnu/h-i686-mingw32/bin/../lib/gcc/nios2-elf/4.1.2/../../../../nios2-elf/lib\libc.a(lib_a-putc.o)
                0x00008624                putc
                0x00008728                _putc_r
 .text          0x00008810       0x78 c:/altera/12.0/nios2eds/bin/gnu/h-i686-mingw32/bin/../lib/gcc/nios2-elf/4.1.2/../../../../nios2-elf/lib\libc.a(lib_a-readr.o)
                0x00008810                _read_r
 .text          0x00008888      0x5f4 c:/altera/12.0/nios2eds/bin/gnu/h-i686-mingw32/bin/../lib/gcc/nios2-elf/4.1.2/../../../../nios2-elf/lib\libc.a(lib_a-reallocr.o)
                0x00008888                _realloc_r
 .text          0x00008e7c       0x40 c:/altera/12.0/nios2eds/bin/gnu/h-i686-mingw32/bin/../lib/gcc/nios2-elf/4.1.2/../../../../nios2-elf/lib\libc.a(lib_a-s_isinfd.o)
                0x00008e7c                __isinfd
 .text          0x00008ebc       0x30 c:/altera/12.0/nios2eds/bin/gnu/h-i686-mingw32/bin/../lib/gcc/nios2-elf/4.1.2/../../../../nios2-elf/lib\libc.a(lib_a-s_isnand.o)
                0x00008ebc                __isnand
 .text          0x00008eec       0xbc c:/altera/12.0/nios2eds/bin/gnu/h-i686-mingw32/bin/../lib/gcc/nios2-elf/4.1.2/../../../../nios2-elf/lib\libc.a(lib_a-strcmp.o)
                0x00008eec                strcmp
 .text          0x00008fa8      0x14c c:/altera/12.0/nios2eds/bin/gnu/h-i686-mingw32/bin/../lib/gcc/nios2-elf/4.1.2/../../../../nios2-elf/lib\libc.a(lib_a-wbuf.o)
                0x00008fa8                __swbuf_r
                0x000090d8                __swbuf
 .text          0x000090f4       0xb4 c:/altera/12.0/nios2eds/bin/gnu/h-i686-mingw32/bin/../lib/gcc/nios2-elf/4.1.2/../../../../nios2-elf/lib\libc.a(lib_a-callocr.o)
                0x000090f4                _calloc_r
 .text          0x000091a8      0x124 c:/altera/12.0/nios2eds/bin/gnu/h-i686-mingw32/bin/../lib/gcc/nios2-elf/4.1.2/../../../../nios2-elf/lib\libc.a(lib_a-fclose.o)
                0x000091a8                _fclose_r
                0x000092b8                fclose
 .text          0x000092cc      0x5dc c:/altera/12.0/nios2eds/bin/gnu/h-i686-mingw32/bin/../lib/gcc/nios2-elf/4.1.2\libgcc.a(_udivdi3.o)
                0x000092cc                __udivdi3
 .text          0x000098a8      0x5b0 c:/altera/12.0/nios2eds/bin/gnu/h-i686-mingw32/bin/../lib/gcc/nios2-elf/4.1.2\libgcc.a(_umoddi3.o)
                0x000098a8                __umoddi3
 .text          0x00009e58      0x504 c:/altera/12.0/nios2eds/bin/gnu/h-i686-mingw32/bin/../lib/gcc/nios2-elf/4.1.2\libgcc.a(_addsub_df.o)
                0x0000a268                __subdf3
                0x0000a2e8                __adddf3
 .text          0x0000a35c      0x3c4 c:/altera/12.0/nios2eds/bin/gnu/h-i686-mingw32/bin/../lib/gcc/nios2-elf/4.1.2\libgcc.a(_mul_df.o)
                0x0000a35c                __muldf3
 .text          0x0000a720      0x258 c:/altera/12.0/nios2eds/bin/gnu/h-i686-mingw32/bin/../lib/gcc/nios2-elf/4.1.2\libgcc.a(_div_df.o)
                0x0000a720                __divdf3
 .text          0x0000a978       0x88 c:/altera/12.0/nios2eds/bin/gnu/h-i686-mingw32/bin/../lib/gcc/nios2-elf/4.1.2\libgcc.a(_eq_df.o)
                0x0000a978                __eqdf2
 .text          0x0000aa00       0x88 c:/altera/12.0/nios2eds/bin/gnu/h-i686-mingw32/bin/../lib/gcc/nios2-elf/4.1.2\libgcc.a(_ne_df.o)
                0x0000aa00                __nedf2
 .text          0x0000aa88       0x88 c:/altera/12.0/nios2eds/bin/gnu/h-i686-mingw32/bin/../lib/gcc/nios2-elf/4.1.2\libgcc.a(_gt_df.o)
                0x0000aa88                __gtdf2
 .text          0x0000ab10       0x88 c:/altera/12.0/nios2eds/bin/gnu/h-i686-mingw32/bin/../lib/gcc/nios2-elf/4.1.2\libgcc.a(_ge_df.o)
                0x0000ab10                __gedf2
 .text          0x0000ab98       0x88 c:/altera/12.0/nios2eds/bin/gnu/h-i686-mingw32/bin/../lib/gcc/nios2-elf/4.1.2\libgcc.a(_lt_df.o)
                0x0000ab98                __ltdf2
 .text          0x0000ac20       0xf8 c:/altera/12.0/nios2eds/bin/gnu/h-i686-mingw32/bin/../lib/gcc/nios2-elf/4.1.2\libgcc.a(_si_to_df.o)
                0x0000ac20                __floatsidf
 .text          0x0000ad18       0xd8 c:/altera/12.0/nios2eds/bin/gnu/h-i686-mingw32/bin/../lib/gcc/nios2-elf/4.1.2\libgcc.a(_df_to_si.o)
                0x0000ad18                __fixdfsi
 .text          0x0000adf0        0x0 c:/altera/12.0/nios2eds/bin/gnu/h-i686-mingw32/bin/../lib/gcc/nios2-elf/4.1.2\libgcc.a(_thenan_df.o)
 .text          0x0000adf0      0x194 c:/altera/12.0/nios2eds/bin/gnu/h-i686-mingw32/bin/../lib/gcc/nios2-elf/4.1.2\libgcc.a(_usi_to_df.o)
                0x0000adf0                __floatunsidf
 .text          0x0000af84      0x14c c:/altera/12.0/nios2eds/bin/gnu/h-i686-mingw32/bin/../lib/gcc/nios2-elf/4.1.2\libgcc.a(lib2-divmod.o)
                0x0000b000                __divsi3
                0x0000b060                __modsi3
                0x0000b0c0                __udivsi3
                0x0000b0c8                __umodsi3
 .text          0x0000b0d0       0x98 c:/altera/12.0/nios2eds/bin/gnu/h-i686-mingw32/bin/../lib/gcc/nios2-elf/4.1.2\libgcc.a(_muldi3.o)
                0x0000b0d0                __muldi3
 .text          0x0000b168        0x0 c:/altera/12.0/nios2eds/bin/gnu/h-i686-mingw32/bin/../lib/gcc/nios2-elf/4.1.2\libgcc.a(_clz.o)
 .text          0x0000b168       0x80 c:/altera/12.0/nios2eds/bin/gnu/h-i686-mingw32/bin/../lib/gcc/nios2-elf/4.1.2\libgcc.a(_clzsi2.o)
                0x0000b168                __clzsi2
 .text          0x0000b1e8      0x314 c:/altera/12.0/nios2eds/bin/gnu/h-i686-mingw32/bin/../lib/gcc/nios2-elf/4.1.2\libgcc.a(_pack_df.o)
                0x0000b1e8                __pack_d
 .text          0x0000b4fc      0x138 c:/altera/12.0/nios2eds/bin/gnu/h-i686-mingw32/bin/../lib/gcc/nios2-elf/4.1.2\libgcc.a(_unpack_df.o)
                0x0000b4fc                __unpack_d
 .text          0x0000b634       0xc8 c:/altera/12.0/nios2eds/bin/gnu/h-i686-mingw32/bin/../lib/gcc/nios2-elf/4.1.2\libgcc.a(_fpcmp_parts_df.o)
                0x0000b634                __fpcmp_parts_d
 .text          0x0000b6fc      0x15c ../ucosii_tutorial_bsp/\libucosii_bsp.a(alt_close.o)
                0x0000b6fc                close
 .text          0x0000b858       0x2c ../ucosii_tutorial_bsp/\libucosii_bsp.a(alt_dev.o)
 .text          0x0000b884        0x0 ../ucosii_tutorial_bsp/\libucosii_bsp.a(alt_errno.o)
 .text          0x0000b884       0x6c ../ucosii_tutorial_bsp/\libucosii_bsp.a(alt_exit.o)
                0x0000b8c4                _exit
 .text          0x0000b8f0      0x134 ../ucosii_tutorial_bsp/\libucosii_bsp.a(alt_fstat.o)
                0x0000b8f0                fstat
 .text          0x0000ba24      0x120 ../ucosii_tutorial_bsp/\libucosii_bsp.a(alt_isatty.o)
                0x0000ba24                isatty
 .text          0x0000bb44       0xec ../ucosii_tutorial_bsp/\libucosii_bsp.a(alt_load.o)
                0x0000bb44                alt_load
 .text          0x0000bc30      0x150 ../ucosii_tutorial_bsp/\libucosii_bsp.a(alt_lseek.o)
                0x0000bc30                lseek
 .text          0x0000bd80       0xc8 ../ucosii_tutorial_bsp/\libucosii_bsp.a(alt_main.o)
                0x0000bd80                alt_main
 .text          0x0000be48      0x2c4 ../ucosii_tutorial_bsp/\libucosii_bsp.a(alt_open.o)
                0x0000bf24                open
 .text          0x0000c10c      0x180 ../ucosii_tutorial_bsp/\libucosii_bsp.a(alt_read.o)
                0x0000c10c                read
 .text          0x0000c28c       0x60 ../ucosii_tutorial_bsp/\libucosii_bsp.a(alt_release_fd.o)
                0x0000c28c                alt_release_fd
 .text          0x0000c2ec       0xbc ../ucosii_tutorial_bsp/\libucosii_bsp.a(alt_sbrk.o)
                0x0000c2ec                sbrk
 .text          0x0000c3a8      0x180 ../ucosii_tutorial_bsp/\libucosii_bsp.a(alt_write.o)
                0x0000c3a8                write
 .text          0x0000c528      0x108 ../ucosii_tutorial_bsp/\libucosii_bsp.a(alt_env_lock.o)
                0x0000c528                __env_lock
                0x0000c5d4                __env_unlock
 .text          0x0000c630      0x1d8 ../ucosii_tutorial_bsp/\libucosii_bsp.a(alt_malloc_lock.o)
                0x0000c630                __malloc_lock
                0x0000c738                __malloc_unlock
 .text          0x0000c808     0x2128 ../ucosii_tutorial_bsp/\libucosii_bsp.a(os_core.o)
                0x0000c808                OSEventNameGet
                0x0000c938                OSEventNameSet
                0x0000ca7c                OSEventPendMulti
                0x0000d130                OSInit
                0x0000d184                OSIntEnter
                0x0000d200                OSIntExit
                0x0000d300                OSSchedLock
                0x0000d38c                OSSchedUnlock
                0x0000d470                OSStart
                0x0000d4e0                OSStatInit
                0x0000d58c                OSTimeTick
                0x0000d7cc                OSVersion
                0x0000d7ec                OS_Dummy
                0x0000d808                OS_EventTaskRdy
                0x0000d99c                OS_EventTaskWait
                0x0000daac                OS_EventTaskWaitMulti
                0x0000dc00                OS_EventTaskRemove
                0x0000dcb8                OS_EventTaskRemoveMulti
                0x0000ddbc                OS_EventWaitListInit
                0x0000e188                OS_MemClr
                0x0000e1dc                OS_MemCopy
                0x0000e248                OS_Sched
                0x0000e38c                OS_StrCopy
                0x0000e40c                OS_StrLen
                0x0000e464                OS_TaskIdle
                0x0000e4c0                OS_TaskStat
                0x0000e588                OS_TaskStatStkChk
                0x0000e650                OS_TCBInit
 .text          0x0000e930      0x18c ../ucosii_tutorial_bsp/\libucosii_bsp.a(os_dbg.o)
                0x0000e930                OSDebugInit
 .text          0x0000eabc     0x193c ../ucosii_tutorial_bsp/\libucosii_bsp.a(os_flag.o)
                0x0000eabc                OSFlagAccept
                0x0000edf0                OSFlagCreate
                0x0000ef2c                OSFlagDel
                0x0000f1d4                OSFlagNameGet
                0x0000f318                OSFlagNameSet
                0x0000f46c                OSFlagPend
                0x0000fab0                OSFlagPendGetFlagsRdy
                0x0000fb18                OSFlagPost
                0x0000fec0                OSFlagQuery
                0x00010158                OS_FlagInit
                0x0001034c                OS_FlagUnlink
 .text          0x000103f8      0x808 ../ucosii_tutorial_bsp/\libucosii_bsp.a(os_mem.o)
                0x000103f8                OSMemCreate
                0x00010614                OSMemGet
                0x00010718                OSMemNameGet
                0x00010824                OSMemNameSet
                0x00010944                OSMemPut
                0x00010a34                OSMemQuery
                0x00010b30                OS_MemInit
 .text          0x00010c00     0x1334 ../ucosii_tutorial_bsp/\libucosii_bsp.a(os_q.o)
                0x00010c00                OSQAccept
                0x00010d54                OSQCreate
                0x00010f68                OSQDel
                0x00011268                OSQFlush
                0x00011330                OSQPend
                0x00011650                OSQPendAbort
                0x000117cc                OSQPost
                0x0001194c                OSQPostFront
                0x00011ad4                OSQPostOpt
                0x00011d08                OSQQuery
                0x00011e88                OS_QInit
 .text          0x00011f34      0xbc8 ../ucosii_tutorial_bsp/\libucosii_bsp.a(os_sem.o)
                0x00011f34                OSSemAccept
                0x00011ff4                OSSemCreate
                0x00012108                OSSemDel
                0x000123a8                OSSemPend
                0x00012624                OSSemPendAbort
                0x000127a0                OSSemPost
                0x000128c8                OSSemQuery
                0x000129f8                OSSemSet
 .text          0x00012afc     0x1a40 ../ucosii_tutorial_bsp/\libucosii_bsp.a(os_task.o)
                0x00012afc                OSTaskChangePrio
                0x00013070                OSTaskCreate
                0x00013244                OSTaskCreateExt
                0x00013444                OSTaskDel
                0x00013850                OSTaskDelReq
                0x000139c0                OSTaskNameGet
                0x00013b78                OSTaskNameSet
                0x00013d3c                OSTaskResume
                0x00013f54                OSTaskStkChk
                0x00014150                OSTaskSuspend
                0x0001437c                OSTaskQuery
                0x000144c0                OS_TaskStkClr
 .text          0x0001453c      0x598 ../ucosii_tutorial_bsp/\libucosii_bsp.a(os_time.o)
                0x0001453c                OSTimeDly
                0x00014688                OSTimeDlyHMSM
                0x000147fc                OSTimeDlyResume
                0x00014a0c                OSTimeGet
                0x00014a70                OSTimeSet
 .text          0x00014ad4      0x130 ../ucosii_tutorial_bsp/\libucosii_bsp.a(alt_sys_init.o)
                0x00014ad4                alt_irq_init
                0x00014b08                alt_sys_init
 .text          0x00014c04      0x8c8 ../ucosii_tutorial_bsp/\libucosii_bsp.a(altera_avalon_cfi_flash.o)
                0x00014c04                alt_flash_cfi_init
                0x00014cd8                alt_flash_cfi_write
                0x00014f98                alt_flash_cfi_get_info
                0x00015028                alt_flash_cfi_read
                0x00015090                alt_write_value_to_flash
                0x000151f4                alt_flash_program_block
 .text          0x000154cc     0x1448 ../ucosii_tutorial_bsp/\libucosii_bsp.a(altera_avalon_cfi_flash_table.o)
                0x000154cc                alt_read_query_entry_8bit
                0x0001550c                alt_read_query_entry_16bit
                0x00015550                alt_read_query_entry_32bit
                0x00015598                alt_write_flash_command_8bit_device_8bit_mode
                0x000155d4                alt_write_flash_command_16bit_device_8bit_mode
                0x00015650                alt_write_flash_command_32bit_device_8bit_mode
                0x00015698                alt_write_flash_command_16bit_device_16bit_mode
                0x000156dc                alt_write_flash_command_32bit_device_16bit_mode
                0x00015724                alt_write_flash_command_32bit_device_32bit_mode
                0x0001576c                alt_write_native_8bit
                0x000157a0                alt_write_native_16bit
                0x000157d4                alt_write_native_32bit
                0x00015804                alt_set_flash_width_func
                0x000159e4                alt_set_flash_algorithm_func
                0x00015b0c                alt_read_cfi_table
                0x0001608c                alt_read_cfi_width
                0x00016838                alt_check_primary_table
 .text          0x00016914      0x148 ../ucosii_tutorial_bsp/\libucosii_bsp.a(altera_avalon_jtag_uart_fd.o)
                0x00016914                altera_avalon_jtag_uart_read_fd
                0x0001696c                altera_avalon_jtag_uart_write_fd
                0x000169c4                altera_avalon_jtag_uart_close_fd
                0x00016a0c                altera_avalon_jtag_uart_ioctl_fd
 .text          0x00016a5c      0x584 ../ucosii_tutorial_bsp/\libucosii_bsp.a(altera_avalon_jtag_uart_init.o)
                0x00016a5c                altera_avalon_jtag_uart_init
                0x00016f6c                altera_avalon_jtag_uart_close
 .text          0x00016fe0       0xf4 ../ucosii_tutorial_bsp/\libucosii_bsp.a(altera_avalon_jtag_uart_ioctl.o)
                0x00016fe0                altera_avalon_jtag_uart_ioctl
 .text          0x000170d4      0x2c0 ../ucosii_tutorial_bsp/\libucosii_bsp.a(altera_avalon_jtag_uart_read.o)
                0x000170d4                altera_avalon_jtag_uart_read
 .text          0x00017394      0x2dc ../ucosii_tutorial_bsp/\libucosii_bsp.a(altera_avalon_jtag_uart_write.o)
                0x00017394                altera_avalon_jtag_uart_write
 .text          0x00017670      0xf3c ../ucosii_tutorial_bsp/\libucosii_bsp.a(altera_avalon_lcd_16207.o)
                0x00017e44                altera_avalon_lcd_16207_write
                0x00018448                altera_avalon_lcd_16207_init
 .text          0x000185ac       0x58 ../ucosii_tutorial_bsp/\libucosii_bsp.a(altera_avalon_lcd_16207_fd.o)
                0x000185ac                altera_avalon_lcd_16207_write_fd
 .text          0x00018604      0xde4 ../ucosii_tutorial_bsp/\libucosii_bsp.a(altera_avalon_sgdma.o)
                0x00018604                alt_avalon_sgdma_do_async_transfer
                0x00018740                alt_avalon_sgdma_do_sync_transfer
                0x00018864                alt_avalon_sgdma_construct_mem_to_mem_desc
                0x000188d4                alt_avalon_sgdma_construct_mem_to_mem_desc_burst
                0x00018954                alt_avalon_sgdma_construct_stream_to_mem_desc
                0x000189a8                alt_avalon_sgdma_construct_stream_to_mem_desc_burst
                0x00018a18                alt_avalon_sgdma_construct_mem_to_stream_desc
                0x00018a8c                alt_avalon_sgdma_construct_mem_to_stream_desc_burst
                0x00018b10                alt_avalon_sgdma_register_callback
                0x00018b60                alt_avalon_sgdma_start
                0x00018bb4                alt_avalon_sgdma_stop
                0x00018c0c                alt_avalon_sgdma_check_descriptor_status
                0x00018c7c                alt_avalon_sgdma_open
                0x00018d34                alt_avalon_sgdma_construct_descriptor
                0x00018dbc                alt_avalon_sgdma_enable_desc_poll
                0x00018e38                alt_avalon_sgdma_disable_desc_poll
                0x00018e94                alt_avalon_sgdma_construct_descriptor_burst
                0x0001933c                alt_avalon_sgdma_init
 .text          0x000193e8      0x100 ../ucosii_tutorial_bsp/\libucosii_bsp.a(altera_avalon_timer_sc.o)
                0x00019458                alt_avalon_timer_sc_init
 .text          0x000194e8       0xf8 ../ucosii_tutorial_bsp/\libucosii_bsp.a(altera_avalon_uart_fd.o)
                0x000194e8                altera_avalon_uart_read_fd
                0x00019540                altera_avalon_uart_write_fd
                0x00019598                altera_avalon_uart_close_fd
 .text          0x000195e0      0x57c ../ucosii_tutorial_bsp/\libucosii_bsp.a(altera_avalon_uart_init.o)
                0x000195e0                altera_avalon_uart_init
                0x00019afc                altera_avalon_uart_close
 .text          0x00019b5c      0x310 ../ucosii_tutorial_bsp/\libucosii_bsp.a(altera_avalon_uart_read.o)
                0x00019b5c                altera_avalon_uart_read
 .text          0x00019e6c      0x2a8 ../ucosii_tutorial_bsp/\libucosii_bsp.a(altera_avalon_uart_write.o)
                0x00019e6c                altera_avalon_uart_write
 .text          0x0001a114      0x154 ../ucosii_tutorial_bsp/\libucosii_bsp.a(alt_alarm_start.o)
                0x0001a114                alt_alarm_start
 .text          0x0001a268       0x78 ../ucosii_tutorial_bsp/\libucosii_bsp.a(alt_dcache_flush.o)
                0x0001a268                alt_dcache_flush
 .text          0x0001a2e0       0x44 ../ucosii_tutorial_bsp/\libucosii_bsp.a(alt_dcache_flush_all.o)
                0x0001a2e0                alt_dcache_flush_all
 .text          0x0001a324      0x114 ../ucosii_tutorial_bsp/\libucosii_bsp.a(alt_dev_llist_insert.o)
                0x0001a324                alt_dev_llist_insert
 .text          0x0001a438       0x64 ../ucosii_tutorial_bsp/\libucosii_bsp.a(alt_do_ctors.o)
                0x0001a438                _do_ctors
 .text          0x0001a49c       0x64 ../ucosii_tutorial_bsp/\libucosii_bsp.a(alt_do_dtors.o)
                0x0001a49c                _do_dtors
 .text          0x0001a500       0x94 ../ucosii_tutorial_bsp/\libucosii_bsp.a(alt_find_dev.o)
                0x0001a500                alt_find_dev
 .text          0x0001a594      0x120 ../ucosii_tutorial_bsp/\libucosii_bsp.a(alt_find_file.o)
                0x0001a594                alt_find_file
 .text          0x0001a6b4       0xd0 ../ucosii_tutorial_bsp/\libucosii_bsp.a(alt_flash_dev.o)
                0x0001a6b4                alt_flash_open_dev
                0x0001a730                alt_flash_close_dev
 .text          0x0001a784       0xf4 ../ucosii_tutorial_bsp/\libucosii_bsp.a(alt_get_fd.o)
                0x0001a784                alt_get_fd
 .text          0x0001a878       0x30 ../ucosii_tutorial_bsp/\libucosii_bsp.a(alt_icache_flush_all.o)
                0x0001a878                alt_icache_flush_all
 .text          0x0001a8a8      0x1d4 ../ucosii_tutorial_bsp/\libucosii_bsp.a(alt_iic.o)
                0x0001a8a8                alt_ic_isr_register
                0x0001a8f8                alt_ic_irq_enable
                0x0001a994                alt_ic_irq_disable
                0x0001aa34                alt_ic_irq_enabled
 .text          0x0001aa7c       0xf8 ../ucosii_tutorial_bsp/\libucosii_bsp.a(alt_iic_isr_register.o)
                0x0001aa7c                alt_iic_isr_register
 .text          0x0001ab74      0x13c ../ucosii_tutorial_bsp/\libucosii_bsp.a(alt_io_redirect.o)
                0x0001ac38                alt_io_redirect
 .text          0x0001acb0        0x0 ../ucosii_tutorial_bsp/\libucosii_bsp.a(alt_irq_entry.o)
 .text          0x0001acb0        0x0 ../ucosii_tutorial_bsp/\libucosii_bsp.a(alt_irq_handler.o)
 .text          0x0001acb0        0x0 ../ucosii_tutorial_bsp/\libucosii_bsp.a(alt_irq_vars.o)
 .text          0x0001acb0       0x40 ../ucosii_tutorial_bsp/\libucosii_bsp.a(alt_remap_uncached.o)
                0x0001acb0                alt_remap_uncached
 .text          0x0001acf0      0x1a8 ../ucosii_tutorial_bsp/\libucosii_bsp.a(alt_tick.o)
                0x0001acf0                alt_alarm_stop
                0x0001ad88                alt_tick
 .text          0x0001ae98      0x118 ../ucosii_tutorial_bsp/\libucosii_bsp.a(alt_usleep.o)
                0x0001ae98                usleep
 .text          0x0001afb0       0x20 ../ucosii_tutorial_bsp/\libucosii_bsp.a(altera_nios2_irq.o)
                0x0001afb0                altera_nios2_irq_init
 .text          0x0001afd0       0xd0 ../ucosii_tutorial_bsp/\libucosii_bsp.a(os_cpu_a.o)
                0x0001afd0                OSCtxSw
                0x0001afd0                OSIntCtxSw
                0x0001b05c                OSStartHighRdy
                0x0001b07c                OSStartTsk
 .text          0x0001b0a0      0x418 ../ucosii_tutorial_bsp/\libucosii_bsp.a(os_cpu_c.o)
                0x0001b0a0                OSTaskStkInit
                0x0001b3b0                OSTaskCreateHook
                0x0001b3d0                OSTaskDelHook
                0x0001b3f0                OSTaskSwHook
                0x0001b40c                OSTaskStatHook
                0x0001b428                OSTimeTickHook
                0x0001b444                OSInitHookBegin
                0x0001b460                OSInitHookEnd
                0x0001b47c                OSTaskIdleHook
                0x0001b498                OSTCBInitHook
 .text          0x0001b4b8      0x460 ../ucosii_tutorial_bsp/\libucosii_bsp.a(altera_avalon_cfi_flash_amd.o)
                0x0001b4b8                alt_program_amd
                0x0001b520                alt_erase_block_amd
 .text          0x0001b918      0x460 ../ucosii_tutorial_bsp/\libucosii_bsp.a(altera_avalon_cfi_flash_intel.o)
                0x0001b918                alt_program_intel
                0x0001b99c                alt_erase_block_intel
 .text          0x0001bd78      0x14c ../ucosii_tutorial_bsp/\libucosii_bsp.a(alt_busy_sleep.o)
                0x0001bd78                alt_busy_sleep
 .text          0x0001bec4        0x0 ../ucosii_tutorial_bsp/\libucosii_bsp.a(alt_exception_entry.o)
 .text          0x0001bec4       0x90 ../ucosii_tutorial_bsp/\libucosii_bsp.a(alt_icache_flush.o)
                0x0001bec4                alt_icache_flush
 .text          0x0001bf54       0x14 c:/altera/12.0/nios2eds/bin/gnu/h-i686-mingw32/bin/../lib/gcc/nios2-elf/4.1.2/../../../../nios2-elf/lib\libc.a(lib_a-atexit.o)
                0x0001bf54                atexit
 .text          0x0001bf68        0x0 c:/altera/12.0/nios2eds/bin/gnu/h-i686-mingw32/bin/../lib/gcc/nios2-elf/4.1.2/../../../../nios2-elf/lib\libc.a(lib_a-ctype_.o)
 .text          0x0001bf68       0x74 c:/altera/12.0/nios2eds/bin/gnu/h-i686-mingw32/bin/../lib/gcc/nios2-elf/4.1.2/../../../../nios2-elf/lib\libc.a(lib_a-memcmp.o)
                0x0001bf68                memcmp
 .text          0x0001bfdc      0x134 c:/altera/12.0/nios2eds/bin/gnu/h-i686-mingw32/bin/../lib/gcc/nios2-elf/4.1.2/../../../../nios2-elf/lib\libc.a(lib_a-__atexit.o)
                0x0001bfdc                __register_exitproc
 *(.gnu.warning.*)
 *(.fini)
                0x0001c110                PROVIDE (__etext, ABSOLUTE (.))
                0x0001c110                PROVIDE (_etext, ABSOLUTE (.))
                0x0001c110                PROVIDE (etext, ABSOLUTE (.))
 *(.eh_frame_hdr)
                0x0001c110                . = ALIGN (0x4)
                0x0001c110                PROVIDE (__preinit_array_start, ABSOLUTE (.))
 *(.preinit_array)
                0x0001c110                PROVIDE (__preinit_array_end, ABSOLUTE (.))
                0x0001c110                PROVIDE (__init_array_start, ABSOLUTE (.))
 *(.init_array)
                0x0001c110                PROVIDE (__init_array_end, ABSOLUTE (.))
                0x0001c110                PROVIDE (__fini_array_start, ABSOLUTE (.))
 *(.fini_array)
                0x0001c110                PROVIDE (__fini_array_end, ABSOLUTE (.))
 *(.eh_frame)
 .eh_frame      0x0001c110       0x40 c:/altera/12.0/nios2eds/bin/gnu/h-i686-mingw32/bin/../lib/gcc/nios2-elf/4.1.2\libgcc.a(_udivdi3.o)
 .eh_frame      0x0001c150       0x2c c:/altera/12.0/nios2eds/bin/gnu/h-i686-mingw32/bin/../lib/gcc/nios2-elf/4.1.2\libgcc.a(_umoddi3.o)
                                 0x40 (size before relaxing)
 *(.gcc_except_table)
 *(.dynamic)
                0x0001c17c                PROVIDE (__CTOR_LIST__, ABSOLUTE (.))
 *(.ctors)
 *(SORT(.ctors.*))
 .ctors.65535   0x0001c17c        0x4 c:/altera/12.0/nios2eds/bin/gnu/h-i686-mingw32/bin/../lib/gcc/nios2-elf/4.1.2/../../../../nios2-elf/lib\libc.a(lib_a-__call_atexit.o)
                0x0001c180                PROVIDE (__CTOR_END__, ABSOLUTE (.))
                0x0001c180                PROVIDE (__DTOR_LIST__, ABSOLUTE (.))
 *(.dtors)
 *(SORT(.dtors.*))
                0x0001c180                PROVIDE (__DTOR_END__, ABSOLUTE (.))
 *(.jcr)
                0x0001c180                . = ALIGN (0x4)

.rodata         0x0001c180      0xdac
                0x0001c180                PROVIDE (__ram_rodata_start, ABSOLUTE (.))
                0x0001c180                . = ALIGN (0x4)
 *(.rodata .rodata.* .gnu.linkonce.r.*)
 .rodata        0x0001c180      0x378 obj/default/alt_ucosii_simple_error_check.o
 .rodata        0x0001c4f8      0x308 obj/default/ucosii_tutorial.o
 .rodata.str1.4
                0x0001c800        0x2 c:/altera/12.0/nios2eds/bin/gnu/h-i686-mingw32/bin/../lib/gcc/nios2-elf/4.1.2/../../../../nios2-elf/lib\libc.a(lib_a-impure.o)
                                  0x4 (size before relaxing)
 *fill*         0x0001c802        0x2 00
 .rodata.str1.4
                0x0001c804        0x2 c:/altera/12.0/nios2eds/bin/gnu/h-i686-mingw32/bin/../lib/gcc/nios2-elf/4.1.2/../../../../nios2-elf/lib\libc.a(lib_a-puts.o)
                                  0x4 (size before relaxing)
 *fill*         0x0001c806        0x2 00
 .rodata.str1.4
                0x0001c808       0x5e c:/altera/12.0/nios2eds/bin/gnu/h-i686-mingw32/bin/../lib/gcc/nios2-elf/4.1.2/../../../../nios2-elf/lib\libc.a(lib_a-vfprintf.o)
                                 0x60 (size before relaxing)
 .rodata        0x0001c866       0x20 c:/altera/12.0/nios2eds/bin/gnu/h-i686-mingw32/bin/../lib/gcc/nios2-elf/4.1.2/../../../../nios2-elf/lib\libc.a(lib_a-vfprintf.o)
 *fill*         0x0001c886        0x2 00
 .rodata.str1.4
                0x0001c888       0x10 c:/altera/12.0/nios2eds/bin/gnu/h-i686-mingw32/bin/../lib/gcc/nios2-elf/4.1.2/../../../../nios2-elf/lib\libc.a(lib_a-dtoa.o)
                                 0x14 (size before relaxing)
 .rodata.str1.4
                0x0001c898       0x10 c:/altera/12.0/nios2eds/bin/gnu/h-i686-mingw32/bin/../lib/gcc/nios2-elf/4.1.2/../../../../nios2-elf/lib\libc.a(lib_a-locale.o)
                                 0x18 (size before relaxing)
 .rodata        0x0001c8a8       0x30 c:/altera/12.0/nios2eds/bin/gnu/h-i686-mingw32/bin/../lib/gcc/nios2-elf/4.1.2/../../../../nios2-elf/lib\libc.a(lib_a-locale.o)
 .rodata        0x0001c8d8      0x124 c:/altera/12.0/nios2eds/bin/gnu/h-i686-mingw32/bin/../lib/gcc/nios2-elf/4.1.2/../../../../nios2-elf/lib\libc.a(lib_a-mprec.o)
                0x0001c8d8                __mprec_tens
                0x0001c9a0                __mprec_bigtens
                0x0001c9c8                __mprec_tinytens
 .rodata        0x0001c9fc       0x14 c:/altera/12.0/nios2eds/bin/gnu/h-i686-mingw32/bin/../lib/gcc/nios2-elf/4.1.2\libgcc.a(_thenan_df.o)
                0x0001c9fc                __thenan_df
 .rodata        0x0001ca10      0x100 c:/altera/12.0/nios2eds/bin/gnu/h-i686-mingw32/bin/../lib/gcc/nios2-elf/4.1.2\libgcc.a(_clz.o)
                0x0001ca10                __clz_tab
 .rodata        0x0001cb10        0xc ../ucosii_tutorial_bsp/\libucosii_bsp.a(alt_dev.o)
 .rodata        0x0001cb1c       0x10 ../ucosii_tutorial_bsp/\libucosii_bsp.a(alt_main.o)
 .rodata        0x0001cb2c      0x120 ../ucosii_tutorial_bsp/\libucosii_bsp.a(os_core.o)
                0x0001cb2c                OSUnMapTbl
 .rodata        0x0001cc4c       0x58 ../ucosii_tutorial_bsp/\libucosii_bsp.a(alt_sys_init.o)
 .rodata        0x0001cca4        0x4 ../ucosii_tutorial_bsp/\libucosii_bsp.a(os_cpu_c.o)
 .rodata        0x0001cca8      0x281 c:/altera/12.0/nios2eds/bin/gnu/h-i686-mingw32/bin/../lib/gcc/nios2-elf/4.1.2/../../../../nios2-elf/lib\libc.a(lib_a-ctype_.o)
                0x0001cca8                _ctype_
 *(.rodata1)
                0x0001cf2c                . = ALIGN (0x4)
 *fill*         0x0001cf29        0x3 00
                0x0001cf2c                PROVIDE (__ram_rodata_end, ABSOLUTE (.))
                0x0001c180                PROVIDE (__flash_rodata_start, LOADADDR (.rodata))

.rwdata         0x0001cf2c     0x1e28 load address 0x0001ed54
                0x0001cf2c                PROVIDE (__ram_rwdata_start, ABSOLUTE (.))
                0x0001cf2c                . = ALIGN (0x4)
 *(.got.plt)
 *(.got)
 *(.data1)
 *(.data .data.* .gnu.linkonce.d.*)
 .data          0x0001cf2c        0x0 ../ucosii_tutorial_bsp//obj/HAL/src/crt0.o
 .data          0x0001cf2c        0x0 obj/default/alt_ucosii_simple_error_check.o
 .data          0x0001cf2c        0x0 obj/default/ucosii_tutorial.o
 .data          0x0001cf2c        0x0 c:/altera/12.0/nios2eds/bin/gnu/h-i686-mingw32/bin/../lib/gcc/nios2-elf/4.1.2/../../../../nios2-elf/lib\libc.a(lib_a-exit.o)
 .data          0x0001cf2c        0x0 c:/altera/12.0/nios2eds/bin/gnu/h-i686-mingw32/bin/../lib/gcc/nios2-elf/4.1.2/../../../../nios2-elf/lib\libc.a(lib_a-fopen.o)
 .data          0x0001cf2c        0x0 c:/altera/12.0/nios2eds/bin/gnu/h-i686-mingw32/bin/../lib/gcc/nios2-elf/4.1.2/../../../../nios2-elf/lib\libc.a(lib_a-fprintf.o)
 .data          0x0001cf2c        0x0 c:/altera/12.0/nios2eds/bin/gnu/h-i686-mingw32/bin/../lib/gcc/nios2-elf/4.1.2/../../../../nios2-elf/lib\libc.a(lib_a-fseek.o)
 .data          0x0001cf2c        0x0 c:/altera/12.0/nios2eds/bin/gnu/h-i686-mingw32/bin/../lib/gcc/nios2-elf/4.1.2/../../../../nios2-elf/lib\libc.a(lib_a-fstatr.o)
 .data          0x0001cf2c        0x0 c:/altera/12.0/nios2eds/bin/gnu/h-i686-mingw32/bin/../lib/gcc/nios2-elf/4.1.2/../../../../nios2-elf/lib\libc.a(lib_a-fwrite.o)
 .data          0x0001cf2c      0x400 c:/altera/12.0/nios2eds/bin/gnu/h-i686-mingw32/bin/../lib/gcc/nios2-elf/4.1.2/../../../../nios2-elf/lib\libc.a(lib_a-impure.o)
 .data          0x0001d32c        0x0 c:/altera/12.0/nios2eds/bin/gnu/h-i686-mingw32/bin/../lib/gcc/nios2-elf/4.1.2/../../../../nios2-elf/lib\libc.a(lib_a-int_errno.o)
 .data          0x0001d32c        0x0 c:/altera/12.0/nios2eds/bin/gnu/h-i686-mingw32/bin/../lib/gcc/nios2-elf/4.1.2/../../../../nios2-elf/lib\libc.a(lib_a-makebuf.o)
 .data          0x0001d32c      0x408 c:/altera/12.0/nios2eds/bin/gnu/h-i686-mingw32/bin/../lib/gcc/nios2-elf/4.1.2/../../../../nios2-elf/lib\libc.a(lib_a-mallocr.o)
                0x0001d32c                __malloc_av_
 .data          0x0001d734        0x0 c:/altera/12.0/nios2eds/bin/gnu/h-i686-mingw32/bin/../lib/gcc/nios2-elf/4.1.2/../../../../nios2-elf/lib\libc.a(lib_a-openr.o)
 .data          0x0001d734        0x0 c:/altera/12.0/nios2eds/bin/gnu/h-i686-mingw32/bin/../lib/gcc/nios2-elf/4.1.2/../../../../nios2-elf/lib\libc.a(lib_a-printf.o)
 .data          0x0001d734        0x0 c:/altera/12.0/nios2eds/bin/gnu/h-i686-mingw32/bin/../lib/gcc/nios2-elf/4.1.2/../../../../nios2-elf/lib\libc.a(lib_a-putchar.o)
 .data          0x0001d734        0x0 c:/altera/12.0/nios2eds/bin/gnu/h-i686-mingw32/bin/../lib/gcc/nios2-elf/4.1.2/../../../../nios2-elf/lib\libc.a(lib_a-puts.o)
 .data          0x0001d734        0x0 c:/altera/12.0/nios2eds/bin/gnu/h-i686-mingw32/bin/../lib/gcc/nios2-elf/4.1.2/../../../../nios2-elf/lib\libc.a(lib_a-refill.o)
 .data          0x0001d734        0x0 c:/altera/12.0/nios2eds/bin/gnu/h-i686-mingw32/bin/../lib/gcc/nios2-elf/4.1.2/../../../../nios2-elf/lib\libc.a(lib_a-sbrkr.o)
 .data          0x0001d734        0x0 c:/altera/12.0/nios2eds/bin/gnu/h-i686-mingw32/bin/../lib/gcc/nios2-elf/4.1.2/../../../../nios2-elf/lib\libc.a(lib_a-stdio.o)
 .data          0x0001d734        0x0 c:/altera/12.0/nios2eds/bin/gnu/h-i686-mingw32/bin/../lib/gcc/nios2-elf/4.1.2/../../../../nios2-elf/lib\libc.a(lib_a-strlen.o)
 .data          0x0001d734        0x0 c:/altera/12.0/nios2eds/bin/gnu/h-i686-mingw32/bin/../lib/gcc/nios2-elf/4.1.2/../../../../nios2-elf/lib\libc.a(lib_a-vfprintf.o)
 .data          0x0001d734        0x0 c:/altera/12.0/nios2eds/bin/gnu/h-i686-mingw32/bin/../lib/gcc/nios2-elf/4.1.2/../../../../nios2-elf/lib\libc.a(lib_a-writer.o)
 .data          0x0001d734        0x0 c:/altera/12.0/nios2eds/bin/gnu/h-i686-mingw32/bin/../lib/gcc/nios2-elf/4.1.2/../../../../nios2-elf/lib\libc.a(lib_a-wsetup.o)
 .data          0x0001d734        0x0 c:/altera/12.0/nios2eds/bin/gnu/h-i686-mingw32/bin/../lib/gcc/nios2-elf/4.1.2/../../../../nios2-elf/lib\libc.a(lib_a-__call_atexit.o)
 .data          0x0001d734        0x0 c:/altera/12.0/nios2eds/bin/gnu/h-i686-mingw32/bin/../lib/gcc/nios2-elf/4.1.2/../../../../nios2-elf/lib\libc.a(lib_a-closer.o)
 .data          0x0001d734        0x0 c:/altera/12.0/nios2eds/bin/gnu/h-i686-mingw32/bin/../lib/gcc/nios2-elf/4.1.2/../../../../nios2-elf/lib\libc.a(lib_a-dtoa.o)
 .data          0x0001d734        0x0 c:/altera/12.0/nios2eds/bin/gnu/h-i686-mingw32/bin/../lib/gcc/nios2-elf/4.1.2/../../../../nios2-elf/lib\libc.a(lib_a-fflush.o)
 .data          0x0001d734        0x0 c:/altera/12.0/nios2eds/bin/gnu/h-i686-mingw32/bin/../lib/gcc/nios2-elf/4.1.2/../../../../nios2-elf/lib\libc.a(lib_a-findfp.o)
 .data          0x0001d734        0x0 c:/altera/12.0/nios2eds/bin/gnu/h-i686-mingw32/bin/../lib/gcc/nios2-elf/4.1.2/../../../../nios2-elf/lib\libc.a(lib_a-flags.o)
 .data          0x0001d734        0x0 c:/altera/12.0/nios2eds/bin/gnu/h-i686-mingw32/bin/../lib/gcc/nios2-elf/4.1.2/../../../../nios2-elf/lib\libc.a(lib_a-freer.o)
 .data          0x0001d734        0x0 c:/altera/12.0/nios2eds/bin/gnu/h-i686-mingw32/bin/../lib/gcc/nios2-elf/4.1.2/../../../../nios2-elf/lib\libc.a(lib_a-fvwrite.o)
 .data          0x0001d734        0x0 c:/altera/12.0/nios2eds/bin/gnu/h-i686-mingw32/bin/../lib/gcc/nios2-elf/4.1.2/../../../../nios2-elf/lib\libc.a(lib_a-fwalk.o)
 .data          0x0001d734        0x0 c:/altera/12.0/nios2eds/bin/gnu/h-i686-mingw32/bin/../lib/gcc/nios2-elf/4.1.2/../../../../nios2-elf/lib\libc.a(lib_a-isattyr.o)
 .data          0x0001d734        0xc c:/altera/12.0/nios2eds/bin/gnu/h-i686-mingw32/bin/../lib/gcc/nios2-elf/4.1.2/../../../../nios2-elf/lib\libc.a(lib_a-locale.o)
                0x0001d734                __lc_ctype
 .data          0x0001d740        0x0 c:/altera/12.0/nios2eds/bin/gnu/h-i686-mingw32/bin/../lib/gcc/nios2-elf/4.1.2/../../../../nios2-elf/lib\libc.a(lib_a-lseekr.o)
 .data          0x0001d740        0x0 c:/altera/12.0/nios2eds/bin/gnu/h-i686-mingw32/bin/../lib/gcc/nios2-elf/4.1.2/../../../../nios2-elf/lib\libc.a(lib_a-memchr.o)
 .data          0x0001d740        0x0 c:/altera/12.0/nios2eds/bin/gnu/h-i686-mingw32/bin/../lib/gcc/nios2-elf/4.1.2/../../../../nios2-elf/lib\libc.a(lib_a-memcpy.o)
 .data          0x0001d740        0x0 c:/altera/12.0/nios2eds/bin/gnu/h-i686-mingw32/bin/../lib/gcc/nios2-elf/4.1.2/../../../../nios2-elf/lib\libc.a(lib_a-memmove.o)
 .data          0x0001d740        0x0 c:/altera/12.0/nios2eds/bin/gnu/h-i686-mingw32/bin/../lib/gcc/nios2-elf/4.1.2/../../../../nios2-elf/lib\libc.a(lib_a-memset.o)
 .data          0x0001d740        0x0 c:/altera/12.0/nios2eds/bin/gnu/h-i686-mingw32/bin/../lib/gcc/nios2-elf/4.1.2/../../../../nios2-elf/lib\libc.a(lib_a-mprec.o)
 .data          0x0001d740        0x0 c:/altera/12.0/nios2eds/bin/gnu/h-i686-mingw32/bin/../lib/gcc/nios2-elf/4.1.2/../../../../nios2-elf/lib\libc.a(lib_a-putc.o)
 .data          0x0001d740        0x0 c:/altera/12.0/nios2eds/bin/gnu/h-i686-mingw32/bin/../lib/gcc/nios2-elf/4.1.2/../../../../nios2-elf/lib\libc.a(lib_a-readr.o)
 .data          0x0001d740        0x0 c:/altera/12.0/nios2eds/bin/gnu/h-i686-mingw32/bin/../lib/gcc/nios2-elf/4.1.2/../../../../nios2-elf/lib\libc.a(lib_a-reallocr.o)
 .data          0x0001d740        0x0 c:/altera/12.0/nios2eds/bin/gnu/h-i686-mingw32/bin/../lib/gcc/nios2-elf/4.1.2/../../../../nios2-elf/lib\libc.a(lib_a-s_isinfd.o)
 .data          0x0001d740        0x0 c:/altera/12.0/nios2eds/bin/gnu/h-i686-mingw32/bin/../lib/gcc/nios2-elf/4.1.2/../../../../nios2-elf/lib\libc.a(lib_a-s_isnand.o)
 .data          0x0001d740        0x0 c:/altera/12.0/nios2eds/bin/gnu/h-i686-mingw32/bin/../lib/gcc/nios2-elf/4.1.2/../../../../nios2-elf/lib\libc.a(lib_a-strcmp.o)
 .data          0x0001d740        0x0 c:/altera/12.0/nios2eds/bin/gnu/h-i686-mingw32/bin/../lib/gcc/nios2-elf/4.1.2/../../../../nios2-elf/lib\libc.a(lib_a-wbuf.o)
 .data          0x0001d740        0x0 c:/altera/12.0/nios2eds/bin/gnu/h-i686-mingw32/bin/../lib/gcc/nios2-elf/4.1.2/../../../../nios2-elf/lib\libc.a(lib_a-callocr.o)
 .data          0x0001d740        0x0 c:/altera/12.0/nios2eds/bin/gnu/h-i686-mingw32/bin/../lib/gcc/nios2-elf/4.1.2/../../../../nios2-elf/lib\libc.a(lib_a-fclose.o)
 .data          0x0001d740        0x0 c:/altera/12.0/nios2eds/bin/gnu/h-i686-mingw32/bin/../lib/gcc/nios2-elf/4.1.2\libgcc.a(_udivdi3.o)
 .data          0x0001d740        0x0 c:/altera/12.0/nios2eds/bin/gnu/h-i686-mingw32/bin/../lib/gcc/nios2-elf/4.1.2\libgcc.a(_umoddi3.o)
 .data          0x0001d740        0x0 c:/altera/12.0/nios2eds/bin/gnu/h-i686-mingw32/bin/../lib/gcc/nios2-elf/4.1.2\libgcc.a(_addsub_df.o)
 .data          0x0001d740        0x0 c:/altera/12.0/nios2eds/bin/gnu/h-i686-mingw32/bin/../lib/gcc/nios2-elf/4.1.2\libgcc.a(_mul_df.o)
 .data          0x0001d740        0x0 c:/altera/12.0/nios2eds/bin/gnu/h-i686-mingw32/bin/../lib/gcc/nios2-elf/4.1.2\libgcc.a(_div_df.o)
 .data          0x0001d740        0x0 c:/altera/12.0/nios2eds/bin/gnu/h-i686-mingw32/bin/../lib/gcc/nios2-elf/4.1.2\libgcc.a(_eq_df.o)
 .data          0x0001d740        0x0 c:/altera/12.0/nios2eds/bin/gnu/h-i686-mingw32/bin/../lib/gcc/nios2-elf/4.1.2\libgcc.a(_ne_df.o)
 .data          0x0001d740        0x0 c:/altera/12.0/nios2eds/bin/gnu/h-i686-mingw32/bin/../lib/gcc/nios2-elf/4.1.2\libgcc.a(_gt_df.o)
 .data          0x0001d740        0x0 c:/altera/12.0/nios2eds/bin/gnu/h-i686-mingw32/bin/../lib/gcc/nios2-elf/4.1.2\libgcc.a(_ge_df.o)
 .data          0x0001d740        0x0 c:/altera/12.0/nios2eds/bin/gnu/h-i686-mingw32/bin/../lib/gcc/nios2-elf/4.1.2\libgcc.a(_lt_df.o)
 .data          0x0001d740        0x0 c:/altera/12.0/nios2eds/bin/gnu/h-i686-mingw32/bin/../lib/gcc/nios2-elf/4.1.2\libgcc.a(_si_to_df.o)
 .data          0x0001d740        0x0 c:/altera/12.0/nios2eds/bin/gnu/h-i686-mingw32/bin/../lib/gcc/nios2-elf/4.1.2\libgcc.a(_df_to_si.o)
 .data          0x0001d740        0x0 c:/altera/12.0/nios2eds/bin/gnu/h-i686-mingw32/bin/../lib/gcc/nios2-elf/4.1.2\libgcc.a(_thenan_df.o)
 .data          0x0001d740        0x0 c:/altera/12.0/nios2eds/bin/gnu/h-i686-mingw32/bin/../lib/gcc/nios2-elf/4.1.2\libgcc.a(_usi_to_df.o)
 .data          0x0001d740        0x0 c:/altera/12.0/nios2eds/bin/gnu/h-i686-mingw32/bin/../lib/gcc/nios2-elf/4.1.2\libgcc.a(lib2-divmod.o)
 .data          0x0001d740        0x0 c:/altera/12.0/nios2eds/bin/gnu/h-i686-mingw32/bin/../lib/gcc/nios2-elf/4.1.2\libgcc.a(_muldi3.o)
 .data          0x0001d740        0x0 c:/altera/12.0/nios2eds/bin/gnu/h-i686-mingw32/bin/../lib/gcc/nios2-elf/4.1.2\libgcc.a(_clz.o)
 .data          0x0001d740        0x0 c:/altera/12.0/nios2eds/bin/gnu/h-i686-mingw32/bin/../lib/gcc/nios2-elf/4.1.2\libgcc.a(_clzsi2.o)
 .data          0x0001d740        0x0 c:/altera/12.0/nios2eds/bin/gnu/h-i686-mingw32/bin/../lib/gcc/nios2-elf/4.1.2\libgcc.a(_pack_df.o)
 .data          0x0001d740        0x0 c:/altera/12.0/nios2eds/bin/gnu/h-i686-mingw32/bin/../lib/gcc/nios2-elf/4.1.2\libgcc.a(_unpack_df.o)
 .data          0x0001d740        0x0 c:/altera/12.0/nios2eds/bin/gnu/h-i686-mingw32/bin/../lib/gcc/nios2-elf/4.1.2\libgcc.a(_fpcmp_parts_df.o)
 .data          0x0001d740        0x0 ../ucosii_tutorial_bsp/\libucosii_bsp.a(alt_close.o)
 .data          0x0001d740      0x1a8 ../ucosii_tutorial_bsp/\libucosii_bsp.a(alt_dev.o)
                0x0001d740                alt_dev_null
                0x0001d768                alt_fd_list
 .data          0x0001d8e8        0x0 ../ucosii_tutorial_bsp/\libucosii_bsp.a(alt_errno.o)
 .data          0x0001d8e8        0x0 ../ucosii_tutorial_bsp/\libucosii_bsp.a(alt_exit.o)
 .data          0x0001d8e8        0x0 ../ucosii_tutorial_bsp/\libucosii_bsp.a(alt_fstat.o)
 .data          0x0001d8e8        0x0 ../ucosii_tutorial_bsp/\libucosii_bsp.a(alt_isatty.o)
 .data          0x0001d8e8        0x0 ../ucosii_tutorial_bsp/\libucosii_bsp.a(alt_load.o)
 .data          0x0001d8e8        0x0 ../ucosii_tutorial_bsp/\libucosii_bsp.a(alt_lseek.o)
 .data          0x0001d8e8        0x0 ../ucosii_tutorial_bsp/\libucosii_bsp.a(alt_main.o)
 .data          0x0001d8e8        0x0 ../ucosii_tutorial_bsp/\libucosii_bsp.a(alt_open.o)
 .data          0x0001d8e8        0x0 ../ucosii_tutorial_bsp/\libucosii_bsp.a(alt_read.o)
 .data          0x0001d8e8        0x0 ../ucosii_tutorial_bsp/\libucosii_bsp.a(alt_release_fd.o)
 .data          0x0001d8e8        0x0 ../ucosii_tutorial_bsp/\libucosii_bsp.a(alt_sbrk.o)
 .data          0x0001d8e8        0x0 ../ucosii_tutorial_bsp/\libucosii_bsp.a(alt_write.o)
 .data          0x0001d8e8        0x0 ../ucosii_tutorial_bsp/\libucosii_bsp.a(alt_env_lock.o)
 .data          0x0001d8e8        0x0 ../ucosii_tutorial_bsp/\libucosii_bsp.a(alt_malloc_lock.o)
 .data          0x0001d8e8        0x0 ../ucosii_tutorial_bsp/\libucosii_bsp.a(os_core.o)
 .data          0x0001d8e8        0x0 ../ucosii_tutorial_bsp/\libucosii_bsp.a(os_dbg.o)
 .data          0x0001d8e8        0x0 ../ucosii_tutorial_bsp/\libucosii_bsp.a(os_flag.o)
 .data          0x0001d8e8        0x0 ../ucosii_tutorial_bsp/\libucosii_bsp.a(os_mem.o)
 .data          0x0001d8e8        0x0 ../ucosii_tutorial_bsp/\libucosii_bsp.a(os_q.o)
 .data          0x0001d8e8        0x0 ../ucosii_tutorial_bsp/\libucosii_bsp.a(os_sem.o)
 .data          0x0001d8e8        0x0 ../ucosii_tutorial_bsp/\libucosii_bsp.a(os_task.o)
 .data          0x0001d8e8        0x0 ../ucosii_tutorial_bsp/\libucosii_bsp.a(os_time.o)
 .data          0x0001d8e8     0x1398 ../ucosii_tutorial_bsp/\libucosii_bsp.a(alt_sys_init.o)
 .data          0x0001ec80        0x0 ../ucosii_tutorial_bsp/\libucosii_bsp.a(altera_avalon_cfi_flash.o)
 .data          0x0001ec80        0x0 ../ucosii_tutorial_bsp/\libucosii_bsp.a(altera_avalon_cfi_flash_table.o)
 .data          0x0001ec80        0x0 ../ucosii_tutorial_bsp/\libucosii_bsp.a(altera_avalon_jtag_uart_fd.o)
 .data          0x0001ec80        0x0 ../ucosii_tutorial_bsp/\libucosii_bsp.a(altera_avalon_jtag_uart_init.o)
 .data          0x0001ec80        0x0 ../ucosii_tutorial_bsp/\libucosii_bsp.a(altera_avalon_jtag_uart_ioctl.o)
 .data          0x0001ec80        0x0 ../ucosii_tutorial_bsp/\libucosii_bsp.a(altera_avalon_jtag_uart_read.o)
 .data          0x0001ec80        0x0 ../ucosii_tutorial_bsp/\libucosii_bsp.a(altera_avalon_jtag_uart_write.o)
 .data          0x0001ec80        0x0 ../ucosii_tutorial_bsp/\libucosii_bsp.a(altera_avalon_lcd_16207.o)
 .data          0x0001ec80        0x0 ../ucosii_tutorial_bsp/\libucosii_bsp.a(altera_avalon_lcd_16207_fd.o)
 .data          0x0001ec80        0x0 ../ucosii_tutorial_bsp/\libucosii_bsp.a(altera_avalon_sgdma.o)
 .data          0x0001ec80        0x0 ../ucosii_tutorial_bsp/\libucosii_bsp.a(altera_avalon_timer_sc.o)
 .data          0x0001ec80        0x0 ../ucosii_tutorial_bsp/\libucosii_bsp.a(altera_avalon_uart_fd.o)
 .data          0x0001ec80        0x0 ../ucosii_tutorial_bsp/\libucosii_bsp.a(altera_avalon_uart_init.o)
 .data          0x0001ec80        0x0 ../ucosii_tutorial_bsp/\libucosii_bsp.a(altera_avalon_uart_read.o)
 .data          0x0001ec80        0x0 ../ucosii_tutorial_bsp/\libucosii_bsp.a(altera_avalon_uart_write.o)
 .data          0x0001ec80        0x0 ../ucosii_tutorial_bsp/\libucosii_bsp.a(alt_alarm_start.o)
 .data          0x0001ec80        0x0 ../ucosii_tutorial_bsp/\libucosii_bsp.a(alt_dcache_flush.o)
 .data          0x0001ec80        0x0 ../ucosii_tutorial_bsp/\libucosii_bsp.a(alt_dcache_flush_all.o)
 .data          0x0001ec80        0x0 ../ucosii_tutorial_bsp/\libucosii_bsp.a(alt_dev_llist_insert.o)
 .data          0x0001ec80        0x0 ../ucosii_tutorial_bsp/\libucosii_bsp.a(alt_do_ctors.o)
 .data          0x0001ec80        0x0 ../ucosii_tutorial_bsp/\libucosii_bsp.a(alt_do_dtors.o)
 .data          0x0001ec80        0x0 ../ucosii_tutorial_bsp/\libucosii_bsp.a(alt_find_dev.o)
 .data          0x0001ec80        0x0 ../ucosii_tutorial_bsp/\libucosii_bsp.a(alt_find_file.o)
 .data          0x0001ec80        0x0 ../ucosii_tutorial_bsp/\libucosii_bsp.a(alt_flash_dev.o)
 .data          0x0001ec80        0x0 ../ucosii_tutorial_bsp/\libucosii_bsp.a(alt_get_fd.o)
 .data          0x0001ec80        0x0 ../ucosii_tutorial_bsp/\libucosii_bsp.a(alt_icache_flush_all.o)
 .data          0x0001ec80        0x0 ../ucosii_tutorial_bsp/\libucosii_bsp.a(alt_iic.o)
 .data          0x0001ec80        0x0 ../ucosii_tutorial_bsp/\libucosii_bsp.a(alt_iic_isr_register.o)
 .data          0x0001ec80        0x0 ../ucosii_tutorial_bsp/\libucosii_bsp.a(alt_io_redirect.o)
 .data          0x0001ec80        0x0 ../ucosii_tutorial_bsp/\libucosii_bsp.a(alt_irq_entry.o)
 .data          0x0001ec80        0x0 ../ucosii_tutorial_bsp/\libucosii_bsp.a(alt_irq_handler.o)
 .data          0x0001ec80        0x0 ../ucosii_tutorial_bsp/\libucosii_bsp.a(alt_irq_vars.o)
 .data          0x0001ec80        0x0 ../ucosii_tutorial_bsp/\libucosii_bsp.a(alt_remap_uncached.o)
 .data          0x0001ec80        0x0 ../ucosii_tutorial_bsp/\libucosii_bsp.a(alt_tick.o)
 .data          0x0001ec80        0x0 ../ucosii_tutorial_bsp/\libucosii_bsp.a(alt_usleep.o)
 .data          0x0001ec80        0x0 ../ucosii_tutorial_bsp/\libucosii_bsp.a(altera_nios2_irq.o)
 .data          0x0001ec80        0x0 ../ucosii_tutorial_bsp/\libucosii_bsp.a(os_cpu_a.o)
 .data          0x0001ec80        0x0 ../ucosii_tutorial_bsp/\libucosii_bsp.a(os_cpu_c.o)
 .data          0x0001ec80        0x0 ../ucosii_tutorial_bsp/\libucosii_bsp.a(altera_avalon_cfi_flash_amd.o)
 .data          0x0001ec80        0x0 ../ucosii_tutorial_bsp/\libucosii_bsp.a(altera_avalon_cfi_flash_intel.o)
 .data          0x0001ec80        0x0 ../ucosii_tutorial_bsp/\libucosii_bsp.a(alt_busy_sleep.o)
 .data          0x0001ec80        0x0 ../ucosii_tutorial_bsp/\libucosii_bsp.a(alt_exception_entry.o)
 .data          0x0001ec80        0x0 ../ucosii_tutorial_bsp/\libucosii_bsp.a(alt_icache_flush.o)
 .data          0x0001ec80        0x0 c:/altera/12.0/nios2eds/bin/gnu/h-i686-mingw32/bin/../lib/gcc/nios2-elf/4.1.2/../../../../nios2-elf/lib\libc.a(lib_a-atexit.o)
 .data          0x0001ec80        0x0 c:/altera/12.0/nios2eds/bin/gnu/h-i686-mingw32/bin/../lib/gcc/nios2-elf/4.1.2/../../../../nios2-elf/lib\libc.a(lib_a-ctype_.o)
 .data          0x0001ec80        0x0 c:/altera/12.0/nios2eds/bin/gnu/h-i686-mingw32/bin/../lib/gcc/nios2-elf/4.1.2/../../../../nios2-elf/lib\libc.a(lib_a-memcmp.o)
 .data          0x0001ec80        0x0 c:/altera/12.0/nios2eds/bin/gnu/h-i686-mingw32/bin/../lib/gcc/nios2-elf/4.1.2/../../../../nios2-elf/lib\libc.a(lib_a-__atexit.o)
                0x00026c80                _gp = ABSOLUTE ((. + 0x8000))
                0x00026c80                PROVIDE (gp, _gp)
 *(.rwdata .rwdata.*)
 *(.sdata .sdata.* .gnu.linkonce.s.*)
 .sdata         0x0001ec80        0x8 c:/altera/12.0/nios2eds/bin/gnu/h-i686-mingw32/bin/../lib/gcc/nios2-elf/4.1.2/../../../../nios2-elf/lib\libc.a(lib_a-impure.o)
                0x0001ec80                _impure_ptr
                0x0001ec84                _global_impure_ptr
 .sdata         0x0001ec88        0x8 c:/altera/12.0/nios2eds/bin/gnu/h-i686-mingw32/bin/../lib/gcc/nios2-elf/4.1.2/../../../../nios2-elf/lib\libc.a(lib_a-mallocr.o)
                0x0001ec88                __malloc_trim_threshold
                0x0001ec8c                __malloc_sbrk_base
 .sdata         0x0001ec90        0x8 c:/altera/12.0/nios2eds/bin/gnu/h-i686-mingw32/bin/../lib/gcc/nios2-elf/4.1.2/../../../../nios2-elf/lib\libc.a(lib_a-locale.o)
                0x0001ec90                __mb_cur_max
 .sdata         0x0001ec98       0x14 ../ucosii_tutorial_bsp/\libucosii_bsp.a(alt_dev.o)
                0x0001ec98                alt_fs_list
                0x0001eca0                alt_dev_list
                0x0001eca8                alt_max_fd
 .sdata         0x0001ecac        0x4 ../ucosii_tutorial_bsp/\libucosii_bsp.a(alt_errno.o)
                0x0001ecac                alt_errno
 .sdata         0x0001ecb0        0x4 ../ucosii_tutorial_bsp/\libucosii_bsp.a(alt_sbrk.o)
 .sdata         0x0001ecb4        0x4 ../ucosii_tutorial_bsp/\libucosii_bsp.a(alt_env_lock.o)
 .sdata         0x0001ecb8        0x4 ../ucosii_tutorial_bsp/\libucosii_bsp.a(alt_malloc_lock.o)
 .sdata         0x0001ecbc       0x74 ../ucosii_tutorial_bsp/\libucosii_bsp.a(os_dbg.o)
                0x0001ecbc                OSDebugEn
                0x0001ecc0                OSEndiannessTest
                0x0001ecc4                OSEventEn
                0x0001ecc6                OSEventMax
                0x0001ecc8                OSEventNameSize
                0x0001ecca                OSEventSize
                0x0001eccc                OSEventTblSize
                0x0001ecce                OSEventMultiEn
                0x0001ecd0                OSFlagEn
                0x0001ecd2                OSFlagGrpSize
                0x0001ecd4                OSFlagNodeSize
                0x0001ecd6                OSFlagWidth
                0x0001ecd8                OSFlagMax
                0x0001ecda                OSFlagNameSize
                0x0001ecdc                OSLowestPrio
                0x0001ecde                OSMboxEn
                0x0001ece0                OSMemEn
                0x0001ece2                OSMemMax
                0x0001ece4                OSMemNameSize
                0x0001ece6                OSMemSize
                0x0001ece8                OSMemTblSize
                0x0001ecea                OSMutexEn
                0x0001ecec                OSPtrSize
                0x0001ecee                OSQEn
                0x0001ecf0                OSQMax
                0x0001ecf2                OSQSize
                0x0001ecf4                OSRdyTblSize
                0x0001ecf6                OSSemEn
                0x0001ecf8                OSStkWidth
                0x0001ecfa                OSTaskCreateEn
                0x0001ecfc                OSTaskCreateExtEn
                0x0001ecfe                OSTaskDelEn
                0x0001ed00                OSTaskIdleStkSize
                0x0001ed02                OSTaskProfileEn
                0x0001ed04                OSTaskMax
                0x0001ed06                OSTaskNameSize
                0x0001ed08                OSTaskStatEn
                0x0001ed0a                OSTaskStatStkSize
                0x0001ed0c                OSTaskStatStkChkEn
                0x0001ed0e                OSTaskSwHookEn
                0x0001ed10                OSTCBPrioTblMax
                0x0001ed12                OSTCBSize
                0x0001ed14                OSTicksPerSec
                0x0001ed16                OSTimeTickHookEn
                0x0001ed18                OSVersionNbr
                0x0001ed1a                OSTmrEn
                0x0001ed1c                OSTmrCfgMax
                0x0001ed1e                OSTmrCfgNameSize
                0x0001ed20                OSTmrCfgWheelSize
                0x0001ed22                OSTmrCfgTicksPerSec
                0x0001ed24                OSTmrSize
                0x0001ed26                OSTmrTblSize
                0x0001ed28                OSTmrWheelSize
                0x0001ed2a                OSTmrWheelTblSize
                0x0001ed2c                OSDataSize
 .sdata         0x0001ed30        0x4 ../ucosii_tutorial_bsp/\libucosii_bsp.a(altera_avalon_lcd_16207.o)
 .sdata         0x0001ed34        0x8 ../ucosii_tutorial_bsp/\libucosii_bsp.a(altera_avalon_sgdma.o)
                0x0001ed34                alt_sgdma_list
 .sdata         0x0001ed3c        0x8 ../ucosii_tutorial_bsp/\libucosii_bsp.a(alt_flash_dev.o)
                0x0001ed3c                alt_flash_dev_list
 .sdata         0x0001ed44        0x4 ../ucosii_tutorial_bsp/\libucosii_bsp.a(alt_irq_vars.o)
                0x0001ed44                alt_priority_mask
 .sdata         0x0001ed48        0x8 ../ucosii_tutorial_bsp/\libucosii_bsp.a(alt_tick.o)
                0x0001ed48                alt_alarm_list
 .sdata         0x0001ed50        0x4 c:/altera/12.0/nios2eds/bin/gnu/h-i686-mingw32/bin/../lib/gcc/nios2-elf/4.1.2/../../../../nios2-elf/lib\libc.a(lib_a-ctype_.o)
                0x0001ed50                __ctype_ptr
 *(.sdata2 .sdata2.* .gnu.linkonce.s2.*)
                0x0001ed54                . = ALIGN (0x4)
                0x0001ed54                _edata = ABSOLUTE (.)
                0x0001ed54                PROVIDE (edata, ABSOLUTE (.))
                0x0001ed54                PROVIDE (__ram_rwdata_end, ABSOLUTE (.))
                0x0001ed54                PROVIDE (__flash_rwdata_start, LOADADDR (.rwdata))

.bss            0x00020b7c    0x17864
                0x00020b7c                __bss_start = ABSOLUTE (.)
                0x00020b7c                PROVIDE (__sbss_start, ABSOLUTE (.))
                0x00020b7c                PROVIDE (___sbss_start, ABSOLUTE (.))
 *(.dynsbss)
 *(.sbss .sbss.* .gnu.linkonce.sb.*)
 .sbss          0x00020b7c       0x14 obj/default/ucosii_tutorial.o
                0x00020b7c                number_of_messages_sent
                0x00020b80                number_of_messages_received_task1
                0x00020b84                number_of_messages_received_task2
                0x00020b88                getsem_task1_got_sem
                0x00020b8c                getsem_task2_got_sem
 .sbss          0x00020b90        0xc obj/default/ucosii_tutorial.o
                0x00020b90                msgqueue
                0x00020b94                penemsgqueue
                0x00020b98                shared_resource_sem
 .sbss          0x00020b9c        0x4 c:/altera/12.0/nios2eds/bin/gnu/h-i686-mingw32/bin/../lib/gcc/nios2-elf/4.1.2/../../../../nios2-elf/lib\libc.a(lib_a-int_errno.o)
                0x00020b9c                errno
 .sbss          0x00020ba0        0xc c:/altera/12.0/nios2eds/bin/gnu/h-i686-mingw32/bin/../lib/gcc/nios2-elf/4.1.2/../../../../nios2-elf/lib\libc.a(lib_a-mallocr.o)
                0x00020ba0                __malloc_top_pad
                0x00020ba4                __malloc_max_sbrked_mem
                0x00020ba8                __malloc_max_total_mem
 .sbss          0x00020bac        0xc c:/altera/12.0/nios2eds/bin/gnu/h-i686-mingw32/bin/../lib/gcc/nios2-elf/4.1.2/../../../../nios2-elf/lib\libc.a(lib_a-locale.o)
                0x00020bac                __nlocale_changed
                0x00020bb0                __mlocale_changed
                0x00020bb4                _PathLocale
 .sbss          0x00020bb8        0x4 ../ucosii_tutorial_bsp/\libucosii_bsp.a(alt_dev.o)
                0x00020bb8                alt_fd_list_lock
 .sbss          0x00020bbc        0xc ../ucosii_tutorial_bsp/\libucosii_bsp.a(alt_main.o)
                0x00020bbc                alt_argc
                0x00020bc0                alt_argv
                0x00020bc4                alt_envp
 .sbss          0x00020bc8        0x8 ../ucosii_tutorial_bsp/\libucosii_bsp.a(alt_env_lock.o)
                0x00020bcc                alt_envsem
 .sbss          0x00020bd0        0x8 ../ucosii_tutorial_bsp/\libucosii_bsp.a(alt_malloc_lock.o)
                0x00020bd4                alt_heapsem
 .sbss          0x00020bd8       0x50 ../ucosii_tutorial_bsp/\libucosii_bsp.a(os_core.o)
                0x00020bd8                OSLockNesting
                0x00020bd9                OSRunning
                0x00020bdc                OSIdleCtr
                0x00020be0                OSPrioHighRdy
                0x00020be1                OSPrioCur
                0x00020be4                OSTCBList
                0x00020be8                OSTickStepState
                0x00020bec                OSCtxSwCtr
                0x00020bf0                OSIdleCtrMax
                0x00020bf4                OSTCBFreeList
                0x00020bf8                OSCPUUsage
                0x00020bf9                OSTaskCtr
                0x00020bfc                OSMemFreeList
                0x00020c00                OSTCBHighRdy
                0x00020c04                OSQFreeList
                0x00020c08                OSRdyGrp
                0x00020c09                OSRdyTbl
                0x00020c0c                OSEventFreeList
                0x00020c10                OSIntNesting
                0x00020c14                OSTCBCur
                0x00020c18                OSTime
                0x00020c1c                OSFlagFreeList
                0x00020c20                OSStatRdy
                0x00020c24                OSIdleCtrRun
 .sbss          0x00020c28        0x4 ../ucosii_tutorial_bsp/\libucosii_bsp.a(alt_irq_vars.o)
                0x00020c28                alt_irq_active
 .sbss          0x00020c2c        0x8 ../ucosii_tutorial_bsp/\libucosii_bsp.a(alt_tick.o)
                0x00020c2c                _alt_tick_rate
                0x00020c30                _alt_nticks
 *(.sbss2 .sbss2.* .gnu.linkonce.sb2.*)
 *(.scommon)
                0x00020c34                PROVIDE (__sbss_end, ABSOLUTE (.))
                0x00020c34                PROVIDE (___sbss_end, ABSOLUTE (.))
 *(.dynbss)
 *(.bss .bss.* .gnu.linkonce.b.*)
 .bss           0x00020c34        0x0 ../ucosii_tutorial_bsp//obj/HAL/src/crt0.o
 .bss           0x00020c34        0x0 obj/default/alt_ucosii_simple_error_check.o
 .bss           0x00020c34        0x0 obj/default/ucosii_tutorial.o
 .bss           0x00020c34        0x0 c:/altera/12.0/nios2eds/bin/gnu/h-i686-mingw32/bin/../lib/gcc/nios2-elf/4.1.2/../../../../nios2-elf/lib\libc.a(lib_a-exit.o)
 .bss           0x00020c34        0x0 c:/altera/12.0/nios2eds/bin/gnu/h-i686-mingw32/bin/../lib/gcc/nios2-elf/4.1.2/../../../../nios2-elf/lib\libc.a(lib_a-fopen.o)
 .bss           0x00020c34        0x0 c:/altera/12.0/nios2eds/bin/gnu/h-i686-mingw32/bin/../lib/gcc/nios2-elf/4.1.2/../../../../nios2-elf/lib\libc.a(lib_a-fprintf.o)
 .bss           0x00020c34        0x0 c:/altera/12.0/nios2eds/bin/gnu/h-i686-mingw32/bin/../lib/gcc/nios2-elf/4.1.2/../../../../nios2-elf/lib\libc.a(lib_a-fseek.o)
 .bss           0x00020c34        0x0 c:/altera/12.0/nios2eds/bin/gnu/h-i686-mingw32/bin/../lib/gcc/nios2-elf/4.1.2/../../../../nios2-elf/lib\libc.a(lib_a-fstatr.o)
 .bss           0x00020c34        0x0 c:/altera/12.0/nios2eds/bin/gnu/h-i686-mingw32/bin/../lib/gcc/nios2-elf/4.1.2/../../../../nios2-elf/lib\libc.a(lib_a-fwrite.o)
 .bss           0x00020c34        0x0 c:/altera/12.0/nios2eds/bin/gnu/h-i686-mingw32/bin/../lib/gcc/nios2-elf/4.1.2/../../../../nios2-elf/lib\libc.a(lib_a-impure.o)
 .bss           0x00020c34        0x0 c:/altera/12.0/nios2eds/bin/gnu/h-i686-mingw32/bin/../lib/gcc/nios2-elf/4.1.2/../../../../nios2-elf/lib\libc.a(lib_a-int_errno.o)
 .bss           0x00020c34        0x0 c:/altera/12.0/nios2eds/bin/gnu/h-i686-mingw32/bin/../lib/gcc/nios2-elf/4.1.2/../../../../nios2-elf/lib\libc.a(lib_a-makebuf.o)
 .bss           0x00020c34       0x28 c:/altera/12.0/nios2eds/bin/gnu/h-i686-mingw32/bin/../lib/gcc/nios2-elf/4.1.2/../../../../nios2-elf/lib\libc.a(lib_a-mallocr.o)
                0x00020c34                __malloc_current_mallinfo
 .bss           0x00020c5c        0x0 c:/altera/12.0/nios2eds/bin/gnu/h-i686-mingw32/bin/../lib/gcc/nios2-elf/4.1.2/../../../../nios2-elf/lib\libc.a(lib_a-openr.o)
 .bss           0x00020c5c        0x0 c:/altera/12.0/nios2eds/bin/gnu/h-i686-mingw32/bin/../lib/gcc/nios2-elf/4.1.2/../../../../nios2-elf/lib\libc.a(lib_a-printf.o)
 .bss           0x00020c5c        0x0 c:/altera/12.0/nios2eds/bin/gnu/h-i686-mingw32/bin/../lib/gcc/nios2-elf/4.1.2/../../../../nios2-elf/lib\libc.a(lib_a-putchar.o)
 .bss           0x00020c5c        0x0 c:/altera/12.0/nios2eds/bin/gnu/h-i686-mingw32/bin/../lib/gcc/nios2-elf/4.1.2/../../../../nios2-elf/lib\libc.a(lib_a-puts.o)
 .bss           0x00020c5c        0x0 c:/altera/12.0/nios2eds/bin/gnu/h-i686-mingw32/bin/../lib/gcc/nios2-elf/4.1.2/../../../../nios2-elf/lib\libc.a(lib_a-refill.o)
 .bss           0x00020c5c        0x0 c:/altera/12.0/nios2eds/bin/gnu/h-i686-mingw32/bin/../lib/gcc/nios2-elf/4.1.2/../../../../nios2-elf/lib\libc.a(lib_a-sbrkr.o)
 .bss           0x00020c5c        0x0 c:/altera/12.0/nios2eds/bin/gnu/h-i686-mingw32/bin/../lib/gcc/nios2-elf/4.1.2/../../../../nios2-elf/lib\libc.a(lib_a-stdio.o)
 .bss           0x00020c5c        0x0 c:/altera/12.0/nios2eds/bin/gnu/h-i686-mingw32/bin/../lib/gcc/nios2-elf/4.1.2/../../../../nios2-elf/lib\libc.a(lib_a-strlen.o)
 .bss           0x00020c5c        0x0 c:/altera/12.0/nios2eds/bin/gnu/h-i686-mingw32/bin/../lib/gcc/nios2-elf/4.1.2/../../../../nios2-elf/lib\libc.a(lib_a-vfprintf.o)
 .bss           0x00020c5c        0x0 c:/altera/12.0/nios2eds/bin/gnu/h-i686-mingw32/bin/../lib/gcc/nios2-elf/4.1.2/../../../../nios2-elf/lib\libc.a(lib_a-writer.o)
 .bss           0x00020c5c        0x0 c:/altera/12.0/nios2eds/bin/gnu/h-i686-mingw32/bin/../lib/gcc/nios2-elf/4.1.2/../../../../nios2-elf/lib\libc.a(lib_a-wsetup.o)
 .bss           0x00020c5c        0x0 c:/altera/12.0/nios2eds/bin/gnu/h-i686-mingw32/bin/../lib/gcc/nios2-elf/4.1.2/../../../../nios2-elf/lib\libc.a(lib_a-__call_atexit.o)
 .bss           0x00020c5c        0x0 c:/altera/12.0/nios2eds/bin/gnu/h-i686-mingw32/bin/../lib/gcc/nios2-elf/4.1.2/../../../../nios2-elf/lib\libc.a(lib_a-closer.o)
 .bss           0x00020c5c        0x0 c:/altera/12.0/nios2eds/bin/gnu/h-i686-mingw32/bin/../lib/gcc/nios2-elf/4.1.2/../../../../nios2-elf/lib\libc.a(lib_a-dtoa.o)
 .bss           0x00020c5c        0x0 c:/altera/12.0/nios2eds/bin/gnu/h-i686-mingw32/bin/../lib/gcc/nios2-elf/4.1.2/../../../../nios2-elf/lib\libc.a(lib_a-fflush.o)
 .bss           0x00020c5c        0x0 c:/altera/12.0/nios2eds/bin/gnu/h-i686-mingw32/bin/../lib/gcc/nios2-elf/4.1.2/../../../../nios2-elf/lib\libc.a(lib_a-findfp.o)
 .bss           0x00020c5c        0x0 c:/altera/12.0/nios2eds/bin/gnu/h-i686-mingw32/bin/../lib/gcc/nios2-elf/4.1.2/../../../../nios2-elf/lib\libc.a(lib_a-flags.o)
 .bss           0x00020c5c        0x0 c:/altera/12.0/nios2eds/bin/gnu/h-i686-mingw32/bin/../lib/gcc/nios2-elf/4.1.2/../../../../nios2-elf/lib\libc.a(lib_a-freer.o)
 .bss           0x00020c5c        0x0 c:/altera/12.0/nios2eds/bin/gnu/h-i686-mingw32/bin/../lib/gcc/nios2-elf/4.1.2/../../../../nios2-elf/lib\libc.a(lib_a-fvwrite.o)
 .bss           0x00020c5c        0x0 c:/altera/12.0/nios2eds/bin/gnu/h-i686-mingw32/bin/../lib/gcc/nios2-elf/4.1.2/../../../../nios2-elf/lib\libc.a(lib_a-fwalk.o)
 .bss           0x00020c5c        0x0 c:/altera/12.0/nios2eds/bin/gnu/h-i686-mingw32/bin/../lib/gcc/nios2-elf/4.1.2/../../../../nios2-elf/lib\libc.a(lib_a-isattyr.o)
 .bss           0x00020c5c        0x0 c:/altera/12.0/nios2eds/bin/gnu/h-i686-mingw32/bin/../lib/gcc/nios2-elf/4.1.2/../../../../nios2-elf/lib\libc.a(lib_a-locale.o)
 .bss           0x00020c5c        0x0 c:/altera/12.0/nios2eds/bin/gnu/h-i686-mingw32/bin/../lib/gcc/nios2-elf/4.1.2/../../../../nios2-elf/lib\libc.a(lib_a-lseekr.o)
 .bss           0x00020c5c        0x0 c:/altera/12.0/nios2eds/bin/gnu/h-i686-mingw32/bin/../lib/gcc/nios2-elf/4.1.2/../../../../nios2-elf/lib\libc.a(lib_a-memchr.o)
 .bss           0x00020c5c        0x0 c:/altera/12.0/nios2eds/bin/gnu/h-i686-mingw32/bin/../lib/gcc/nios2-elf/4.1.2/../../../../nios2-elf/lib\libc.a(lib_a-memcpy.o)
 .bss           0x00020c5c        0x0 c:/altera/12.0/nios2eds/bin/gnu/h-i686-mingw32/bin/../lib/gcc/nios2-elf/4.1.2/../../../../nios2-elf/lib\libc.a(lib_a-memmove.o)
 .bss           0x00020c5c        0x0 c:/altera/12.0/nios2eds/bin/gnu/h-i686-mingw32/bin/../lib/gcc/nios2-elf/4.1.2/../../../../nios2-elf/lib\libc.a(lib_a-memset.o)
 .bss           0x00020c5c        0x0 c:/altera/12.0/nios2eds/bin/gnu/h-i686-mingw32/bin/../lib/gcc/nios2-elf/4.1.2/../../../../nios2-elf/lib\libc.a(lib_a-mprec.o)
 .bss           0x00020c5c        0x0 c:/altera/12.0/nios2eds/bin/gnu/h-i686-mingw32/bin/../lib/gcc/nios2-elf/4.1.2/../../../../nios2-elf/lib\libc.a(lib_a-putc.o)
 .bss           0x00020c5c        0x0 c:/altera/12.0/nios2eds/bin/gnu/h-i686-mingw32/bin/../lib/gcc/nios2-elf/4.1.2/../../../../nios2-elf/lib\libc.a(lib_a-readr.o)
 .bss           0x00020c5c        0x0 c:/altera/12.0/nios2eds/bin/gnu/h-i686-mingw32/bin/../lib/gcc/nios2-elf/4.1.2/../../../../nios2-elf/lib\libc.a(lib_a-reallocr.o)
 .bss           0x00020c5c        0x0 c:/altera/12.0/nios2eds/bin/gnu/h-i686-mingw32/bin/../lib/gcc/nios2-elf/4.1.2/../../../../nios2-elf/lib\libc.a(lib_a-s_isinfd.o)
 .bss           0x00020c5c        0x0 c:/altera/12.0/nios2eds/bin/gnu/h-i686-mingw32/bin/../lib/gcc/nios2-elf/4.1.2/../../../../nios2-elf/lib\libc.a(lib_a-s_isnand.o)
 .bss           0x00020c5c        0x0 c:/altera/12.0/nios2eds/bin/gnu/h-i686-mingw32/bin/../lib/gcc/nios2-elf/4.1.2/../../../../nios2-elf/lib\libc.a(lib_a-strcmp.o)
 .bss           0x00020c5c        0x0 c:/altera/12.0/nios2eds/bin/gnu/h-i686-mingw32/bin/../lib/gcc/nios2-elf/4.1.2/../../../../nios2-elf/lib\libc.a(lib_a-wbuf.o)
 .bss           0x00020c5c        0x0 c:/altera/12.0/nios2eds/bin/gnu/h-i686-mingw32/bin/../lib/gcc/nios2-elf/4.1.2/../../../../nios2-elf/lib\libc.a(lib_a-callocr.o)
 .bss           0x00020c5c        0x0 c:/altera/12.0/nios2eds/bin/gnu/h-i686-mingw32/bin/../lib/gcc/nios2-elf/4.1.2/../../../../nios2-elf/lib\libc.a(lib_a-fclose.o)
 .bss           0x00020c5c        0x0 c:/altera/12.0/nios2eds/bin/gnu/h-i686-mingw32/bin/../lib/gcc/nios2-elf/4.1.2\libgcc.a(_udivdi3.o)
 .bss           0x00020c5c        0x0 c:/altera/12.0/nios2eds/bin/gnu/h-i686-mingw32/bin/../lib/gcc/nios2-elf/4.1.2\libgcc.a(_umoddi3.o)
 .bss           0x00020c5c        0x0 c:/altera/12.0/nios2eds/bin/gnu/h-i686-mingw32/bin/../lib/gcc/nios2-elf/4.1.2\libgcc.a(_addsub_df.o)
 .bss           0x00020c5c        0x0 c:/altera/12.0/nios2eds/bin/gnu/h-i686-mingw32/bin/../lib/gcc/nios2-elf/4.1.2\libgcc.a(_mul_df.o)
 .bss           0x00020c5c        0x0 c:/altera/12.0/nios2eds/bin/gnu/h-i686-mingw32/bin/../lib/gcc/nios2-elf/4.1.2\libgcc.a(_div_df.o)
 .bss           0x00020c5c        0x0 c:/altera/12.0/nios2eds/bin/gnu/h-i686-mingw32/bin/../lib/gcc/nios2-elf/4.1.2\libgcc.a(_eq_df.o)
 .bss           0x00020c5c        0x0 c:/altera/12.0/nios2eds/bin/gnu/h-i686-mingw32/bin/../lib/gcc/nios2-elf/4.1.2\libgcc.a(_ne_df.o)
 .bss           0x00020c5c        0x0 c:/altera/12.0/nios2eds/bin/gnu/h-i686-mingw32/bin/../lib/gcc/nios2-elf/4.1.2\libgcc.a(_gt_df.o)
 .bss           0x00020c5c        0x0 c:/altera/12.0/nios2eds/bin/gnu/h-i686-mingw32/bin/../lib/gcc/nios2-elf/4.1.2\libgcc.a(_ge_df.o)
 .bss           0x00020c5c        0x0 c:/altera/12.0/nios2eds/bin/gnu/h-i686-mingw32/bin/../lib/gcc/nios2-elf/4.1.2\libgcc.a(_lt_df.o)
 .bss           0x00020c5c        0x0 c:/altera/12.0/nios2eds/bin/gnu/h-i686-mingw32/bin/../lib/gcc/nios2-elf/4.1.2\libgcc.a(_si_to_df.o)
 .bss           0x00020c5c        0x0 c:/altera/12.0/nios2eds/bin/gnu/h-i686-mingw32/bin/../lib/gcc/nios2-elf/4.1.2\libgcc.a(_df_to_si.o)
 .bss           0x00020c5c        0x0 c:/altera/12.0/nios2eds/bin/gnu/h-i686-mingw32/bin/../lib/gcc/nios2-elf/4.1.2\libgcc.a(_thenan_df.o)
 .bss           0x00020c5c        0x0 c:/altera/12.0/nios2eds/bin/gnu/h-i686-mingw32/bin/../lib/gcc/nios2-elf/4.1.2\libgcc.a(_usi_to_df.o)
 .bss           0x00020c5c        0x0 c:/altera/12.0/nios2eds/bin/gnu/h-i686-mingw32/bin/../lib/gcc/nios2-elf/4.1.2\libgcc.a(lib2-divmod.o)
 .bss           0x00020c5c        0x0 c:/altera/12.0/nios2eds/bin/gnu/h-i686-mingw32/bin/../lib/gcc/nios2-elf/4.1.2\libgcc.a(_muldi3.o)
 .bss           0x00020c5c        0x0 c:/altera/12.0/nios2eds/bin/gnu/h-i686-mingw32/bin/../lib/gcc/nios2-elf/4.1.2\libgcc.a(_clz.o)
 .bss           0x00020c5c        0x0 c:/altera/12.0/nios2eds/bin/gnu/h-i686-mingw32/bin/../lib/gcc/nios2-elf/4.1.2\libgcc.a(_clzsi2.o)
 .bss           0x00020c5c        0x0 c:/altera/12.0/nios2eds/bin/gnu/h-i686-mingw32/bin/../lib/gcc/nios2-elf/4.1.2\libgcc.a(_pack_df.o)
 .bss           0x00020c5c        0x0 c:/altera/12.0/nios2eds/bin/gnu/h-i686-mingw32/bin/../lib/gcc/nios2-elf/4.1.2\libgcc.a(_unpack_df.o)
 .bss           0x00020c5c        0x0 c:/altera/12.0/nios2eds/bin/gnu/h-i686-mingw32/bin/../lib/gcc/nios2-elf/4.1.2\libgcc.a(_fpcmp_parts_df.o)
 .bss           0x00020c5c        0x0 ../ucosii_tutorial_bsp/\libucosii_bsp.a(alt_close.o)
 .bss           0x00020c5c        0x0 ../ucosii_tutorial_bsp/\libucosii_bsp.a(alt_dev.o)
 .bss           0x00020c5c        0x0 ../ucosii_tutorial_bsp/\libucosii_bsp.a(alt_errno.o)
 .bss           0x00020c5c        0x0 ../ucosii_tutorial_bsp/\libucosii_bsp.a(alt_exit.o)
 .bss           0x00020c5c        0x0 ../ucosii_tutorial_bsp/\libucosii_bsp.a(alt_fstat.o)
 .bss           0x00020c5c        0x0 ../ucosii_tutorial_bsp/\libucosii_bsp.a(alt_isatty.o)
 .bss           0x00020c5c        0x0 ../ucosii_tutorial_bsp/\libucosii_bsp.a(alt_load.o)
 .bss           0x00020c5c        0x0 ../ucosii_tutorial_bsp/\libucosii_bsp.a(alt_lseek.o)
 .bss           0x00020c5c        0x0 ../ucosii_tutorial_bsp/\libucosii_bsp.a(alt_main.o)
 .bss           0x00020c5c        0x0 ../ucosii_tutorial_bsp/\libucosii_bsp.a(alt_open.o)
 .bss           0x00020c5c        0x0 ../ucosii_tutorial_bsp/\libucosii_bsp.a(alt_read.o)
 .bss           0x00020c5c        0x0 ../ucosii_tutorial_bsp/\libucosii_bsp.a(alt_release_fd.o)
 .bss           0x00020c5c        0x0 ../ucosii_tutorial_bsp/\libucosii_bsp.a(alt_sbrk.o)
 .bss           0x00020c5c        0x0 ../ucosii_tutorial_bsp/\libucosii_bsp.a(alt_write.o)
 .bss           0x00020c5c        0x0 ../ucosii_tutorial_bsp/\libucosii_bsp.a(alt_env_lock.o)
 .bss           0x00020c5c        0x0 ../ucosii_tutorial_bsp/\libucosii_bsp.a(alt_malloc_lock.o)
 .bss           0x00020c5c        0x0 ../ucosii_tutorial_bsp/\libucosii_bsp.a(os_core.o)
 .bss           0x00020c5c        0x0 ../ucosii_tutorial_bsp/\libucosii_bsp.a(os_dbg.o)
 .bss           0x00020c5c        0x0 ../ucosii_tutorial_bsp/\libucosii_bsp.a(os_flag.o)
 .bss           0x00020c5c        0x0 ../ucosii_tutorial_bsp/\libucosii_bsp.a(os_mem.o)
 .bss           0x00020c5c        0x0 ../ucosii_tutorial_bsp/\libucosii_bsp.a(os_q.o)
 .bss           0x00020c5c        0x0 ../ucosii_tutorial_bsp/\libucosii_bsp.a(os_sem.o)
 .bss           0x00020c5c        0x0 ../ucosii_tutorial_bsp/\libucosii_bsp.a(os_task.o)
 .bss           0x00020c5c        0x0 ../ucosii_tutorial_bsp/\libucosii_bsp.a(os_time.o)
 .bss           0x00020c5c        0x0 ../ucosii_tutorial_bsp/\libucosii_bsp.a(alt_sys_init.o)
 .bss           0x00020c5c        0x0 ../ucosii_tutorial_bsp/\libucosii_bsp.a(altera_avalon_cfi_flash.o)
 .bss           0x00020c5c        0x0 ../ucosii_tutorial_bsp/\libucosii_bsp.a(altera_avalon_cfi_flash_table.o)
 .bss           0x00020c5c        0x0 ../ucosii_tutorial_bsp/\libucosii_bsp.a(altera_avalon_jtag_uart_fd.o)
 .bss           0x00020c5c        0x0 ../ucosii_tutorial_bsp/\libucosii_bsp.a(altera_avalon_jtag_uart_init.o)
 .bss           0x00020c5c        0x0 ../ucosii_tutorial_bsp/\libucosii_bsp.a(altera_avalon_jtag_uart_ioctl.o)
 .bss           0x00020c5c        0x0 ../ucosii_tutorial_bsp/\libucosii_bsp.a(altera_avalon_jtag_uart_read.o)
 .bss           0x00020c5c        0x0 ../ucosii_tutorial_bsp/\libucosii_bsp.a(altera_avalon_jtag_uart_write.o)
 .bss           0x00020c5c        0x0 ../ucosii_tutorial_bsp/\libucosii_bsp.a(altera_avalon_lcd_16207.o)
 .bss           0x00020c5c        0x0 ../ucosii_tutorial_bsp/\libucosii_bsp.a(altera_avalon_lcd_16207_fd.o)
 .bss           0x00020c5c        0x0 ../ucosii_tutorial_bsp/\libucosii_bsp.a(altera_avalon_sgdma.o)
 .bss           0x00020c5c        0x0 ../ucosii_tutorial_bsp/\libucosii_bsp.a(altera_avalon_timer_sc.o)
 .bss           0x00020c5c        0x0 ../ucosii_tutorial_bsp/\libucosii_bsp.a(altera_avalon_uart_fd.o)
 .bss           0x00020c5c        0x0 ../ucosii_tutorial_bsp/\libucosii_bsp.a(altera_avalon_uart_init.o)
 .bss           0x00020c5c        0x0 ../ucosii_tutorial_bsp/\libucosii_bsp.a(altera_avalon_uart_read.o)
 .bss           0x00020c5c        0x0 ../ucosii_tutorial_bsp/\libucosii_bsp.a(altera_avalon_uart_write.o)
 .bss           0x00020c5c        0x0 ../ucosii_tutorial_bsp/\libucosii_bsp.a(alt_alarm_start.o)
 .bss           0x00020c5c        0x0 ../ucosii_tutorial_bsp/\libucosii_bsp.a(alt_dcache_flush.o)
 .bss           0x00020c5c        0x0 ../ucosii_tutorial_bsp/\libucosii_bsp.a(alt_dcache_flush_all.o)
 .bss           0x00020c5c        0x0 ../ucosii_tutorial_bsp/\libucosii_bsp.a(alt_dev_llist_insert.o)
 .bss           0x00020c5c        0x0 ../ucosii_tutorial_bsp/\libucosii_bsp.a(alt_do_ctors.o)